05-29 03:01:20.327  2994  3052 E AudioPathHelper: (Berry)(1.16)handleAudioPathTask() : can't get dual play mode - Need android.permission.BLUETOOTH_CONNECT permission for AttributionSource { uid = 1002, packageName = com.android.bluetooth, attributionTag = null, token = android.os.Binder@792f66, deviceId = 0, next = AttributionSource { uid = 10282, packageName = com.samsung.accessory.berrymgr, attributionTag = null, token = android.os.BinderProxy@7eaf9e5, deviceId = 0, next = null } }: A2dpServiceBinder
05-29 03:01:20.431  1685  1755 E minksocket: MinkIPC_QRTR_Service: client with node 1 port 6d21 went down
05-29 03:01:20.432  1685  1759 E minksocket: MinkIPC_QRTR_Service: client with node 1 port 6d21 went down
05-29 03:01:20.434  1685  1755 E minksocket: MinkIPC_QRTR_Service: client with node 1 port 6d22 went down
05-29 03:01:20.434  1685  1759 E minksocket: MinkIPC_QRTR_Service: client with node 1 port 6d22 went down
05-29 03:01:20.436  1685  1759 E minksocket: MinkIPC_QRTR_Service: client with node 1 port 6d23 went down
05-29 03:01:20.437  1685  1755 E minksocket: MinkIPC_QRTR_Service: client with node 1 port 6d23 went down
05-29 03:01:20.439  1685  1759 E minksocket: MinkIPC_QRTR_Service: client with node 1 port 6d24 went down
05-29 03:01:20.439  1685  1755 E minksocket: MinkIPC_QRTR_Service: client with node 1 port 6d24 went down
05-29 03:01:20.477  1845  2128 D DisplayModeController: setDesiredMode 4630947118961383299 {mode={fps=24.00 Hz, modePtr={id=5, vsyncRate=24.00 Hz, peakRefreshRate=24.00 Hz}}, emitEvent=false, force=false}
05-29 03:01:20.480  1845  1845 I LayerHistory: StatusBar$_4422#107 voted NoVote (0.00 Hz)
05-29 03:01:20.480  1845  1845 I SurfaceFlinger: Idle - choose 24.00 Hz
05-29 03:01:20.481  1845  1845 I HWComposer: [4630947118961383299] ActiveConfigToHWC, ID : 8
05-29 03:01:20.482  1773  2085 I SDM     : HWDeviceDRM::SetDisplaySwitchMode: [DispConfigs] check hs_mode 3
05-29 03:01:20.483  1773  2085 W SDM     : HWDeviceDRM::GetSupportedBitClkRate: Requested rate not supported: 951080000
05-29 03:01:20.483  1773  2085 W SDM     : HWDeviceDRM::GetSupportedBitClkRate: Requested rate not supported: 951080000
05-29 03:01:20.483  1773  2085 I SDM     : HWDeviceDRM::SetDisplaySwitchMode: [DispConfigs] Set mode index:9 1080x2340x24xcmdPHS, hs_mode(3), found_mode(1)
05-29 03:01:20.483  1773  2085 I SDM     : HWDeviceDRM::UpdateMixerAttributes: Mixer WxH 1080x2340-1 for Peripheral
05-29 03:01:20.483  1773  2085 I SDM     : HWCDisplay::SubmitDisplayConfig: Active configuration changed from config 0 to 8
05-29 03:01:20.484  1845  2090 I VSyncReactor: Current= 120, Period= 24, hwcPeriod= 24
05-29 03:01:20.486  1845  1845 I SurfaceFlinger: finalizeDisplayModeChange 4630947118961383299
05-29 03:01:20.648  7073  7073 I SDHMS:LOAD: type: LoadsFreqs, value: 0:0:0:891264:2227200:864000:729984:1920000:614400:220:220:220
05-29 03:01:20.974  1694  5377 I vendor.qti.bluetooth@1.1-ibs_handler: ProcessIbsCmd: Received IBS_WAKE_IND: 0xFD
05-29 03:01:20.974  1694  5377 D vendor.qti.bluetooth@1.1-ibs_handler: SerialClockVote: vote for UART CLK ON
05-29 03:01:20.975  1694  5377 D vendor.qti.bluetooth@1.1-wake_lock: Acquire wakelock is acquired 
05-29 03:01:20.975  1694  5377 I vendor.qti.bluetooth@1.1-ibs_handler: ProcessIbsCmd: Writing IBS_WAKE_ACK
05-29 03:01:20.984  4729  5389 I ScanController: onScanResult to scannerId: 4- eventType=0x10, addressType=1, address=XX:XX:XX:XX:6F:D3, primaryPhy=1, secondaryPhy=0, advertisingSid=0xff, txPower=127, rssi=-94, periodicAdvInt=0x0
05-29 03:01:20.986  4729  5389 I ScanController: onScanResult() - scanClient(5) can't get scanResult, permission : false
05-29 03:01:20.987  4729  5389 I ScanController: onScanResult() - scanClient(13) can't get scanResult, permission : false
05-29 03:01:20.989 12971  5103 I NearbyConnections: Found BleAdvertisement [ 0x23 0x42 0x52 0x48 0x31 0x11 0x32 0x8e 0xe4 0x39 0x8a 0xa2 0xce 0xd7 0xe2 0x80 0x2f 0xad 0x00 0x1b 0xc0 0x4b 0xc4 ] (with EndpointId BRH1 and EndpointInfo [ 0x32 0x8e 0xe4 0x39 0x8a 0xa2 0xce 0xd7 0xe2 0x80 0x2f 0xad 0x00 0x1b 0xc0 0x4b 0xc4 ])
05-29 03:01:20.990 12971  5103 I NearbyConnections: ClientProxy(70150124 0p:com.google.android.gms.nearby.sharing) reporting onEndpointFound(BRH1)
05-29 03:01:20.990 12971  5103 I NearbyConnections: ClientProxy(70150124) reporting onEndpointDistanceChanged(BRH1, UNKNOWN)
05-29 03:01:20.992 12971  2909 I NearbySharing: NearbySharing Internal event EndpointDiscovered(endpointId=BRH1)
05-29 03:01:20.994  4729  5389 I ScanController: onScanResult() - scanClient(5) can't get scanResult, permission : false
05-29 03:01:20.994  4729  5389 I ScanController: onScanResult() - scanClient(13) can't get scanResult, permission : false
05-29 03:01:21.006  4729  5389 I ScanController: onScanResult() - scanClient(5) can't get scanResult, permission : false
05-29 03:01:21.006  4729  5389 I ScanController: onScanResult() - scanClient(13) can't get scanResult, permission : false
05-29 03:01:21.029  4729  5389 I ScanController: onScanResult() - scanClient(5) can't get scanResult, permission : false
05-29 03:01:21.029  4729  5389 I ScanController: onScanResult() - scanClient(13) can't get scanResult, permission : false
05-29 03:01:21.030  4729  5389 I ScanController: onScanResult() - scanClient(5) can't get scanResult, permission : false
05-29 03:01:21.030  4729  5389 I ScanController: onScanResult() - scanClient(13) can't get scanResult, permission : false
05-29 03:01:21.045  4729  5389 I ScanController: onScanResult() - scanClient(5) can't get scanResult, permission : false
05-29 03:01:21.046  4729  5389 I ScanController: onScanResult() - scanClient(13) can't get scanResult, permission : false
05-29 03:01:21.059  4729  5389 I ScanController: onScanResult() - scanClient(5) can't get scanResult, permission : false
05-29 03:01:21.060  4729  5389 I ScanController: onScanResult() - scanClient(13) can't get scanResult, permission : false
05-29 03:01:21.079  4729  5389 I ScanController: onScanResult() - scanClient(5) can't get scanResult, permission : false
05-29 03:01:21.079  4729  5389 I ScanController: onScanResult() - scanClient(13) can't get scanResult, permission : false
05-29 03:01:21.117  1694  5377 I vendor.qti.bluetooth@1.1-ibs_handler: ProcessIbsCmd: Received IBS_SLEEP_IND: 0xFE
05-29 03:01:21.117  1694  5377 D vendor.qti.bluetooth@1.1-ibs_handler: SerialClockVote: vote for UART CLK OFF
05-29 03:01:21.120  1694  5377 I vendor.qti.bluetooth@1.1-ibs_handler: ProcessIbsCmd: Received IBS_WAKE_IND: 0xFD
05-29 03:01:21.121  1694  5377 D vendor.qti.bluetooth@1.1-ibs_handler: SerialClockVote: vote for UART CLK ON
05-29 03:01:21.121  1694  5377 I vendor.qti.bluetooth@1.1-ibs_handler: ProcessIbsCmd: Writing IBS_WAKE_ACK
05-29 03:01:21.125  4729  5389 I ScanController: onScanResult() - scanClient(5) can't get scanResult, permission : false
05-29 03:01:21.126  4729  5389 I ScanController: onScanResult() - scanClient(13) can't get scanResult, permission : false
05-29 03:01:21.139  4005  4156 D SatelliteController: isInCarrierRoamingNbIotNtn: satellite is disabled
05-29 03:01:21.148  4729  5389 I ScanController: onScanResult() - scanClient(5) can't get scanResult, permission : false
05-29 03:01:21.148  4729  5389 I ScanController: onScanResult() - scanClient(13) can't get scanResult, permission : false
05-29 03:01:21.156  4729  5389 I ScanController: onScanResult() - scanClient(5) can't get scanResult, permission : false
05-29 03:01:21.157  4729  5389 I ScanController: onScanResult() - scanClient(13) can't get scanResult, permission : false
05-29 03:01:21.173  4729  5389 I ScanController: onScanResult() - scanClient(5) can't get scanResult, permission : false
05-29 03:01:21.173  4729  5389 I ScanController: onScanResult() - scanClient(13) can't get scanResult, permission : false
05-29 03:01:21.181  4967  5090 I HoneySpace.StatusIconTracker: invokeEvent() called with: event = Mobile(bundle=Bundle[mParcelledData.dataSize=256])
05-29 03:01:21.209  1694  5377 I vendor.qti.bluetooth@1.1-ibs_handler: ProcessIbsCmd: Received IBS_SLEEP_IND: 0xFE
05-29 03:01:21.209  1694  5377 D vendor.qti.bluetooth@1.1-ibs_handler: SerialClockVote: vote for UART CLK OFF
05-29 03:01:21.210  1845  2090 I VSyncReactor: Current= 24, Period= 24, hwcPeriod= 24
05-29 03:01:21.220  1845  2128 D DisplayModeController: setDesiredMode 4630947118961383299 {mode={fps=120.00 Hz, modePtr={id=0, vsyncRate=120.00 Hz, peakRefreshRate=120.00 Hz}}, emitEvent=true, force=false}
05-29 03:01:21.245  1845  1845 I LayerHistory: StatusBar$_4422#107 voted NoVote (0.00 Hz)
05-29 03:01:21.245  1845  1845 I SurfaceFlinger: No layers with votes - choose 120.00 Hz
05-29 03:01:21.246  1845  1845 I HWComposer: [4630947118961383299] ActiveConfigToHWC, ID : 0
05-29 03:01:21.247  1837  1848 E HeatmapThread: ECT Thread time in milliseconds: 1780012881
05-29 03:01:21.248  1773  2085 I SDM     : HWDeviceDRM::SetDisplaySwitchMode: [DispConfigs] check hs_mode 3
05-29 03:01:21.248  1773  2085 W SDM     : HWDeviceDRM::GetSupportedBitClkRate: Requested rate not supported: 951080000
05-29 03:01:21.248  1773  2085 I SDM     : HWDeviceDRM::SetDisplaySwitchMode: [DispConfigs] Set mode index:0 1080x2340x120xcmdHS, hs_mode(3), found_mode(0)
05-29 03:01:21.249  1773  2085 I SDM     : HWDeviceDRM::UpdateMixerAttributes: Mixer WxH 1080x2340-1 for Peripheral
05-29 03:01:21.249  1773  2085 I SDM     : HWCDisplay::SubmitDisplayConfig: Active configuration changed from config 8 to 0
05-29 03:01:21.250  1837  1848 D HeatmapThread: !@ batteryplugType : 2
05-29 03:01:21.250  1837  1848 D HeatmapThread: !@ batteryLevel : 69  batteryTemperature : 360 
05-29 03:01:21.250  1837  1848 D HeatmapThread: !@ Heatmap currtime: 29666881
05-29 03:01:21.251  1837  1848 D HeatmapThread: !@ Heatmap prevtime: 29666861
05-29 03:01:21.251  1837  1848 D HeatmapThread: !@ Heatmap plugstarttime: 29666846
05-29 03:01:21.251  1837  1848 D HeatmapThread: !@ Heatmap prevv_dsoh_update_time: 29666802
05-29 03:01:21.251  1837  1848 E HeatmapThread: !@ CAM New BSOH: 97
05-29 03:01:21.251  1845  2090 I VSyncReactor: Current= 24, Period= 120, hwcPeriod= 120
05-29 03:01:21.285  1845  1845 I SurfaceFlinger: finalizeDisplayModeChange 4630947118961383299
05-29 03:01:21.332  2994  3052 E AudioPathHelper: (Berry)(1.16)handleAudioPathTask() : can't get dual play mode - Need android.permission.BLUETOOTH_CONNECT permission for AttributionSource { uid = 1002, packageName = com.android.bluetooth, attributionTag = null, token = android.os.Binder@792f66, deviceId = 0, next = AttributionSource { uid = 10282, packageName = com.samsung.accessory.berrymgr, attributionTag = null, token = android.os.BinderProxy@7eaf9e5, deviceId = 0, next = null } }: A2dpServiceBinder
05-29 03:01:21.359  1694  5143 D vendor.qti.bluetooth@1.1-wake_lock: Release wakelock is released 
05-29 03:01:21.496  1845  2128 D DisplayModeController: setDesiredMode 4630947118961383299 {mode={fps=24.00 Hz, modePtr={id=5, vsyncRate=24.00 Hz, peakRefreshRate=24.00 Hz}}, emitEvent=false, force=false}
05-29 03:01:21.499  1845  1845 I LayerHistory: StatusBar$_4422#107 voted NoVote (0.00 Hz)
05-29 03:01:21.499  1845  1845 I SurfaceFlinger: Idle - choose 24.00 Hz
05-29 03:01:21.500  1845  1845 I HWComposer: [4630947118961383299] ActiveConfigToHWC, ID : 8
05-29 03:01:21.501  1773  2085 I SDM     : HWDeviceDRM::SetDisplaySwitchMode: [DispConfigs] check hs_mode 3
05-29 03:01:21.501  1773  2085 W SDM     : HWDeviceDRM::GetSupportedBitClkRate: Requested rate not supported: 951080000
05-29 03:01:21.502  1773  2085 W SDM     : HWDeviceDRM::GetSupportedBitClkRate: Requested rate not supported: 951080000
05-29 03:01:21.502  1773  2085 I SDM     : HWDeviceDRM::SetDisplaySwitchMode: [DispConfigs] Set mode index:9 1080x2340x24xcmdPHS, hs_mode(3), found_mode(1)
05-29 03:01:21.502  1773  2085 I SDM     : HWDeviceDRM::UpdateMixerAttributes: Mixer WxH 1080x2340-1 for Peripheral
05-29 03:01:21.502  1773  2085 I SDM     : HWCDisplay::SubmitDisplayConfig: Active configuration changed from config 0 to 8
05-29 03:01:21.502  1845  2090 I VSyncReactor: Current= 120, Period= 24, hwcPeriod= 24
05-29 03:01:21.505  1845  1845 I SurfaceFlinger: finalizeDisplayModeChange 4630947118961383299
05-29 03:01:21.675  1783  1836 E BatteryDump: !@new_battery_dump : 4093,984,1200,3150,69,359,341,390,359,0,362,391,0,Charging,NO_CHARGING,Normal,Good,USB,1,Normal,0,0,9064,0x8000,0x20000,0x0,0,0,0000,0000,00000000,0,0,0,0,1193,4026,6918,990,0,
05-29 03:01:21.679  1783  1783 I sehhealth-service: updateLrpSysfs: write: 361
05-29 03:01:22.137  2878  3721 D ActivityManager: FCA:Reclamation for pid: 6428
05-29 03:01:22.247  1837  1848 E HeatmapThread: ECT Thread time in milliseconds: 1780012882
05-29 03:01:22.249  1837  1848 D HeatmapThread: !@ batteryplugType : 2
05-29 03:01:22.249  1837  1848 D HeatmapThread: !@ batteryLevel : 69  batteryTemperature : 359 
05-29 03:01:22.249  1837  1848 D HeatmapThread: !@ Heatmap currtime: 29666881
05-29 03:01:22.249  1837  1848 D HeatmapThread: !@ Heatmap prevtime: 29666861
05-29 03:01:22.249  1837  1848 D HeatmapThread: !@ Heatmap plugstarttime: 29666846
05-29 03:01:22.249  1837  1848 D HeatmapThread: !@ Heatmap prevv_dsoh_update_time: 29666802
05-29 03:01:22.249  1837  1848 E HeatmapThread: !@ CAM New BSOH: 97
05-29 03:01:22.251  1156  1156 D io_stats: !@   8,0 r 27338148 451877202 w 4467167 81053488 d 782810 315138464 f 119304 488655 iot 7581212 0 th 0 0 0 pt 0 inp 0 0 55885.618
05-29 03:01:22.251  1156  1156 D io_stats: !@ Read_top(KB): m.huawei.health(6428) 500 kworker/u16:8(16192) 40 kworker/u16:3(3168) 16
05-29 03:01:22.251  1156  1156 D io_stats: !@ Write_top(KB): kworker/u16:8(16192) 248 vendor.samsung.(1783) 8 jbd2/sda9-8(1145) 8
05-29 03:01:22.295  2878  3721 D ActivityManager: FCA:Reclamation for pid: 11414
05-29 03:01:22.313  2878  3721 D ActivityManager: FCA:Reclamation for pid: 8908
05-29 03:01:22.335  2994  3052 E AudioPathHelper: (Berry)(1.16)handleAudioPathTask() : can't get dual play mode - Need android.permission.BLUETOOTH_CONNECT permission for AttributionSource { uid = 1002, packageName = com.android.bluetooth, attributionTag = null, token = android.os.Binder@792f66, deviceId = 0, next = AttributionSource { uid = 10282, packageName = com.samsung.accessory.berrymgr, attributionTag = null, token = android.os.BinderProxy@7eaf9e5, deviceId = 0, next = null } }: A2dpServiceBinder
05-29 03:01:22.598  1694  5377 I vendor.qti.bluetooth@1.1-ibs_handler: ProcessIbsCmd: Received IBS_WAKE_IND: 0xFD
05-29 03:01:22.598  1694  5377 D vendor.qti.bluetooth@1.1-ibs_handler: SerialClockVote: vote for UART CLK ON
05-29 03:01:22.599  1694  5377 D vendor.qti.bluetooth@1.1-wake_lock: Acquire wakelock is acquired 
05-29 03:01:22.599  1694  5377 I vendor.qti.bluetooth@1.1-ibs_handler: ProcessIbsCmd: Writing IBS_WAKE_ACK
05-29 03:01:22.606  4729  5389 I ScanController: onScanResult() - scanClient(5) can't get scanResult, permission : false
05-29 03:01:22.606  4729  5389 I ScanController: onScanResult() - scanClient(13) can't get scanResult, permission : false
05-29 03:01:22.606  4729  5389 I ScanController: onScanResult() - scanClient(5) can't get scanResult, permission : false
05-29 03:01:22.607  4729  5389 I ScanController: onScanResult() - scanClient(13) can't get scanResult, permission : false
05-29 03:01:22.611  4729  5389 I ScanController: onScanResult() - scanClient(5) can't get scanResult, permission : false
05-29 03:01:22.611  4729  5389 I ScanController: onScanResult() - scanClient(13) can't get scanResult, permission : false
05-29 03:01:22.612  4729  5389 I ScanController: onScanResult() - scanClient(5) can't get scanResult, permission : false
05-29 03:01:22.613  4729  5389 I ScanController: onScanResult() - scanClient(13) can't get scanResult, permission : false
05-29 03:01:22.618  4729  5389 I ScanController: onScanResult() - scanClient(5) can't get scanResult, permission : false
05-29 03:01:22.618  4729  5389 I ScanController: onScanResult() - scanClient(13) can't get scanResult, permission : false
05-29 03:01:22.633  4729  5389 I ScanController: onScanResult() - scanClient(5) can't get scanResult, permission : false
05-29 03:01:22.634  4729  5389 I ScanController: onScanResult() - scanClient(13) can't get scanResult, permission : false
05-29 03:01:22.635  4729  5389 I ScanController: onScanResult() - scanClient(5) can't get scanResult, permission : false
05-29 03:01:22.635  4729  5389 I ScanController: onScanResult() - scanClient(13) can't get scanResult, permission : false
05-29 03:01:22.643  4729  5389 I ScanController: onScanResult() - scanClient(5) can't get scanResult, permission : false
05-29 03:01:22.643  4729  5389 I ScanController: onScanResult() - scanClient(13) can't get scanResult, permission : false
05-29 03:01:22.646  4729  5131 I bluetooth: system/gd/hci/le_scanning_reassembler.cc:54 ProcessAdvertisingReport: Ignoring scan response received without advertising event
05-29 03:01:22.646  4729  5389 I ScanController: onScanResult() - scanClient(5) can't get scanResult, permission : false
05-29 03:01:22.647  4729  5389 I ScanController: onScanResult to scannerId: 11- eventType=0x13, addressType=1, address=XX:XX:XX:XX:DF:26, primaryPhy=1, secondaryPhy=0, advertisingSid=0xff, txPower=127, rssi=-95, periodicAdvInt=0x0
05-29 03:01:22.648  4729  5389 I ScanController: onScanResult() - scanClient(13) can't get scanResult, permission : false
05-29 03:01:22.665  4729  5389 I ScanController: onScanResult() - scanClient(5) can't get scanResult, permission : false
05-29 03:01:22.665  4729  5389 I ScanController: onScanResult() - scanClient(13) can't get scanResult, permission : false
05-29 03:01:22.679  4729  5389 I ScanController: onScanResult() - scanClient(5) can't get scanResult, permission : false
05-29 03:01:22.680  4729  5389 I ScanController: onScanResult() - scanClient(13) can't get scanResult, permission : false
05-29 03:01:22.700  4729  5389 I ScanController: onScanResult() - scanClient(5) can't get scanResult, permission : false
05-29 03:01:22.700  4729  5389 I ScanController: onScanResult() - scanClient(13) can't get scanResult, permission : false
05-29 03:01:22.704  4729  5389 I ScanController: onScanResult() - scanClient(5) can't get scanResult, permission : false
05-29 03:01:22.704  4729  5389 I ScanController: onScanResult() - scanClient(13) can't get scanResult, permission : false
05-29 03:01:22.708  4729  5389 I ScanController: onScanResult() - scanClient(5) can't get scanResult, permission : false
05-29 03:01:22.708  4729  5389 I ScanController: onScanResult() - scanClient(13) can't get scanResult, permission : false
05-29 03:01:22.728  4729  5389 I ScanController: onScanResult() - scanClient(5) can't get scanResult, permission : false
05-29 03:01:22.728  4729  5389 I ScanController: onScanResult() - scanClient(13) can't get scanResult, permission : false
05-29 03:01:22.739  4729  5389 I ScanController: onScanResult() - scanClient(5) can't get scanResult, permission : false
05-29 03:01:22.739  4729  5389 I ScanController: onScanResult() - scanClient(13) can't get scanResult, permission : false
05-29 03:01:22.744  4729  5389 I ScanController: onScanResult() - scanClient(5) can't get scanResult, permission : false
05-29 03:01:22.744  4729  5389 I ScanController: onScanResult() - scanClient(13) can't get scanResult, permission : false
05-29 03:01:22.749  4729  5389 I ScanController: onScanResult() - scanClient(5) can't get scanResult, permission : false
05-29 03:01:22.749  4729  5389 I ScanController: onScanResult() - scanClient(13) can't get scanResult, permission : false
05-29 03:01:22.765  4729  5389 I ScanController: onScanResult() - scanClient(5) can't get scanResult, permission : false
05-29 03:01:22.766  4729  5389 I ScanController: onScanResult() - scanClient(13) can't get scanResult, permission : false
05-29 03:01:22.771  7073  8462 I SDHMS:x : SIOP:: AP:376 BAT:359 USB:341 CHG:390 PA:382 CP:-200 WIFI:370 CF:363 BLK:0 SUBBAT:0 SKIN:361 SKINF:361 SKINB:352 LRP:361 LRP2:361 LRF2:361 LRB2:352 AP2:361 CHG2:360 WIFI2:360 UANT2:357 RCV2:358 SPK2:349 FCAM:341 UPSPK:364 DNSPK:341 VAP02:380 VWIFI:371 AMB:347 AMB2:299 AVGCUR:941 AVGSYS:342 POWER:3827
05-29 03:01:22.777  4729  5389 I ScanController: onScanResult() - scanClient(5) can't get scanResult, permission : false
05-29 03:01:22.777  4729  5389 I ScanController: onScanResult() - scanClient(13) can't get scanResult, permission : false
05-29 03:01:22.780  4729  5389 I ScanController: onScanResult() - scanClient(5) can't get scanResult, permission : false
05-29 03:01:22.780  4729  5389 I ScanController: onScanResult() - scanClient(13) can't get scanResult, permission : false
05-29 03:01:22.783  4729  5389 I ScanController: onScanResult() - scanClient(5) can't get scanResult, permission : false
05-29 03:01:22.783  4729  5389 I ScanController: onScanResult() - scanClient(13) can't get scanResult, permission : false
05-29 03:01:22.823  1694  5377 I vendor.qti.bluetooth@1.1-ibs_handler: ProcessIbsCmd: Received IBS_SLEEP_IND: 0xFE
05-29 03:01:22.823  1694  5377 D vendor.qti.bluetooth@1.1-ibs_handler: SerialClockVote: vote for UART CLK OFF
05-29 03:01:22.974  1694  5143 D vendor.qti.bluetooth@1.1-wake_lock: Release wakelock is released 
05-29 03:01:23.248  1837  1848 E HeatmapThread: ECT Thread time in milliseconds: 1780012883
05-29 03:01:23.252  1837  1848 D HeatmapThread: !@ batteryplugType : 2
05-29 03:01:23.252  1837  1848 D HeatmapThread: !@ batteryLevel : 69  batteryTemperature : 359 
05-29 03:01:23.252  1837  1848 D HeatmapThread: !@ Heatmap currtime: 29666881
05-29 03:01:23.252  1837  1848 D HeatmapThread: !@ Heatmap prevtime: 29666861
05-29 03:01:23.252  1837  1848 D HeatmapThread: !@ Heatmap plugstarttime: 29666846
05-29 03:01:23.252  1837  1848 D HeatmapThread: !@ Heatmap prevv_dsoh_update_time: 29666802
05-29 03:01:23.252  1837  1848 E HeatmapThread: !@ CAM New BSOH: 97
05-29 03:01:23.341  2994  3052 E AudioPathHelper: (Berry)(1.16)handleAudioPathTask() : can't get dual play mode - Need android.permission.BLUETOOTH_CONNECT permission for AttributionSource { uid = 1002, packageName = com.android.bluetooth, attributionTag = null, token = android.os.Binder@792f66, deviceId = 0, next = AttributionSource { uid = 10282, packageName = com.samsung.accessory.berrymgr, attributionTag = null, token = android.os.BinderProxy@7eaf9e5, deviceId = 0, next = null } }: A2dpServiceBinder
05-29 03:01:23.777  2878  5567 I NSLocationMonitor: getGPSUsingApps() called
05-29 03:01:23.780  5566 32559 I NSLocationManager_FLP: getGPSUsingApps, No change
05-29 03:01:23.786  2878  5567 D FreecessHandler: freeze com.duckduckgo.mobile.android(10067) result : 2
05-29 03:01:23.812  4967  7527 I id.app.launcher: Explicit concurrent mark compact GC freed 12MB AllocSpace bytes, 0(0B) LOS objects, 66% free, 22MB/67MB, paused 379us,1.271ms total 123.393ms
05-29 03:01:23.814  1845  3992 I SurfaceFlinger: id=15395 Removed Transition Root: Task=1#15395 (197)
05-29 03:01:23.815  1845  2128 D DisplayModeController: setDesiredMode 4630947118961383299 {mode={fps=120.00 Hz, modePtr={id=0, vsyncRate=120.00 Hz, peakRefreshRate=120.00 Hz}}, emitEvent=true, force=false}
05-29 03:01:23.816  1845  4861 I SurfaceFlinger: id=15405 Removed Surface(name=Task=5879)/@0x400a9b3_transition-leash#15405 (197)
05-29 03:01:23.817  1845  4861 I SurfaceFlinger: id=15359 Removed Task=5941#15359 (197)
05-29 03:01:23.817  1845  4861 I SurfaceFlinger: id=15404 Removed Transition Root: Task=5879#15404 (197)
05-29 03:01:23.818  4967  4987 W System  : A resource failed to call release. 
05-29 03:01:23.818  4967  4987 W System  : A resource failed to call release. 
05-29 03:01:23.818  4967  4987 W System  : A resource failed to call release. 
05-29 03:01:23.818  4967  4987 W System  : A resource failed to call release. 
05-29 03:01:23.818  4967  4987 W System  : A resource failed to call release. 
05-29 03:01:23.818  4967  4987 W System  : A resource failed to call release. 
05-29 03:01:23.818  4967  4987 W System  : A resource failed to call release. 
05-29 03:01:23.818  4967  4987 W System  : A resource failed to call release. 
05-29 03:01:23.818  4967  4987 W System  : A resource failed to call release. 
05-29 03:01:23.818  4967  4987 W System  : A resource failed to call release. 
05-29 03:01:23.818  4967  4987 W System  : A resource failed to call release. 
05-29 03:01:23.818  4967  4987 W System  : A resource failed to call release. 
05-29 03:01:23.818  4967  4987 W System  : A resource failed to call release. 
05-29 03:01:23.818  4967  4987 W System  : A resource failed to call release. 
05-29 03:01:23.818  4967  4987 W System  : A resource failed to call release. 
05-29 03:01:23.818  4967  4987 W System  : A resource failed to call release. 
05-29 03:01:23.818  4967  4987 W System  : A resource failed to call release. 
05-29 03:01:23.818  4967  4987 W System  : A resource failed to call release. 
05-29 03:01:23.818  4967  4987 W System  : A resource failed to call release. 
05-29 03:01:23.818  4967  4987 W System  : A resource failed to call release. 
05-29 03:01:23.820  4967 14785 I HoneySpace.Memory-Monitor: trimMemory 20
05-29 03:01:23.844  1845  1845 I SurfaceFlinger: destroyed Task=5941#15359 form LifecycleManager
05-29 03:01:23.844  1845  1845 I SurfaceFlinger: destroyed Surface(name=Task=1)/@0x9834fd1_transition-leash#15397 form LifecycleManager
05-29 03:01:23.844  1845  1845 I SurfaceFlinger: destroyed Surface(name=TransientLaunchOverlayToken{94d8300 token=android.os.BinderProxy@a4d5583})/@0x393fef8_transition-leash#15396 form LifecycleManager
05-29 03:01:23.844  1845  1845 I SurfaceFlinger: destroyed Surface(name=Task=5879)/@0x400a9b3_transition-leash#15405 form LifecycleManager
05-29 03:01:23.844  1845  1845 I SurfaceFlinger: destroyed Transition Root: Task=5879#15404 form LifecycleManager
05-29 03:01:23.844  1845  1845 I SurfaceFlinger: destroyed Transition Root: Task=1#15395 form LifecycleManager
05-29 03:01:23.844  1845  1845 I SurfaceFlinger: destroyed Surface(name=Task=5941)/@0xbe0da36_transition-leash#15398 form LifecycleManager
05-29 03:01:23.845  1845  1845 I SurfaceFlinger: id=15359 onLayerDestroyed from LayerHierarchyBuilder(RequestedLayerState{Task=5941#15359 !handle z=18})
05-29 03:01:23.845  1845  1845 I SurfaceFlinger: id=15397 onLayerDestroyed from LayerHierarchyBuilder(RequestedLayerState{Surface(name=Task=1)/@0x9834fd1_transition-leash#15397 !handle z=1})
05-29 03:01:23.845  1845  1845 I SurfaceFlinger: id=15396 onLayerDestroyed from LayerHierarchyBuilder(RequestedLayerState{Surface(name=TransientLaunchOverlayToken{94d8300 token=android.os.BinderProxy@a4d5583})/@0x393fef8_transition-leash#15396 !handle z=3})
05-29 03:01:23.845  1845  1845 I SurfaceFlinger: id=15405 onLayerDestroyed from LayerHierarchyBuilder(RequestedLayerState{Surface(name=Task=5879)/@0x400a9b3_transition-leash#15405 !handle z=12})
05-29 03:01:23.845  1845  1845 I SurfaceFlinger: id=15404 onLayerDestroyed from LayerHierarchyBuilder(RequestedLayerState{Transition Root: Task=5879#15404 !handle z=19})
05-29 03:01:23.845  1845  1845 I SurfaceFlinger: id=15395 onLayerDestroyed from LayerHierarchyBuilder(RequestedLayerState{Transition Root: Task=1#15395 !handle})
05-29 03:01:23.845  1845  1845 I SurfaceFlinger: id=15398 onLayerDestroyed from LayerHierarchyBuilder(RequestedLayerState{Surface(name=Task=5941)/@0xbe0da36_transition-leash#15398 !handle z=2147483647})
05-29 03:01:23.848  1845  1845 I Layer   : id=15359 Destroyed Task=5941#15359
05-29 03:01:23.848  1845  1845 I Layer   : id=15397 Destroyed Surface(name=Task=1)/@0x9834fd1_transition-leash#15397
05-29 03:01:23.848  1845  1845 I Layer   : id=15396 Destroyed Surface(name=TransientLaunchOverlayToken{94d8300 token=android.os.BinderProxy@a4d5583})/@0x393fef8_transition-leash#15396
05-29 03:01:23.849  1845  1845 I Layer   : id=15405 Destroyed Surface(name=Task=5879)/@0x400a9b3_transition-leash#15405
05-29 03:01:23.849  1845  1845 I Layer   : id=15404 Destroyed Transition Root: Task=5879#15404
05-29 03:01:23.849  1845  1845 I Layer   : id=15395 Destroyed Transition Root: Task=1#15395
05-29 03:01:23.849  1845  1845 I Layer   : id=15398 Destroyed Surface(name=Task=5941)/@0xbe0da36_transition-leash#15398
05-29 03:01:23.850  1845  1845 I SurfaceFlinger: No layers with votes - choose 120.00 Hz
05-29 03:01:23.851  1845  1845 I HWComposer: [4630947118961383299] ActiveConfigToHWC, ID : 0
05-29 03:01:23.853  1773  2085 I SDM     : HWDeviceDRM::SetDisplaySwitchMode: [DispConfigs] check hs_mode 3
05-29 03:01:23.853  1773  2085 W SDM     : HWDeviceDRM::GetSupportedBitClkRate: Requested rate not supported: 951080000
05-29 03:01:23.853  1773  2085 I SDM     : HWDeviceDRM::SetDisplaySwitchMode: [DispConfigs] Set mode index:0 1080x2340x120xcmdHS, hs_mode(3), found_mode(0)
05-29 03:01:23.854  1773  2085 I SDM     : HWDeviceDRM::UpdateMixerAttributes: Mixer WxH 1080x2340-1 for Peripheral
05-29 03:01:23.854  1773  2085 I SDM     : HWCDisplay::SubmitDisplayConfig: Active configuration changed from config 8 to 0
05-29 03:01:23.855  1845  2090 I VSyncReactor: Current= 24, Period= 120, hwcPeriod= 120
05-29 03:01:23.863  1845  1845 I SurfaceFlinger: finalizeDisplayModeChange 4630947118961383299
05-29 03:01:24.067  1845  2128 D DisplayModeController: setDesiredMode 4630947118961383299 {mode={fps=24.00 Hz, modePtr={id=5, vsyncRate=24.00 Hz, peakRefreshRate=24.00 Hz}}, emitEvent=false, force=false}
05-29 03:01:24.070  1845  1845 I SurfaceFlinger: Idle - choose 24.00 Hz
05-29 03:01:24.071  1845  1845 I HWComposer: [4630947118961383299] ActiveConfigToHWC, ID : 8
05-29 03:01:24.072  1845  2090 I VSyncReactor: Current= 120, Period= 24, hwcPeriod= 120
05-29 03:01:24.073  1773  2085 I SDM     : HWDeviceDRM::SetDisplaySwitchMode: [DispConfigs] check hs_mode 3
05-29 03:01:24.073  1773  2085 W SDM     : HWDeviceDRM::GetSupportedBitClkRate: Requested rate not supported: 951080000
05-29 03:01:24.073  1773  2085 W SDM     : HWDeviceDRM::GetSupportedBitClkRate: Requested rate not supported: 951080000
05-29 03:01:24.074  1773  2085 I SDM     : HWDeviceDRM::SetDisplaySwitchMode: [DispConfigs] Set mode index:9 1080x2340x24xcmdPHS, hs_mode(3), found_mode(1)
05-29 03:01:24.074  1773  2085 I SDM     : HWDeviceDRM::UpdateMixerAttributes: Mixer WxH 1080x2340-1 for Peripheral
05-29 03:01:24.074  1773  2085 I SDM     : HWCDisplay::SubmitDisplayConfig: Active configuration changed from config 0 to 8
05-29 03:01:24.080  1845  1845 I SurfaceFlinger: finalizeDisplayModeChange 4630947118961383299
05-29 03:01:24.080  1845  2090 I VSyncReactor: Current= 120, Period= 24, hwcPeriod= 24
05-29 03:01:24.247  1837  1848 E HeatmapThread: ECT Thread time in milliseconds: 1780012884
05-29 03:01:24.251  1837  1848 D HeatmapThread: !@ batteryplugType : 2
05-29 03:01:24.251  1837  1848 D HeatmapThread: !@ batteryLevel : 69  batteryTemperature : 359 
05-29 03:01:24.251  1837  1848 D HeatmapThread: !@ Heatmap currtime: 29666881
05-29 03:01:24.251  1837  1848 D HeatmapThread: !@ Heatmap prevtime: 29666861
05-29 03:01:24.251  1837  1848 D HeatmapThread: !@ Heatmap plugstarttime: 29666846
05-29 03:01:24.251  1837  1848 D HeatmapThread: !@ Heatmap prevv_dsoh_update_time: 29666802
05-29 03:01:24.251  1837  1848 E HeatmapThread: !@ CAM New BSOH: 97
05-29 03:01:24.251  1156  1156 D io_stats: !@   8,0 r 27338150 451877210 w 4467266 81053936 d 782810 315138464 f 119305 488661 iot 7581232 0 th 0 0 0 pt 0 inp 0 0 55887.618
05-29 03:01:24.348  2994  3052 E AudioPathHelper: (Berry)(1.16)handleAudioPathTask() : can't get dual play mode - Need android.permission.BLUETOOTH_CONNECT permission for AttributionSource { uid = 1002, packageName = com.android.bluetooth, attributionTag = null, token = android.os.Binder@792f66, deviceId = 0, next = AttributionSource { uid = 10282, packageName = com.samsung.accessory.berrymgr, attributionTag = null, token = android.os.BinderProxy@7eaf9e5, deviceId = 0, next = null } }: A2dpServiceBinder
05-29 03:01:24.557  1694  5377 I vendor.qti.bluetooth@1.1-ibs_handler: ProcessIbsCmd: Received IBS_WAKE_IND: 0xFD
05-29 03:01:24.558  1694  5377 D vendor.qti.bluetooth@1.1-ibs_handler: SerialClockVote: vote for UART CLK ON
05-29 03:01:24.558  1694  5377 D vendor.qti.bluetooth@1.1-wake_lock: Acquire wakelock is acquired 
05-29 03:01:24.558  1694  5377 I vendor.qti.bluetooth@1.1-ibs_handler: ProcessIbsCmd: Writing IBS_WAKE_ACK
05-29 03:01:24.567  4729  5389 I ScanController: onScanResult() - scanClient(5) can't get scanResult, permission : false
05-29 03:01:24.567  4729  5389 I ScanController: onScanResult() - scanClient(13) can't get scanResult, permission : false
05-29 03:01:24.568  4729  5389 I ScanController: onScanResult() - scanClient(5) can't get scanResult, permission : false
05-29 03:01:24.568  4729  5389 I ScanController: onScanResult() - scanClient(13) can't get scanResult, permission : false
05-29 03:01:24.595  4729  5389 I ScanController: onScanResult() - scanClient(5) can't get scanResult, permission : false
05-29 03:01:24.596  4729  5389 I ScanController: onScanResult() - scanClient(13) can't get scanResult, permission : false
05-29 03:01:24.611  4729  5389 I ScanController: onScanResult() - scanClient(5) can't get scanResult, permission : false
05-29 03:01:24.611  4729  5389 I ScanController: onScanResult() - scanClient(13) can't get scanResult, permission : false
05-29 03:01:24.624  4729  5389 I ScanController: onScanResult() - scanClient(5) can't get scanResult, permission : false
05-29 03:01:24.624  4729  5389 I ScanController: onScanResult() - scanClient(13) can't get scanResult, permission : false
05-29 03:01:24.627  4729  5389 I ScanController: onScanResult() - scanClient(5) can't get scanResult, permission : false
05-29 03:01:24.627  4729  5389 I ScanController: onScanResult() - scanClient(13) can't get scanResult, permission : false
05-29 03:01:24.632  4729  5389 I ScanController: onScanResult() - scanClient(5) can't get scanResult, permission : false
05-29 03:01:24.632  4729  5389 I ScanController: onScanResult() - scanClient(13) can't get scanResult, permission : false
05-29 03:01:24.633  4729  5389 I ScanController: onScanResult() - scanClient(5) can't get scanResult, permission : false
05-29 03:01:24.633  4729  5389 I ScanController: onScanResult() - scanClient(13) can't get scanResult, permission : false
05-29 03:01:24.637  4729  5389 I ScanController: onScanResult() - scanClient(5) can't get scanResult, permission : false
05-29 03:01:24.638  4729  5389 I ScanController: onScanResult() - scanClient(13) can't get scanResult, permission : false
05-29 03:01:24.648  4729  5389 I ScanController: onScanResult() - scanClient(5) can't get scanResult, permission : false
05-29 03:01:24.649  4729  5389 I ScanController: onScanResult() - scanClient(13) can't get scanResult, permission : false
05-29 03:01:24.665  4729  5389 I ScanController: onScanResult() - scanClient(5) can't get scanResult, permission : false
05-29 03:01:24.666  4729  5389 I ScanController: onScanResult() - scanClient(13) can't get scanResult, permission : false
05-29 03:01:24.672  4729  5389 I ScanController: onScanResult() - scanClient(5) can't get scanResult, permission : false
05-29 03:01:24.673  4729  5389 I ScanController: onScanResult() - scanClient(13) can't get scanResult, permission : false
05-29 03:01:24.696  4729  5389 I ScanController: onScanResult() - scanClient(5) can't get scanResult, permission : false
05-29 03:01:24.697  4729  5389 I ScanController: onScanResult() - scanClient(13) can't get scanResult, permission : false
05-29 03:01:24.700  4729  5389 I ScanController: onScanResult() - scanClient(5) can't get scanResult, permission : false
05-29 03:01:24.700  4729  5389 I ScanController: onScanResult() - scanClient(13) can't get scanResult, permission : false
05-29 03:01:24.711  4729  5389 I ScanController: onScanResult() - scanClient(5) can't get scanResult, permission : false
05-29 03:01:24.712  4729  5389 I ScanController: onScanResult() - scanClient(13) can't get scanResult, permission : false
05-29 03:01:24.726  4729  5389 I ScanController: onScanResult() - scanClient(5) can't get scanResult, permission : false
05-29 03:01:24.726  4729  5389 I ScanController: onScanResult() - scanClient(13) can't get scanResult, permission : false
05-29 03:01:24.743  4729  5389 I ScanController: onScanResult() - scanClient(5) can't get scanResult, permission : false
05-29 03:01:24.743  4729  5389 I ScanController: onScanResult() - scanClient(13) can't get scanResult, permission : false
05-29 03:01:24.754  4729  5389 I ScanController: onScanResult() - scanClient(5) can't get scanResult, permission : false
05-29 03:01:24.755  4729  5389 I ScanController: onScanResult() - scanClient(13) can't get scanResult, permission : false
05-29 03:01:24.790  1694  5377 I vendor.qti.bluetooth@1.1-ibs_handler: ProcessIbsCmd: Received IBS_SLEEP_IND: 0xFE
05-29 03:01:24.791  1694  5377 D vendor.qti.bluetooth@1.1-ibs_handler: SerialClockVote: vote for UART CLK OFF
05-29 03:01:24.942  1694  5143 D vendor.qti.bluetooth@1.1-wake_lock: Release wakelock is released 
05-29 03:01:25.247  1837  1848 E HeatmapThread: ECT Thread time in milliseconds: 1780012885
05-29 03:01:25.250  1837  1848 D HeatmapThread: !@ batteryplugType : 2
05-29 03:01:25.250  1837  1848 D HeatmapThread: !@ batteryLevel : 69  batteryTemperature : 359 
05-29 03:01:25.251  1837  1848 D HeatmapThread: !@ Heatmap currtime: 29666881
05-29 03:01:25.251  1837  1848 D HeatmapThread: !@ Heatmap prevtime: 29666861
05-29 03:01:25.251  1837  1848 D HeatmapThread: !@ Heatmap plugstarttime: 29666846
05-29 03:01:25.251  1837  1848 D HeatmapThread: !@ Heatmap prevv_dsoh_update_time: 29666802
05-29 03:01:25.251  1837  1848 E HeatmapThread: !@ CAM New BSOH: 97
05-29 03:01:25.353  2994  3052 E AudioPathHelper: (Berry)(1.16)handleAudioPathTask() : can't get dual play mode - Need android.permission.BLUETOOTH_CONNECT permission for AttributionSource { uid = 1002, packageName = com.android.bluetooth, attributionTag = null, token = android.os.Binder@792f66, deviceId = 0, next = AttributionSource { uid = 10282, packageName = com.samsung.accessory.berrymgr, attributionTag = null, token = android.os.BinderProxy@7eaf9e5, deviceId = 0, next = null } }: A2dpServiceBinder
05-29 03:01:26.248  1837  1848 E HeatmapThread: ECT Thread time in milliseconds: 1780012886
05-29 03:01:26.252  1156  1156 D io_stats: !@   8,0 r 27338153 451877222 w 4467272 81054000 d 782810 315138464 f 119305 488661 iot 7581244 0 th 0 0 0 pt 0 inp 0 0 55889.619
05-29 03:01:26.252  1837  1848 D HeatmapThread: !@ batteryplugType : 2
05-29 03:01:26.253  1837  1848 D HeatmapThread: !@ batteryLevel : 69  batteryTemperature : 359 
05-29 03:01:26.253  1837  1848 D HeatmapThread: !@ Heatmap currtime: 29666881
05-29 03:01:26.253  1837  1848 D HeatmapThread: !@ Heatmap prevtime: 29666861
05-29 03:01:26.253  1837  1848 D HeatmapThread: !@ Heatmap plugstarttime: 29666846
05-29 03:01:26.253  1837  1848 D HeatmapThread: !@ Heatmap prevv_dsoh_update_time: 29666802
05-29 03:01:26.253  1156  1156 D io_stats: !@ Read_top(KB): .gms.persistent(12971) 12 f2fs_ckpt-254:6(1389) 8
05-29 03:01:26.253  1156  1156 D io_stats: !@ Write_top(KB): f2fs_ckpt-254:6(1389) 120 kworker/u16:8(16192) 60 init(1) 28
05-29 03:01:26.253  1837  1848 E HeatmapThread: !@ CAM New BSOH: 97
05-29 03:01:26.357  2994  3052 E AudioPathHelper: (Berry)(1.16)handleAudioPathTask() : can't get dual play mode - Need android.permission.BLUETOOTH_CONNECT permission for AttributionSource { uid = 1002, packageName = com.android.bluetooth, attributionTag = null, token = android.os.Binder@792f66, deviceId = 0, next = AttributionSource { uid = 10282, packageName = com.samsung.accessory.berrymgr, attributionTag = null, token = android.os.BinderProxy@7eaf9e5, deviceId = 0, next = null } }: A2dpServiceBinder
05-29 03:01:26.413  1694  5377 I vendor.qti.bluetooth@1.1-ibs_handler: ProcessIbsCmd: Received IBS_WAKE_IND: 0xFD
05-29 03:01:26.413  1694  5377 D vendor.qti.bluetooth@1.1-ibs_handler: SerialClockVote: vote for UART CLK ON
05-29 03:01:26.413  1694  5377 D vendor.qti.bluetooth@1.1-wake_lock: Acquire wakelock is acquired 
05-29 03:01:26.414  1694  5377 I vendor.qti.bluetooth@1.1-ibs_handler: ProcessIbsCmd: Writing IBS_WAKE_ACK
05-29 03:01:26.423  4729  5389 I ScanController: onScanResult() - scanClient(5) can't get scanResult, permission : false
05-29 03:01:26.423  4729  5389 I ScanController: onScanResult() - scanClient(13) can't get scanResult, permission : false
05-29 03:01:26.424  4729  5389 I ScanController: onScanResult() - scanClient(5) can't get scanResult, permission : false
05-29 03:01:26.426  4729  5389 I ScanController: onScanResult() - scanClient(13) can't get scanResult, permission : false
05-29 03:01:26.439  4729  5389 I ScanController: onScanResult() - scanClient(5) can't get scanResult, permission : false
05-29 03:01:26.439  4729  5389 I ScanController: onScanResult() - scanClient(13) can't get scanResult, permission : false
05-29 03:01:26.444  4729  5389 I ScanController: onScanResult() - scanClient(5) can't get scanResult, permission : false
05-29 03:01:26.445  4729  5389 I ScanController: onScanResult() - scanClient(13) can't get scanResult, permission : false
05-29 03:01:26.469  4729  5389 I ScanController: onScanResult() - scanClient(5) can't get scanResult, permission : false
05-29 03:01:26.470  4729  5389 I ScanController: onScanResult() - scanClient(13) can't get scanResult, permission : false
05-29 03:01:26.480  4729  5389 I ScanController: onScanResult() - scanClient(5) can't get scanResult, permission : false
05-29 03:01:26.481  4729  5389 I ScanController: onScanResult() - scanClient(13) can't get scanResult, permission : false
05-29 03:01:26.502  4729  5389 I ScanController: onScanResult() - scanClient(5) can't get scanResult, permission : false
05-29 03:01:26.502  4729  5389 I ScanController: onScanResult() - scanClient(13) can't get scanResult, permission : false
05-29 03:01:26.503  4729  5389 I ScanController: onScanResult() - scanClient(5) can't get scanResult, permission : false
05-29 03:01:26.504  4729  5389 I ScanController: onScanResult() - scanClient(13) can't get scanResult, permission : false
05-29 03:01:26.515  4729  5389 I ScanController: onScanResult() - scanClient(5) can't get scanResult, permission : false
05-29 03:01:26.515  4729  5389 I ScanController: onScanResult() - scanClient(13) can't get scanResult, permission : false
05-29 03:01:26.523  4729  5389 I ScanController: onScanResult() - scanClient(5) can't get scanResult, permission : false
05-29 03:01:26.523  4729  5389 I ScanController: onScanResult() - scanClient(13) can't get scanResult, permission : false
05-29 03:01:26.550  4729  5389 I ScanController: onScanResult() - scanClient(5) can't get scanResult, permission : false
05-29 03:01:26.551  4729  5389 I ScanController: onScanResult() - scanClient(13) can't get scanResult, permission : false
05-29 03:01:26.554  4729  5389 I ScanController: onScanResult() - scanClient(5) can't get scanResult, permission : false
05-29 03:01:26.554  4729  5389 I ScanController: onScanResult() - scanClient(13) can't get scanResult, permission : false
05-29 03:01:26.557  4729  5389 I ScanController: onScanResult() - scanClient(5) can't get scanResult, permission : false
05-29 03:01:26.557  4729  5389 I ScanController: onScanResult() - scanClient(13) can't get scanResult, permission : false
05-29 03:01:26.561  4729  5389 I ScanController: onScanResult() - scanClient(5) can't get scanResult, permission : false
05-29 03:01:26.561  4729  5389 I ScanController: onScanResult() - scanClient(13) can't get scanResult, permission : false
05-29 03:01:26.570  4729  5389 I ScanController: onScanResult() - scanClient(5) can't get scanResult, permission : false
05-29 03:01:26.571  4729  5389 I ScanController: onScanResult() - scanClient(13) can't get scanResult, permission : false
05-29 03:01:26.594  4729  5389 I ScanController: onScanResult() - scanClient(5) can't get scanResult, permission : false
05-29 03:01:26.594  4729  5389 I ScanController: onScanResult() - scanClient(13) can't get scanResult, permission : false
05-29 03:01:26.596  4729  5389 I ScanController: onScanResult() - scanClient(5) can't get scanResult, permission : false
05-29 03:01:26.597  4729  5389 I ScanController: onScanResult() - scanClient(13) can't get scanResult, permission : false
05-29 03:01:26.635  1694  5377 I vendor.qti.bluetooth@1.1-ibs_handler: ProcessIbsCmd: Received IBS_SLEEP_IND: 0xFE
05-29 03:01:26.635  1694  5377 D vendor.qti.bluetooth@1.1-ibs_handler: SerialClockVote: vote for UART CLK OFF
05-29 03:01:26.747  4005  4156 D SatelliteController: isInCarrierRoamingNbIotNtn: satellite is disabled
05-29 03:01:26.786  1694  5143 D vendor.qti.bluetooth@1.1-wake_lock: Release wakelock is released 
05-29 03:01:26.905  2157  2171 I shsusrd : shsusr_check_cpu_usage(): Output of /proc/2157/stat/ : 2157 (shsusrd0) S 1 2157 0 0 -1 1077936384 1259512 0 4301 0 4395 18543 0 0 20 0 11 0 811 2502557696 650 18446744073709551615 382806614016 382806872472 549425071456 0 0 0 0 0 1073794810 0 0 0 17 3 0 0 0 0 0 382806895552 382806896488 382814031872 549425072205 549425072248 549425072248 549425078237 0
05-29 03:01:26.905  2157  2171 I shsusrd : 
05-29 03:01:26.905  2157  2171 I shsusrd : shsusr_check_cpu_usage(): utime 4395 stime 18543 cpu_time_last 22935
05-29 03:01:26.905  2157  2171 I shsusrd : shsusr_check_cpu_usage(): user time = 4395 | system time = 18543 | total = 22938 | cpu_time_delta = 3, clk_tck 100
05-29 03:01:26.905  2157  2171 I shsusrd : shsusr_check_cpu_usage(): time_cur 1780012886 time_last 1780012876
05-29 03:01:26.905  2157  2171 I shsusrd : shsusr_check_cpu_usage(): shsusrd is using 0 pct of CPU - time_delta 10
05-29 03:01:26.905  2157  2171 I shsusrd : shsusr_check_cpu_usage(): shsusrd usage 0
05-29 03:01:26.905  2157  2171 I shsusrd : shsusr_check_cpu_usage_combined(): time_delta for combined : 10 time_cur 1780012886 time_last_combined 1780012876
05-29 03:01:26.906  2157  2171 I shsusrd : shsusr_check_cpu_usage_combined(): Output of /proc/2157/task/2157/stat: 2157 (shsusrd0) S 1 2157 0 0 -1 1077936384 1189 0 10 0 2 0 0 0 20 0 11 0 811 2502557696 650 18446744073709551615 382806614016 382806872472 549425071456 0 0 0 0 0 1073794810 1 0 0 17 3 0 0 0 0 0 382806895552 382806896488 382814031872 549425072205 549425072248 549425072248 549425078237 0
05-29 03:01:26.906  2157  2171 I shsusrd : 
05-29 03:01:26.906  2157  2171 I shsusrd : shsusr_check_cpu_usage_combined(): tid 2157 utime 2 stime 0 time_delta 10 clk_tck 100, usage 0
05-29 03:01:26.906  2157  2171 I shsusrd : shsusr_check_cpu_usage_combined(): Output of /proc/2157/task/2168/stat: 2168 (shsusrd12) S 1 2157 0 0 -1 4194368 1190890 0 1531 0 3552 14029 0 0 20 0 11 0 814 2502557696 650 18446744073709551615 382806614016 382806872472 549425071456 0 0 0 0 0 1073794810 1 0 0 -1 1 0 0 0 0 0 382806895552 382806896488 382814031872 549425072205 549425072248 549425072248 549425078237 0
05-29 03:01:26.906  2157  2171 I shsusrd : 
05-29 03:01:26.906  2157  2171 I shsusrd : shsusr_check_cpu_usage_combined(): tid 2168 utime 3552 stime 14029 time_delta 10 clk_tck 100, usage 1700
05-29 03:01:26.906  2157  2171 I shsusrd : shsusr_check_cpu_usage_combined(): Output of /proc/2157/task/2169/stat: 2169 (shsusrd2) S 1 2157 0 0 -1 4194368 250 0 306 0 3 112 0 0 20 0 11 0 814 2502557696 650 18446744073709551615 382806614016 382806872472 549425071456 0 0 0 0 0 1073794810 1 0 0 -1 6 0 0 0 0 0 382806895552 382806896488 382814031872 549425072205 549425072248 549425072248 549425078237 0
05-29 03:01:26.906  2157  2171 I shsusrd : 
05-29 03:01:26.907  2157  2171 I shsusrd : shsusr_check_cpu_usage_combined(): tid 2169 utime 3 stime 112 time_delta 10 clk_tck 100, usage 0
05-29 03:01:26.907  2157  2171 I shsusrd : shsusr_check_cpu_usage_combined(): Output of /proc/2157/task/2170/stat: 2170 (shsusrd13) S 1 2157 0 0 -1 1077936192 114 0 153 0 119 406 0 0 20 0 11 0 814 2502557696 650 18446744073709551615 382806614016 382806872472 549425071456 0 0 0 0 0 1073794810 1 0 0 -1 2 0 0 0 0 0 382806895552 382806896488 382814031872 549425072205 549425072248 549425072248 549425078237 0
05-29 03:01:26.907  2157  2171 I shsusrd : 
05-29 03:01:26.907  2157  2171 I shsusrd : shsusr_check_cpu_usage_combined(): tid 2170 utime 119 stime 406 time_delta 10 clk_tck 100, usage 0
05-29 03:01:26.907  2157  2171 I shsusrd : shsusr_check_cpu_usage_combined(): Output of /proc/2157/task/2171/stat: 2171 (shsusrd42) R 1 2157 0 0 -1 4194368 274 0 892 0 287 1128 0 0 20 0 11 0 814 2502557696 650 18446744073709551615 382806614016 382806872472 549425071456 0 0 0 0 0 1073794810 0 0 0 -1 0 0 0 0 0 0 382806895552 382806896488 382814031872 549425072205 549425072248 549425072248 549425078237 0
05-29 03:01:26.907  2157  2171 I shsusrd : 
05-29 03:01:26.907  2157  2171 I shsusrd : shsusr_check_cpu_usage_combined(): tid 2171 utime 287 stime 1128 time_delta 10 clk_tck 100, usage 100
05-29 03:01:26.908  2157  2171 I shsusrd : shsusr_check_cpu_usage_combined(): Output of /proc/2157/task/2173/stat: 2173 (shsusrd4) S 1 2157 0 0 -1 4194368 0 0 0 0 1 101 0 0 20 0 11 0 814 2502557696 650 18446744073709551615 382806614016 382806872472 549425071456 0 0 0 0 0 1073794810 1 0 0 -1 1 0 0 0 0 0 382806895552 382806896488 382814031872 549425072205 549425072248 549425072248 549425078237 0
05-29 03:01:26.908  2157  2171 I shsusrd : 
05-29 03:01:26.908  2157  2171 I shsusrd : shsusr_check_cpu_usage_combined(): tid 2173 utime 1 stime 101 time_delta 10 clk_tck 100, usage 0
05-29 03:01:26.908  2157  2171 I shsusrd : shsusr_check_cpu_usage_combined(): Output of /proc/2157/task/2174/stat: 2174 (shsusrd14) S 1 2157 0 0 -1 4194368 173 0 437 0 1 113 0 0 20 0 11 0 814 2502557696 650 18446744073709551615 382806614016 382806872472 549425071456 0 0 0 0 0 1073794810 1 0 0 -1 3 0 0 0 0 0 382806895552 382806896488 382814031872 549425072205 549425072248 549425072248 549425078237 0
05-29 03:01:26.908  2157  2171 I shsusrd : 
