05-29 03:01:56.918  2157  2171 I shsusrd : shsusr_check_cpu_usage_combined(): tid 5080 utime 1 stime 107 time_delta 10 clk_tck 100, usage 0
05-29 03:01:56.918  2157  2171 I shsusrd : shsusr_check_cpu_usage_combined(): Output of /proc/2157/task/5093/stat: 5093 (shsusrd5) S 1 2157 0 0 -1 4194368 15 0 131 0 1 107 0 0 20 0 11 0 1967 2502557696 650 18446744073709551615 382806614016 382806872472 549425071456 0 0 0 0 0 1073794810 1 0 0 -1 1 0 0 0 0 0 382806895552 382806896488 382814031872 549425072205 549425072248 549425072248 549425078237 0
05-29 03:01:56.918  2157  2171 I shsusrd : 
05-29 03:01:56.918  2157  2171 I shsusrd : shsusr_check_cpu_usage_combined(): tid 5093 utime 1 stime 107 time_delta 10 clk_tck 100, usage 0
05-29 03:01:56.918  2157  2171 I shsusrd : shsusr_check_cpu_usage_combined(): Output of /proc/2157/task/10321/stat: 10321 (HwBinder:2157_1) S 1 2157 0 0 -1 1077936192 3 0 0 0 0 0 0 0 20 0 11 0 3014649 2502557696 650 18446744073709551615 382806614016 382806872472 549425071456 0 0 0 0 0 1073794810 1 0 0 -1 1 0 0 0 0 0 382806895552 382806896488 382814031872 549425072205 549425072248 549425072248 549425078237 0
05-29 03:01:56.918  2157  2171 I shsusrd : 
05-29 03:01:56.918  2157  2171 I shsusrd : shsusr_check_cpu_usage_combined(): tid 10321 utime 0 stime 0 time_delta 10 clk_tck 100, usage 0
05-29 03:01:56.919  2157  2171 I shsusrd : shsusr_check_cpu_usage_combined(): Combined CPU usage: total_utime 3967 total_stime 16218 total_cpu_time_seconds 0.00, clk_tck 100
05-29 03:01:56.919  2157  2171 I shsusrd : shsusr_check_cpu_usage_combined(): Combined shsusrd usage 0
05-29 03:01:56.919  2157  2171 I shsusrd : shsusr_check_cpu_usage_combined(): Combined shsusrd usage FINAL 0
05-29 03:01:57.247  1837  1848 E HeatmapThread: ECT Thread time in milliseconds: 1780012917
05-29 03:01:57.251  1837  1848 D HeatmapThread: !@ batteryplugType : 2
05-29 03:01:57.251  1837  1848 D HeatmapThread: !@ batteryLevel : 70  batteryTemperature : 357 
05-29 03:01:57.251  1837  1848 D HeatmapThread: !@ Heatmap currtime: 29666881
05-29 03:01:57.251  1837  1848 D HeatmapThread: !@ Heatmap prevtime: 29666861
05-29 03:01:57.251  1837  1848 D HeatmapThread: !@ Heatmap plugstarttime: 29666846
05-29 03:01:57.251  1837  1848 D HeatmapThread: !@ Heatmap prevv_dsoh_update_time: 29666802
05-29 03:01:57.251  1837  1848 E HeatmapThread: !@ CAM New BSOH: 97
05-29 03:01:57.511  2994  3052 E AudioPathHelper: (Berry)(1.16)handleAudioPathTask() : can't get dual play mode - Need android.permission.BLUETOOTH_CONNECT permission for AttributionSource { uid = 1002, packageName = com.android.bluetooth, attributionTag = null, token = android.os.Binder@792f66, deviceId = 0, next = AttributionSource { uid = 10282, packageName = com.samsung.accessory.berrymgr, attributionTag = null, token = android.os.BinderProxy@7eaf9e5, deviceId = 0, next = null } }: A2dpServiceBinder
05-29 03:01:57.735  1718  5457 I sensors-hal: handle_sns_client_event:190, auto_rotation_debug_2 mode,255, type,1,0 acc,0.292,0.033,9.820, ar,0, ver,14, pedo,1,e,1,i,3
05-29 03:01:58.124  1694  5377 I vendor.qti.bluetooth@1.1-ibs_handler: ProcessIbsCmd: Received IBS_WAKE_IND: 0xFD
05-29 03:01:58.124  1694  5377 D vendor.qti.bluetooth@1.1-ibs_handler: SerialClockVote: vote for UART CLK ON
05-29 03:01:58.124  1694  5377 D vendor.qti.bluetooth@1.1-wake_lock: Acquire wakelock is acquired 
05-29 03:01:58.124  1694  5377 I vendor.qti.bluetooth@1.1-ibs_handler: ProcessIbsCmd: Writing IBS_WAKE_ACK
05-29 03:01:58.134  4729  5389 I ScanController: onScanResult() - scanClient(5) can't get scanResult, permission : false
05-29 03:01:58.135  4729  5389 I ScanController: onScanResult() - scanClient(13) can't get scanResult, permission : false
05-29 03:01:58.135  4729  5389 I ScanController: onScanResult() - scanClient(5) can't get scanResult, permission : false
05-29 03:01:58.136  4729  5389 I ScanController: onScanResult() - scanClient(13) can't get scanResult, permission : false
05-29 03:01:58.150  4729  5389 I ScanController: onScanResult() - scanClient(5) can't get scanResult, permission : false
05-29 03:01:58.150  4729  5389 I ScanController: onScanResult() - scanClient(13) can't get scanResult, permission : false
05-29 03:01:58.155  4729  5389 I ScanController: onScanResult() - scanClient(5) can't get scanResult, permission : false
05-29 03:01:58.156  4729  5389 I ScanController: onScanResult() - scanClient(13) can't get scanResult, permission : false
05-29 03:01:58.170  4729  5389 I ScanController: onScanResult() - scanClient(5) can't get scanResult, permission : false
05-29 03:01:58.170  4729  5389 I ScanController: onScanResult() - scanClient(13) can't get scanResult, permission : false
05-29 03:01:58.177  4729  5389 I ScanController: onScanResult() - scanClient(5) can't get scanResult, permission : false
05-29 03:01:58.177  4729  5389 I ScanController: onScanResult() - scanClient(13) can't get scanResult, permission : false
05-29 03:01:58.210  4729  5389 I ScanController: onScanResult() - scanClient(5) can't get scanResult, permission : false
05-29 03:01:58.210  4729  5389 I ScanController: onScanResult() - scanClient(13) can't get scanResult, permission : false
05-29 03:01:58.214  4729  5389 I ScanController: onScanResult() - scanClient(5) can't get scanResult, permission : false
05-29 03:01:58.214  4729  5389 I ScanController: onScanResult() - scanClient(13) can't get scanResult, permission : false
05-29 03:01:58.222  4729  5389 I ScanController: onScanResult() - scanClient(5) can't get scanResult, permission : false
05-29 03:01:58.222  4729  5389 I ScanController: onScanResult() - scanClient(13) can't get scanResult, permission : false
05-29 03:01:58.244  4729  5389 I ScanController: onScanResult() - scanClient(5) can't get scanResult, permission : false
05-29 03:01:58.244  4729  5389 I ScanController: onScanResult() - scanClient(13) can't get scanResult, permission : false
05-29 03:01:58.247  1837  1848 E HeatmapThread: ECT Thread time in milliseconds: 1780012918
05-29 03:01:58.247  4729  5389 I ScanController: onScanResult() - scanClient(5) can't get scanResult, permission : false
05-29 03:01:58.248  4729  5389 I ScanController: onScanResult() - scanClient(13) can't get scanResult, permission : false
05-29 03:01:58.251  4729  5389 I ScanController: onScanResult() - scanClient(5) can't get scanResult, permission : false
05-29 03:01:58.251  4729  5389 I ScanController: onScanResult() - scanClient(13) can't get scanResult, permission : false
05-29 03:01:58.252  1837  1848 D HeatmapThread: !@ batteryplugType : 2
05-29 03:01:58.252  1837  1848 D HeatmapThread: !@ batteryLevel : 70  batteryTemperature : 357 
05-29 03:01:58.252  1837  1848 D HeatmapThread: !@ Heatmap currtime: 29666881
05-29 03:01:58.252  1837  1848 D HeatmapThread: !@ Heatmap prevtime: 29666861
05-29 03:01:58.252  1837  1848 D HeatmapThread: !@ Heatmap plugstarttime: 29666846
05-29 03:01:58.252  1837  1848 D HeatmapThread: !@ Heatmap prevv_dsoh_update_time: 29666802
05-29 03:01:58.252  1837  1848 E HeatmapThread: !@ CAM New BSOH: 97
05-29 03:01:58.267  4729  5389 I ScanController: onScanResult() - scanClient(5) can't get scanResult, permission : false
05-29 03:01:58.267  4729  5389 I ScanController: onScanResult() - scanClient(13) can't get scanResult, permission : false
05-29 03:01:58.272  1156  1156 D io_stats: !@   8,0 r 27344155 451938166 w 4467710 81090524 d 783669 315159476 f 119312 488690 iot 7584688 0 th 0 0 0 pt 0 inp 0 0 55921.638
05-29 03:01:58.272  1156  1156 D io_stats: !@ Read_top(KB): kworker/u16:2(14545) 14848 kworker/u16:0(19226) 10496 kworker/u16:8(16192) 76
05-29 03:01:58.272  1156  1156 D io_stats: !@ Write_top(KB): kworker/u16:8(16192) 17252 kworker/u16:3(3168) 13312 kworker/u16:0(19226) 2048
05-29 03:01:58.282  4729  5389 I ScanController: onScanResult() - scanClient(5) can't get scanResult, permission : false
05-29 03:01:58.282  4729  5389 I ScanController: onScanResult() - scanClient(13) can't get scanResult, permission : false
05-29 03:01:58.285  4729  5389 I ScanController: onScanResult() - scanClient(5) can't get scanResult, permission : false
05-29 03:01:58.286  4729  5389 I ScanController: onScanResult() - scanClient(13) can't get scanResult, permission : false
05-29 03:01:58.292  4729  5389 I ScanController: onScanResult() - scanClient(5) can't get scanResult, permission : false
05-29 03:01:58.292  4729  5389 I ScanController: onScanResult() - scanClient(13) can't get scanResult, permission : false
05-29 03:01:58.296  4729  5389 I ScanController: onScanResult() - scanClient(5) can't get scanResult, permission : false
05-29 03:01:58.296  4729  5389 I ScanController: onScanResult() - scanClient(13) can't get scanResult, permission : false
05-29 03:01:58.302  4729  5389 I ScanController: onScanResult() - scanClient(5) can't get scanResult, permission : false
05-29 03:01:58.303  4729  5389 I ScanController: onScanResult() - scanClient(13) can't get scanResult, permission : false
05-29 03:01:58.312  4729  5389 I ScanController: onScanResult() - scanClient(5) can't get scanResult, permission : false
05-29 03:01:58.313  4729  5389 I ScanController: onScanResult() - scanClient(13) can't get scanResult, permission : false
05-29 03:01:58.316  4729  5389 I ScanController: onScanResult() - scanClient(5) can't get scanResult, permission : false
05-29 03:01:58.316  4729  5389 I ScanController: onScanResult() - scanClient(13) can't get scanResult, permission : false
05-29 03:01:58.318  4729  5389 I ScanController: onScanResult() - scanClient(5) can't get scanResult, permission : false
05-29 03:01:58.319  4729  5389 I ScanController: onScanResult() - scanClient(13) can't get scanResult, permission : false
05-29 03:01:58.356  1694  5377 I vendor.qti.bluetooth@1.1-ibs_handler: ProcessIbsCmd: Received IBS_SLEEP_IND: 0xFE
05-29 03:01:58.356  1694  5377 D vendor.qti.bluetooth@1.1-ibs_handler: SerialClockVote: vote for UART CLK OFF
05-29 03:01:58.412  2878  5567 I NSLocationMonitor: getGPSUsingApps() called
05-29 03:01:58.413  5566 32559 I NSLocationManager_FLP: getGPSUsingApps, No change
05-29 03:01:58.427  2878  5567 D FreecessController: FZ : com.huawei.health(10307) [6428, 11414, 8908] reason: Bg [cached:X
05-29 03:01:58.428  2878  5567 D FreecessHandler: freeze com.huawei.health(10307) result : 0
05-29 03:01:58.428  2878  5567 W LocationManagerService: onFreezeStateChanged, uid[10307]=true
05-29 03:01:58.428  2878  5567 I PowerManagerService: [PWL] SetWakeLockEnableDisable uid = 10307 , disable= true
05-29 03:01:58.428  2878  5567 I PowerManagerService: [PWL] can not change uid =  10307
05-29 03:01:58.508  1694  5143 D vendor.qti.bluetooth@1.1-wake_lock: Release wakelock is released 
05-29 03:01:58.515  2994  3052 E AudioPathHelper: (Berry)(1.16)handleAudioPathTask() : can't get dual play mode - Need android.permission.BLUETOOTH_CONNECT permission for AttributionSource { uid = 1002, packageName = com.android.bluetooth, attributionTag = null, token = android.os.Binder@792f66, deviceId = 0, next = AttributionSource { uid = 10282, packageName = com.samsung.accessory.berrymgr, attributionTag = null, token = android.os.BinderProxy@7eaf9e5, deviceId = 0, next = null } }: A2dpServiceBinder
05-29 03:01:58.812 12971  5078 I NearbyMediums: Found Fast Ble Advertisements :
05-29 03:01:58.812 12971  5078 I NearbyMediums: BleAdvertisement { version=2, socketVersion=2, isFast=true, serviceIdHash=null, data=[ 0x23 0x4c 0x48 0x35 0x43 0x11 0x32 0xcb 0xd6 0x54 0xfd 0x47 0x77 0xc5 0x5f 0x27 0x54 0x6a 0xfa 0x8b 0x7a 0x91 0xae ], deviceToken=[ 0x07 0x7a ], rxAdvertisement=null } : 1 times.
05-29 03:01:58.812 12971  5078 I NearbyMediums: Total 1 fast advertisements from 1 unique advertisers.
05-29 03:01:58.812 12971  5078 I NearbyMediums: Current Tracked Scanning Clients are : {NearbyConnections.EnvironmentMonitor, NearbySharing, NearbyConnections.TxAdvertisement}
05-29 03:01:59.222  2878 10948 I AfterimageCompensationService: AfcThread mLuminance : 209 , AfpcPeriodCount : 1658 , rotation : 0 , AOD : false
05-29 03:01:59.223  2878 10948 I SurfaceComposerClient: captureDisplay:Display-4630947118961383299
05-29 03:01:59.228  1845  4861 I SurfaceFlinger: Capture layer list: 	 Background for 6ea9135 SurfaceView[com.example.my_vpn_client/com.example.my_vpn_client.MainActivity]@0#15500(seamlessTransition:0)
05-29 03:01:59.229  1845  4861 I SurfaceFlinger: Capture layer list: 	 6ea9135 SurfaceView[com.example.my_vpn_client/com.example.my_vpn_client.MainActivity]@0(BLAST)#15499(seamlessTransition:0)
05-29 03:01:59.229  1845  4861 I SurfaceFlinger: Capture layer list: 	 com.example.my_vpn_client/com.example.my_vpn_client.MainActivity$_4485#15493(seamlessTransition:0)
05-29 03:01:59.229  1845  4861 I SurfaceFlinger: Capture layer list: 	 StatusBar$_4422#107(seamlessTransition:0)
05-29 03:01:59.229  1845  4861 I SurfaceFlinger: Capture layer list: 	 NavigationBar0$_4422#103(seamlessTransition:0)
05-29 03:01:59.229  1845  4861 E HWComposer: getLuts: getLuts failed for display 4630947118961383299: UNSUPPORTED (8)
05-29 03:01:59.230  1845  1968 D RenderEngine: [SEC_SF_EFFECTS] drawLayersInternal,1483, Rendering layer ScreenCaptureFillLayer at index 0
05-29 03:01:59.231  1845  1968 D RenderEngine: [SEC_SF_EFFECTS] drawLayersInternal,1483, Rendering layer 6ea9135 SurfaceView[com.example.my_vpn_client/com.example.my_vpn_client.MainActivity]@0(BLAST)#15499 at index 1
05-29 03:01:59.231  1845  1968 D RenderEngine: [SEC_SF_EFFECTS] drawLayersInternal,1483, Rendering layer com.example.my_vpn_client/com.example.my_vpn_client.MainActivity$_4485#15493 at index 2
05-29 03:01:59.231  1845  1968 D RenderEngine: [SEC_SF_EFFECTS] drawLayersInternal,1483, Rendering layer StatusBar$_4422#107 at index 3
05-29 03:01:59.232  1845  1968 D RenderEngine: [SEC_SF_EFFECTS] drawLayersInternal,1483, Rendering layer NavigationBar0$_4422#103 at index 4
05-29 03:01:59.245  2878 10948 D system_server: mAFPC_Read - w = 1080, h = 2340, s = 8, f = 4, s_size = 10183680, luminance = 209, count = 1658, captureOrientation = 0
05-29 03:01:59.247  1837  1848 E HeatmapThread: ECT Thread time in milliseconds: 1780012919
05-29 03:01:59.251  1837  1848 D HeatmapThread: !@ batteryplugType : 2
05-29 03:01:59.251  1837  1848 D HeatmapThread: !@ batteryLevel : 70  batteryTemperature : 357 
05-29 03:01:59.251  1837  1848 D HeatmapThread: !@ Heatmap currtime: 29666881
05-29 03:01:59.251  1837  1848 D HeatmapThread: !@ Heatmap prevtime: 29666861
05-29 03:01:59.251  1837  1848 D HeatmapThread: !@ Heatmap plugstarttime: 29666846
05-29 03:01:59.251  1837  1848 D HeatmapThread: !@ Heatmap prevv_dsoh_update_time: 29666802
05-29 03:01:59.251  1837  1848 E HeatmapThread: !@ CAM New BSOH: 97
05-29 03:01:59.521  2994  3052 E AudioPathHelper: (Berry)(1.16)handleAudioPathTask() : can't get dual play mode - Need android.permission.BLUETOOTH_CONNECT permission for AttributionSource { uid = 1002, packageName = com.android.bluetooth, attributionTag = null, token = android.os.Binder@792f66, deviceId = 0, next = AttributionSource { uid = 10282, packageName = com.samsung.accessory.berrymgr, attributionTag = null, token = android.os.BinderProxy@7eaf9e5, deviceId = 0, next = null } }: A2dpServiceBinder
05-29 03:01:59.857  1694  5377 I vendor.qti.bluetooth@1.1-ibs_handler: ProcessIbsCmd: Received IBS_WAKE_IND: 0xFD
05-29 03:01:59.857  1694  5377 D vendor.qti.bluetooth@1.1-ibs_handler: SerialClockVote: vote for UART CLK ON
05-29 03:01:59.857  1694  5377 D vendor.qti.bluetooth@1.1-wake_lock: Acquire wakelock is acquired 
05-29 03:01:59.857  1694  5377 I vendor.qti.bluetooth@1.1-ibs_handler: ProcessIbsCmd: Writing IBS_WAKE_ACK
05-29 03:01:59.869  4729  5389 I ScanController: onScanResult() - scanClient(5) can't get scanResult, permission : false
05-29 03:01:59.870  4729  5389 I ScanController: onScanResult() - scanClient(13) can't get scanResult, permission : false
05-29 03:01:59.871  4729  5389 I ScanController: onScanResult() - scanClient(5) can't get scanResult, permission : false
05-29 03:01:59.872  2878  5567 I NSLocationMonitor: getGPSUsingApps() called
05-29 03:01:59.873  5566 32559 I NSLocationManager_FLP: getGPSUsingApps, No change
05-29 03:01:59.874  4729  5389 I ScanController: onScanResult() - scanClient(13) can't get scanResult, permission : false
05-29 03:01:59.877  4729  5389 I ScanController: onScanResult() - scanClient(5) can't get scanResult, permission : false
05-29 03:01:59.877  4729  5389 I ScanController: onScanResult() - scanClient(13) can't get scanResult, permission : false
05-29 03:01:59.882  2878  5567 D FreecessHandler: freeze com.duckduckgo.mobile.android(10067) result : 2
05-29 03:01:59.889  4729  5389 I ScanController: onScanResult() - scanClient(5) can't get scanResult, permission : false
05-29 03:01:59.890  4729  5389 I ScanController: onScanResult() - scanClient(13) can't get scanResult, permission : false
05-29 03:01:59.906  4729  5389 I ScanController: onScanResult() - scanClient(5) can't get scanResult, permission : false
05-29 03:01:59.907  4729  5389 I ScanController: onScanResult() - scanClient(13) can't get scanResult, permission : false
05-29 03:01:59.924  4729  5389 I ScanController: onScanResult() - scanClient(5) can't get scanResult, permission : false
05-29 03:01:59.924  4729  5389 I ScanController: onScanResult() - scanClient(13) can't get scanResult, permission : false
05-29 03:01:59.944  4729  5389 I ScanController: onScanResult() - scanClient(5) can't get scanResult, permission : false
05-29 03:01:59.944  4729  5389 I ScanController: onScanResult() - scanClient(13) can't get scanResult, permission : false
05-29 03:01:59.945  4729  5389 I ScanController: onScanResult() - scanClient(5) can't get scanResult, permission : false
05-29 03:01:59.946  4729  5389 I ScanController: onScanResult() - scanClient(13) can't get scanResult, permission : false
05-29 03:01:59.947  4729  5389 I ScanController: onScanResult() - scanClient(5) can't get scanResult, permission : false
05-29 03:01:59.947  4729  5389 I ScanController: onScanResult() - scanClient(13) can't get scanResult, permission : false
05-29 03:01:59.950  4729  5389 I ScanController: onScanResult() - scanClient(5) can't get scanResult, permission : false
05-29 03:01:59.950  4729  5389 I ScanController: onScanResult() - scanClient(13) can't get scanResult, permission : false
05-29 03:01:59.954  4729  5389 I ScanController: onScanResult() - scanClient(5) can't get scanResult, permission : false
05-29 03:01:59.954  4729  5389 I ScanController: onScanResult() - scanClient(13) can't get scanResult, permission : false
05-29 03:01:59.967  4729  5389 I ScanController: onScanResult() - scanClient(5) can't get scanResult, permission : false
05-29 03:01:59.967  4729  5389 I ScanController: onScanResult() - scanClient(13) can't get scanResult, permission : false
05-29 03:01:59.969  4729  5389 I ScanController: onScanResult() - scanClient(5) can't get scanResult, permission : false
05-29 03:01:59.970  4729  5389 I ScanController: onScanResult() - scanClient(13) can't get scanResult, permission : false
05-29 03:01:59.989  4729  5389 I ScanController: onScanResult() - scanClient(5) can't get scanResult, permission : false
05-29 03:01:59.989  4729  5389 I ScanController: onScanResult() - scanClient(13) can't get scanResult, permission : false
05-29 03:01:59.994  4729  5389 I ScanController: onScanResult() - scanClient(5) can't get scanResult, permission : false
05-29 03:01:59.994  4729  5389 I ScanController: onScanResult() - scanClient(13) can't get scanResult, permission : false
05-29 03:02:00.005  4729  5389 I ScanController: onScanResult() - scanClient(5) can't get scanResult, permission : false
05-29 03:02:00.005  4729  5389 I ScanController: onScanResult() - scanClient(13) can't get scanResult, permission : false
05-29 03:02:00.008  2878  2878 I EyeComfortSolutionService: action  :  android.intent.action.TIME_TICK
05-29 03:02:00.009  4422  5013 I DateTimeView: updateAll - getTimeFormat
05-29 03:02:00.010  4422  4422 D ClockFaceEvents: onTimeTick. callers : com.android.keyguard.ClockEventController$keyguardUpdateMonitorCallback$1.refreshTime:19
05-29 03:02:00.010  4422  4422 D ClockFaceEvents: com.android.keyguard.ClockEventController$keyguardUpdateMonitorCallback$1.onTimeChanged:1
05-29 03:02:00.010  4422  4422 D ClockFaceEvents: com.android.keyguard.KeyguardUpdateMonitor$16.handleMessage:732
05-29 03:02:00.010  4729  5389 I ScanController: onScanResult() - scanClient(5) can't get scanResult, permission : false
05-29 03:02:00.010  4729  5389 I ScanController: onScanResult() - scanClient(13) can't get scanResult, permission : false
05-29 03:02:00.010  4422  4422 D ClockFaceEvents: onTimeTick. callers : com.android.keyguard.ClockEventController$keyguardUpdateMonitorCallback$1.refreshTime:38
05-29 03:02:00.010  4422  4422 D ClockFaceEvents: com.android.keyguard.ClockEventController$keyguardUpdateMonitorCallback$1.onTimeChanged:1
05-29 03:02:00.010  4422  4422 D ClockFaceEvents: com.android.keyguard.KeyguardUpdateMonitor$16.handleMessage:732
05-29 03:02:00.010  4422  5013 D QSClockBellTower: onReceive(android.intent.action.TIME_TICK) mTimeZoneString:Europe/Moscow
05-29 03:02:00.010  4422  4422 D FaceWidgetPagesController: onTimeChanged()
05-29 03:02:00.012  4422  4422 D QSClockBellTower: He is ready to ring the bell. (((QSClockBellSound - TimeText:03:02, TimeContentDescription:03:02, DateText:╨┐╤В, 29 ╨╝╨░╤П, ShortDateText:╨┐╤В, 29 ╨╝╨░╤П, Demo:false)))
05-29 03:02:00.013  4422  4422 D QSClock : StatusBar clock=03:02 notifyTimeChanged(QSClockBellSound - TimeText:03:02, TimeContentDescription:03:02, DateText:╨┐╤В, 29 ╨╝╨░╤П, ShortDateText:╨┐╤В, 29 ╨╝╨░╤П, Demo:false) clockVisibleByPolicy=true, clockVisibleByUser=true, visible=true, parent=android.widget.LinearLayout{6a342c1 V.E...... ......ID 0,0-102,52 #7f0a069b app:id/left_clock_container} caller=com.android.systemui.statusbar.phone.fragment.CollapsedStatusBarFragment.animateShow:52 com.android.systemui.statusbar.phone.fragment.CollapsedStatusBarFragment.updateStatusBarVisibilitiesInner:230 com.android.systemui.statusbar.phone.fragment.CollapsedStatusBarFragment.updateStatusBarVisibilities:65 com.android.systemui.statusbar.phone.fragment.CollapsedStatusBarFragment.disable:71 com.android.systemui.statusbar.CommandQueue$H.handleMessage:2997  
05-29 03:02:00.014  4422  4422 D QSClockBellTower: Everyone heard the bell. run(currentTime:1780012920011, getTime():Fri May 29 03:02:00 GMT+03:00 2026, getTimeZone():libcore.util.ZoneInfo[mDstSavings=0,mUseDst=false,mDelegate=[id="Europe/Moscow",mRawOffset=10800000,mEarliestRawOffset=9017000,transitions=78]])
05-29 03:02:00.019  4729  5389 I ScanController: onScanResult() - scanClient(5) can't get scanResult, permission : false
05-29 03:02:00.019  4729  5389 I ScanController: onScanResult() - scanClient(13) can't get scanResult, permission : false
05-29 03:02:00.026  4422  4422 D {OngoingChipAdapter}: updateEnableMaxWidth : 319 -:> 314
05-29 03:02:00.031  4422  4422 W RefactorFlag: New code path expects SceneContainerFlag to be enabled.
05-29 03:02:00.032  1845  2090 I VSyncReactor: Current= 24, Period= 24, hwcPeriod= 24
05-29 03:02:00.038  1845  2128 D DisplayModeController: setDesiredMode 4630947118961383299 {mode={fps=120.00 Hz, modePtr={id=0, vsyncRate=120.00 Hz, peakRefreshRate=120.00 Hz}}, emitEvent=true, force=false}
05-29 03:02:00.058  1694  5377 I vendor.qti.bluetooth@1.1-ibs_handler: ProcessIbsCmd: Received IBS_SLEEP_IND: 0xFE
05-29 03:02:00.058  1694  5377 D vendor.qti.bluetooth@1.1-ibs_handler: SerialClockVote: vote for UART CLK OFF
05-29 03:02:00.068  1845  1845 I SurfaceFlinger: No layers with votes - choose 120.00 Hz
05-29 03:02:00.069  1845  1845 I HWComposer: [4630947118961383299] ActiveConfigToHWC, ID : 0
05-29 03:02:00.071  1773  2085 I SDM     : HWDeviceDRM::SetDisplaySwitchMode: [DispConfigs] check hs_mode 3
05-29 03:02:00.071  1773  2085 W SDM     : HWDeviceDRM::GetSupportedBitClkRate: Requested rate not supported: 951080000
05-29 03:02:00.071  1773  2085 I SDM     : HWDeviceDRM::SetDisplaySwitchMode: [DispConfigs] Set mode index:0 1080x2340x120xcmdHS, hs_mode(3), found_mode(0)
05-29 03:02:00.071  1773  2085 I SDM     : HWDeviceDRM::UpdateMixerAttributes: Mixer WxH 1080x2340-1 for Peripheral
05-29 03:02:00.071  1773  2085 I SDM     : HWCDisplay::SubmitDisplayConfig: Active configuration changed from config 8 to 0
05-29 03:02:00.074  1845  2090 I VSyncReactor: Current= 24, Period= 120, hwcPeriod= 120
05-29 03:02:00.107  1845  1845 I SurfaceFlinger: finalizeDisplayModeChange 4630947118961383299
05-29 03:02:00.209  1694  5143 D vendor.qti.bluetooth@1.1-wake_lock: Release wakelock is released 
05-29 03:02:00.243  2878  7170 D NetdEventListenerService: CSC Feature value: true
05-29 03:02:00.247  1837  1848 E HeatmapThread: ECT Thread time in milliseconds: 1780012920
05-29 03:02:00.252  1837  1848 D HeatmapThread: !@ batteryplugType : 2
05-29 03:02:00.252  1837  1848 D HeatmapThread: !@ batteryLevel : 70  batteryTemperature : 357 
05-29 03:02:00.252  1837  1848 D HeatmapThread: !@ Heatmap currtime: 29666882
05-29 03:02:00.252  1837  1848 D HeatmapThread: !@ Heatmap prevtime: 29666861
05-29 03:02:00.252  1837  1848 D HeatmapThread: !@ Heatmap plugstarttime: 29666846
05-29 03:02:00.252  1837  1848 D HeatmapThread: !@ Heatmap prevv_dsoh_update_time: 29666802
05-29 03:02:00.252  1837  1848 E HeatmapThread: !@ CAM New BSOH: 97
05-29 03:02:00.317  1845  2128 D DisplayModeController: setDesiredMode 4630947118961383299 {mode={fps=24.00 Hz, modePtr={id=5, vsyncRate=24.00 Hz, peakRefreshRate=24.00 Hz}}, emitEvent=false, force=false}
05-29 03:02:00.322  1845  1845 I LayerHistory: StatusBar$_4422#107 voted NoVote (0.00 Hz)
05-29 03:02:00.322  1845  1845 I SurfaceFlinger: Idle - choose 24.00 Hz
05-29 03:02:00.323  1845  1845 I HWComposer: [4630947118961383299] ActiveConfigToHWC, ID : 8
05-29 03:02:00.324  1845  2090 I VSyncReactor: Current= 120, Period= 24, hwcPeriod= 24
05-29 03:02:00.325  1773  2085 I SDM     : HWDeviceDRM::SetDisplaySwitchMode: [DispConfigs] check hs_mode 3
05-29 03:02:00.325  1773  2085 W SDM     : HWDeviceDRM::GetSupportedBitClkRate: Requested rate not supported: 951080000
05-29 03:02:00.325  1773  2085 W SDM     : HWDeviceDRM::GetSupportedBitClkRate: Requested rate not supported: 951080000
05-29 03:02:00.325  1773  2085 I SDM     : HWDeviceDRM::SetDisplaySwitchMode: [DispConfigs] Set mode index:9 1080x2340x24xcmdPHS, hs_mode(3), found_mode(1)
05-29 03:02:00.325  1773  2085 I SDM     : HWDeviceDRM::UpdateMixerAttributes: Mixer WxH 1080x2340-1 for Peripheral
05-29 03:02:00.325  1773  2085 I SDM     : HWCDisplay::SubmitDisplayConfig: Active configuration changed from config 0 to 8
05-29 03:02:00.332  1845  1845 I SurfaceFlinger: finalizeDisplayModeChange 4630947118961383299
05-29 03:02:00.526  2994  3052 E AudioPathHelper: (Berry)(1.16)handleAudioPathTask() : can't get dual play mode - Need android.permission.BLUETOOTH_CONNECT permission for AttributionSource { uid = 1002, packageName = com.android.bluetooth, attributionTag = null, token = android.os.Binder@792f66, deviceId = 0, next = AttributionSource { uid = 10282, packageName = com.samsung.accessory.berrymgr, attributionTag = null, token = android.os.BinderProxy@7eaf9e5, deviceId = 0, next = null } }: A2dpServiceBinder
