05-29 03:01:30.310  4005  4005 D NotificationMgr: updateNetworkSelection, Use Samsung codes instead of AOSP codes
05-29 03:01:30.310  4005  4005 V PhoneGlobals: subId=1, mDefaultDataSubId=1, ss roaming=false
05-29 03:01:30.310  2878  3240 I ActivityManager: Changes in 10270 19 to 11, 0 to 128
05-29 03:01:30.311 26608 26608 D CellBroadcastReceiver: onReceive Intent { act=android.intent.action.SERVICE_STATE flg=0x1000010 xflg=0x4 cmp=com.google.android.cellbroadcastreceiver/com.android.cellbroadcastreceiver.CellBroadcastReceiver (has extras) }
05-29 03:01:30.311  4005  4273 I LocationAccessPolicy: com.android.systemui is aware of fine but the app-ops permission is specifically denied.
05-29 03:01:30.311  4005  4273 I LocationAccessPolicy: checkLocationPermission - callingUid: 10040, callingPid: 4422, resultForFine: DENIED_SOFT
05-29 03:01:30.311  4005  4273 I LocationAccessPolicy: com.android.systemui is aware of coarse but the app-ops permission is specifically denied.
05-29 03:01:30.311  4005  4273 I LocationAccessPolicy: checkLocationPermission - callingUid: 10040, callingPid: 4422, resultForCoarse: DENIED_SOFT
05-29 03:01:30.312 26608 26608 D CellBroadcastReceiver: onServiceStateChanged, ss: 0
05-29 03:01:30.312 26608 26608 D CellBroadcastReceiver: networkOperator: 25020
05-29 03:01:30.312 26608 26608 D CellBroadcastReceiver: update supported roaming operator as 
05-29 03:01:30.313  2878  7183 D PhoneRestrictionPolicy: isOperationAllowed >>> slotNum: 0 function: 1
05-29 03:01:30.313  4422  4422 D CarrierTextController: carrierTextForSimState(1)-(order: 0) : T-Mobile, T-Mobile
05-29 03:01:30.313  4422  4422 D CarrierTextController: setCarrierText : T-Mobile, T-Mobile allSimsMissing : false anySimReady : true
05-29 03:01:30.314  4422  4422 D CarrierTextController: carrierTextForSimState(1)-(order: 0) : T-Mobile, T-Mobile
05-29 03:01:30.314  4422  4422 D CarrierTextController: setCarrierText : T-Mobile, T-Mobile allSimsMissing : false anySimReady : true
05-29 03:01:30.314  4422  4422 D CarrierTextController: carrierTextForSimState(1)-(order: 0) : T-Mobile, T-Mobile
05-29 03:01:30.314  4422  4422 D CarrierTextController: setCarrierText : T-Mobile, T-Mobile allSimsMissing : false anySimReady : true
05-29 03:01:30.314  4422  4422 D FaceWidgetPagesController: onRefreshCarrierInfo()
05-29 03:01:30.315  4005  4217 I LocationAccessPolicy: com.android.systemui is aware of fine but the app-ops permission is specifically denied.
05-29 03:01:30.315  2878  7183 I ActivityManager: Changes in 10270 11 to 19, 128 to 0
05-29 03:01:30.315  4005  4217 I LocationAccessPolicy: checkLocationPermission - callingUid: 10040, callingPid: 4422, resultForFine: DENIED_SOFT
05-29 03:01:30.315  4005  4217 I LocationAccessPolicy: com.android.systemui is aware of coarse but the app-ops permission is specifically denied.
05-29 03:01:30.315  4005  4217 I LocationAccessPolicy: checkLocationPermission - callingUid: 10040, callingPid: 4422, resultForCoarse: DENIED_SOFT
05-29 03:01:30.316  4422  4422 D FaceWidgetClockRoamManager: isNetworkRoamingState id=1
05-29 03:01:30.316  4422  4422 D FaceWidgetClockRoamManager: isNetworkRoamingState false
05-29 03:01:30.316  4422  4422 D FaceWidgetClockRoamManager: onRefreshCarrierInfo(pre, now): false, false
05-29 03:01:30.316  4422  4422 D FaceWidgetClockPage: onRefreshCarrierInfo : isChanged false mIsRoaming false
05-29 03:01:30.317  2878  7183 I Telecom : SamsungTelecomServiceImpl : isInCall - callingPackage : com.android.systemui / callingUser : UserHandle{0} / hasCrossUserAccess : true
05-29 03:01:30.317  4422  4422 D CarrierTextController: info.location: Keyguard, info.carrierText: T-Mobile, info.carrierTextShort: T-Mobile
05-29 03:01:30.317  4422  4422 D CarrierTextController: info.location: null, info.carrierText: T-Mobile, info.carrierTextShort: T-Mobile
05-29 03:01:30.317  4422  4422 D ShadeCarrierGroup: handleUpdateCarrierInfo [T-Mobile] isLatin=false
05-29 03:01:30.319  4005  4005 V PhoneGlobals: updateDataRoamingStatus
05-29 03:01:30.319  4005  4005 V PhoneGlobals: updateDataRoamingStatus dataAllowed=true, disallowReasons=[], dataIsNowRoaming=false, RoamingNumeric=25020, CallingReason=3
05-29 03:01:30.327  4422  4651 D MobileIconViewModel: [] (0/1) connected=true dataConnected=true dataType=DefaultIcon(iconGroup=IconGroup(4G+)) networkType=LTE simCard=ETC
05-29 03:01:30.328  2878  3833 D ConnectivityService: Update of LinkProperties for [125 CELLULAR]; created=64176048; firstConnected=64176198
05-29 03:01:30.329  4422  4650 D MobileIconViewModel: [] (0/1) connected=true dataConnected=true dataType=DefaultIcon(iconGroup=IconGroup(4G)) networkType=LTE simCard=ETC
05-29 03:01:30.331  4967  5090 I HoneySpace.StatusIconTracker: invokeEvent() called with: event = Mobile(bundle=Bundle[mParcelledData.dataSize=256])
05-29 03:01:30.331  2878  3833 D ConnectivityService: Setting tx/rx TCP buffers to 2097152,4194304,8388608,524288,1572864,2097152
05-29 03:01:30.332  2878  3833 D ConnectivityService: notifyType CALLBACK_IP_CHANGED for [125 CELLULAR]
05-29 03:01:30.334  2878  3876 D SemWifiApTrafficPriority: mCurrentUpstreamInterface:rmnet_data0
05-29 03:01:30.346  1845  2090 I VSyncReactor: Current= 24, Period= 24, hwcPeriod= 24
05-29 03:01:30.350  4422  4422 W View    : requestLayout() improperly called by com.android.systemui.qs.SecQSGradationDrawableView{592348b V.E...... ......ID 0,0-1080,332 #7f0a0a16 app:id/qs_gradation_view} during layout: running second layout pass
05-29 03:01:30.350  4422  4422 W View    : requestLayout() improperly called by android.widget.FrameLayout{9c4e968 V.E...... ......I. 0,0-1080,2340 #2} during layout: running second layout pass
05-29 03:01:30.350  4422  4422 W View    : requestLayout() improperly called by android.widget.FrameLayout{6654181 V.E...... ......ID 0,142-1080,2298 #7f0a0a14 app:id/qs_frame} during layout: running second layout pass
05-29 03:01:30.351  4422  4422 W RefactorFlag: New code path expects SceneContainerFlag to be enabled.
05-29 03:01:30.357  1845  2128 D DisplayModeController: setDesiredMode 4630947118961383299 {mode={fps=120.00 Hz, modePtr={id=0, vsyncRate=120.00 Hz, peakRefreshRate=120.00 Hz}}, emitEvent=true, force=false}
05-29 03:01:30.366  2878  2903 I system_server: Background young concurrent mark compact GC freed 21MB AllocSpace bytes, 517(19MB) LOS objects, 23% free, 149MB/195MB, paused 1.367ms,5.360ms total 146.280ms
05-29 03:01:30.371  2994  3052 E AudioPathHelper: (Berry)(1.16)handleAudioPathTask() : can't get dual play mode - Need android.permission.BLUETOOTH_CONNECT permission for AttributionSource { uid = 1002, packageName = com.android.bluetooth, attributionTag = null, token = android.os.Binder@792f66, deviceId = 0, next = AttributionSource { uid = 10282, packageName = com.samsung.accessory.berrymgr, attributionTag = null, token = android.os.BinderProxy@7eaf9e5, deviceId = 0, next = null } }: A2dpServiceBinder
05-29 03:01:30.380  1845  1845 I SurfaceFlinger: No layers with votes - choose 120.00 Hz
05-29 03:01:30.381  1845  1845 I HWComposer: [4630947118961383299] ActiveConfigToHWC, ID : 0
05-29 03:01:30.382  1773  2085 I SDM     : HWDeviceDRM::SetDisplaySwitchMode: [DispConfigs] check hs_mode 3
05-29 03:01:30.382  1773  2085 W SDM     : HWDeviceDRM::GetSupportedBitClkRate: Requested rate not supported: 951080000
05-29 03:01:30.382  1773  2085 I SDM     : HWDeviceDRM::SetDisplaySwitchMode: [DispConfigs] Set mode index:0 1080x2340x120xcmdHS, hs_mode(3), found_mode(0)
05-29 03:01:30.382  1773  2085 I SDM     : HWDeviceDRM::UpdateMixerAttributes: Mixer WxH 1080x2340-1 for Peripheral
05-29 03:01:30.382  1773  2085 I SDM     : HWCDisplay::SubmitDisplayConfig: Active configuration changed from config 8 to 0
05-29 03:01:30.388  1845  2090 I VSyncReactor: Current= 24, Period= 120, hwcPeriod= 120
05-29 03:01:30.389  1694  5143 D vendor.qti.bluetooth@1.1-wake_lock: Release wakelock is released 
05-29 03:01:30.422  1845  1845 I SurfaceFlinger: finalizeDisplayModeChange 4630947118961383299
05-29 03:01:30.631  1845  2128 D DisplayModeController: setDesiredMode 4630947118961383299 {mode={fps=24.00 Hz, modePtr={id=5, vsyncRate=24.00 Hz, peakRefreshRate=24.00 Hz}}, emitEvent=false, force=false}
05-29 03:01:30.634  1845  1845 I LayerHistory: StatusBar$_4422#107 voted NoVote (0.00 Hz)
05-29 03:01:30.634  1845  1845 I SurfaceFlinger: Idle - choose 24.00 Hz
05-29 03:01:30.635  1845  1845 I HWComposer: [4630947118961383299] ActiveConfigToHWC, ID : 8
05-29 03:01:30.637  1773  2085 I SDM     : HWDeviceDRM::SetDisplaySwitchMode: [DispConfigs] check hs_mode 3
05-29 03:01:30.637  1773  2085 W SDM     : HWDeviceDRM::GetSupportedBitClkRate: Requested rate not supported: 951080000
05-29 03:01:30.637  1773  2085 W SDM     : HWDeviceDRM::GetSupportedBitClkRate: Requested rate not supported: 951080000
05-29 03:01:30.637  1773  2085 I SDM     : HWDeviceDRM::SetDisplaySwitchMode: [DispConfigs] Set mode index:9 1080x2340x24xcmdPHS, hs_mode(3), found_mode(1)
05-29 03:01:30.638  1773  2085 I SDM     : HWDeviceDRM::UpdateMixerAttributes: Mixer WxH 1080x2340-1 for Peripheral
05-29 03:01:30.638  1773  2085 I SDM     : HWCDisplay::SubmitDisplayConfig: Active configuration changed from config 0 to 8
05-29 03:01:30.638  1845  2090 I VSyncReactor: Current= 120, Period= 24, hwcPeriod= 24
05-29 03:01:30.641  1845  1845 I SurfaceFlinger: finalizeDisplayModeChange 4630947118961383299
05-29 03:01:30.774  7073  7073 I SDHMS:LOAD: type: LoadsFreqs, value: 0:0:0:864000:864000:864000:640512:1920000:614400:220:220:220
05-29 03:01:30.844 12971  6546 I NearbySharing: Network state changed: NetworkState(isRestricted=false, isOnline=true, isCongested=false, isMetered=true, isWifiConnected=false)
05-29 03:01:31.248  1837  1848 E HeatmapThread: ECT Thread time in milliseconds: 1780012891
05-29 03:01:31.252  1837  1848 D HeatmapThread: !@ batteryplugType : 2
05-29 03:01:31.252  1837  1848 D HeatmapThread: !@ batteryLevel : 69  batteryTemperature : 359 
05-29 03:01:31.252  1837  1848 D HeatmapThread: !@ Heatmap currtime: 29666881
05-29 03:01:31.253  1837  1848 D HeatmapThread: !@ Heatmap prevtime: 29666861
05-29 03:01:31.253  1837  1848 D HeatmapThread: !@ Heatmap plugstarttime: 29666846
05-29 03:01:31.253  1837  1848 D HeatmapThread: !@ Heatmap prevv_dsoh_update_time: 29666802
05-29 03:01:31.253  1837  1848 E HeatmapThread: !@ CAM New BSOH: 97
05-29 03:01:31.375  2994  3052 E AudioPathHelper: (Berry)(1.16)handleAudioPathTask() : can't get dual play mode - Need android.permission.BLUETOOTH_CONNECT permission for AttributionSource { uid = 1002, packageName = com.android.bluetooth, attributionTag = null, token = android.os.Binder@792f66, deviceId = 0, next = AttributionSource { uid = 10282, packageName = com.samsung.accessory.berrymgr, attributionTag = null, token = android.os.BinderProxy@7eaf9e5, deviceId = 0, next = null } }: A2dpServiceBinder
05-29 03:01:31.839  1783  1836 E BatteryDump: !@new_battery_dump : 4107,1127,1200,3150,69,359,341,387,359,0,361,390,0,Charging,NO_CHARGING,Normal,Good,USB,1,Normal,0,0,9064,0x8000,0x20000,0x0,0,0,0000,0000,00000000,0,0,0,0,1193,4027,6925,990,0,
05-29 03:01:31.843  2878  7170 D [SS]BattFunctions: [sendRemainingChargingTimeChangedIntent]remainingChargingTime:2817 ,mLastRemainingChargingTime:2832
05-29 03:01:31.843  1783  1783 I sehhealth-service: updateLrpSysfs: write: 361
05-29 03:01:31.846  4422  4422 I AODBatteryManager: updateBatteryData: ACTION_BATTERY_CHANGED: false, isSleepModeChanged:false ,isRemainingTimeChanged: true, isUSBRestriction: false
05-29 03:01:31.847  4422  4422 I ChargingInfoManager: updateChargingInfo: newState = AOD ChargingInfo [mState=BATTERY_AND_REMAIN_TIME, mIsCharging=true, mIsPlugged=true, mIsFullyCharged=false, mIsBatteryProtectMode=false, mBetteryLevel=69, mBetteryProtectModeType1, mIsSlowChargingfalse], oldState = AOD ChargingInfo [mState=BATTERY_AND_REMAIN_TIME, mIsCharging=true, mIsPlugged=true, mIsFullyCharged=false, mIsBatteryProtectMode=false, mBetteryLevel=69, mBetteryProtectModeType1, mIsSlowChargingfalse]
05-29 03:01:31.847  4422  4422 D PowerUI : Remaining charging time : 2817
05-29 03:01:31.847  4422  4422 D PowerUI : Charging time is changed, check charging notification
05-29 03:01:31.848  4422  4422 D PowerUI.Notification: showChargingNotice - Battery Level : 69 -> 69, Charging Type : 11 -> 11, Charging Time : 2832 -> 2817, Maximum protection : true -> true, Maximum threshold : 90 -> 90
05-29 03:01:31.850  4422  4422 I NotificationManager: com.android.systemui: notify(2131364006, charging_state, Notification(channel=CHR shortcut=null contentView=null vibrate=null sound=null defaults=0 flags=ONGOING_EVENT|ONLY_ALERT_ONCE color=0x00000000 category=sys groupKey=CHARGING vis=PUBLIC semFlags=0x0 semPriority=0 semMissedCount=0)) as user
05-29 03:01:31.854  2878  7170 W PermissionService: getPermissionFlags: Unknown user -1
05-29 03:01:31.854  2878  7170 W PermissionService: getPermissionFlags: Unknown user -1
05-29 03:01:31.978  1694  5377 I vendor.qti.bluetooth@1.1-ibs_handler: ProcessIbsCmd: Received IBS_WAKE_IND: 0xFD
05-29 03:01:31.978  1694  5377 D vendor.qti.bluetooth@1.1-ibs_handler: SerialClockVote: vote for UART CLK ON
05-29 03:01:31.978  1694  5377 D vendor.qti.bluetooth@1.1-wake_lock: Acquire wakelock is acquired 
05-29 03:01:31.978  1694  5377 I vendor.qti.bluetooth@1.1-ibs_handler: ProcessIbsCmd: Writing IBS_WAKE_ACK
05-29 03:01:31.987  4729  5389 I ScanController: onScanResult() - scanClient(5) can't get scanResult, permission : false
05-29 03:01:31.988  4729  5389 I ScanController: onScanResult() - scanClient(13) can't get scanResult, permission : false
05-29 03:01:31.988  4729  5389 I ScanController: onScanResult() - scanClient(5) can't get scanResult, permission : false
05-29 03:01:31.989  4729  5389 I ScanController: onScanResult() - scanClient(13) can't get scanResult, permission : false
05-29 03:01:31.994  4729  5389 I ScanController: onScanResult() - scanClient(5) can't get scanResult, permission : false
05-29 03:01:31.994  4729  5389 I ScanController: onScanResult() - scanClient(13) can't get scanResult, permission : false
05-29 03:01:32.013  4729  5389 I ScanController: onScanResult() - scanClient(5) can't get scanResult, permission : false
05-29 03:01:32.014  4729  5389 I ScanController: onScanResult() - scanClient(13) can't get scanResult, permission : false
05-29 03:01:32.015  4729  5389 I ScanController: onScanResult() - scanClient(5) can't get scanResult, permission : false
05-29 03:01:32.015  4729  5389 I ScanController: onScanResult() - scanClient(13) can't get scanResult, permission : false
05-29 03:01:32.039  4729  5389 I ScanController: onScanResult() - scanClient(5) can't get scanResult, permission : false
05-29 03:01:32.039  4729  5389 I ScanController: onScanResult() - scanClient(13) can't get scanResult, permission : false
05-29 03:01:32.042  4729  5389 I ScanController: onScanResult() - scanClient(5) can't get scanResult, permission : false
05-29 03:01:32.042  4729  5389 I ScanController: onScanResult() - scanClient(13) can't get scanResult, permission : false
05-29 03:01:32.049  4729  5389 I ScanController: onScanResult() - scanClient(5) can't get scanResult, permission : false
05-29 03:01:32.049  4729  5389 I ScanController: onScanResult() - scanClient(13) can't get scanResult, permission : false
05-29 03:01:32.062  2878  2878 I Telecom : SamsungTelecomServiceImpl : isInManagedCall - callingPackage : android / callingUser : UserHandle{0} / hasCrossUserAccess : true
05-29 03:01:32.065  4729  5389 I ScanController: onScanResult() - scanClient(5) can't get scanResult, permission : false
05-29 03:01:32.065  4729  5389 I ScanController: onScanResult() - scanClient(13) can't get scanResult, permission : false
05-29 03:01:32.072  4729  5389 I ScanController: onScanResult() - scanClient(5) can't get scanResult, permission : false
05-29 03:01:32.072  4729  5389 I ScanController: onScanResult() - scanClient(13) can't get scanResult, permission : false
05-29 03:01:32.076  2878  5558 D ActivityManager: unpendingScheduleServiceRestart: u=10307, drop=false
05-29 03:01:32.078  4967  9581 I HoneySpace.NotificationListener: onNotificationPosted com.android.systemui: -1|com.android.systemui|2131364006|charging_state|10040: 0
05-29 03:01:32.079  4967  9581 I HoneySpace.NotificationListener: invalid notification: com.android.systemui UserHandle{-1}: canShowBadge is false
05-29 03:01:32.080  4967 22319 I HoneySpace.BadgeDataSourceImpl: Get notification count. PK(p='org.telegram.messenger', u=UserHandle{0}) - forceBadgeCount: false, notification listener: 2, badge provider: 17
05-29 03:01:32.085  4729  5389 I ScanController: onScanResult() - scanClient(5) can't get scanResult, permission : false
05-29 03:01:32.085  4729  5389 I ScanController: onScanResult() - scanClient(13) can't get scanResult, permission : false
05-29 03:01:32.087  2878  5556 D FreecessController: UFZ : com.huawei.health(10307) [6428, 11414, 8908] reason: Binder(1)-android.service.notification.INotificatio
05-29 03:01:32.087  2878  5567 W LocationManagerService: onFreezeStateChanged, uid[10307]=false
05-29 03:01:32.087  2878  5567 I PowerManagerService: [PWL] SetWakeLockEnableDisable uid = 10307 , disable= false
05-29 03:01:32.087  2878  5567 I PowerManagerService: [PWL] can not change uid =  10307
05-29 03:01:32.088  8908  6551 I Notify_NotificPush: 1600103320|R|I|Start onNotificationPosted: StatusBarNotification(pkg=com.android.systemui user=UserHandle{-1} id=2131364006 tag=charging_state key=-1|com.android.systemui|2131364006|charging_state|10040: Notification(channel=CHR shortcut=null contentView=null vibrate=null sound=null defaults=0 flags=ONGOING_EVENT|ONLY_ALERT_ONCE color=0x00000000 category=sys groupKey=CHARGING vis=PUBLIC semFlags=0x0 semPriority=0 semMissedCount=0))
05-29 03:01:32.092  8908  6551 W Notify_NotificPush: 1600103320|R|W|onNotificationPosted FILTERED because SUB_SWITCH_TURN_OFF,pkg=com.android.systemui
05-29 03:01:32.092  8908  6551 I Notify_NotificPush: 1600103320|R|I|com.android.systemui onNotificationPosted isMeetPushConditions?(false=filtered): false
05-29 03:01:32.093  8908  6552 I FormalHASDK: HAImpl==> onEvent. tag:_default_config_tag, type:1, eventId:85070006
05-29 03:01:32.094  6428  6428 I [AGC_LOG]HaConnector: Auto onReport
05-29 03:01:32.111  4729  5389 I ScanController: onScanResult() - scanClient(5) can't get scanResult, permission : false
05-29 03:01:32.111  4729  5389 I ScanController: onScanResult() - scanClient(13) can't get scanResult, permission : false
05-29 03:01:32.115  1845  2090 I VSyncReactor: Current= 24, Period= 24, hwcPeriod= 24
05-29 03:01:32.118  4422  4422 D SubscreenNotificationListCoordinator: onAfterRenderList() isSubScreen = false, pluginLockMode = 0, doNotShowOnCover = false
05-29 03:01:32.119  4422  4422 I LockscreenNotificationIconsOnlyController: onNotificationInfoUpdated 0
05-29 03:01:32.120  4422  4422 I AODNotificationManager: updateNotification() 
05-29 03:01:32.121  4729  5389 I ScanController: onScanResult() - scanClient(5) can't get scanResult, permission : false
05-29 03:01:32.121  4729  5389 I ScanController: onScanResult() - scanClient(13) can't get scanResult, permission : false
05-29 03:01:32.123  1845  2128 D DisplayModeController: setDesiredMode 4630947118961383299 {mode={fps=120.00 Hz, modePtr={id=0, vsyncRate=120.00 Hz, peakRefreshRate=120.00 Hz}}, emitEvent=true, force=false}
05-29 03:01:32.143  4729  5389 I ScanController: onScanResult() - scanClient(5) can't get scanResult, permission : false
05-29 03:01:32.143  4729  5389 I ScanController: onScanResult() - scanClient(13) can't get scanResult, permission : false
05-29 03:01:32.149  1845  1845 I SurfaceFlinger: No layers with votes - choose 120.00 Hz
05-29 03:01:32.150  1845  1845 I HWComposer: [4630947118961383299] ActiveConfigToHWC, ID : 0
05-29 03:01:32.151  1773  2085 I SDM     : HWDeviceDRM::SetDisplaySwitchMode: [DispConfigs] check hs_mode 3
05-29 03:01:32.151  1773  2085 W SDM     : HWDeviceDRM::GetSupportedBitClkRate: Requested rate not supported: 951080000
05-29 03:01:32.151  1773  2085 I SDM     : HWDeviceDRM::SetDisplaySwitchMode: [DispConfigs] Set mode index:0 1080x2340x120xcmdHS, hs_mode(3), found_mode(0)
05-29 03:01:32.151  1773  2085 I SDM     : HWDeviceDRM::UpdateMixerAttributes: Mixer WxH 1080x2340-1 for Peripheral
05-29 03:01:32.151  1773  2085 I SDM     : HWCDisplay::SubmitDisplayConfig: Active configuration changed from config 8 to 0
05-29 03:01:32.156  1845  2090 I VSyncReactor: Current= 24, Period= 120, hwcPeriod= 120
05-29 03:01:32.164  4729  5389 I ScanController: onScanResult() - scanClient(5) can't get scanResult, permission : false
05-29 03:01:32.165  4729  5389 I ScanController: onScanResult() - scanClient(13) can't get scanResult, permission : false
05-29 03:01:32.190  1845  1845 I SurfaceFlinger: finalizeDisplayModeChange 4630947118961383299
05-29 03:01:32.203  1694  5377 I vendor.qti.bluetooth@1.1-ibs_handler: ProcessIbsCmd: Received IBS_SLEEP_IND: 0xFE
05-29 03:01:32.203  1694  5377 D vendor.qti.bluetooth@1.1-ibs_handler: SerialClockVote: vote for UART CLK OFF
05-29 03:01:32.211 15930 15930 D BoundBrokerSvc: onUnbind: Intent { act=com.google.android.gms.semanticlocationhistory.service.START dat=chimera-action:/... xflg=0x4 cmp=com.google.android.gms/.chimera.GmsApiService }
05-29 03:01:32.215  2878  7182 I ActivityManager: Killing 3638:com.samsung.android.provider.filterprovider/1000 (adj 975): empty #33
05-29 03:01:32.247  1837  1848 E HeatmapThread: ECT Thread time in milliseconds: 1780012892
05-29 03:01:32.250  1837  1848 D HeatmapThread: !@ batteryplugType : 2
05-29 03:01:32.250  1837  1848 D HeatmapThread: !@ batteryLevel : 69  batteryTemperature : 359 
05-29 03:01:32.250  1837  1848 D HeatmapThread: !@ Heatmap currtime: 29666881
05-29 03:01:32.250  1837  1848 D HeatmapThread: !@ Heatmap prevtime: 29666861
05-29 03:01:32.250  1837  1848 D HeatmapThread: !@ Heatmap plugstarttime: 29666846
05-29 03:01:32.250  1837  1848 D HeatmapThread: !@ Heatmap prevv_dsoh_update_time: 29666802
05-29 03:01:32.250  1837  1848 E HeatmapThread: !@ CAM New BSOH: 97
05-29 03:01:32.251  1637  1637 I Zygote  : Process 3638 exited due to signal 9 (Killed)
05-29 03:01:32.251  2878  3243 I libprocessgroup: Removed cgroup /sys/fs/cgroup/system/uid_1000/pid_3638
05-29 03:01:32.255  1156  1156 D io_stats: !@   8,0 r 27338560 451886842 w 4467288 81054468 d 782810 315138464 f 119306 488662 iot 7581472 0 th 0 0 0 pt 0 inp 0 0 55895.622
05-29 03:01:32.277  4422  4422 D Bubbles : onEntryUpdated : shouldBubbleUp=false ,key=-1|com.android.systemui|2131364006|charging_state|10040
05-29 03:01:32.279  4422  4422 D InterruptionStateProvider:  no Heads up : edgelighting enabled app. -1|com.android.systemui|2131364006|charging_state|10040
05-29 03:01:32.279  4422  4422 I {OngoingActivityController}: onEntryUpdated and OA data is empty. So update latest task info
05-29 03:01:32.297  4422  4422 D SubscreenNotificationListCoordinator: onAfterRenderList() isSubScreen = false, pluginLockMode = 0, doNotShowOnCover = false
05-29 03:01:32.299  4422  4422 W RefactorFlag: New code path expects SceneContainerFlag to be enabled.
05-29 03:01:32.299  4422  4422 D ExpandableNotifRow: mMaxSmallHeight different before reInflateViews mMaxSmallHeight: 203 mTempSmallHeight:0 -1|com.android.systemui|2131364006|charging_state|10040
05-29 03:01:32.299  4422  4422 D ExpandableNotifRow: mMaxSmallHeight different before reInflateViews mMaxSmallHeight: 203 mTempSmallHeight:0 -1|com.android.systemui|2131364006|charging_state|10040
05-29 03:01:32.302  4422  4422 I LockscreenNotificationIconsOnlyController: onNotificationInfoUpdated 0
05-29 03:01:32.302  4422  4422 I AODNotificationManager: updateNotification() 
05-29 03:01:32.307  4422  5017 D LocalImageResolver: Couldn't use ImageDecoder for drawable, falling back to non-resized load.
05-29 03:01:32.308  4422  5017 D LocalImageResolver: Couldn't use ImageDecoder for drawable, falling back to non-resized load.
05-29 03:01:32.311  4422  4422 D LocalImageResolver: Couldn't use ImageDecoder for drawable, falling back to non-resized load.
05-29 03:01:32.318  4422  4422 W RefactorFlag: New code path expects SceneContainerFlag to be enabled.
05-29 03:01:32.326  4422  4422 D ExpandableNotifRow: mMaxSmallHeight different before reInflateViews mMaxSmallHeight: 203 mTempSmallHeight:0 -1|com.android.systemui|2131364006|charging_state|10040
05-29 03:01:32.326  4422  4422 D ExpandableNotifRow: mMaxSmallHeight different before reInflateViews mMaxSmallHeight: 203 mTempSmallHeight:0 -1|com.android.systemui|2131364006|charging_state|10040
05-29 03:01:32.326  4422  4422 D ExpandableNotifRow: mMaxSmallHeight different before reInflateViews mMaxSmallHeight: 203 mTempSmallHeight:0 -1|com.android.systemui|2131364006|charging_state|10040
05-29 03:01:32.326  4422  4422 D ExpandableNotifRow: mMaxSmallHeight different before reInflateViews mMaxSmallHeight: 203 mTempSmallHeight:0 -1|com.android.systemui|2131364006|charging_state|10040
05-29 03:01:32.328  4422  4422 D S.S.N.  : entryViewBound parent :-1|com.android.systemui|2131364006|charging_state|10040
05-29 03:01:32.329  4422  4422 D LocalImageResolver: Couldn't use ImageDecoder for drawable, falling back to non-resized load.
05-29 03:01:32.331  4422  4422 D SubscreenNotificationListCoordinator: onAfterRenderList() isSubScreen = false, pluginLockMode = 0, doNotShowOnCover = false
05-29 03:01:32.332  4422  4422 W RefactorFlag: New code path expects SceneContainerFlag to be enabled.
05-29 03:01:32.332  4422  4422 D ExpandableNotifRow: mMaxSmallHeight different before reInflateViews mMaxSmallHeight: 203 mTempSmallHeight:0 -1|com.android.systemui|2131364006|charging_state|10040
05-29 03:01:32.332  4422  4422 D ExpandableNotifRow: mMaxSmallHeight different before reInflateViews mMaxSmallHeight: 203 mTempSmallHeight:0 -1|com.android.systemui|2131364006|charging_state|10040
05-29 03:01:32.333  4422  4422 I LockscreenNotificationIconsOnlyController: onNotificationInfoUpdated 0
05-29 03:01:32.333  4422  4422 I AODNotificationManager: updateNotification() 
05-29 03:01:32.354  1694  5143 D vendor.qti.bluetooth@1.1-wake_lock: Release wakelock is released 
05-29 03:01:32.381  2994  3052 E AudioPathHelper: (Berry)(1.16)handleAudioPathTask() : can't get dual play mode - Need android.permission.BLUETOOTH_CONNECT permission for AttributionSource { uid = 1002, packageName = com.android.bluetooth, attributionTag = null, token = android.os.Binder@792f66, deviceId = 0, next = AttributionSource { uid = 10282, packageName = com.samsung.accessory.berrymgr, attributionTag = null, token = android.os.BinderProxy@7eaf9e5, deviceId = 0, next = null } }: A2dpServiceBinder
05-29 03:01:32.588  1845  2128 D DisplayModeController: setDesiredMode 4630947118961383299 {mode={fps=24.00 Hz, modePtr={id=5, vsyncRate=24.00 Hz, peakRefreshRate=24.00 Hz}}, emitEvent=false, force=false}
05-29 03:01:32.591  1845  1845 I LayerHistory: StatusBar$_4422#107 voted NoVote (0.00 Hz)
05-29 03:01:32.591  1845  1845 I SurfaceFlinger: Idle - choose 24.00 Hz
05-29 03:01:32.592  1845  1845 I HWComposer: [4630947118961383299] ActiveConfigToHWC, ID : 8
05-29 03:01:32.593  1773  2085 I SDM     : HWDeviceDRM::SetDisplaySwitchMode: [DispConfigs] check hs_mode 3
05-29 03:01:32.593  1773  2085 W SDM     : HWDeviceDRM::GetSupportedBitClkRate: Requested rate not supported: 951080000
05-29 03:01:32.593  1773  2085 W SDM     : HWDeviceDRM::GetSupportedBitClkRate: Requested rate not supported: 951080000
05-29 03:01:32.593  1773  2085 I SDM     : HWDeviceDRM::SetDisplaySwitchMode: [DispConfigs] Set mode index:9 1080x2340x24xcmdPHS, hs_mode(3), found_mode(1)
05-29 03:01:32.594  1773  2085 I SDM     : HWDeviceDRM::UpdateMixerAttributes: Mixer WxH 1080x2340-1 for Peripheral
05-29 03:01:32.594  1773  2085 I SDM     : HWCDisplay::SubmitDisplayConfig: Active configuration changed from config 0 to 8
05-29 03:01:32.598  1845  1845 I SurfaceFlinger: finalizeDisplayModeChange 4630947118961383299
05-29 03:01:32.598  1845  2090 I VSyncReactor: Current= 120, Period= 24, hwcPeriod= 24
05-29 03:01:32.687 12971 12971 D BoundBrokerSvc: onUnbind: Intent { act=com.google.android.gms.auth.aang.events.services.START dat=chimera-action:/... xflg=0x4 cmp=com.google.android.gms/.chimera.PersistentApiService }
05-29 03:01:32.772  7073  8462 I SDHMS:x : SIOP:: AP:372 BAT:359 USB:341 CHG:386 PA:379 CP:-200 WIFI:369 CF:363 BLK:0 SUBBAT:0 SKIN:360 SKINF:360 SKINB:352 LRP:360 LRP2:360 LRF2:360 LRB2:352 AP2:360 CHG2:360 WIFI2:360 UANT2:357 RCV2:357 SPK2:349 FCAM:341 UPSPK:363 DNSPK:341 VAP02:379 VWIFI:371 AMB:347 AMB2:299 AVGCUR:982 AVGSYS:300 POWER:3993
05-29 03:01:32.777  7073  7416 I M0      : limitCPUFreq:: freq = 2342400
05-29 03:01:32.777  7073  7416 I SemDvfsHyPerManager: acquire hyper - SIOP_ARM_MAX/7073@3, type = 301993986
05-29 03:01:32.778  1729  1843 I HYPER-HAL: [RequestManager.cpp]acquire(): Acquired ID : 25038429  [7073 / 3]    HINT :      list : [CPUMaxFreq / 2342400] 
05-29 03:01:33.247  1837  1848 E HeatmapThread: ECT Thread time in milliseconds: 1780012893
05-29 03:01:33.251  1837  1848 D HeatmapThread: !@ batteryplugType : 2
05-29 03:01:33.251  1837  1848 D HeatmapThread: !@ batteryLevel : 69  batteryTemperature : 359 
05-29 03:01:33.251  1837  1848 D HeatmapThread: !@ Heatmap currtime: 29666881
05-29 03:01:33.251  1837  1848 D HeatmapThread: !@ Heatmap prevtime: 29666861
05-29 03:01:33.252  1837  1848 D HeatmapThread: !@ Heatmap plugstarttime: 29666846
05-29 03:01:33.252  1837  1848 D HeatmapThread: !@ Heatmap prevv_dsoh_update_time: 29666802
05-29 03:01:33.252  1837  1848 E HeatmapThread: !@ CAM New BSOH: 97
05-29 03:01:33.386  2994  3052 E AudioPathHelper: (Berry)(1.16)handleAudioPathTask() : can't get dual play mode - Need android.permission.BLUETOOTH_CONNECT permission for AttributionSource { uid = 1002, packageName = com.android.bluetooth, attributionTag = null, token = android.os.Binder@792f66, deviceId = 0, next = AttributionSource { uid = 10282, packageName = com.samsung.accessory.berrymgr, attributionTag = null, token = android.os.BinderProxy@7eaf9e5, deviceId = 0, next = null } }: A2dpServiceBinder
05-29 03:01:33.793  1694  5377 I vendor.qti.bluetooth@1.1-ibs_handler: ProcessIbsCmd: Received IBS_WAKE_IND: 0xFD
05-29 03:01:33.794  1694  5377 D vendor.qti.bluetooth@1.1-ibs_handler: SerialClockVote: vote for UART CLK ON
05-29 03:01:33.794  1694  5377 D vendor.qti.bluetooth@1.1-wake_lock: Acquire wakelock is acquired 
05-29 03:01:33.794  1694  5377 I vendor.qti.bluetooth@1.1-ibs_handler: ProcessIbsCmd: Writing IBS_WAKE_ACK
05-29 03:01:33.803  4729  5389 I ScanController: onScanResult() - scanClient(5) can't get scanResult, permission : false
05-29 03:01:33.804  4729  5389 I ScanController: onScanResult() - scanClient(13) can't get scanResult, permission : false
05-29 03:01:33.804  4729  5389 I ScanController: onScanResult() - scanClient(5) can't get scanResult, permission : false
05-29 03:01:33.805  4729  5389 I ScanController: onScanResult() - scanClient(13) can't get scanResult, permission : false
05-29 03:01:33.810  4729  5389 I ScanController: onScanResult() - scanClient(5) can't get scanResult, permission : false
05-29 03:01:33.810  4729  5389 I ScanController: onScanResult() - scanClient(13) can't get scanResult, permission : false
05-29 03:01:33.811  4729  5389 I ScanController: onScanResult() - scanClient(5) can't get scanResult, permission : false
05-29 03:01:33.811  4729  5389 I ScanController: onScanResult() - scanClient(13) can't get scanResult, permission : false
05-29 03:01:33.818  4729  5389 I ScanController: onScanResult() - scanClient(5) can't get scanResult, permission : false
05-29 03:01:33.818  4729  5389 I ScanController: onScanResult() - scanClient(13) can't get scanResult, permission : false
05-29 03:01:33.846  4729  5389 I ScanController: onScanResult() - scanClient(5) can't get scanResult, permission : false
05-29 03:01:33.846  4729  5389 I ScanController: onScanResult() - scanClient(13) can't get scanResult, permission : false
05-29 03:01:33.851  4729  5389 I ScanController: onScanResult() - scanClient(5) can't get scanResult, permission : false
05-29 03:01:33.852  4729  5389 I ScanController: onScanResult() - scanClient(13) can't get scanResult, permission : false
05-29 03:01:33.854  4729  5389 I ScanController: onScanResult() - scanClient(5) can't get scanResult, permission : false
05-29 03:01:33.854  4729  5389 I ScanController: onScanResult() - scanClient(13) can't get scanResult, permission : false
05-29 03:01:33.864  4729  5389 I ScanController: onScanResult() - scanClient(5) can't get scanResult, permission : false
05-29 03:01:33.864  4729  5389 I ScanController: onScanResult() - scanClient(13) can't get scanResult, permission : false
05-29 03:01:33.895  4729  5389 I ScanController: onScanResult() - scanClient(5) can't get scanResult, permission : false
05-29 03:01:33.895  4729  5389 I ScanController: onScanResult() - scanClient(13) can't get scanResult, permission : false
05-29 03:01:33.904  4729  5389 I ScanController: onScanResult() - scanClient(5) can't get scanResult, permission : false
05-29 03:01:33.904  4729  5389 I ScanController: onScanResult() - scanClient(13) can't get scanResult, permission : false
05-29 03:01:33.905  4729  5389 I ScanController: onScanResult() - scanClient(5) can't get scanResult, permission : false
05-29 03:01:33.905  4729  5389 I ScanController: onScanResult() - scanClient(13) can't get scanResult, permission : false
05-29 03:01:33.910  4729  5389 I ScanController: onScanResult() - scanClient(5) can't get scanResult, permission : false
05-29 03:01:33.911  4729  5389 I ScanController: onScanResult() - scanClient(13) can't get scanResult, permission : false
05-29 03:01:33.914  4729  5389 I ScanController: onScanResult() - scanClient(5) can't get scanResult, permission : false
05-29 03:01:33.915  4729  5389 I ScanController: onScanResult() - scanClient(13) can't get scanResult, permission : false
05-29 03:01:33.947  4729  5389 I ScanController: onScanResult() - scanClient(5) can't get scanResult, permission : false
05-29 03:01:33.948  4729  5389 I ScanController: onScanResult() - scanClient(13) can't get scanResult, permission : false
05-29 03:01:33.953  4729  5389 I ScanController: onScanResult() - scanClient(5) can't get scanResult, permission : false
05-29 03:01:33.953  4729  5389 I ScanController: onScanResult() - scanClient(13) can't get scanResult, permission : false
05-29 03:01:33.957  4729  5389 I ScanController: onScanResult() - scanClient(5) can't get scanResult, permission : false
05-29 03:01:33.957  4729  5389 I ScanController: onScanResult() - scanClient(13) can't get scanResult, permission : false
05-29 03:01:33.976  4729  5389 I ScanController: onScanResult() - scanClient(5) can't get scanResult, permission : false
05-29 03:01:33.976  4729  5389 I ScanController: onScanResult() - scanClient(13) can't get scanResult, permission : false
05-29 03:01:33.978  4729  5389 I ScanController: onScanResult() - scanClient(5) can't get scanResult, permission : false
05-29 03:01:33.978  4729  5389 I ScanController: onScanResult() - scanClient(13) can't get scanResult, permission : false
05-29 03:01:34.016  1694  5377 I vendor.qti.bluetooth@1.1-ibs_handler: ProcessIbsCmd: Received IBS_SLEEP_IND: 0xFE
05-29 03:01:34.016  1694  5377 D vendor.qti.bluetooth@1.1-ibs_handler: SerialClockVote: vote for UART CLK OFF
05-29 03:01:34.166  1694  5143 D vendor.qti.bluetooth@1.1-wake_lock: Release wakelock is released 
05-29 03:01:34.247  1837  1848 E HeatmapThread: ECT Thread time in milliseconds: 1780012894
05-29 03:01:34.251  1837  1848 D HeatmapThread: !@ batteryplugType : 2
05-29 03:01:34.251  1837  1848 D HeatmapThread: !@ batteryLevel : 69  batteryTemperature : 359 
05-29 03:01:34.251  1837  1848 D HeatmapThread: !@ Heatmap currtime: 29666881
05-29 03:01:34.251  1837  1848 D HeatmapThread: !@ Heatmap prevtime: 29666861
05-29 03:01:34.251  1837  1848 D HeatmapThread: !@ Heatmap plugstarttime: 29666846
05-29 03:01:34.251  1837  1848 D HeatmapThread: !@ Heatmap prevv_dsoh_update_time: 29666802
05-29 03:01:34.251  1837  1848 E HeatmapThread: !@ CAM New BSOH: 97
05-29 03:01:34.256  1156  1156 D io_stats: !@   8,0 r 27338561 451886846 w 4467344 81054744 d 782810 315138464 f 119307 488668 iot 7581484 0 th 0 0 0 pt 0 inp 0 0 55897.623
05-29 03:01:34.256  1156  1156 D io_stats: !@ Read_top(KB): m.huawei.health(6428) 7148 h:DaemonService(8908) 136 th:PhoneService(11414) 44
05-29 03:01:34.256  1156  1156 D io_stats: !@ Write_top(KB): f2fs_ckpt-254:6(1389) 56 init(1) 28 m.android.phone(4005) 8
05-29 03:01:34.389  2994  3052 E AudioPathHelper: (Berry)(1.16)handleAudioPathTask() : can't get dual play mode - Need android.permission.BLUETOOTH_CONNECT permission for AttributionSource { uid = 1002, packageName = com.android.bluetooth, attributionTag = null, token = android.os.Binder@792f66, deviceId = 0, next = AttributionSource { uid = 10282, packageName = com.samsung.accessory.berrymgr, attributionTag = null, token = android.os.BinderProxy@7eaf9e5, deviceId = 0, next = null } }: A2dpServiceBinder
05-29 03:01:34.750  8908  9273 D LogUtil_LogConfig: getLogFile(): logFilePath = /data/user/0/com.huawei.health/files/com.huawei.health/com.huawei.health_DaemonService/
05-29 03:01:34.771 11414 11468 D LogUtil_LogConfig: getLogFile(): logFilePath = /data/user/0/com.huawei.health/files/com.huawei.health/com.huawei.health_PhoneService/
05-29 03:01:34.772 11414 11468 D LogUtil_LogConfig: acquireMaxLogFileLengthContainsOffset describe: com.huawei.health:PhoneService result:10485760
05-29 03:01:35.247  1837  1848 E HeatmapThread: ECT Thread time in milliseconds: 1780012895
05-29 03:01:35.251  1837  1848 D HeatmapThread: !@ batteryplugType : 2
05-29 03:01:35.251  1837  1848 D HeatmapThread: !@ batteryLevel : 69  batteryTemperature : 359 
05-29 03:01:35.251  1837  1848 D HeatmapThread: !@ Heatmap currtime: 29666881
05-29 03:01:35.251  1837  1848 D HeatmapThread: !@ Heatmap prevtime: 29666861
05-29 03:01:35.251  1837  1848 D HeatmapThread: !@ Heatmap plugstarttime: 29666846
05-29 03:01:35.251  1837  1848 D HeatmapThread: !@ Heatmap prevv_dsoh_update_time: 29666802
05-29 03:01:35.252  1837  1848 E HeatmapThread: !@ CAM New BSOH: 97
05-29 03:01:35.395  2994  3052 E AudioPathHelper: (Berry)(1.16)handleAudioPathTask() : can't get dual play mode - Need android.permission.BLUETOOTH_CONNECT permission for AttributionSource { uid = 1002, packageName = com.android.bluetooth, attributionTag = null, token = android.os.Binder@792f66, deviceId = 0, next = AttributionSource { uid = 10282, packageName = com.samsung.accessory.berrymgr, attributionTag = null, token = android.os.BinderProxy@7eaf9e5, deviceId = 0, next = null } }: A2dpServiceBinder
05-29 03:01:35.612  1694  5377 I vendor.qti.bluetooth@1.1-ibs_handler: ProcessIbsCmd: Received IBS_WAKE_IND: 0xFD
05-29 03:01:35.612  1694  5377 D vendor.qti.bluetooth@1.1-ibs_handler: SerialClockVote: vote for UART CLK ON
05-29 03:01:35.613  1694  5377 D vendor.qti.bluetooth@1.1-wake_lock: Acquire wakelock is acquired 
05-29 03:01:35.613  1694  5377 I vendor.qti.bluetooth@1.1-ibs_handler: ProcessIbsCmd: Writing IBS_WAKE_ACK
05-29 03:01:35.623  4729  5389 I ScanController: onScanResult() - scanClient(5) can't get scanResult, permission : false
05-29 03:01:35.624  4729  5389 I ScanController: onScanResult() - scanClient(13) can't get scanResult, permission : false
05-29 03:01:35.625  4729  5389 I ScanController: onScanResult() - scanClient(5) can't get scanResult, permission : false
05-29 03:01:35.625  4729  5389 I ScanController: onScanResult() - scanClient(13) can't get scanResult, permission : false
05-29 03:01:35.632  4729  5389 I ScanController: onScanResult() - scanClient(5) can't get scanResult, permission : false
05-29 03:01:35.632  4729  5389 I ScanController: onScanResult() - scanClient(13) can't get scanResult, permission : false
05-29 03:01:35.633  4729  5389 I ScanController: onScanResult() - scanClient(5) can't get scanResult, permission : false
05-29 03:01:35.634  4729  5389 I ScanController: onScanResult() - scanClient(13) can't get scanResult, permission : false
05-29 03:01:35.637  4729  5389 I ScanController: onScanResult() - scanClient(5) can't get scanResult, permission : false
05-29 03:01:35.638  4729  5389 I ScanController: onScanResult() - scanClient(13) can't get scanResult, permission : false
05-29 03:01:35.646  4729  5389 I ScanController: onScanResult() - scanClient(5) can't get scanResult, permission : false
05-29 03:01:35.646  4729  5389 I ScanController: onScanResult() - scanClient(13) can't get scanResult, permission : false
05-29 03:01:35.671  4729  5389 I ScanController: onScanResult() - scanClient(5) can't get scanResult, permission : false
05-29 03:01:35.671  4729  5389 I ScanController: onScanResult() - scanClient(13) can't get scanResult, permission : false
05-29 03:01:35.684  4729  5389 I ScanController: onScanResult() - scanClient(5) can't get scanResult, permission : false
05-29 03:01:35.684  4729  5389 I ScanController: onScanResult() - scanClient(13) can't get scanResult, permission : false
05-29 03:01:35.703  4729  5389 I ScanController: onScanResult() - scanClient(5) can't get scanResult, permission : false
05-29 03:01:35.704  4729  5389 I ScanController: onScanResult() - scanClient(13) can't get scanResult, permission : false
05-29 03:01:35.718  4729  5389 I ScanController: onScanResult() - scanClient(5) can't get scanResult, permission : false
05-29 03:01:35.718  4729  5389 I ScanController: onScanResult() - scanClient(13) can't get scanResult, permission : false
05-29 03:01:35.718  4729  5389 I ScanController: onScanResult() - scanClient(5) can't get scanResult, permission : false
05-29 03:01:35.719  4729  5389 I ScanController: onScanResult() - scanClient(13) can't get scanResult, permission : false
05-29 03:01:35.726  4729  5389 I ScanController: onScanResult() - scanClient(5) can't get scanResult, permission : false
05-29 03:01:35.726  4729  5389 I ScanController: onScanResult() - scanClient(13) can't get scanResult, permission : false
05-29 03:01:35.752  4729  5389 I ScanController: onScanResult() - scanClient(5) can't get scanResult, permission : false
05-29 03:01:35.753  4729  5389 I ScanController: onScanResult() - scanClient(13) can't get scanResult, permission : false
05-29 03:01:35.753  4729  5389 I ScanController: onScanResult() - scanClient(5) can't get scanResult, permission : false
05-29 03:01:35.754  4729  5389 I ScanController: onScanResult() - scanClient(13) can't get scanResult, permission : false
05-29 03:01:35.757  4729  5389 I ScanController: onScanResult() - scanClient(5) can't get scanResult, permission : false
05-29 03:01:35.758  4729  5389 I ScanController: onScanResult() - scanClient(13) can't get scanResult, permission : false
05-29 03:01:35.761  4729  5389 I ScanController: onScanResult() - scanClient(5) can't get scanResult, permission : false
05-29 03:01:35.761  4729  5389 I ScanController: onScanResult() - scanClient(13) can't get scanResult, permission : false
05-29 03:01:35.767  4729  5389 I ScanController: onScanResult() - scanClient(5) can't get scanResult, permission : false
05-29 03:01:35.767  4729  5389 I ScanController: onScanResult() - scanClient(13) can't get scanResult, permission : false
05-29 03:01:35.793  4729  5389 I ScanController: onScanResult() - scanClient(5) can't get scanResult, permission : false
05-29 03:01:35.793  4729  5389 I ScanController: onScanResult() - scanClient(13) can't get scanResult, permission : false
05-29 03:01:35.795  4729  5389 I ScanController: onScanResult() - scanClient(5) can't get scanResult, permission : false
05-29 03:01:35.795  4729  5389 I ScanController: onScanResult() - scanClient(13) can't get scanResult, permission : false
05-29 03:01:35.812  2878  5567 I NSLocationMonitor: getGPSUsingApps() called
05-29 03:01:35.813  5566 32559 I NSLocationManager_FLP: getGPSUsingApps, No change
05-29 03:01:35.816  2878  5567 W Binder  : Outgoing transactions from this process must be FLAG_ONEWAY
05-29 03:01:35.816  2878  5567 W Binder  : java.lang.Throwable
05-29 03:01:35.816  2878  5567 W Binder  : 	at android.os.BinderProxy.transact(BinderProxy.java:566)
05-29 03:01:35.816  2878  5567 W Binder  : 	at android.bluetooth.IBluetoothGatt$Stub$Proxy.getAdvertisingSetUids(IBluetoothGatt.java:1678)
05-29 03:01:35.816  2878  5567 W Binder  : 	at android.bluetooth.BluetoothAdapter.getAdvertisingSetUids(BluetoothAdapter.java:8476)
05-29 03:01:35.816  2878  5567 W Binder  : 	at android.bluetooth.BluetoothAdapter.getHWUsingApps(BluetoothAdapter.java:1342)
05-29 03:01:35.816  2878  5567 W Binder  : 	at com.android.server.am.mars.filter.filter.BlueToothConnectedFilter.updateBTUsingPackages(qb/108015150 e02b84db2c69961e84a69739fc1247fb13d51b4257869d7a67a8ab28d83577c2:22)
05-29 03:01:35.816  2878  5567 W Binder  : 	at com.android.server.am.FreecessController.freeze(qb/108015150 e02b84db2c69961e84a69739fc1247fb13d51b4257869d7a67a8ab28d83577c2:117)
05-29 03:01:35.816  2878  5567 W Binder  : 	at com.android.server.am.FreecessHandler$MainHandler.handleLcdOnFreeze(qb/108015150 e02b84db2c69961e84a69739fc1247fb13d51b4257869d7a67a8ab28d83577c2:55)
05-29 03:01:35.816  2878  5567 W Binder  : 	at com.android.server.am.FreecessHandler$MainHandler.handleMessage(qb/108015150 e02b84db2c69961e84a69739fc1247fb13d51b4257869d7a67a8ab28d83577c2:793)
05-29 03:01:35.816  2878  5567 W Binder  : 	at android.os.Handler.dispatchMessage(Handler.java:110)
05-29 03:01:35.816  2878  5567 W Binder  : 	at android.os.Looper.loopOnce(Looper.java:273)
05-29 03:01:35.816  2878  5567 W Binder  : 	at android.os.Looper.loop(Looper.java:363)
05-29 03:01:35.816  2878  5567 W Binder  : 	at android.os.HandlerThread.run(HandlerThread.java:85)
05-29 03:01:35.829  2878  5567 D FreecessHandler: freeze com.duckduckgo.mobile.android(10067) result : 2
05-29 03:01:35.832  1694  5377 I vendor.qti.bluetooth@1.1-ibs_handler: ProcessIbsCmd: Received IBS_SLEEP_IND: 0xFE
05-29 03:01:35.833  1694  5377 D vendor.qti.bluetooth@1.1-ibs_handler: SerialClockVote: vote for UART CLK OFF
05-29 03:01:35.860  4005  4156 D SatelliteController: isInCarrierRoamingNbIotNtn: satellite is disabled
05-29 03:01:35.983  1694  5143 D vendor.qti.bluetooth@1.1-wake_lock: Release wakelock is released 
05-29 03:01:36.247  1837  1848 E HeatmapThread: ECT Thread time in milliseconds: 1780012896
05-29 03:01:36.252  1837  1848 D HeatmapThread: !@ batteryplugType : 2
05-29 03:01:36.252  1837  1848 D HeatmapThread: !@ batteryLevel : 69  batteryTemperature : 359 
05-29 03:01:36.252  1837  1848 D HeatmapThread: !@ Heatmap currtime: 29666881
05-29 03:01:36.252  1837  1848 D HeatmapThread: !@ Heatmap prevtime: 29666861
05-29 03:01:36.252  1837  1848 D HeatmapThread: !@ Heatmap plugstarttime: 29666846
05-29 03:01:36.252  1837  1848 D HeatmapThread: !@ Heatmap prevv_dsoh_update_time: 29666802
05-29 03:01:36.252  1837  1848 E HeatmapThread: !@ CAM New BSOH: 97
05-29 03:01:36.257  1156  1156 D io_stats: !@   8,0 r 27338814 451887982 w 4467349 81054912 d 782810 315138464 f 119307 488668 iot 7581648 0 th 0 0 0 pt 0 inp 0 1 55899.624
05-29 03:01:36.398  2994  3052 E AudioPathHelper: (Berry)(1.16)handleAudioPathTask() : can't get dual play mode - Need android.permission.BLUETOOTH_CONNECT permission for AttributionSource { uid = 1002, packageName = com.android.bluetooth, attributionTag = null, token = android.os.Binder@792f66, deviceId = 0, next = AttributionSource { uid = 10282, packageName = com.samsung.accessory.berrymgr, attributionTag = null, token = android.os.BinderProxy@7eaf9e5, deviceId = 0, next = null } }: A2dpServiceBinder
05-29 03:01:36.910  2157  2171 I shsusrd : shsusr_check_cpu_usage(): Output of /proc/2157/stat/ : 2157 (shsusrd0) S 1 2157 0 0 -1 1077936384 1259512 0 4301 0 4395 18543 0 0 20 0 11 0 811 2502557696 650 18446744073709551615 382806614016 382806872472 549425071456 0 0 0 0 0 1073794810 0 0 0 17 3 0 0 0 0 0 382806895552 382806896488 382814031872 549425072205 549425072248 549425072248 549425078237 0
05-29 03:01:36.910  2157  2171 I shsusrd : 
05-29 03:01:36.910  2157  2171 I shsusrd : shsusr_check_cpu_usage(): utime 4395 stime 18543 cpu_time_last 22938
05-29 03:01:36.910  2157  2171 I shsusrd : shsusr_check_cpu_usage(): user time = 4395 | system time = 18543 | total = 22938 | cpu_time_delta = 0, clk_tck 100
05-29 03:01:36.910  2157  2171 I shsusrd : shsusr_check_cpu_usage(): time_cur 1780012896 time_last 1780012886
05-29 03:01:36.910  2157  2171 I shsusrd : shsusr_check_cpu_usage(): shsusrd is using 0 pct of CPU - time_delta 10
05-29 03:01:36.910  2157  2171 I shsusrd : shsusr_check_cpu_usage(): shsusrd usage 0
05-29 03:01:36.910  2157  2171 I shsusrd : shsusr_check_cpu_usage_combined(): time_delta for combined : 10 time_cur 1780012896 time_last_combined 1780012886
05-29 03:01:36.910  2157  2171 I shsusrd : shsusr_check_cpu_usage_combined(): Output of /proc/2157/task/2157/stat: 2157 (shsusrd0) S 1 2157 0 0 -1 1077936384 1189 0 10 0 2 0 0 0 20 0 11 0 811 2502557696 650 18446744073709551615 382806614016 382806872472 549425071456 0 0 0 0 0 1073794810 1 0 0 17 3 0 0 0 0 0 382806895552 382806896488 382814031872 549425072205 549425072248 549425072248 549425078237 0
05-29 03:01:36.910  2157  2171 I shsusrd : 
05-29 03:01:36.910  2157  2171 I shsusrd : shsusr_check_cpu_usage_combined(): tid 2157 utime 2 stime 0 time_delta 10 clk_tck 100, usage 0
05-29 03:01:36.910  2157  2171 I shsusrd : shsusr_check_cpu_usage_combined(): Output of /proc/2157/task/2168/stat: 2168 (shsusrd12) S 1 2157 0 0 -1 4194368 1190890 0 1531 0 3552 14029 0 0 20 0 11 0 814 2502557696 650 18446744073709551615 382806614016 382806872472 549425071456 0 0 0 0 0 1073794810 1 0 0 -1 1 0 0 0 0 0 382806895552 382806896488 382814031872 549425072205 549425072248 549425072248 549425078237 0
05-29 03:01:36.910  2157  2171 I shsusrd : 
