05-29 03:01:50.411  1694  5377 D vendor.qti.bluetooth@1.1-ibs_handler: SerialClockVote: vote for UART CLK OFF
05-29 03:01:50.476  2994  3052 E AudioPathHelper: (Berry)(1.16)handleAudioPathTask() : can't get dual play mode - Need android.permission.BLUETOOTH_CONNECT permission for AttributionSource { uid = 1002, packageName = com.android.bluetooth, attributionTag = null, token = android.os.Binder@792f66, deviceId = 0, next = AttributionSource { uid = 10282, packageName = com.samsung.accessory.berrymgr, attributionTag = null, token = android.os.BinderProxy@7eaf9e5, deviceId = 0, next = null } }: A2dpServiceBinder
05-29 03:01:50.563  1694  5143 D vendor.qti.bluetooth@1.1-wake_lock: Release wakelock is released 
05-29 03:01:50.750  1694  5377 I vendor.qti.bluetooth@1.1-ibs_handler: ProcessIbsCmd: Received IBS_WAKE_IND: 0xFD
05-29 03:01:50.750  1694  5377 D vendor.qti.bluetooth@1.1-ibs_handler: SerialClockVote: vote for UART CLK ON
05-29 03:01:50.751  1694  5377 D vendor.qti.bluetooth@1.1-wake_lock: Acquire wakelock is acquired 
05-29 03:01:50.751  1694  5377 I vendor.qti.bluetooth@1.1-ibs_handler: ProcessIbsCmd: Writing IBS_WAKE_ACK
05-29 03:01:50.758  4729  5389 I ScanController: onScanResult() - scanClient(5) can't get scanResult, permission : false
05-29 03:01:50.759  4729  5389 I ScanController: onScanResult() - scanClient(13) can't get scanResult, permission : false
05-29 03:01:50.760  4729  5389 I ScanController: onScanResult() - scanClient(5) can't get scanResult, permission : false
05-29 03:01:50.760  4729  5389 I ScanController: onScanResult() - scanClient(13) can't get scanResult, permission : false
05-29 03:01:50.773  4729  5389 I ScanController: onScanResult() - scanClient(5) can't get scanResult, permission : false
05-29 03:01:50.773  4729  5389 I ScanController: onScanResult() - scanClient(13) can't get scanResult, permission : false
05-29 03:01:50.777  4729  5389 I ScanController: onScanResult() - scanClient(5) can't get scanResult, permission : false
05-29 03:01:50.777  4729  5389 I ScanController: onScanResult() - scanClient(13) can't get scanResult, permission : false
05-29 03:01:50.782  4729  5389 I ScanController: onScanResult() - scanClient(5) can't get scanResult, permission : false
05-29 03:01:50.783  4729  5389 I ScanController: onScanResult() - scanClient(13) can't get scanResult, permission : false
05-29 03:01:50.784  4729  5389 I ScanController: onScanResult() - scanClient(5) can't get scanResult, permission : false
05-29 03:01:50.784  4729  5389 I ScanController: onScanResult() - scanClient(13) can't get scanResult, permission : false
05-29 03:01:50.795  4729  5389 I ScanController: onScanResult() - scanClient(5) can't get scanResult, permission : false
05-29 03:01:50.796  4729  5389 I ScanController: onScanResult() - scanClient(13) can't get scanResult, permission : false
05-29 03:01:50.805  4729  5389 I ScanController: onScanResult() - scanClient(5) can't get scanResult, permission : false
05-29 03:01:50.805  4729  5389 I ScanController: onScanResult() - scanClient(13) can't get scanResult, permission : false
05-29 03:01:50.840  4729  5389 I ScanController: onScanResult() - scanClient(5) can't get scanResult, permission : false
05-29 03:01:50.840  4729  5389 I ScanController: onScanResult() - scanClient(13) can't get scanResult, permission : false
05-29 03:01:50.841  4729  5389 I ScanController: onScanResult() - scanClient(5) can't get scanResult, permission : false
05-29 03:01:50.841  4729  5389 I ScanController: onScanResult() - scanClient(13) can't get scanResult, permission : false
05-29 03:01:50.847  4729  5389 I ScanController: onScanResult() - scanClient(5) can't get scanResult, permission : false
05-29 03:01:50.848  4729  5389 I ScanController: onScanResult() - scanClient(13) can't get scanResult, permission : false
05-29 03:01:50.851  4729  5389 I ScanController: onScanResult() - scanClient(5) can't get scanResult, permission : false
05-29 03:01:50.852  4729  5389 I ScanController: onScanResult() - scanClient(13) can't get scanResult, permission : false
05-29 03:01:50.855  4729  5389 I ScanController: onScanResult() - scanClient(5) can't get scanResult, permission : false
05-29 03:01:50.855  4729  5389 I ScanController: onScanResult() - scanClient(13) can't get scanResult, permission : false
05-29 03:01:50.866  4729  5389 I ScanController: onScanResult to scannerId: 4- eventType=0x1a, addressType=1, address=XX:XX:XX:XX:83:BA, primaryPhy=1, secondaryPhy=0, advertisingSid=0xff, txPower=127, rssi=-94, periodicAdvInt=0x0
05-29 03:01:50.867  4729  5389 I ScanController: onScanResult() - scanClient(5) can't get scanResult, permission : false
05-29 03:01:50.867  4729  5389 I ScanController: onScanResult() - scanClient(13) can't get scanResult, permission : false
05-29 03:01:50.872 12971  6546 I NearbyConnections: Found BleAdvertisement [ 0x23 0x4c 0x48 0x35 0x43 0x11 0x32 0xcb 0xd6 0x54 0xfd 0x47 0x77 0xc5 0x5f 0x27 0x54 0x6a 0xfa 0x8b 0x7a 0x91 0xae ] (with EndpointId LH5C and EndpointInfo [ 0x32 0xcb 0xd6 0x54 0xfd 0x47 0x77 0xc5 0x5f 0x27 0x54 0x6a 0xfa 0x8b 0x7a 0x91 0xae ])
05-29 03:01:50.874 12971  6546 I NearbyConnections: ClientProxy(70150124 0p:com.google.android.gms.nearby.sharing) reporting onEndpointFound(LH5C)
05-29 03:01:50.874  4729  5389 I ScanController: onScanResult() - scanClient(5) can't get scanResult, permission : false
05-29 03:01:50.875  4729  5389 I ScanController: onScanResult() - scanClient(13) can't get scanResult, permission : false
05-29 03:01:50.875 12971  6546 I NearbyConnections: ClientProxy(70150124) reporting onEndpointDistanceChanged(LH5C, UNKNOWN)
05-29 03:01:50.877 12971  5078 I NearbySharing: NearbySharing Internal event EndpointDiscovered(endpointId=LH5C)
05-29 03:01:50.882  4729  5389 I ScanController: onScanResult() - scanClient(5) can't get scanResult, permission : false
05-29 03:01:50.882  4729  5389 I ScanController: onScanResult() - scanClient(13) can't get scanResult, permission : false
05-29 03:01:50.894  4729  5389 I ScanController: onScanResult() - scanClient(5) can't get scanResult, permission : false
05-29 03:01:50.894  4729  5389 I ScanController: onScanResult() - scanClient(13) can't get scanResult, permission : false
05-29 03:01:50.897  4729  5389 I ScanController: onScanResult() - scanClient(5) can't get scanResult, permission : false
05-29 03:01:50.897  4729  5389 I ScanController: onScanResult() - scanClient(13) can't get scanResult, permission : false
05-29 03:01:50.909  4729  5389 I ScanController: onScanResult() - scanClient(5) can't get scanResult, permission : false
05-29 03:01:50.909  4729  5389 I ScanController: onScanResult() - scanClient(13) can't get scanResult, permission : false
05-29 03:01:50.912  4729  5389 I ScanController: onScanResult() - scanClient(5) can't get scanResult, permission : false
05-29 03:01:50.912  4729  5389 I ScanController: onScanResult() - scanClient(13) can't get scanResult, permission : false
05-29 03:01:50.944  4729  5389 I ScanController: onScanResult() - scanClient(5) can't get scanResult, permission : false
05-29 03:01:50.945  4729  5389 I ScanController: onScanResult() - scanClient(13) can't get scanResult, permission : false
05-29 03:01:50.981  1694  5377 I vendor.qti.bluetooth@1.1-ibs_handler: ProcessIbsCmd: Received IBS_SLEEP_IND: 0xFE
05-29 03:01:50.981  1694  5377 D vendor.qti.bluetooth@1.1-ibs_handler: SerialClockVote: vote for UART CLK OFF
05-29 03:01:50.985  7073  7073 I SDHMS:LOAD: type: LoadsFreqs, value: 0:0:0:864000:864000:864000:616703:729600:614400:220:220:220
05-29 03:01:51.134  1694  5143 D vendor.qti.bluetooth@1.1-wake_lock: Release wakelock is released 
05-29 03:01:51.201  4005  4156 D SatelliteController: isInCarrierRoamingNbIotNtn: satellite is disabled
05-29 03:01:51.248  1837  1848 E HeatmapThread: ECT Thread time in milliseconds: 1780012911
05-29 03:01:51.252  1837  1848 D HeatmapThread: !@ batteryplugType : 2
05-29 03:01:51.252  1837  1848 D HeatmapThread: !@ batteryLevel : 70  batteryTemperature : 358 
05-29 03:01:51.252  1837  1848 D HeatmapThread: !@ Heatmap currtime: 29666881
05-29 03:01:51.252  1837  1848 D HeatmapThread: !@ Heatmap prevtime: 29666861
05-29 03:01:51.252  1837  1848 D HeatmapThread: !@ Heatmap plugstarttime: 29666846
05-29 03:01:51.252  1837  1848 D HeatmapThread: !@ Heatmap prevv_dsoh_update_time: 29666802
05-29 03:01:51.253  1837  1848 E HeatmapThread: !@ CAM New BSOH: 97
05-29 03:01:51.483  2994  3052 E AudioPathHelper: (Berry)(1.16)handleAudioPathTask() : can't get dual play mode - Need android.permission.BLUETOOTH_CONNECT permission for AttributionSource { uid = 1002, packageName = com.android.bluetooth, attributionTag = null, token = android.os.Binder@792f66, deviceId = 0, next = AttributionSource { uid = 10282, packageName = com.samsung.accessory.berrymgr, attributionTag = null, token = android.os.BinderProxy@7eaf9e5, deviceId = 0, next = null } }: A2dpServiceBinder
05-29 03:01:52.046  2878  3721 D ActivityManager: freezing 26796 com.android.settings
05-29 03:01:52.173  1783  1836 E BatteryDump: !@new_battery_dump : 4109,1157,1200,3150,70,357,341,377,357,0,360,381,0,Charging,NO_CHARGING,Normal,Good,USB,1,Normal,0,0,9064,0x8000,0x20000,0x0,0,0,0000,0000,00000000,0,0,0,0,1193,4028,6940,990,0,
05-29 03:01:52.174  2878  7110 D [SS]BattFunctions: [sendRemainingChargingTimeChangedIntent]remainingChargingTime:2774 ,mLastRemainingChargingTime:2788
05-29 03:01:52.175  1783  1783 I sehhealth-service: updateLrpSysfs: write: 359
05-29 03:01:52.178  4422  4422 I AODBatteryManager: updateBatteryData: ACTION_BATTERY_CHANGED: false, isSleepModeChanged:false ,isRemainingTimeChanged: true, isUSBRestriction: false
05-29 03:01:52.178  4422  4422 I ChargingInfoManager: updateChargingInfo: newState = AOD ChargingInfo [mState=BATTERY_AND_REMAIN_TIME, mIsCharging=true, mIsPlugged=true, mIsFullyCharged=false, mIsBatteryProtectMode=false, mBetteryLevel=70, mBetteryProtectModeType1, mIsSlowChargingfalse], oldState = AOD ChargingInfo [mState=BATTERY_AND_REMAIN_TIME, mIsCharging=true, mIsPlugged=true, mIsFullyCharged=false, mIsBatteryProtectMode=false, mBetteryLevel=70, mBetteryProtectModeType1, mIsSlowChargingfalse]
05-29 03:01:52.178  4422  4422 D PowerUI : Remaining charging time : 2774
05-29 03:01:52.178  4422  4422 D PowerUI : Charging time is changed, check charging notification
05-29 03:01:52.179  4422  4422 D PowerUI.Notification: showChargingNotice - Battery Level : 70 -> 70, Charging Type : 11 -> 11, Charging Time : 2788 -> 2774, Maximum protection : true -> true, Maximum threshold : 90 -> 90
05-29 03:01:52.182  4422  4422 I NotificationManager: com.android.systemui: notify(2131364006, charging_state, Notification(channel=CHR shortcut=null contentView=null vibrate=null sound=null defaults=0 flags=ONGOING_EVENT|ONLY_ALERT_ONCE color=0x00000000 category=sys groupKey=CHARGING vis=PUBLIC semFlags=0x0 semPriority=0 semMissedCount=0)) as user
05-29 03:01:52.184  2878  7110 W PermissionService: getPermissionFlags: Unknown user -1
05-29 03:01:52.184  2878  7110 W PermissionService: getPermissionFlags: Unknown user -1
05-29 03:01:52.247  1837  1848 E HeatmapThread: ECT Thread time in milliseconds: 1780012912
05-29 03:01:52.250  1837  1848 D HeatmapThread: !@ batteryplugType : 2
05-29 03:01:52.251  1837  1848 D HeatmapThread: !@ batteryLevel : 70  batteryTemperature : 357 
05-29 03:01:52.251  1837  1848 D HeatmapThread: !@ Heatmap currtime: 29666881
05-29 03:01:52.251  1837  1848 D HeatmapThread: !@ Heatmap prevtime: 29666861
05-29 03:01:52.251  1837  1848 D HeatmapThread: !@ Heatmap plugstarttime: 29666846
05-29 03:01:52.251  1837  1848 D HeatmapThread: !@ Heatmap prevv_dsoh_update_time: 29666802
05-29 03:01:52.251  1837  1848 E HeatmapThread: !@ CAM New BSOH: 97
05-29 03:01:52.269  1156  1156 D io_stats: !@   8,0 r 27343992 451912158 w 4467571 81056248 d 782811 315140512 f 119311 488685 iot 7584316 0 th 0 0 0 pt 0 inp 0 0 55915.636
05-29 03:01:52.389  2878  2878 I Telecom : SamsungTelecomServiceImpl : isInManagedCall - callingPackage : android / callingUser : UserHandle{0} / hasCrossUserAccess : true
05-29 03:01:52.404  2878  5558 D ActivityManager: unpendingScheduleServiceRestart: u=10307, drop=false
05-29 03:01:52.406  4967  9581 I HoneySpace.NotificationListener: onNotificationPosted com.android.systemui: -1|com.android.systemui|2131364006|charging_state|10040: 0
05-29 03:01:52.406  4967  9581 I HoneySpace.NotificationListener: invalid notification: com.android.systemui UserHandle{-1}: canShowBadge is false
05-29 03:01:52.407  4967 17226 I HoneySpace.BadgeDataSourceImpl: Get notification count. PK(p='org.telegram.messenger', u=UserHandle{0}) - forceBadgeCount: false, notification listener: 2, badge provider: 17
05-29 03:01:52.407  2878  5556 D FreecessController: UFZ : com.huawei.health(10307) [6428, 11414, 8908] reason: Binder(1)-android.service.notification.INotificatio
05-29 03:01:52.407  2878  5567 W LocationManagerService: onFreezeStateChanged, uid[10307]=false
05-29 03:01:52.407  2878  5567 I PowerManagerService: [PWL] SetWakeLockEnableDisable uid = 10307 , disable= false
05-29 03:01:52.407  2878  5567 I PowerManagerService: [PWL] can not change uid =  10307
05-29 03:01:52.409  8908  6599 I Notify_NotificPush: 1600103320|R|I|Start onNotificationPosted: StatusBarNotification(pkg=com.android.systemui user=UserHandle{-1} id=2131364006 tag=charging_state key=-1|com.android.systemui|2131364006|charging_state|10040: Notification(channel=CHR shortcut=null contentView=null vibrate=null sound=null defaults=0 flags=ONGOING_EVENT|ONLY_ALERT_ONCE color=0x00000000 category=sys groupKey=CHARGING vis=PUBLIC semFlags=0x0 semPriority=0 semMissedCount=0))
05-29 03:01:52.413  8908  6599 W Notify_NotificPush: 1600103320|R|W|onNotificationPosted FILTERED because SUB_SWITCH_TURN_OFF,pkg=com.android.systemui
05-29 03:01:52.413  8908  6599 I Notify_NotificPush: 1600103320|R|I|com.android.systemui onNotificationPosted isMeetPushConditions?(false=filtered): false
05-29 03:01:52.414  8908  6551 I FormalHASDK: HAImpl==> onEvent. tag:_default_config_tag, type:1, eventId:85070006
05-29 03:01:52.422  4422  4422 D SubscreenNotificationListCoordinator: onAfterRenderList() isSubScreen = false, pluginLockMode = 0, doNotShowOnCover = false
05-29 03:01:52.423  4422  4422 I LockscreenNotificationIconsOnlyController: onNotificationInfoUpdated 0
05-29 03:01:52.423  4422  4422 I AODNotificationManager: updateNotification() 
05-29 03:01:52.425  1845  2128 D DisplayModeController: setDesiredMode 4630947118961383299 {mode={fps=120.00 Hz, modePtr={id=0, vsyncRate=120.00 Hz, peakRefreshRate=120.00 Hz}}, emitEvent=true, force=false}
05-29 03:01:52.431  1845  2090 I VSyncReactor: Current= 24, Period= 120, hwcPeriod= 24
05-29 03:01:52.455  1845  1845 I SurfaceFlinger: No layers with votes - choose 120.00 Hz
05-29 03:01:52.457  1845  1845 I HWComposer: [4630947118961383299] ActiveConfigToHWC, ID : 0
05-29 03:01:52.458  1773  2085 I SDM     : HWDeviceDRM::SetDisplaySwitchMode: [DispConfigs] check hs_mode 3
05-29 03:01:52.459  1773  2085 W SDM     : HWDeviceDRM::GetSupportedBitClkRate: Requested rate not supported: 951080000
05-29 03:01:52.459  1773  2085 I SDM     : HWDeviceDRM::SetDisplaySwitchMode: [DispConfigs] Set mode index:0 1080x2340x120xcmdHS, hs_mode(3), found_mode(0)
05-29 03:01:52.459  1773  2085 I SDM     : HWDeviceDRM::UpdateMixerAttributes: Mixer WxH 1080x2340-1 for Peripheral
05-29 03:01:52.459  1773  2085 I SDM     : HWCDisplay::SubmitDisplayConfig: Active configuration changed from config 8 to 0
05-29 03:01:52.465  1694  5377 I vendor.qti.bluetooth@1.1-ibs_handler: ProcessIbsCmd: Received IBS_WAKE_IND: 0xFD
05-29 03:01:52.465  1694  5377 D vendor.qti.bluetooth@1.1-ibs_handler: SerialClockVote: vote for UART CLK ON
05-29 03:01:52.466  1694  5377 D vendor.qti.bluetooth@1.1-wake_lock: Acquire wakelock is acquired 
05-29 03:01:52.466  1694  5377 I vendor.qti.bluetooth@1.1-ibs_handler: ProcessIbsCmd: Writing IBS_WAKE_ACK
05-29 03:01:52.473  1845  2090 I VSyncReactor: Current= 24, Period= 120, hwcPeriod= 120
05-29 03:01:52.475  4729  5389 I ScanController: onScanResult() - scanClient(5) can't get scanResult, permission : false
05-29 03:01:52.476  4729  5389 I ScanController: onScanResult() - scanClient(13) can't get scanResult, permission : false
05-29 03:01:52.476  4729  5389 I ScanController: onScanResult() - scanClient(5) can't get scanResult, permission : false
05-29 03:01:52.477  4729  5389 I ScanController: onScanResult() - scanClient(13) can't get scanResult, permission : false
05-29 03:01:52.479  4729  5389 I ScanController: onScanResult() - scanClient(5) can't get scanResult, permission : false
05-29 03:01:52.479  4729  5389 I ScanController: onScanResult() - scanClient(13) can't get scanResult, permission : false
05-29 03:01:52.487  2994  3052 E AudioPathHelper: (Berry)(1.16)handleAudioPathTask() : can't get dual play mode - Need android.permission.BLUETOOTH_CONNECT permission for AttributionSource { uid = 1002, packageName = com.android.bluetooth, attributionTag = null, token = android.os.Binder@792f66, deviceId = 0, next = AttributionSource { uid = 10282, packageName = com.samsung.accessory.berrymgr, attributionTag = null, token = android.os.BinderProxy@7eaf9e5, deviceId = 0, next = null } }: A2dpServiceBinder
05-29 03:01:52.495  4729  5389 I ScanController: onScanResult() - scanClient(5) can't get scanResult, permission : false
05-29 03:01:52.495  4729  5389 I ScanController: onScanResult() - scanClient(13) can't get scanResult, permission : false
05-29 03:01:52.497  1845  1845 I SurfaceFlinger: finalizeDisplayModeChange 4630947118961383299
05-29 03:01:52.502  4729  5389 I ScanController: onScanResult() - scanClient(5) can't get scanResult, permission : false
05-29 03:01:52.502  4729  5389 I ScanController: onScanResult() - scanClient(13) can't get scanResult, permission : false
05-29 03:01:52.538  4729  5389 I ScanController: onScanResult() - scanClient(5) can't get scanResult, permission : false
05-29 03:01:52.539  4729  5389 I ScanController: onScanResult() - scanClient(13) can't get scanResult, permission : false
05-29 03:01:52.575  1694  5377 I vendor.qti.bluetooth@1.1-ibs_handler: ProcessIbsCmd: Received IBS_SLEEP_IND: 0xFE
05-29 03:01:52.575  1694  5377 D vendor.qti.bluetooth@1.1-ibs_handler: SerialClockVote: vote for UART CLK OFF
05-29 03:01:52.575  1694  5377 I vendor.qti.bluetooth@1.1-ibs_handler: ProcessIbsCmd: Received IBS_WAKE_IND: 0xFD
05-29 03:01:52.575  1694  5377 D vendor.qti.bluetooth@1.1-ibs_handler: SerialClockVote: vote for UART CLK ON
05-29 03:01:52.575  1694  5377 I vendor.qti.bluetooth@1.1-ibs_handler: ProcessIbsCmd: Writing IBS_WAKE_ACK
05-29 03:01:52.578  4729  5389 I ScanController: onScanResult() - scanClient(5) can't get scanResult, permission : false
05-29 03:01:52.579  4729  5389 I ScanController: onScanResult() - scanClient(13) can't get scanResult, permission : false
05-29 03:01:52.584  4729  5389 I ScanController: onScanResult() - scanClient(5) can't get scanResult, permission : false
05-29 03:01:52.584  4729  5389 I ScanController: onScanResult() - scanClient(13) can't get scanResult, permission : false
05-29 03:01:52.597  4729  5389 I ScanController: onScanResult() - scanClient(5) can't get scanResult, permission : false
05-29 03:01:52.597  4729  5389 I ScanController: onScanResult() - scanClient(13) can't get scanResult, permission : false
05-29 03:01:52.598  4729  5389 I ScanController: onScanResult() - scanClient(5) can't get scanResult, permission : false
05-29 03:01:52.598  4729  5389 I ScanController: onScanResult() - scanClient(13) can't get scanResult, permission : false
05-29 03:01:52.602  4422  4422 D Bubbles : onEntryUpdated : shouldBubbleUp=false ,key=-1|com.android.systemui|2131364006|charging_state|10040
05-29 03:01:52.604  4422  4422 D InterruptionStateProvider:  no Heads up : edgelighting enabled app. -1|com.android.systemui|2131364006|charging_state|10040
05-29 03:01:52.604  4729  5389 I ScanController: onScanResult() - scanClient(5) can't get scanResult, permission : false
05-29 03:01:52.604  4729  5389 I ScanController: onScanResult() - scanClient(13) can't get scanResult, permission : false
05-29 03:01:52.605  4422  4422 I {OngoingActivityController}: onEntryUpdated and OA data is empty. So update latest task info
05-29 03:01:52.618  4422  4422 D SubscreenNotificationListCoordinator: onAfterRenderList() isSubScreen = false, pluginLockMode = 0, doNotShowOnCover = false
05-29 03:01:52.619  4729  5389 I ScanController: onScanResult() - scanClient(5) can't get scanResult, permission : false
05-29 03:01:52.619  4729  5389 I ScanController: onScanResult() - scanClient(13) can't get scanResult, permission : false
05-29 03:01:52.621  4422  4422 W RefactorFlag: New code path expects SceneContainerFlag to be enabled.
05-29 03:01:52.621  4422  4422 D ExpandableNotifRow: mMaxSmallHeight different before reInflateViews mMaxSmallHeight: 203 mTempSmallHeight:0 -1|com.android.systemui|2131364006|charging_state|10040
05-29 03:01:52.621  4422  4422 D ExpandableNotifRow: mMaxSmallHeight different before reInflateViews mMaxSmallHeight: 203 mTempSmallHeight:0 -1|com.android.systemui|2131364006|charging_state|10040
05-29 03:01:52.623  4729  5389 I ScanController: onScanResult() - scanClient(5) can't get scanResult, permission : false
05-29 03:01:52.623  4729  5389 I ScanController: onScanResult() - scanClient(13) can't get scanResult, permission : false
05-29 03:01:52.625  4422  4422 I LockscreenNotificationIconsOnlyController: onNotificationInfoUpdated 0
05-29 03:01:52.625  4422  4422 I AODNotificationManager: updateNotification() 
05-29 03:01:52.630  4422  5017 D LocalImageResolver: Couldn't use ImageDecoder for drawable, falling back to non-resized load.
05-29 03:01:52.632  4422  5017 D LocalImageResolver: Couldn't use ImageDecoder for drawable, falling back to non-resized load.
05-29 03:01:52.634  4422  4422 D LocalImageResolver: Couldn't use ImageDecoder for drawable, falling back to non-resized load.
05-29 03:01:52.641  4422  4422 W RefactorFlag: New code path expects SceneContainerFlag to be enabled.
05-29 03:01:52.644  4729  5389 I ScanController: onScanResult() - scanClient(5) can't get scanResult, permission : false
05-29 03:01:52.645  4729  5389 I ScanController: onScanResult() - scanClient(13) can't get scanResult, permission : false
05-29 03:01:52.654  4422  4422 D ExpandableNotifRow: mMaxSmallHeight different before reInflateViews mMaxSmallHeight: 203 mTempSmallHeight:0 -1|com.android.systemui|2131364006|charging_state|10040
05-29 03:01:52.654  4422  4422 D ExpandableNotifRow: mMaxSmallHeight different before reInflateViews mMaxSmallHeight: 203 mTempSmallHeight:0 -1|com.android.systemui|2131364006|charging_state|10040
05-29 03:01:52.655  4422  4422 D ExpandableNotifRow: mMaxSmallHeight different before reInflateViews mMaxSmallHeight: 203 mTempSmallHeight:0 -1|com.android.systemui|2131364006|charging_state|10040
05-29 03:01:52.655  4422  4422 D ExpandableNotifRow: mMaxSmallHeight different before reInflateViews mMaxSmallHeight: 203 mTempSmallHeight:0 -1|com.android.systemui|2131364006|charging_state|10040
05-29 03:01:52.657  4422  4422 D S.S.N.  : entryViewBound parent :-1|com.android.systemui|2131364006|charging_state|10040
05-29 03:01:52.658  4422  4422 D LocalImageResolver: Couldn't use ImageDecoder for drawable, falling back to non-resized load.
05-29 03:01:52.660  4422  4422 D SubscreenNotificationListCoordinator: onAfterRenderList() isSubScreen = false, pluginLockMode = 0, doNotShowOnCover = false
05-29 03:01:52.661  4422  4422 W RefactorFlag: New code path expects SceneContainerFlag to be enabled.
05-29 03:01:52.661  4422  4422 D ExpandableNotifRow: mMaxSmallHeight different before reInflateViews mMaxSmallHeight: 203 mTempSmallHeight:0 -1|com.android.systemui|2131364006|charging_state|10040
05-29 03:01:52.661  4422  4422 D ExpandableNotifRow: mMaxSmallHeight different before reInflateViews mMaxSmallHeight: 203 mTempSmallHeight:0 -1|com.android.systemui|2131364006|charging_state|10040
05-29 03:01:52.662  4422  4422 I LockscreenNotificationIconsOnlyController: onNotificationInfoUpdated 0
05-29 03:01:52.662  4422  4422 I AODNotificationManager: updateNotification() 
05-29 03:01:52.683  1694  5377 I vendor.qti.bluetooth@1.1-ibs_handler: ProcessIbsCmd: Received IBS_SLEEP_IND: 0xFE
05-29 03:01:52.683  1694  5377 D vendor.qti.bluetooth@1.1-ibs_handler: SerialClockVote: vote for UART CLK OFF
05-29 03:01:52.773  7073  8462 I SDHMS:x : SIOP:: AP:365 BAT:357 USB:341 CHG:376 PA:370 CP:-200 WIFI:362 CF:360 BLK:0 SUBBAT:0 SKIN:357 SKINF:357 SKINB:350 LRP:357 LRP2:357 LRF2:357 LRB2:350 AP2:357 CHG2:357 WIFI2:357 UANT2:355 RCV2:355 SPK2:349 FCAM:341 UPSPK:363 DNSPK:341 VAP02:374 VWIFI:370 AMB:347 AMB2:299 AVGCUR:1083 AVGSYS:196 POWER:4447
05-29 03:01:52.776  7073  7416 I M0      : limitCPUFreq:: freq = 2476800
05-29 03:01:52.777  7073  7416 I SemDvfsHyPerManager: acquire hyper - SIOP_ARM_MAX/7073@3, type = 301993986
05-29 03:01:52.779  1729  1843 I HYPER-HAL: [RequestManager.cpp]acquire(): Acquired ID : 25038429  [7073 / 3]    HINT :      list : [CPUMaxFreq / 2476800] 
05-29 03:01:52.833  1694  5143 D vendor.qti.bluetooth@1.1-wake_lock: Release wakelock is released 
05-29 03:01:52.918  1845  2128 D DisplayModeController: setDesiredMode 4630947118961383299 {mode={fps=24.00 Hz, modePtr={id=5, vsyncRate=24.00 Hz, peakRefreshRate=24.00 Hz}}, emitEvent=false, force=false}
05-29 03:01:52.921  1845  1845 I LayerHistory: StatusBar$_4422#107 voted NoVote (0.00 Hz)
05-29 03:01:52.921  1845  1845 I SurfaceFlinger: Idle - choose 24.00 Hz
05-29 03:01:52.922  1845  1845 I HWComposer: [4630947118961383299] ActiveConfigToHWC, ID : 8
05-29 03:01:52.923  1773  2085 I SDM     : HWDeviceDRM::SetDisplaySwitchMode: [DispConfigs] check hs_mode 3
05-29 03:01:52.923  1845  2090 I VSyncReactor: Current= 120, Period= 24, hwcPeriod= 24
05-29 03:01:52.924  1773  2085 W SDM     : HWDeviceDRM::GetSupportedBitClkRate: Requested rate not supported: 951080000
05-29 03:01:52.924  1773  2085 W SDM     : HWDeviceDRM::GetSupportedBitClkRate: Requested rate not supported: 951080000
05-29 03:01:52.924  1773  2085 I SDM     : HWDeviceDRM::SetDisplaySwitchMode: [DispConfigs] Set mode index:9 1080x2340x24xcmdPHS, hs_mode(3), found_mode(1)
05-29 03:01:52.924  1773  2085 I SDM     : HWDeviceDRM::UpdateMixerAttributes: Mixer WxH 1080x2340-1 for Peripheral
05-29 03:01:52.924  1773  2085 I SDM     : HWCDisplay::SubmitDisplayConfig: Active configuration changed from config 0 to 8
05-29 03:01:52.928  1845  1845 I SurfaceFlinger: finalizeDisplayModeChange 4630947118961383299
05-29 03:01:53.248  1837  1848 E HeatmapThread: ECT Thread time in milliseconds: 1780012913
05-29 03:01:53.252  1837  1848 D HeatmapThread: !@ batteryplugType : 2
05-29 03:01:53.252  1837  1848 D HeatmapThread: !@ batteryLevel : 70  batteryTemperature : 357 
05-29 03:01:53.252  1837  1848 D HeatmapThread: !@ Heatmap currtime: 29666881
05-29 03:01:53.252  1837  1848 D HeatmapThread: !@ Heatmap prevtime: 29666861
05-29 03:01:53.252  1837  1848 D HeatmapThread: !@ Heatmap plugstarttime: 29666846
05-29 03:01:53.252  1837  1848 D HeatmapThread: !@ Heatmap prevv_dsoh_update_time: 29666802
05-29 03:01:53.253  1837  1848 E HeatmapThread: !@ CAM New BSOH: 97
05-29 03:01:53.494  2994  3052 E AudioPathHelper: (Berry)(1.16)handleAudioPathTask() : can't get dual play mode - Need android.permission.BLUETOOTH_CONNECT permission for AttributionSource { uid = 1002, packageName = com.android.bluetooth, attributionTag = null, token = android.os.Binder@792f66, deviceId = 0, next = AttributionSource { uid = 10282, packageName = com.samsung.accessory.berrymgr, attributionTag = null, token = android.os.BinderProxy@7eaf9e5, deviceId = 0, next = null } }: A2dpServiceBinder
05-29 03:01:53.676  2878  3240 D GMR     : bg_async : 21754 com.duckduckgo.mobile.android 700->900 state:15->15
05-29 03:01:53.679 21754 21777 D Choreographer: BBA2 receive callback when in bg : 4
05-29 03:01:53.686  2878 25066 D PerProcessNandswap$NandswapHandler: nandswap start for activity com.duckduckgo.mobile.android(pid 21754) action:9 adj:900 type:3
05-29 03:01:53.691  1845  2090 I VSyncReactor: Current= 24, Period= 24, hwcPeriod= 24
05-29 03:01:53.693 21754 23350 D HWUI    : CacheManager::trimMemory(40)
05-29 03:01:53.774  4005  4156 D SatelliteController: isInCarrierRoamingNbIotNtn: satellite is disabled
05-29 03:01:53.861  2878 25066 D PerProcessNandswap$NandswapHandler: nandswap end for activity com.duckduckgo.mobile.android(pid 21754) ret:-16 adj:900
05-29 03:01:53.863  2878  5567 I NSLocationMonitor: getGPSUsingApps() called
05-29 03:01:53.863  5566 32559 I NSLocationManager_FLP: getGPSUsingApps, No change
05-29 03:01:53.871  2878  5567 D FreecessHandler: freeze com.duckduckgo.mobile.android(10067) result : 2
05-29 03:01:54.237  1694  5377 I vendor.qti.bluetooth@1.1-ibs_handler: ProcessIbsCmd: Received IBS_WAKE_IND: 0xFD
05-29 03:01:54.237  1694  5377 D vendor.qti.bluetooth@1.1-ibs_handler: SerialClockVote: vote for UART CLK ON
05-29 03:01:54.238  1694  5377 D vendor.qti.bluetooth@1.1-wake_lock: Acquire wakelock is acquired 
05-29 03:01:54.238  1694  5377 I vendor.qti.bluetooth@1.1-ibs_handler: ProcessIbsCmd: Writing IBS_WAKE_ACK
05-29 03:01:54.246  4729  5389 I ScanController: onScanResult() - scanClient(5) can't get scanResult, permission : false
05-29 03:01:54.247  4729  5389 I ScanController: onScanResult() - scanClient(13) can't get scanResult, permission : false
05-29 03:01:54.247  4729  5389 I ScanController: onScanResult() - scanClient(5) can't get scanResult, permission : false
05-29 03:01:54.247  1837  1848 E HeatmapThread: ECT Thread time in milliseconds: 1780012914
05-29 03:01:54.248  4729  5389 I ScanController: onScanResult() - scanClient(13) can't get scanResult, permission : false
05-29 03:01:54.248  4729  5389 I ScanController: onScanResult() - scanClient(5) can't get scanResult, permission : false
05-29 03:01:54.248  4729  5389 I ScanController: onScanResult() - scanClient(13) can't get scanResult, permission : false
05-29 03:01:54.254  1837  1848 D HeatmapThread: !@ batteryplugType : 2
05-29 03:01:54.254  1837  1848 D HeatmapThread: !@ batteryLevel : 70  batteryTemperature : 357 
05-29 03:01:54.254  1837  1848 D HeatmapThread: !@ Heatmap currtime: 29666881
05-29 03:01:54.254  1837  1848 D HeatmapThread: !@ Heatmap prevtime: 29666861
05-29 03:01:54.254  1837  1848 D HeatmapThread: !@ Heatmap plugstarttime: 29666846
05-29 03:01:54.254  1837  1848 D HeatmapThread: !@ Heatmap prevv_dsoh_update_time: 29666802
05-29 03:01:54.255  1837  1848 E HeatmapThread: !@ CAM New BSOH: 97
05-29 03:01:54.256  4729  5389 I ScanController: onScanResult() - scanClient(5) can't get scanResult, permission : false
05-29 03:01:54.256  4729  5389 I ScanController: onScanResult() - scanClient(13) can't get scanResult, permission : false
05-29 03:01:54.265  4729  5389 I ScanController: onScanResult() - scanClient(5) can't get scanResult, permission : false
05-29 03:01:54.265  4729  5389 I ScanController: onScanResult() - scanClient(13) can't get scanResult, permission : false
05-29 03:01:54.267  4729  5389 I ScanController: onScanResult() - scanClient(5) can't get scanResult, permission : false
05-29 03:01:54.267  4729  5389 I ScanController: onScanResult() - scanClient(13) can't get scanResult, permission : false
05-29 03:01:54.270  1156  1156 D io_stats: !@   8,0 r 27344021 451912682 w 4467598 81056376 d 782811 315140512 f 119312 488690 iot 7584356 0 th 0 0 0 pt 0 inp 0 0 55917.637
05-29 03:01:54.270  1156  1156 D io_stats: !@ Read_top(KB): .gms.persistent(12971) 1068 m.huawei.health(6428) 448 .mobile.android(21754) 64
05-29 03:01:54.270  1156  1156 D io_stats: !@ Write_top(KB): f2fs_ckpt-254:6(1389) 92 kworker/u16:3(3168) 60 init(1) 28
05-29 03:01:54.271  4729  5389 I ScanController: onScanResult() - scanClient(5) can't get scanResult, permission : false
05-29 03:01:54.271  4729  5389 I ScanController: onScanResult() - scanClient(13) can't get scanResult, permission : false
05-29 03:01:54.273  4729  5389 I ScanController: onScanResult() - scanClient(5) can't get scanResult, permission : false
05-29 03:01:54.273  4729  5389 I ScanController: onScanResult() - scanClient(13) can't get scanResult, permission : false
05-29 03:01:54.288  4729  5389 I ScanController: onScanResult() - scanClient(5) can't get scanResult, permission : false
05-29 03:01:54.288  4729  5389 I ScanController: onScanResult() - scanClient(13) can't get scanResult, permission : false
05-29 03:01:54.305  4729  5389 I ScanController: onScanResult() - scanClient(5) can't get scanResult, permission : false
05-29 03:01:54.306  4729  5389 I ScanController: onScanResult() - scanClient(13) can't get scanResult, permission : false
05-29 03:01:54.342  4729  5389 I ScanController: onScanResult() - scanClient(5) can't get scanResult, permission : false
05-29 03:01:54.342  4729  5389 I ScanController: onScanResult() - scanClient(13) can't get scanResult, permission : false
05-29 03:01:54.343  4729  5389 I ScanController: onScanResult() - scanClient(5) can't get scanResult, permission : false
05-29 03:01:54.343  4729  5389 I ScanController: onScanResult() - scanClient(13) can't get scanResult, permission : false
05-29 03:01:54.350  4729  5389 I ScanController: onScanResult() - scanClient(5) can't get scanResult, permission : false
05-29 03:01:54.350  4729  5389 I ScanController: onScanResult() - scanClient(13) can't get scanResult, permission : false
05-29 03:01:54.356  4729  5389 I ScanController: onScanResult() - scanClient(5) can't get scanResult, permission : false
05-29 03:01:54.356  4729  5389 I ScanController: onScanResult() - scanClient(13) can't get scanResult, permission : false
05-29 03:01:54.376  4729  5389 I ScanController: onScanResult() - scanClient(5) can't get scanResult, permission : false
05-29 03:01:54.377  4729  5389 I ScanController: onScanResult() - scanClient(13) can't get scanResult, permission : false
05-29 03:01:54.414  1694  5377 I vendor.qti.bluetooth@1.1-ibs_handler: ProcessIbsCmd: Received IBS_SLEEP_IND: 0xFE
05-29 03:01:54.414  1694  5377 D vendor.qti.bluetooth@1.1-ibs_handler: SerialClockVote: vote for UART CLK OFF
05-29 03:01:54.499  2994  3052 E AudioPathHelper: (Berry)(1.16)handleAudioPathTask() : can't get dual play mode - Need android.permission.BLUETOOTH_CONNECT permission for AttributionSource { uid = 1002, packageName = com.android.bluetooth, attributionTag = null, token = android.os.Binder@792f66, deviceId = 0, next = AttributionSource { uid = 10282, packageName = com.samsung.accessory.berrymgr, attributionTag = null, token = android.os.BinderProxy@7eaf9e5, deviceId = 0, next = null } }: A2dpServiceBinder
05-29 03:01:54.564  1694  5143 D vendor.qti.bluetooth@1.1-wake_lock: Release wakelock is released 
05-29 03:01:54.872  2878 25066 D PerProcessNandswap$NandswapHandler: nandswap start for activity com.duckduckgo.mobile.android(pid 21754) action:9 adj:900 type:3
05-29 03:01:55.247  1837  1848 E HeatmapThread: ECT Thread time in milliseconds: 1780012915
05-29 03:01:55.251  1837  1848 D HeatmapThread: !@ batteryplugType : 2
05-29 03:01:55.251  1837  1848 D HeatmapThread: !@ batteryLevel : 70  batteryTemperature : 357 
05-29 03:01:55.251  1837  1848 D HeatmapThread: !@ Heatmap currtime: 29666881
05-29 03:01:55.251  1837  1848 D HeatmapThread: !@ Heatmap prevtime: 29666861
05-29 03:01:55.251  1837  1848 D HeatmapThread: !@ Heatmap plugstarttime: 29666846
05-29 03:01:55.251  1837  1848 D HeatmapThread: !@ Heatmap prevv_dsoh_update_time: 29666802
05-29 03:01:55.252  1837  1848 E HeatmapThread: !@ CAM New BSOH: 97
05-29 03:01:55.362  2878 25066 D PerProcessNandswapNative: enable WriteBooster
05-29 03:01:55.502  2994  3052 E AudioPathHelper: (Berry)(1.16)handleAudioPathTask() : can't get dual play mode - Need android.permission.BLUETOOTH_CONNECT permission for AttributionSource { uid = 1002, packageName = com.android.bluetooth, attributionTag = null, token = android.os.Binder@792f66, deviceId = 0, next = AttributionSource { uid = 10282, packageName = com.samsung.accessory.berrymgr, attributionTag = null, token = android.os.BinderProxy@7eaf9e5, deviceId = 0, next = null } }: A2dpServiceBinder
05-29 03:01:55.576  2878 25066 D PerProcessNandswap$NandswapHandler: nandswap end for activity com.duckduckgo.mobile.android(pid 21754) ret:37392154624 adj:900
05-29 03:01:55.678  2878  3251 D GMR     : bg : 21754 com.duckduckgo.mobile.android
05-29 03:01:56.094  1694  5377 I vendor.qti.bluetooth@1.1-ibs_handler: ProcessIbsCmd: Received IBS_WAKE_IND: 0xFD
05-29 03:01:56.094  1694  5377 D vendor.qti.bluetooth@1.1-ibs_handler: SerialClockVote: vote for UART CLK ON
05-29 03:01:56.094  1694  5377 D vendor.qti.bluetooth@1.1-wake_lock: Acquire wakelock is acquired 
05-29 03:01:56.094  1694  5377 I vendor.qti.bluetooth@1.1-ibs_handler: ProcessIbsCmd: Writing IBS_WAKE_ACK
05-29 03:01:56.104  4729  5389 I ScanController: onScanResult() - scanClient(5) can't get scanResult, permission : false
05-29 03:01:56.104  4729  5389 I ScanController: onScanResult() - scanClient(13) can't get scanResult, permission : false
05-29 03:01:56.106  4729  5389 I ScanController: onScanResult() - scanClient(5) can't get scanResult, permission : false
05-29 03:01:56.106  4729  5389 I ScanController: onScanResult() - scanClient(13) can't get scanResult, permission : false
05-29 03:01:56.109  4729  5389 I ScanController: onScanResult() - scanClient(5) can't get scanResult, permission : false
05-29 03:01:56.110  4729  5389 I ScanController: onScanResult() - scanClient(13) can't get scanResult, permission : false
05-29 03:01:56.136  4729  5389 I ScanController: onScanResult() - scanClient(5) can't get scanResult, permission : false
05-29 03:01:56.136  4729  5389 I ScanController: onScanResult() - scanClient(13) can't get scanResult, permission : false
05-29 03:01:56.139  4729  5389 I ScanController: onScanResult() - scanClient(5) can't get scanResult, permission : false
05-29 03:01:56.139  4729  5389 I ScanController: onScanResult() - scanClient(13) can't get scanResult, permission : false
05-29 03:01:56.152  4729  5389 I ScanController: onScanResult() - scanClient(5) can't get scanResult, permission : false
05-29 03:01:56.152  4729  5389 I ScanController: onScanResult() - scanClient(13) can't get scanResult, permission : false
05-29 03:01:56.160  4729  5389 I ScanController: onScanResult() - scanClient(5) can't get scanResult, permission : false
05-29 03:01:56.161  4729  5389 I ScanController: onScanResult() - scanClient(13) can't get scanResult, permission : false
05-29 03:01:56.164  4729  5389 I ScanController: onScanResult() - scanClient(5) can't get scanResult, permission : false
05-29 03:01:56.164  4729  5389 I ScanController: onScanResult() - scanClient(13) can't get scanResult, permission : false
05-29 03:01:56.173  4729  5389 I ScanController: onScanResult() - scanClient(5) can't get scanResult, permission : false
05-29 03:01:56.174  4729  5389 I ScanController: onScanResult() - scanClient(13) can't get scanResult, permission : false
05-29 03:01:56.179  4729  5389 I ScanController: onScanResult() - scanClient(5) can't get scanResult, permission : false
05-29 03:01:56.180  4729  5389 I ScanController: onScanResult() - scanClient(13) can't get scanResult, permission : false
05-29 03:01:56.184  4729  5389 I ScanController: onScanResult() - scanClient(5) can't get scanResult, permission : false
05-29 03:01:56.184  4729  5389 I ScanController: onScanResult() - scanClient(13) can't get scanResult, permission : false
05-29 03:01:56.212  4729  5389 I ScanController: onScanResult() - scanClient(5) can't get scanResult, permission : false
05-29 03:01:56.212  4729  5389 I ScanController: onScanResult() - scanClient(13) can't get scanResult, permission : false
05-29 03:01:56.217  4729  5389 I ScanController: onScanResult() - scanClient(5) can't get scanResult, permission : false
05-29 03:01:56.217  4729  5389 I ScanController: onScanResult() - scanClient(13) can't get scanResult, permission : false
05-29 03:01:56.219  4729  5389 I ScanController: onScanResult() - scanClient(5) can't get scanResult, permission : false
05-29 03:01:56.219  4729  5389 I ScanController: onScanResult() - scanClient(13) can't get scanResult, permission : false
05-29 03:01:56.223  4729  5389 I ScanController: onScanResult() - scanClient(5) can't get scanResult, permission : false
05-29 03:01:56.224  4729  5389 I ScanController: onScanResult() - scanClient(13) can't get scanResult, permission : false
05-29 03:01:56.227  4729  5389 I ScanController: onScanResult() - scanClient(5) can't get scanResult, permission : false
05-29 03:01:56.227  4729  5389 I ScanController: onScanResult() - scanClient(13) can't get scanResult, permission : false
05-29 03:01:56.237  4729  5389 I ScanController: onScanResult() - scanClient(5) can't get scanResult, permission : false
05-29 03:01:56.237  4729  5389 I ScanController: onScanResult() - scanClient(13) can't get scanResult, permission : false
05-29 03:01:56.238  4729  5389 I ScanController: onScanResult() - scanClient(5) can't get scanResult, permission : false
05-29 03:01:56.239  4729  5389 I ScanController: onScanResult() - scanClient(13) can't get scanResult, permission : false
05-29 03:01:56.247  1837  1848 E HeatmapThread: ECT Thread time in milliseconds: 1780012916
05-29 03:01:56.251  1837  1848 D HeatmapThread: !@ batteryplugType : 2
05-29 03:01:56.251  4729  5389 I ScanController: onScanResult() - scanClient(5) can't get scanResult, permission : false
05-29 03:01:56.251  1837  1848 D HeatmapThread: !@ batteryLevel : 70  batteryTemperature : 357 
05-29 03:01:56.252  1837  1848 D HeatmapThread: !@ Heatmap currtime: 29666881
05-29 03:01:56.252  1837  1848 D HeatmapThread: !@ Heatmap prevtime: 29666861
05-29 03:01:56.252  4729  5389 I ScanController: onScanResult() - scanClient(13) can't get scanResult, permission : false
05-29 03:01:56.252  1837  1848 D HeatmapThread: !@ Heatmap plugstarttime: 29666846
05-29 03:01:56.252  1837  1848 D HeatmapThread: !@ Heatmap prevv_dsoh_update_time: 29666802
05-29 03:01:56.252  1837  1848 E HeatmapThread: !@ CAM New BSOH: 97
05-29 03:01:56.271  1156  1156 D io_stats: !@   8,0 r 27344136 451933302 w 4467710 81090524 d 782811 315140512 f 119312 488690 iot 7584604 0 th 0 0 0 pt 0 inp 0 0 55919.638
05-29 03:01:56.279  4729  5389 I ScanController: onScanResult() - scanClient(5) can't get scanResult, permission : false
05-29 03:01:56.279  4729  5389 I ScanController: onScanResult() - scanClient(13) can't get scanResult, permission : false
05-29 03:01:56.287  4729  5389 I ScanController: onScanResult() - scanClient(5) can't get scanResult, permission : false
05-29 03:01:56.288  4729  5389 I ScanController: onScanResult() - scanClient(13) can't get scanResult, permission : false
05-29 03:01:56.326  1694  5377 I vendor.qti.bluetooth@1.1-ibs_handler: ProcessIbsCmd: Received IBS_SLEEP_IND: 0xFE
05-29 03:01:56.326  1694  5377 D vendor.qti.bluetooth@1.1-ibs_handler: SerialClockVote: vote for UART CLK OFF
05-29 03:01:56.477  1694  5143 D vendor.qti.bluetooth@1.1-wake_lock: Release wakelock is released 
05-29 03:01:56.507  2994  3052 E AudioPathHelper: (Berry)(1.16)handleAudioPathTask() : can't get dual play mode - Need android.permission.BLUETOOTH_CONNECT permission for AttributionSource { uid = 1002, packageName = com.android.bluetooth, attributionTag = null, token = android.os.Binder@792f66, deviceId = 0, next = AttributionSource { uid = 10282, packageName = com.samsung.accessory.berrymgr, attributionTag = null, token = android.os.BinderProxy@7eaf9e5, deviceId = 0, next = null } }: A2dpServiceBinder
05-29 03:01:56.915  2157  2171 I shsusrd : shsusr_check_cpu_usage(): Output of /proc/2157/stat/ : 2157 (shsusrd0) S 1 2157 0 0 -1 1077936384 1259512 0 4301 0 4395 18544 0 0 20 0 11 0 811 2502557696 650 18446744073709551615 382806614016 382806872472 549425071456 0 0 0 0 0 1073794810 0 0 0 17 3 0 0 0 0 0 382806895552 382806896488 382814031872 549425072205 549425072248 549425072248 549425078237 0
05-29 03:01:56.915  2157  2171 I shsusrd : 
05-29 03:01:56.915  2157  2171 I shsusrd : shsusr_check_cpu_usage(): utime 4395 stime 18544 cpu_time_last 22938
05-29 03:01:56.915  2157  2171 I shsusrd : shsusr_check_cpu_usage(): user time = 4395 | system time = 18544 | total = 22939 | cpu_time_delta = 1, clk_tck 100
05-29 03:01:56.915  2157  2171 I shsusrd : shsusr_check_cpu_usage(): time_cur 1780012916 time_last 1780012906
05-29 03:01:56.915  2157  2171 I shsusrd : shsusr_check_cpu_usage(): shsusrd is using 0 pct of CPU - time_delta 10
05-29 03:01:56.916  2157  2171 I shsusrd : shsusr_check_cpu_usage(): shsusrd usage 0
05-29 03:01:56.916  2157  2171 I shsusrd : shsusr_check_cpu_usage_combined(): time_delta for combined : 10 time_cur 1780012916 time_last_combined 1780012906
05-29 03:01:56.916  2157  2171 I shsusrd : shsusr_check_cpu_usage_combined(): Output of /proc/2157/task/2157/stat: 2157 (shsusrd0) S 1 2157 0 0 -1 1077936384 1189 0 10 0 2 0 0 0 20 0 11 0 811 2502557696 650 18446744073709551615 382806614016 382806872472 549425071456 0 0 0 0 0 1073794810 1 0 0 17 3 0 0 0 0 0 382806895552 382806896488 382814031872 549425072205 549425072248 549425072248 549425078237 0
05-29 03:01:56.916  2157  2171 I shsusrd : 
05-29 03:01:56.916  2157  2171 I shsusrd : shsusr_check_cpu_usage_combined(): tid 2157 utime 2 stime 0 time_delta 10 clk_tck 100, usage 0
05-29 03:01:56.916  2157  2171 I shsusrd : shsusr_check_cpu_usage_combined(): Output of /proc/2157/task/2168/stat: 2168 (shsusrd12) S 1 2157 0 0 -1 4194368 1190890 0 1531 0 3552 14029 0 0 20 0 11 0 814 2502557696 650 18446744073709551615 382806614016 382806872472 549425071456 0 0 0 0 0 1073794810 1 0 0 -1 1 0 0 0 0 0 382806895552 382806896488 382814031872 549425072205 549425072248 549425072248 549425078237 0
05-29 03:01:56.916  2157  2171 I shsusrd : 
05-29 03:01:56.916  2157  2171 I shsusrd : shsusr_check_cpu_usage_combined(): tid 2168 utime 3552 stime 14029 time_delta 10 clk_tck 100, usage 1700
05-29 03:01:56.916  2157  2171 I shsusrd : shsusr_check_cpu_usage_combined(): Output of /proc/2157/task/2169/stat: 2169 (shsusrd2) S 1 2157 0 0 -1 4194368 250 0 306 0 3 112 0 0 20 0 11 0 814 2502557696 650 18446744073709551615 382806614016 382806872472 549425071456 0 0 0 0 0 1073794810 1 0 0 -1 6 0 0 0 0 0 382806895552 382806896488 382814031872 549425072205 549425072248 549425072248 549425078237 0
05-29 03:01:56.916  2157  2171 I shsusrd : 
05-29 03:01:56.916  2157  2171 I shsusrd : shsusr_check_cpu_usage_combined(): tid 2169 utime 3 stime 112 time_delta 10 clk_tck 100, usage 0
05-29 03:01:56.917  2157  2171 I shsusrd : shsusr_check_cpu_usage_combined(): Output of /proc/2157/task/2170/stat: 2170 (shsusrd13) S 1 2157 0 0 -1 1077936192 114 0 153 0 119 406 0 0 20 0 11 0 814 2502557696 650 18446744073709551615 382806614016 382806872472 549425071456 0 0 0 0 0 1073794810 1 0 0 -1 2 0 0 0 0 0 382806895552 382806896488 382814031872 549425072205 549425072248 549425072248 549425078237 0
05-29 03:01:56.917  2157  2171 I shsusrd : 
05-29 03:01:56.917  2157  2171 I shsusrd : shsusr_check_cpu_usage_combined(): tid 2170 utime 119 stime 406 time_delta 10 clk_tck 100, usage 0
05-29 03:01:56.917  2157  2171 I shsusrd : shsusr_check_cpu_usage_combined(): Output of /proc/2157/task/2171/stat: 2171 (shsusrd42) R 1 2157 0 0 -1 4194368 274 0 892 0 287 1129 0 0 20 0 11 0 814 2502557696 650 18446744073709551615 382806614016 382806872472 549425071456 0 0 0 0 0 1073794810 0 0 0 -1 1 0 0 0 0 0 382806895552 382806896488 382814031872 549425072205 549425072248 549425072248 549425078237 0
05-29 03:01:56.917  2157  2171 I shsusrd : 
05-29 03:01:56.917  2157  2171 I shsusrd : shsusr_check_cpu_usage_combined(): tid 2171 utime 287 stime 1129 time_delta 10 clk_tck 100, usage 100
05-29 03:01:56.917  2157  2171 I shsusrd : shsusr_check_cpu_usage_combined(): Output of /proc/2157/task/2173/stat: 2173 (shsusrd4) S 1 2157 0 0 -1 4194368 0 0 0 0 1 101 0 0 20 0 11 0 814 2502557696 650 18446744073709551615 382806614016 382806872472 549425071456 0 0 0 0 0 1073794810 1 0 0 -1 1 0 0 0 0 0 382806895552 382806896488 382814031872 549425072205 549425072248 549425072248 549425078237 0
05-29 03:01:56.917  2157  2171 I shsusrd : 
05-29 03:01:56.917  2157  2171 I shsusrd : shsusr_check_cpu_usage_combined(): tid 2173 utime 1 stime 101 time_delta 10 clk_tck 100, usage 0
05-29 03:01:56.917  2157  2171 I shsusrd : shsusr_check_cpu_usage_combined(): Output of /proc/2157/task/2174/stat: 2174 (shsusrd14) S 1 2157 0 0 -1 4194368 173 0 437 0 1 113 0 0 20 0 11 0 814 2502557696 650 18446744073709551615 382806614016 382806872472 549425071456 0 0 0 0 0 1073794810 1 0 0 -1 3 0 0 0 0 0 382806895552 382806896488 382814031872 549425072205 549425072248 549425072248 549425078237 0
05-29 03:01:56.917  2157  2171 I shsusrd : 
05-29 03:01:56.917  2157  2171 I shsusrd : shsusr_check_cpu_usage_combined(): tid 2174 utime 1 stime 113 time_delta 10 clk_tck 100, usage 0
05-29 03:01:56.918  2157  2171 I shsusrd : shsusr_check_cpu_usage_combined(): Output of /proc/2157/task/5007/stat: 5007 (shsusrd14) S 1 2157 0 0 -1 4194368 0 0 21 0 0 114 0 0 20 0 11 0 1936 2502557696 650 18446744073709551615 382806614016 382806872472 549425071456 0 0 0 0 0 1073794810 1 0 0 -1 1 0 0 0 0 0 382806895552 382806896488 382814031872 549425072205 549425072248 549425072248 549425078237 0
05-29 03:01:56.918  2157  2171 I shsusrd : 
05-29 03:01:56.918  2157  2171 I shsusrd : shsusr_check_cpu_usage_combined(): tid 5007 utime 0 stime 114 time_delta 10 clk_tck 100, usage 0
05-29 03:01:56.918  2157  2171 I shsusrd : shsusr_check_cpu_usage_combined(): Output of /proc/2157/task/5080/stat: 5080 (shsusrd7) S 1 2157 0 0 -1 4194368 4 0 21 0 1 107 0 0 20 0 11 0 1966 2502557696 650 18446744073709551615 382806614016 382806872472 549425071456 0 0 0 0 0 1073794810 1 0 0 -1 0 0 0 0 0 0 382806895552 382806896488 382814031872 549425072205 549425072248 549425072248 549425078237 0
05-29 03:01:56.918  2157  2171 I shsusrd : 
