05-29 03:09:07.058  2157  2171 I shsusrd : shsusr_check_cpu_usage_combined(): Output of /proc/2157/task/2169/stat: 2169 (shsusrd2) S 1 2157 0 0 -1 4194368 250 0 306 0 3 112 0 0 20 0 13 0 814 2538266624 654 18446744073709551615 382806614016 382806872472 549425071456 0 0 0 0 0 1073794810 1 0 0 -1 6 0 0 0 0 0 382806895552 382806896488 382814031872 549425072205 549425072248 549425072248 549425078237 0
05-29 03:09:07.058  2157  2171 I shsusrd : 
05-29 03:09:07.058  2157  2171 I shsusrd : shsusr_check_cpu_usage_combined(): tid 2169 utime 3 stime 112 time_delta 10 clk_tck 100, usage 0
05-29 03:09:07.058  2157  2171 I shsusrd : shsusr_check_cpu_usage_combined(): Output of /proc/2157/task/2170/stat: 2170 (shsusrd13) S 1 2157 0 0 -1 1077936192 115 0 154 0 119 409 0 0 20 0 13 0 814 2538266624 654 18446744073709551615 382806614016 382806872472 549425071456 0 0 0 0 0 1073794810 1 0 0 -1 1 0 0 0 0 0 382806895552 382806896488 382814031872 549425072205 549425072248 549425072248 549425078237 0
05-29 03:09:07.058  2157  2171 I shsusrd : 
05-29 03:09:07.058  2157  2171 I shsusrd : shsusr_check_cpu_usage_combined(): tid 2170 utime 119 stime 409 time_delta 10 clk_tck 100, usage 0
05-29 03:09:07.058  2157  2171 I shsusrd : shsusr_check_cpu_usage_combined(): Output of /proc/2157/task/2171/stat: 2171 (shsusrd42) R 1 2157 0 0 -1 4194368 274 0 892 0 291 1138 0 0 20 0 13 0 814 2538266624 654 18446744073709551615 382806614016 382806872472 549425071456 0 0 0 0 0 1073794810 0 0 0 -1 1 0 0 0 0 0 382806895552 382806896488 382814031872 549425072205 549425072248 549425072248 549425078237 0
05-29 03:09:07.058  2157  2171 I shsusrd : 
05-29 03:09:07.058  2157  2171 I shsusrd : shsusr_check_cpu_usage_combined(): tid 2171 utime 291 stime 1138 time_delta 10 clk_tck 100, usage 100
05-29 03:09:07.058  2157  2171 I shsusrd : shsusr_check_cpu_usage_combined(): Output of /proc/2157/task/2173/stat: 2173 (shsusrd4) S 1 2157 0 0 -1 4194368 0 0 0 0 1 101 0 0 20 0 13 0 814 2538266624 654 18446744073709551615 382806614016 382806872472 549425071456 0 0 0 0 0 1073794810 1 0 0 -1 1 0 0 0 0 0 382806895552 382806896488 382814031872 549425072205 549425072248 549425072248 549425078237 0
05-29 03:09:07.058  2157  2171 I shsusrd : 
05-29 03:09:07.059  2157  2171 I shsusrd : shsusr_check_cpu_usage_combined(): tid 2173 utime 1 stime 101 time_delta 10 clk_tck 100, usage 0
05-29 03:09:07.059  2157  2171 I shsusrd : shsusr_check_cpu_usage_combined(): Output of /proc/2157/task/2174/stat: 2174 (shsusrd14) S 1 2157 0 0 -1 4194368 173 0 437 0 1 113 0 0 20 0 13 0 814 2538266624 654 18446744073709551615 382806614016 382806872472 549425071456 0 0 0 0 0 1073794810 1 0 0 -1 3 0 0 0 0 0 382806895552 382806896488 382814031872 549425072205 549425072248 549425072248 549425078237 0
05-29 03:09:07.059  2157  2171 I shsusrd : 
05-29 03:09:07.059  2157  2171 I shsusrd : shsusr_check_cpu_usage_combined(): tid 2174 utime 1 stime 113 time_delta 10 clk_tck 100, usage 0
05-29 03:09:07.059  2157  2171 I shsusrd : shsusr_check_cpu_usage_combined(): Output of /proc/2157/task/5007/stat: 5007 (shsusrd14) S 1 2157 0 0 -1 4194368 0 0 21 0 0 114 0 0 20 0 13 0 1936 2538266624 654 18446744073709551615 382806614016 382806872472 549425071456 0 0 0 0 0 1073794810 1 0 0 -1 1 0 0 0 0 0 382806895552 382806896488 382814031872 549425072205 549425072248 549425072248 549425078237 0
05-29 03:09:07.059  2157  2171 I shsusrd : 
05-29 03:09:07.059  2157  2171 I shsusrd : shsusr_check_cpu_usage_combined(): tid 5007 utime 0 stime 114 time_delta 10 clk_tck 100, usage 0
05-29 03:09:07.059  2157  2171 I shsusrd : shsusr_check_cpu_usage_combined(): Output of /proc/2157/task/5080/stat: 5080 (shsusrd7) S 1 2157 0 0 -1 4194368 4 0 21 0 1 107 0 0 20 0 13 0 1966 2538266624 654 18446744073709551615 382806614016 382806872472 549425071456 0 0 0 0 0 1073794810 1 0 0 -1 0 0 0 0 0 0 382806895552 382806896488 382814031872 549425072205 549425072248 549425072248 549425078237 0
05-29 03:09:07.059  2157  2171 I shsusrd : 
05-29 03:09:07.059  2157  2171 I shsusrd : shsusr_check_cpu_usage_combined(): tid 5080 utime 1 stime 107 time_delta 10 clk_tck 100, usage 0
05-29 03:09:07.059  2157  2171 I shsusrd : shsusr_check_cpu_usage_combined(): Output of /proc/2157/task/5093/stat: 5093 (shsusrd5) S 1 2157 0 0 -1 4194368 15 0 131 0 1 107 0 0 20 0 13 0 1967 2538266624 654 18446744073709551615 382806614016 382806872472 549425071456 0 0 0 0 0 1073794810 1 0 0 -1 1 0 0 0 0 0 382806895552 382806896488 382814031872 549425072205 549425072248 549425072248 549425078237 0
05-29 03:09:07.059  2157  2171 I shsusrd : 
05-29 03:09:07.059  2157  2171 I shsusrd : shsusr_check_cpu_usage_combined(): tid 5093 utime 1 stime 107 time_delta 10 clk_tck 100, usage 0
05-29 03:09:07.059  2157  2171 I shsusrd : shsusr_check_cpu_usage_combined(): Output of /proc/2157/task/10321/stat: 10321 (HwBinder:2157_1) S 1 2157 0 0 -1 1077936192 3 0 0 0 0 0 0 0 20 0 13 0 3014649 2538266624 654 18446744073709551615 382806614016 382806872472 549425071456 0 0 0 0 0 1073794810 1 0 0 -1 1 0 0 0 0 0 382806895552 382806896488 382814031872 549425072205 549425072248 549425072248 549425078237 0
05-29 03:09:07.059  2157  2171 I shsusrd : 
05-29 03:09:07.059  2157  2171 I shsusrd : shsusr_check_cpu_usage_combined(): tid 10321 utime 0 stime 0 time_delta 10 clk_tck 100, usage 0
05-29 03:09:07.059  2157  2171 I shsusrd : shsusr_check_cpu_usage_combined(): Output of /proc/2157/task/9766/stat: 9766 (shsusrd5) S 1 2157 0 0 -1 4194368 2 0 0 0 0 0 0 0 20 0 13 0 6829400 2538266624 654 18446744073709551615 382806614016 382806872472 549425071456 0 0 0 0 0 1073794810 1 0 0 -1 0 0 0 0 0 0 382806895552 382806896488 382814031872 549425072205 549425072248 549425072248 549425078237 0
05-29 03:09:07.059  2157  2171 I shsusrd : 
05-29 03:09:07.059  2157  2171 I shsusrd : shsusr_check_cpu_usage_combined(): tid 9766 utime 0 stime 0 time_delta 10 clk_tck 100, usage 0
05-29 03:09:07.060  2157  2171 I shsusrd : shsusr_check_cpu_usage_combined(): Output of /proc/2157/task/9767/stat: 9767 (shsusrd5) S 1 2157 0 0 -1 4194368 2 0 0 0 0 0 0 0 20 0 13 0 6829401 2538266624 654 18446744073709551615 382806614016 382806872472 549425071456 0 0 0 0 0 1073794810 1 0 0 -1 0 0 0 0 0 0 382806895552 382806896488 382814031872 549425072205 549425072248 549425072248 549425078237 0
05-29 03:09:07.060  2157  2171 I shsusrd : 
05-29 03:09:07.060  2157  2171 I shsusrd : shsusr_check_cpu_usage_combined(): tid 9767 utime 0 stime 0 time_delta 10 clk_tck 100, usage 0
05-29 03:09:07.060  2157  2171 I shsusrd : shsusr_check_cpu_usage_combined(): Combined CPU usage: total_utime 3988 total_stime 16295 total_cpu_time_seconds 0.00, clk_tck 100
05-29 03:09:07.060  2157  2171 I shsusrd : shsusr_check_cpu_usage_combined(): Combined shsusrd usage 0
05-29 03:09:07.060  2157  2171 I shsusrd : shsusr_check_cpu_usage_combined(): Combined shsusrd usage FINAL 0
05-29 03:09:07.090  4967  5090 I HoneySpace.StatusIconTracker: invokeEvent() called with: event = Mobile(bundle=Bundle[mParcelledData.dataSize=256])
05-29 03:09:07.106  1845  2090 I VSyncReactor: Current= 24, Period= 24, hwcPeriod= 24
05-29 03:09:07.114  1845  2128 D DisplayModeController: setDesiredMode 4630947118961383299 {mode={fps=120.00 Hz, modePtr={id=0, vsyncRate=120.00 Hz, peakRefreshRate=120.00 Hz}}, emitEvent=true, force=false}
05-29 03:09:07.133  1685  1755 E minksocket: MinkIPC_QRTR_Service: client with node 1 port 6f65 went down
05-29 03:09:07.133  1685  1755 E minksocket: MinkIPC_QRTR_Service: client with node 1 port 6f69 went down
05-29 03:09:07.133  1685  1759 E minksocket: MinkIPC_QRTR_Service: client with node 1 port 6f65 went down
05-29 03:09:07.133  1685  1759 E minksocket: MinkIPC_QRTR_Service: client with node 1 port 6f69 went down
05-29 03:09:07.140  1845  1845 I LayerHistory: StatusBar$_4422#107 voted NoVote (0.00 Hz)
05-29 03:09:07.141  1845  1845 I SurfaceFlinger: No layers with votes - choose 120.00 Hz
05-29 03:09:07.141  1845  1845 I HWComposer: [4630947118961383299] ActiveConfigToHWC, ID : 0
05-29 03:09:07.143  1773  2103 I SDM     : HWDeviceDRM::SetDisplaySwitchMode: [DispConfigs] check hs_mode 3
05-29 03:09:07.143  1773  2103 W SDM     : HWDeviceDRM::GetSupportedBitClkRate: Requested rate not supported: 951080000
05-29 03:09:07.143  1773  2103 I SDM     : HWDeviceDRM::SetDisplaySwitchMode: [DispConfigs] Set mode index:0 1080x2340x120xcmdHS, hs_mode(3), found_mode(0)
05-29 03:09:07.143  1773  2103 I SDM     : HWDeviceDRM::UpdateMixerAttributes: Mixer WxH 1080x2340-1 for Peripheral
05-29 03:09:07.144  1773  2103 I SDM     : HWCDisplay::SubmitDisplayConfig: Active configuration changed from config 8 to 0
05-29 03:09:07.148  1845  2090 I VSyncReactor: Current= 24, Period= 120, hwcPeriod= 120
05-29 03:09:07.181  1845  1845 I SurfaceFlinger: finalizeDisplayModeChange 4630947118961383299
05-29 03:09:07.247  1837  1848 E HeatmapThread: ECT Thread time in milliseconds: 1780013347
05-29 03:09:07.253  1837  1848 D HeatmapThread: !@ batteryplugType : 2
05-29 03:09:07.254  1837  1848 D HeatmapThread: !@ batteryLevel : 73  batteryTemperature : 355 
05-29 03:09:07.254  1837  1848 D HeatmapThread: !@ Heatmap currtime: 29666889
05-29 03:09:07.254  1837  1848 D HeatmapThread: !@ Heatmap prevtime: 29666861
05-29 03:09:07.254  1837  1848 D HeatmapThread: !@ Heatmap plugstarttime: 29666846
05-29 03:09:07.254  1837  1848 D HeatmapThread: !@ Heatmap prevv_dsoh_update_time: 29666802
05-29 03:09:07.254  1837  1848 E HeatmapThread: !@ CAM New BSOH: 97
05-29 03:09:07.391  1845  2128 D DisplayModeController: setDesiredMode 4630947118961383299 {mode={fps=24.00 Hz, modePtr={id=5, vsyncRate=24.00 Hz, peakRefreshRate=24.00 Hz}}, emitEvent=false, force=false}
05-29 03:09:07.395  1845  1845 I LayerHistory: StatusBar$_4422#107 voted NoVote (0.00 Hz)
05-29 03:09:07.395  1845  1845 I SurfaceFlinger: Idle - choose 24.00 Hz
05-29 03:09:07.396  1845  1845 I HWComposer: [4630947118961383299] ActiveConfigToHWC, ID : 8
05-29 03:09:07.398  1845  2090 I VSyncReactor: Current= 120, Period= 24, hwcPeriod= 24
05-29 03:09:07.398  1773  2103 I SDM     : HWDeviceDRM::SetDisplaySwitchMode: [DispConfigs] check hs_mode 3
05-29 03:09:07.399  1773  2103 W SDM     : HWDeviceDRM::GetSupportedBitClkRate: Requested rate not supported: 951080000
05-29 03:09:07.399  1773  2103 W SDM     : HWDeviceDRM::GetSupportedBitClkRate: Requested rate not supported: 951080000
05-29 03:09:07.399  1773  2103 I SDM     : HWDeviceDRM::SetDisplaySwitchMode: [DispConfigs] Set mode index:9 1080x2340x24xcmdPHS, hs_mode(3), found_mode(1)
05-29 03:09:07.399  1773  2103 I SDM     : HWDeviceDRM::UpdateMixerAttributes: Mixer WxH 1080x2340-1 for Peripheral
05-29 03:09:07.399  1773  2103 I SDM     : HWCDisplay::SubmitDisplayConfig: Active configuration changed from config 0 to 8
05-29 03:09:07.402  1845  1845 I SurfaceFlinger: finalizeDisplayModeChange 4630947118961383299
05-29 03:09:07.431  1685  1755 E minksocket: MinkIPC_QRTR_Service: client with node 1 port 6f6e went down
05-29 03:09:07.431  1685  1759 E minksocket: MinkIPC_QRTR_Service: client with node 1 port 6f6e went down
05-29 03:09:07.433  1685  1759 E minksocket: MinkIPC_QRTR_Service: client with node 1 port 6f6f went down
05-29 03:09:07.433  1685  1755 E minksocket: MinkIPC_QRTR_Service: client with node 1 port 6f6f went down
05-29 03:09:07.435  1685  1759 E minksocket: MinkIPC_QRTR_Service: client with node 1 port 6f70 went down
05-29 03:09:07.435  1685  1755 E minksocket: MinkIPC_QRTR_Service: client with node 1 port 6f70 went down
05-29 03:09:07.436  1685  1759 E minksocket: MinkIPC_QRTR_Service: client with node 1 port 6f71 went down
05-29 03:09:07.436  1685  1755 E minksocket: MinkIPC_QRTR_Service: client with node 1 port 6f71 went down
05-29 03:09:07.455  2994  3052 E AudioPathHelper: (Berry)(1.16)handleAudioPathTask() : can't get dual play mode - Need android.permission.BLUETOOTH_CONNECT permission for AttributionSource { uid = 1002, packageName = com.android.bluetooth, attributionTag = null, token = android.os.Binder@792f66, deviceId = 0, next = AttributionSource { uid = 10282, packageName = com.samsung.accessory.berrymgr, attributionTag = null, token = android.os.BinderProxy@8cec879, deviceId = 0, next = null } }: A2dpServiceBinder
05-29 03:09:08.095  4967  5090 I HoneySpace.StatusIconTracker: invokeEvent() called with: event = Mobile(bundle=Bundle[mParcelledData.dataSize=256])
05-29 03:09:08.124  1845  2090 I VSyncReactor: Current= 24, Period= 24, hwcPeriod= 24
05-29 03:09:08.132  1845  2128 D DisplayModeController: setDesiredMode 4630947118961383299 {mode={fps=120.00 Hz, modePtr={id=0, vsyncRate=120.00 Hz, peakRefreshRate=120.00 Hz}}, emitEvent=true, force=false}
05-29 03:09:08.158  1845  1845 I LayerHistory: StatusBar$_4422#107 voted NoVote (0.00 Hz)
05-29 03:09:08.158  1845  1845 I SurfaceFlinger: No layers with votes - choose 120.00 Hz
05-29 03:09:08.158  1845  1845 I HWComposer: [4630947118961383299] ActiveConfigToHWC, ID : 0
05-29 03:09:08.160  1773  2103 I SDM     : HWDeviceDRM::SetDisplaySwitchMode: [DispConfigs] check hs_mode 3
05-29 03:09:08.160  1773  2103 W SDM     : HWDeviceDRM::GetSupportedBitClkRate: Requested rate not supported: 951080000
05-29 03:09:08.160  1773  2103 I SDM     : HWDeviceDRM::SetDisplaySwitchMode: [DispConfigs] Set mode index:0 1080x2340x120xcmdHS, hs_mode(3), found_mode(0)
05-29 03:09:08.160  1773  2103 I SDM     : HWDeviceDRM::UpdateMixerAttributes: Mixer WxH 1080x2340-1 for Peripheral
05-29 03:09:08.160  1773  2103 I SDM     : HWCDisplay::SubmitDisplayConfig: Active configuration changed from config 8 to 0
05-29 03:09:08.165  1845  2090 I VSyncReactor: Current= 24, Period= 120, hwcPeriod= 120
05-29 03:09:08.198  1845  1845 I SurfaceFlinger: finalizeDisplayModeChange 4630947118961383299
05-29 03:09:08.247  1837  1848 E HeatmapThread: ECT Thread time in milliseconds: 1780013348
05-29 03:09:08.251  1837  1848 D HeatmapThread: !@ batteryplugType : 2
05-29 03:09:08.251  1837  1848 D HeatmapThread: !@ batteryLevel : 73  batteryTemperature : 355 
05-29 03:09:08.251  1837  1848 D HeatmapThread: !@ Heatmap currtime: 29666889
05-29 03:09:08.251  1837  1848 D HeatmapThread: !@ Heatmap prevtime: 29666861
05-29 03:09:08.251  1837  1848 D HeatmapThread: !@ Heatmap plugstarttime: 29666846
05-29 03:09:08.251  1837  1848 D HeatmapThread: !@ Heatmap prevv_dsoh_update_time: 29666802
05-29 03:09:08.251  1837  1848 E HeatmapThread: !@ CAM New BSOH: 97
05-29 03:09:08.408  1845  2128 D DisplayModeController: setDesiredMode 4630947118961383299 {mode={fps=24.00 Hz, modePtr={id=5, vsyncRate=24.00 Hz, peakRefreshRate=24.00 Hz}}, emitEvent=false, force=false}
05-29 03:09:08.410  1845  1845 I LayerHistory: StatusBar$_4422#107 voted NoVote (0.00 Hz)
05-29 03:09:08.410  1845  1845 I SurfaceFlinger: Idle - choose 24.00 Hz
05-29 03:09:08.410  1845  1845 I HWComposer: [4630947118961383299] ActiveConfigToHWC, ID : 8
05-29 03:09:08.411  1773  2103 I SDM     : HWDeviceDRM::SetDisplaySwitchMode: [DispConfigs] check hs_mode 3
05-29 03:09:08.411  1773  2103 W SDM     : HWDeviceDRM::GetSupportedBitClkRate: Requested rate not supported: 951080000
05-29 03:09:08.411  1773  2103 W SDM     : HWDeviceDRM::GetSupportedBitClkRate: Requested rate not supported: 951080000
05-29 03:09:08.411  1773  2103 I SDM     : HWDeviceDRM::SetDisplaySwitchMode: [DispConfigs] Set mode index:9 1080x2340x24xcmdPHS, hs_mode(3), found_mode(1)
05-29 03:09:08.412  1773  2103 I SDM     : HWDeviceDRM::UpdateMixerAttributes: Mixer WxH 1080x2340-1 for Peripheral
05-29 03:09:08.412  1773  2103 I SDM     : HWCDisplay::SubmitDisplayConfig: Active configuration changed from config 0 to 8
05-29 03:09:08.415  1845  1845 I SurfaceFlinger: finalizeDisplayModeChange 4630947118961383299
05-29 03:09:08.415  1845  2090 I VSyncReactor: Current= 120, Period= 24, hwcPeriod= 24
05-29 03:09:08.447  2878  3256 D BatteryExternalStatsWorker: update stats : procstate-change (14)
05-29 03:09:08.448  2878  3256 D BatteryExternalStatsWorker: Fetch WiFi data
05-29 03:09:08.448  2878  3256 D BatteryExternalStatsWorker: Update Rail Energy data
05-29 03:09:08.448  2878  3256 D BatteryExternalStatsWorker: mStats lock released
05-29 03:09:08.449  2878  3256 D BatteryExternalStatsWorker: done updateExternalStatsLocked
05-29 03:09:08.460  2994  3052 E AudioPathHelper: (Berry)(1.16)handleAudioPathTask() : can't get dual play mode - Need android.permission.BLUETOOTH_CONNECT permission for AttributionSource { uid = 1002, packageName = com.android.bluetooth, attributionTag = null, token = android.os.Binder@792f66, deviceId = 0, next = AttributionSource { uid = 10282, packageName = com.samsung.accessory.berrymgr, attributionTag = null, token = android.os.BinderProxy@8cec879, deviceId = 0, next = null } }: A2dpServiceBinder
05-29 03:09:08.508  1156  1156 D io_stats: !@   8,0 r 27455598 453463922 w 4480010 82412784 d 784519 315777196 f 119842 489593 iot 7618888 0 th 0 0 0 pt 0 inp 0 0 56351.874
05-29 03:09:09.094  2878  7186 W JobInfo : Job 'ru.yandex.music/com.yandex.passport.internal.push.PassportPushRegistrationService#542961' has a deadline with no functional constraints. The deadline won't improve job execution latency. Consider removing the deadline.
05-29 03:09:09.102  2878  7186 I ActivityManager: Changes in 10335 19 to 8, 0 to 128
05-29 03:09:09.149  2878  3971 D NetdEventListenerService: DNS Requested by 125, 10335(ru.yandex.music), SUCCESS, 4ms
05-29 03:09:09.183  2878  3971 D NetdEventListenerService: DNS Requested by 125, 10335(ru.yandex.music), SUCCESS, 2ms
05-29 03:09:09.248  1837  1848 E HeatmapThread: ECT Thread time in milliseconds: 1780013349
05-29 03:09:09.252  1837  1848 D HeatmapThread: !@ batteryplugType : 2
05-29 03:09:09.252  1837  1848 D HeatmapThread: !@ batteryLevel : 73  batteryTemperature : 355 
05-29 03:09:09.252  1837  1848 D HeatmapThread: !@ Heatmap currtime: 29666889
05-29 03:09:09.252  1837  1848 D HeatmapThread: !@ Heatmap prevtime: 29666861
05-29 03:09:09.252  1837  1848 D HeatmapThread: !@ Heatmap plugstarttime: 29666846
05-29 03:09:09.253  1837  1848 D HeatmapThread: !@ Heatmap prevv_dsoh_update_time: 29666802
05-29 03:09:09.253  1837  1848 E HeatmapThread: !@ CAM New BSOH: 97
05-29 03:09:09.351  1685  1755 E minksocket: MinkIPC_QRTR_Service: client with node 1 port 6f72 went down
05-29 03:09:09.351  1685  1759 E minksocket: MinkIPC_QRTR_Service: client with node 1 port 6f72 went down
05-29 03:09:09.353  1685  1755 E minksocket: MinkIPC_QRTR_Service: client with node 1 port 6f73 went down
05-29 03:09:09.353  1685  1759 E minksocket: MinkIPC_QRTR_Service: client with node 1 port 6f73 went down
05-29 03:09:09.355  1685  1755 E minksocket: MinkIPC_QRTR_Service: client with node 1 port 6f74 went down
05-29 03:09:09.355  1685  1759 E minksocket: MinkIPC_QRTR_Service: client with node 1 port 6f74 went down
05-29 03:09:09.358  1685  1755 E minksocket: MinkIPC_QRTR_Service: client with node 1 port 6f76 went down
05-29 03:09:09.358  1685  1759 E minksocket: MinkIPC_QRTR_Service: client with node 1 port 6f76 went down
05-29 03:09:09.359  1685  1755 E minksocket: MinkIPC_QRTR_Service: client with node 1 port 6f77 went down
05-29 03:09:09.359  1685  1759 E minksocket: MinkIPC_QRTR_Service: client with node 1 port 6f77 went down
05-29 03:09:09.360  1685  1755 E minksocket: MinkIPC_QRTR_Service: client with node 1 port 6f78 went down
05-29 03:09:09.361  1685  1759 E minksocket: MinkIPC_QRTR_Service: client with node 1 port 6f78 went down
05-29 03:09:09.464  2994  3052 E AudioPathHelper: (Berry)(1.16)handleAudioPathTask() : can't get dual play mode - Need android.permission.BLUETOOTH_CONNECT permission for AttributionSource { uid = 1002, packageName = com.android.bluetooth, attributionTag = null, token = android.os.Binder@792f66, deviceId = 0, next = AttributionSource { uid = 10282, packageName = com.samsung.accessory.berrymgr, attributionTag = null, token = android.os.BinderProxy@8cec879, deviceId = 0, next = null } }: A2dpServiceBinder
05-29 03:09:09.598  2878  5567 I NSLocationMonitor: getGPSUsingApps() called
05-29 03:09:09.598  5566  5595 I NSLocationManager_FLP: getGPSUsingApps, No change
05-29 03:09:09.618  2878  5567 D FreecessController: FZ : com.huawei.health(10307) [11414, 8908] reason: Bg [cached:X
05-29 03:09:09.618  2878  5567 D FreecessHandler: freeze com.huawei.health(10307) result : 0
05-29 03:09:09.619  2878  5567 W LocationManagerService: onFreezeStateChanged, uid[10307]=true
05-29 03:09:09.619  2878  5567 I PowerManagerService: [PWL] SetWakeLockEnableDisable uid = 10307 , disable= true
05-29 03:09:09.619  2878  5567 I PowerManagerService: [PWL] can not change uid =  10307
05-29 03:09:09.619  4729  5406 I bt_shim_scanner: system/main/shim/le_scanning_manager.cc:197 ScanFilterParamSetup: in shim layer, clientIf=13
05-29 03:09:09.620  1694  1694 D vendor.qti.bluetooth@1.1-ibs_handler: SerialClockVote: vote for UART CLK ON
05-29 03:09:09.620  4729  5406 I bt_shim_scanner: system/main/shim/le_scanning_manager.cc:151 Scan: in shim layer stopped
05-29 03:09:09.621  1694  1694 D vendor.qti.bluetooth@1.1-wake_lock: Acquire wakelock is acquired 
05-29 03:09:09.621  1694  1694 I vendor.qti.bluetooth@1.1-ibs_handler: DeviceWakeUp: Writing IBS_WAKE_IND
05-29 03:09:09.621  4729  5406 I bt_shim_scanner: system/main/shim/le_scanning_manager.cc:335 SetScanParameters: in shim layer, scannerId1m=1, scannerIdCoded=0
05-29 03:09:09.621  4729  5406 W bt_shim_scanner: system/main/shim/le_scanning_manager.cc:365 SetScanParameters: Set scan params scan_int_1m : 1860.625, scan_win_1m : 202.5, Duty : 10.88% | scan_int_coded : 0, scan_win_coded : 0, Duty : nan%
05-29 03:09:09.621  4729  5406 I bt_shim_scanner: system/main/shim/le_scanning_manager.cc:151 Scan: in shim layer started
05-29 03:09:09.621  1694  5377 I vendor.qti.bluetooth@1.1-ibs_handler: ProcessIbsCmd: Received IBS_WAKE_ACK: 0xFC
05-29 03:09:09.621  1694  5377 I vendor.qti.bluetooth@1.1-ibs_handler: ProcessIbsCmd: Signal wack_cond_
05-29 03:09:09.621  1694  1694 D vendor.qti.bluetooth@1.1-ibs_handler: DeviceWakeUp: Unblocked from waiting for FC, pthread_cond_timedwait ret = 0
05-29 03:09:09.622  4729  5406 E ScanManager: [GSIM LOG]: gsimLogHandler, msg: MESSAGE_SCAN_STOP, appName: com.huawei.health, scannerId: 13, reportDelayMillis=0
05-29 03:09:09.622  4729  5131 W bluetooth: system/gd/hci/le_scanning_manager.cc:716 scan: address_manager_registered_
05-29 03:09:09.622  1694  5377 I vendor.qti.bluetooth@1.1-ibs_handler: ProcessIbsCmd: Received IBS_WAKE_IND: 0xFD
05-29 03:09:09.622  1694  5377 I vendor.qti.bluetooth@1.1-ibs_handler: ProcessIbsCmd: Writing IBS_WAKE_ACK
05-29 03:09:09.622  4729  5131 W bluetooth: system/gd/hci/le_scanning_manager.cc:768 stop_scan: stop_scan
05-29 03:09:09.622  4729  5131 I bluetooth: system/gd/hci/le_address_manager.cc:278 unregister_client: Client unregistered
05-29 03:09:09.622  4729  5131 I bluetooth: system/gd/hci/le_scanning_manager.cc:765 stop_scan: Scanning already stopped, return!
05-29 03:09:09.622  4729  5131 W bluetooth: system/gd/hci/le_scanning_manager.cc:732 start_scan: start_scan
05-29 03:09:09.623  4729  5131 W bluetooth: system/gd/hci/le_scanning_manager.cc:735 start_scan: Register address manager
05-29 03:09:09.623  4729  5131 I bluetooth: system/gd/hci/le_address_manager.cc:263 register_client: Client registered
05-29 03:09:09.680  1694  5377 I vendor.qti.bluetooth@1.1-ibs_handler: ProcessIbsCmd: Received IBS_SLEEP_IND: 0xFE
05-29 03:09:09.705  2878  4135 I ActivityManager: Changes in 10335 8 to 10, 128 to 0
05-29 03:09:09.717  1845  2090 I VSyncReactor: Current= 24, Period= 24, hwcPeriod= 24
05-29 03:09:09.956  1685  1755 E minksocket: MinkIPC_QRTR_Service: client with node 1 port 6f7a went down
05-29 03:09:09.956  1685  1759 E minksocket: MinkIPC_QRTR_Service: client with node 1 port 6f7a went down
05-29 03:09:09.959  1685  1755 E minksocket: MinkIPC_QRTR_Service: client with node 1 port 6f7b went down
05-29 03:09:09.959  1685  1759 E minksocket: MinkIPC_QRTR_Service: client with node 1 port 6f7b went down
05-29 03:09:09.961  1685  1755 E minksocket: MinkIPC_QRTR_Service: client with node 1 port 6f7c went down
05-29 03:09:09.961  1685  1759 E minksocket: MinkIPC_QRTR_Service: client with node 1 port 6f7c went down
05-29 03:09:09.963  1685  1755 E minksocket: MinkIPC_QRTR_Service: client with node 1 port 6f7d went down
05-29 03:09:09.963  1685  1759 E minksocket: MinkIPC_QRTR_Service: client with node 1 port 6f7d went down
05-29 03:09:10.110  4967  5090 I HoneySpace.StatusIconTracker: invokeEvent() called with: event = Mobile(bundle=Bundle[mParcelledData.dataSize=256])
05-29 03:09:10.143  1845  2128 D DisplayModeController: setDesiredMode 4630947118961383299 {mode={fps=120.00 Hz, modePtr={id=0, vsyncRate=120.00 Hz, peakRefreshRate=120.00 Hz}}, emitEvent=true, force=false}
05-29 03:09:10.168  1845  1845 I SurfaceFlinger: No layers with votes - choose 120.00 Hz
05-29 03:09:10.170  1845  1845 I HWComposer: [4630947118961383299] ActiveConfigToHWC, ID : 0
05-29 03:09:10.171  1773  2103 I SDM     : HWDeviceDRM::SetDisplaySwitchMode: [DispConfigs] check hs_mode 3
05-29 03:09:10.171  1773  2103 W SDM     : HWDeviceDRM::GetSupportedBitClkRate: Requested rate not supported: 951080000
05-29 03:09:10.171  1773  2103 I SDM     : HWDeviceDRM::SetDisplaySwitchMode: [DispConfigs] Set mode index:0 1080x2340x120xcmdHS, hs_mode(3), found_mode(0)
05-29 03:09:10.172  1773  2103 I SDM     : HWDeviceDRM::UpdateMixerAttributes: Mixer WxH 1080x2340-1 for Peripheral
05-29 03:09:10.172  1773  2103 I SDM     : HWCDisplay::SubmitDisplayConfig: Active configuration changed from config 8 to 0
05-29 03:09:10.177  1845  2090 I VSyncReactor: Current= 24, Period= 120, hwcPeriod= 120
05-29 03:09:10.208  1845  1845 I SurfaceFlinger: finalizeDisplayModeChange 4630947118961383299
05-29 03:09:10.219  1718  5457 I sensors-hal: handle_sns_client_event:190, auto_rotation_debug_2 mode,255, type,1,0 acc,0.306,0.067,9.820, ar,0, ver,14, pedo,1,e,1,i,3
05-29 03:09:10.247  1837  1848 E HeatmapThread: ECT Thread time in milliseconds: 1780013350
05-29 03:09:10.251  1837  1848 D HeatmapThread: !@ batteryplugType : 2
05-29 03:09:10.251  1837  1848 D HeatmapThread: !@ batteryLevel : 73  batteryTemperature : 355 
05-29 03:09:10.251  1837  1848 D HeatmapThread: !@ Heatmap currtime: 29666889
05-29 03:09:10.251  1837  1848 D HeatmapThread: !@ Heatmap prevtime: 29666861
05-29 03:09:10.251  1837  1848 D HeatmapThread: !@ Heatmap plugstarttime: 29666846
05-29 03:09:10.251  1837  1848 D HeatmapThread: !@ Heatmap prevv_dsoh_update_time: 29666802
05-29 03:09:10.251  1837  1848 E HeatmapThread: !@ CAM New BSOH: 97
05-29 03:09:10.418  1845  2128 D DisplayModeController: setDesiredMode 4630947118961383299 {mode={fps=24.00 Hz, modePtr={id=5, vsyncRate=24.00 Hz, peakRefreshRate=24.00 Hz}}, emitEvent=false, force=false}
05-29 03:09:10.422  1845  1845 I LayerHistory: StatusBar$_4422#107 voted NoVote (0.00 Hz)
05-29 03:09:10.422  1845  1845 I SurfaceFlinger: Idle - choose 24.00 Hz
05-29 03:09:10.422  1845  1845 I HWComposer: [4630947118961383299] ActiveConfigToHWC, ID : 8
05-29 03:09:10.424  1773  2103 I SDM     : HWDeviceDRM::SetDisplaySwitchMode: [DispConfigs] check hs_mode 3
05-29 03:09:10.424  1773  2103 W SDM     : HWDeviceDRM::GetSupportedBitClkRate: Requested rate not supported: 951080000
05-29 03:09:10.424  1773  2103 W SDM     : HWDeviceDRM::GetSupportedBitClkRate: Requested rate not supported: 951080000
05-29 03:09:10.424  1773  2103 I SDM     : HWDeviceDRM::SetDisplaySwitchMode: [DispConfigs] Set mode index:9 1080x2340x24xcmdPHS, hs_mode(3), found_mode(1)
05-29 03:09:10.424  1773  2103 I SDM     : HWDeviceDRM::UpdateMixerAttributes: Mixer WxH 1080x2340-1 for Peripheral
05-29 03:09:10.424  1773  2103 I SDM     : HWCDisplay::SubmitDisplayConfig: Active configuration changed from config 0 to 8
05-29 03:09:10.426  1845  2090 I VSyncReactor: Current= 120, Period= 24, hwcPeriod= 24
05-29 03:09:10.427  1845  1845 I SurfaceFlinger: finalizeDisplayModeChange 4630947118961383299
05-29 03:09:10.469  2994  3052 E AudioPathHelper: (Berry)(1.16)handleAudioPathTask() : can't get dual play mode - Need android.permission.BLUETOOTH_CONNECT permission for AttributionSource { uid = 1002, packageName = com.android.bluetooth, attributionTag = null, token = android.os.Binder@792f66, deviceId = 0, next = AttributionSource { uid = 10282, packageName = com.samsung.accessory.berrymgr, attributionTag = null, token = android.os.BinderProxy@8cec879, deviceId = 0, next = null } }: A2dpServiceBinder
05-29 03:09:10.508  1156  1156 D io_stats: !@   8,0 r 27455603 453463942 w 4480116 82413508 d 784519 315777196 f 119847 489613 iot 7618984 0 th 0 0 0 pt 0 inp 0 0 56353.875
05-29 03:09:10.509  1156  1156 D io_stats: !@ Read_top(KB): .music:passport(9460) 20 android.vending(16687) 8
05-29 03:09:10.509  1156  1156 D io_stats: !@ Write_top(KB): kworker/u16:5(7826) 396 usic:AppMetrica(9471) 236 main(9417) 12
05-29 03:09:10.536  2878  4676 D CompatChangeReporter: Compat change id reported: 161145287; UID 10224; state: ENABLED
05-29 03:09:10.556  4005  4156 D SatelliteController: isInCarrierRoamingNbIotNtn: satellite is disabled
05-29 03:09:10.639  1694  5378 I vendor.qti.bluetooth@1.1-ibs_handler: DeviceSleep: TX Awake, Sending SLEEP_IND
05-29 03:09:10.639  1694  5378 D vendor.qti.bluetooth@1.1-ibs_handler: SerialClockVote: vote for UART CLK OFF
05-29 03:09:10.756  1685  1755 E minksocket: MinkIPC_QRTR_Service: client with node 1 port 6f75 went down
05-29 03:09:10.756  1685  1759 E minksocket: MinkIPC_QRTR_Service: client with node 1 port 6f75 went down
05-29 03:09:10.757  1685  1755 E minksocket: MinkIPC_QRTR_Service: client with node 1 port 6f79 went down
05-29 03:09:10.757  1685  1759 E minksocket: MinkIPC_QRTR_Service: client with node 1 port 6f79 went down
05-29 03:09:10.789  1694  5143 D vendor.qti.bluetooth@1.1-wake_lock: Release wakelock is released 
05-29 03:09:11.040  2878  5567 I NSLocationMonitor: getGPSUsingApps() called
05-29 03:09:11.041  5566  5595 I NSLocationManager_FLP: getGPSUsingApps, No change
05-29 03:09:11.051  2878  5567 D FreecessHandler: freeze com.duckduckgo.mobile.android(10067) result : 2
05-29 03:09:11.056  1685  1755 E minksocket: MinkIPC_QRTR_Service: client with node 1 port 6f7e went down
05-29 03:09:11.056  1685  1759 E minksocket: MinkIPC_QRTR_Service: client with node 1 port 6f7e went down
05-29 03:09:11.056  1685  1755 E minksocket: MinkIPC_QRTR_Service: client with node 1 port 6f7f went down
05-29 03:09:11.057  1685  1759 E minksocket: MinkIPC_QRTR_Service: client with node 1 port 6f7f went down
05-29 03:09:11.060  1685  1755 E minksocket: MinkIPC_QRTR_Service: client with node 1 port 6f80 went down
05-29 03:09:11.060  1685  1759 E minksocket: MinkIPC_QRTR_Service: client with node 1 port 6f80 went down
05-29 03:09:11.063  1685  1755 E minksocket: MinkIPC_QRTR_Service: client with node 1 port 6f81 went down
05-29 03:09:11.063  1685  1759 E minksocket: MinkIPC_QRTR_Service: client with node 1 port 6f81 went down
05-29 03:09:11.117  4967  5090 I HoneySpace.StatusIconTracker: invokeEvent() called with: event = Mobile(bundle=Bundle[mParcelledData.dataSize=256])
05-29 03:09:11.144  1845  2090 I VSyncReactor: Current= 24, Period= 24, hwcPeriod= 24
05-29 03:09:11.153  1845  2128 D DisplayModeController: setDesiredMode 4630947118961383299 {mode={fps=120.00 Hz, modePtr={id=0, vsyncRate=120.00 Hz, peakRefreshRate=120.00 Hz}}, emitEvent=true, force=false}
05-29 03:09:11.179  1845  1845 I LayerHistory: StatusBar$_4422#107 voted NoVote (0.00 Hz)
05-29 03:09:11.179  1845  1845 I SurfaceFlinger: No layers with votes - choose 120.00 Hz
05-29 03:09:11.180  1845  1845 I HWComposer: [4630947118961383299] ActiveConfigToHWC, ID : 0
05-29 03:09:11.182  1773  2103 I SDM     : HWDeviceDRM::SetDisplaySwitchMode: [DispConfigs] check hs_mode 3
05-29 03:09:11.182  1773  2103 W SDM     : HWDeviceDRM::GetSupportedBitClkRate: Requested rate not supported: 951080000
05-29 03:09:11.182  1773  2103 I SDM     : HWDeviceDRM::SetDisplaySwitchMode: [DispConfigs] Set mode index:0 1080x2340x120xcmdHS, hs_mode(3), found_mode(0)
05-29 03:09:11.183  1773  2103 I SDM     : HWDeviceDRM::UpdateMixerAttributes: Mixer WxH 1080x2340-1 for Peripheral
05-29 03:09:11.183  1773  2103 I SDM     : HWCDisplay::SubmitDisplayConfig: Active configuration changed from config 8 to 0
05-29 03:09:11.185  1845  2090 I VSyncReactor: Current= 24, Period= 120, hwcPeriod= 120
05-29 03:09:11.219  1845  1845 I SurfaceFlinger: finalizeDisplayModeChange 4630947118961383299
05-29 03:09:11.247  1837  1848 E HeatmapThread: ECT Thread time in milliseconds: 1780013351
05-29 03:09:11.251  1837  1848 D HeatmapThread: !@ batteryplugType : 2
05-29 03:09:11.251  1837  1848 D HeatmapThread: !@ batteryLevel : 73  batteryTemperature : 355 
05-29 03:09:11.251  1837  1848 D HeatmapThread: !@ Heatmap currtime: 29666889
05-29 03:09:11.251  1837  1848 D HeatmapThread: !@ Heatmap prevtime: 29666861
05-29 03:09:11.251  1837  1848 D HeatmapThread: !@ Heatmap plugstarttime: 29666846
05-29 03:09:11.252  1837  1848 D HeatmapThread: !@ Heatmap prevv_dsoh_update_time: 29666802
05-29 03:09:11.252  1837  1848 E HeatmapThread: !@ CAM New BSOH: 97
05-29 03:09:11.429  1845  2128 D DisplayModeController: setDesiredMode 4630947118961383299 {mode={fps=24.00 Hz, modePtr={id=5, vsyncRate=24.00 Hz, peakRefreshRate=24.00 Hz}}, emitEvent=false, force=false}
05-29 03:09:11.431  1845  1845 I LayerHistory: StatusBar$_4422#107 voted NoVote (0.00 Hz)
05-29 03:09:11.431  1845  1845 I SurfaceFlinger: Idle - choose 24.00 Hz
05-29 03:09:11.432  1845  1845 I HWComposer: [4630947118961383299] ActiveConfigToHWC, ID : 8
05-29 03:09:11.433  1773  2103 I SDM     : HWDeviceDRM::SetDisplaySwitchMode: [DispConfigs] check hs_mode 3
05-29 03:09:11.434  1773  2103 W SDM     : HWDeviceDRM::GetSupportedBitClkRate: Requested rate not supported: 951080000
05-29 03:09:11.434  1773  2103 W SDM     : HWDeviceDRM::GetSupportedBitClkRate: Requested rate not supported: 951080000
05-29 03:09:11.434  1773  2103 I SDM     : HWDeviceDRM::SetDisplaySwitchMode: [DispConfigs] Set mode index:9 1080x2340x24xcmdPHS, hs_mode(3), found_mode(1)
05-29 03:09:11.434  1773  2103 I SDM     : HWDeviceDRM::UpdateMixerAttributes: Mixer WxH 1080x2340-1 for Peripheral
05-29 03:09:11.434  1773  2103 I SDM     : HWCDisplay::SubmitDisplayConfig: Active configuration changed from config 0 to 8
05-29 03:09:11.435  1845  2090 I VSyncReactor: Current= 120, Period= 24, hwcPeriod= 24
05-29 03:09:11.437  1845  1845 I SurfaceFlinger: finalizeDisplayModeChange 4630947118961383299
05-29 03:09:11.474  2994  3052 E AudioPathHelper: (Berry)(1.16)handleAudioPathTask() : can't get dual play mode - Need android.permission.BLUETOOTH_CONNECT permission for AttributionSource { uid = 1002, packageName = com.android.bluetooth, attributionTag = null, token = android.os.Binder@792f66, deviceId = 0, next = AttributionSource { uid = 10282, packageName = com.samsung.accessory.berrymgr, attributionTag = null, token = android.os.BinderProxy@8cec879, deviceId = 0, next = null } }: A2dpServiceBinder
05-29 03:09:12.219  7073  7073 I SDHMS:LOAD: type: LoadsFreqs, value: 0:0:0:864000:864000:864000:650111:2054400:614400:220:220:220
05-29 03:09:12.248  1837  1848 E HeatmapThread: ECT Thread time in milliseconds: 1780013352
05-29 03:09:12.252  1837  1848 D HeatmapThread: !@ batteryplugType : 2
05-29 03:09:12.252  1837  1848 D HeatmapThread: !@ batteryLevel : 73  batteryTemperature : 355 
05-29 03:09:12.252  1837  1848 D HeatmapThread: !@ Heatmap currtime: 29666889
05-29 03:09:12.252  1837  1848 D HeatmapThread: !@ Heatmap prevtime: 29666861
05-29 03:09:12.252  1837  1848 D HeatmapThread: !@ Heatmap plugstarttime: 29666846
05-29 03:09:12.252  1837  1848 D HeatmapThread: !@ Heatmap prevv_dsoh_update_time: 29666802
05-29 03:09:12.252  1837  1848 E HeatmapThread: !@ CAM New BSOH: 97
05-29 03:09:12.380  2878  3234 E Watchdog: !@Sync: 1878 heap(MB): 159 / 189 FD: 1333 [2026-05-29 03:09:12.380]
05-29 03:09:12.478  2994  3052 E AudioPathHelper: (Berry)(1.16)handleAudioPathTask() : can't get dual play mode - Need android.permission.BLUETOOTH_CONNECT permission for AttributionSource { uid = 1002, packageName = com.android.bluetooth, attributionTag = null, token = android.os.Binder@792f66, deviceId = 0, next = AttributionSource { uid = 10282, packageName = com.samsung.accessory.berrymgr, attributionTag = null, token = android.os.BinderProxy@8cec879, deviceId = 0, next = null } }: A2dpServiceBinder
05-29 03:09:12.510  1156  1156 D io_stats: !@   8,0 r 27455646 453464178 w 4480118 82413516 d 784519 315777196 f 119847 489613 iot 7619048 0 th 0 0 0 pt 0 inp 0 0 56355.877
05-29 03:09:12.793  7073  8462 I SDHMS:x : SIOP:: AP:371 BAT:355 USB:340 CHG:388 PA:381 CP:-200 WIFI:368 CF:361 BLK:0 SUBBAT:0 SKIN:359 SKINF:359 SKINB:351 LRP:359 LRP2:359 LRF2:359 LRB2:351 AP2:359 CHG2:359 WIFI2:359 UANT2:356 RCV2:356 SPK2:348 FCAM:340 UPSPK:363 DNSPK:339 VAP02:380 VWIFI:371 AMB:346 AMB2:299 AVGCUR:938 AVGSYS:339 POWER:3874
05-29 03:09:12.818  2878  2878 D SemWifiP2pGoPowerSave: GopsReceiver : received : com.samsung.intent.action.CHECK_SIOP_LEVEL
05-29 03:09:12.818  2878  2878 I SemWifiP2pGoPowerSave: siop_level = -1
05-29 03:09:12.820  1718  1718 I sensors-hal: set_config:65, no need to adjust sample_period_ns due to reporting_mode = 2
05-29 03:09:12.820  1718  1718 I sensors-hal: batch:369, android.sensor.light/51, period=200000000, max_latency=0 request completed
05-29 03:09:12.820  1718  1718 I sensors-hal: activate:285, android.sensor.light/51 en=1
05-29 03:09:12.820  1718  1718 I sensors-hal: acquire_ssc_interface:114, acquire_ssc_interface with sensor_id 32 , conn_type 0 
05-29 03:09:12.820  1718  1718 I sensors-hal: acquire_ssc_interface:120, returning _shared_instance[SHARED_ON_CHANGE_NO_WAKEUP].conn - non-wakeup
05-29 03:09:12.820  1718  1718 I sensors-hal: acquire_shared_instance:148, re-use existing connection for type 0 
05-29 03:09:12.820  1718  1718 I sensors-hal: register_cb:305, register_cb start this=0xb400007c056eda00x
05-29 03:09:12.820  1718  1718 I sensors-hal: register_cb:321, register_cb End with succes
05-29 03:09:12.820  1718  1718 I sensors-hal: send_sensor_config_request:658, dt=ambient_light: convert sample_period=200000000 to batch_period=200000
05-29 03:09:12.820  1718  1718 I sensors-hal: send_sync_sensor_request:521, send sync request
05-29 03:09:12.820  1718  1718 I sensors-hal: send_sync_sensor_request:531, send_sync_sensor_request before send_request for ambient_light with SUID low=3046173514946711665 high=5158289438331071126
05-29 03:09:12.820  1718  1718 I sensors-hal: send_request:330, send_request start this=0xb400007c056eda00x 
05-29 03:09:12.820  1718  1718 I sensors-hal: send_request:415, send_request completed, this=0xb400007c056eda00x
05-29 03:09:12.820  1718  1718 I sensors-hal: send_sync_sensor_request:552, wait for notification of response
05-29 03:09:12.822  1718  5457 I sensors-hal: ssc_conn_resp_cb:941, resp_value = 0 for ambient_light 
05-29 03:09:12.822  1718  5457 I sensors-hal: handle_resp_cb:517, handle_resp_cb Ended this=0xb400007c056eda00x
05-29 03:09:12.822  1718  1718 I sensors-hal: send_sync_sensor_request:558, takes 1 ms to receive the response with 0
05-29 03:09:12.822  1718  1718 I sensors-hal: activate:303, android.sensor.light/51 en=1 completed
05-29 03:09:12.823  1718  1718 D SensorsFlicker: Als_common::setDelay, handle : 1 time : 10000000ns
05-29 03:09:12.823  1718  1718 D SensorsFlicker: Als_common::enable, handle : 1, mode : 1, en : 1
05-29 03:09:12.823  1718  1718 D SensorsFlicker: Als_common::sendCommand, send enable command
05-29 03:09:12.829  1718  5457 I sensors-hal: ssc_conn_event_cb:869, SCHED_FIFO(10) for qmi_cbk
05-29 03:09:12.829  1718  5457 I sensors-hal: handle_sns_std_sensor_event:137, [SSC_LIGHT] A: 17(17),m:13,c:0,b:130,c0:1040,l:17,r:76,bl:81,j:10
05-29 03:09:12.881  2878  4676 D SemContextService: lock : registerCallback
05-29 03:09:12.881  2878  4676 W CAE     : registerCallback(ContextAwareService.java:188) - [regi 01] Mutex is locked for TEST_FLAT_MOTION
05-29 03:09:12.881  2878  4676 W CAE     : registerCallback(ContextAwareService.java:195) - [regi 04]  com.samsung.android.contextaware.ContextAwareManager$CaListenerDelegate@5050287
05-29 03:09:12.881  2878  4676 W CAE     : getListener(ListenerListManager.java:127) - [getListener1]  com.samsung.android.contextaware.ContextAwareManager$CaListenerDelegate@5050287
05-29 03:09:12.881  2878  4676 W CAE     : getListener(ListenerListManager.java:128) - [getListener2]  com.samsung.android.contextaware.manager.ContextAwareService$Listener@65292c6
05-29 03:09:12.882  2878  4676 V CAE     : start(ContextProvider.java:128)
05-29 03:09:12.882  2878  4676 V CAE     : clear(TestFlatMotionRunner.java:126)
05-29 03:09:12.882  2878  4676 V CAE     : enable(TestFlatMotionRunner.java:102)
05-29 03:09:12.882  2878  3801 D SensorService: setSContextDataLocked ints length 2 , byte length 4
05-29 03:09:12.883  2878  3801 D SensorService: setSContextDataLocked 17b1
05-29 03:09:12.883  1718  1718 I sensors-hal: inject_sensor_data:413, handle 1501 send inject
05-29 03:09:12.883  1718  1718 I sensors-hal: sendContextData:286, sensor hal 4, (0xb1, 0x17, 0x0, 0x0)
05-29 03:09:12.883  1718  1718 I sensors-hal: sendContextData:345, enable:177, handle:8, algo:25231360
05-29 03:09:12.883  1718  1718 I sensors-hal: is_restrict_mode:143, mode:normal
05-29 03:09:12.883  1718  1718 I sensors-hal: sendContextData:108, device_position 4
05-29 03:09:12.883  1718  1718 I sensors-hal: acquire_ssc_interface:114, acquire_ssc_interface with sensor_id 48 , conn_type 2 
05-29 03:09:12.883  1718  1718 I sensors-hal: acquire_ssc_interface:124, returning _shared_instance[SHARED_SENSORHUBS].conn
05-29 03:09:12.883  1718  1718 I sensors-hal: acquire_shared_instance:148, re-use existing connection for type 2 
05-29 03:09:12.883  1718  1718 I sensors-hal: register_cb:305, register_cb start this=0xb400007c0565ba00x
05-29 03:09:12.883  1718  1718 I sensors-hal: register_cb:321, register_cb End with succes
05-29 03:09:12.883  1718  1718 I sensors-hal: create_sensor_config_request:48, device_position create_sensor_config_request
05-29 03:09:12.883  1718  1718 I sensors-hal: send_sensor_config_request:658, dt=device_position: convert sample_period=0 to batch_period=0
05-29 03:09:12.883  1718  1718 I sensors-hal: send_sync_sensor_request:521, send sync request
05-29 03:09:12.883  1718  1718 I sensors-hal: send_sync_sensor_request:531, send_sync_sensor_request before send_request for device_position with SUID low=11077485164857655296 high=1320970896291267344
05-29 03:09:12.884  1718  1718 I sensors-hal: send_request:330, send_request start this=0xb400007c0565ba00x 
05-29 03:09:12.884  1718  1718 I sensors-hal: send_request:415, send_request completed, this=0xb400007c0565ba00x
05-29 03:09:12.884  1718  1718 I sensors-hal: send_sync_sensor_request:552, wait for notification of response
05-29 03:09:12.885  1718  3797 I sensors-hal: ssc_conn_resp_cb:941, resp_value = 0 for device_position 
05-29 03:09:12.885  1718  3797 I sensors-hal: handle_resp_cb:517, handle_resp_cb Ended this=0xb400007c0565ba00x
05-29 03:09:12.885  1718  1718 I sensors-hal: send_sync_sensor_request:558, takes 1 ms to receive the response with 0
05-29 03:09:12.886  2878  4676 D CAE     : getFaultDetectionResult(TestFlatMotionRunner.java:139) - true
05-29 03:09:12.886  2878  4676 I CAE     : notifyCmdProcessResultObserver(ContextProvider.java:627) - CheckResult = 0, Cause = Success
05-29 03:09:12.888  2878  4676 D CAE     : doCommendProcess(ContextAwareService.java:396) - complete notify the operation result.
05-29 03:09:12.889  2878  4676 I CAE     : displayUsedCountForService(ContextAwareService.java:460) - totalCnt = 1, serviceCount = 1, subCollectionCount = 0
05-29 03:09:12.889  2878  4676 D CAE     : showListenerList(ContextAwareService.java:325) - ===== Context Aware Service List =====
05-29 03:09:12.889  2878  4676 I CAE     : showListenerList(ContextAwareService.java:334) - Listener : com.samsung.android.contextaware.manager.ContextAwareService$Listener@65292c6, Service : ACTIVITY_TRACKER_CURRENT_INFO(1)
05-29 03:09:12.890  2878  4676 I CAE     : showListenerList(ContextAwareService.java:334) - Listener : com.samsung.android.contextaware.manager.ContextAwareService$Listener@65292c6, Service : ACTIVITY_TRACKER_INTERRUPT(1)
05-29 03:09:12.890  2878  4676 I CAE     : showListenerList(ContextAwareService.java:334) - Listener : com.samsung.android.contextaware.manager.ContextAwareService$Listener@65292c6, Service : ACTIVITY_TRACKER_BATCH(1)
05-29 03:09:12.890  2878  4676 I CAE     : showListenerList(ContextAwareService.java:334) - Listener : com.samsung.android.contextaware.manager.ContextAwareService$Listener@65292c6, Service : PEDOMETER(1)
05-29 03:09:12.890  2878  4676 I CAE     : showListenerList(ContextAwareService.java:334) - Listener : com.samsung.android.contextaware.manager.ContextAwareService$Listener@65292c6, Service : SLOCATION_RUNNER(1)
05-29 03:09:12.890  2878  4676 I CAE     : showListenerList(ContextAwareService.java:334) - Listener : com.samsung.android.contextaware.manager.ContextAwareService$Listener@65292c6, Service : CH_LOC_TRIGGER(1)
05-29 03:09:12.890  2878  4676 I CAE     : showListenerList(ContextAwareService.java:334) - Listener : com.samsung.android.contextaware.manager.ContextAwareService$Listener@65292c6, Service : FREE_FALL_DETECTION(1)
05-29 03:09:12.890  2878  4676 I CAE     : showListenerList(ContextAwareService.java:334) - Listener : com.samsung.android.contextaware.manager.ContextAwareService$Listener@65292c6, Service : TEST_FLAT_MOTION(1)
05-29 03:09:12.890  2878  4676 I CAE     : showListenerList(ContextAwareService.java:334) - Listener : com.samsung.android.contextaware.manager.ContextAwareService$Listener@65292c6, Service : PEDOMETER_CURRENT_INFO(1)
05-29 03:09:12.890  2878  4676 W CAE     : registerCallback(ContextAwareService.java:209) - [regi 02] Mutex is unlocked for TEST_FLAT_MOTION
05-29 03:09:12.891  2878  4676 E SemContext.CaeProvider: setAttribute() : attribute is null!
05-29 03:09:12.891  2878  4676 D SemContextService: 	.registerCallback : 6, client= com.sec.android.sdhms
05-29 03:09:12.891  2878  4676 D SemContextService: unlock : registerCallback
05-29 03:09:12.892  2878  4676 E SensorService: BigData:Pakage) 5 already enabled. 
05-29 03:09:12.899  4005  4156 D SatelliteController: isInCarrierRoamingNbIotNtn: satellite is disabled
05-29 03:09:13.010  1718  1718 D SensorsFlicker: Als_common::setDelay, handle : 1 time : 10000000ns
05-29 03:09:13.012  1718  1718 D SensorsFlicker: Als_common::enable, handle : 1, mode : 1, en : 0
05-29 03:09:13.012  1718  1718 D SensorsFlicker: Als_common::sendCommand, send disable command
05-29 03:09:13.138  1718  3797 I sensors-hal: ssc_conn_event_cb:869, SCHED_FIFO(10) for qmi_cbk
05-29 03:09:13.138  1718  3797 I sensors-hal: ssc_conn_event_cb:901, event[0] sensor:device_position  Wakeup, msg_id=1025, ts=1311474270482
05-29 03:09:13.138  1718  3797 I sensors-hal: handle_sns_client_event:78, device_position_event: msgid:1025
05-29 03:09:13.138  1718  3797 I sensors-hal: handle_sns_client_event:97, device_position_event: 1
05-29 03:09:13.141  2878  3795 D CAE     : onGetSensorHubData(SensorHubParserProvider.java:92) - onGetSensorHubData Event [event buffer len :4], AP_WAKEUP
05-29 03:09:13.142  2878  3795 I CAE     : parse(SensorHubParserProvider.java:188) - buffer size = 4
05-29 03:09:13.142  2878  3795 I CAE     : parse(SensorHubParserProvider.java:199) - 1, 1, 23, 1,
05-29 03:09:13.143  2878  3795 D CAE     : display(ContextProvider.java:375) - ================= TEST_FLAT_MOTION =================
05-29 03:09:13.143  2878  3795 I CAE     : display(ContextProvider.java:391) - Action=[1]
05-29 03:09:13.144  2878  3792 D SemContextService: Service.updateContext() : service = Device Position
05-29 03:09:13.147  2878  4676 D SemContextService: lock : unregisterCallback
05-29 03:09:13.147  2878  4676 D SemContextService: Service.removeListenerLocked() : listener = com.samsung.android.hardware.context.SemContextService$Listener@cb7c2ee, service = Device Position, used = 0
05-29 03:09:13.147  2878  4676 W CAE     : unregisterCallback(ContextAwareService.java:230) - [unregi 01] Mutex is locked for TEST_FLAT_MOTION
05-29 03:09:13.148  2878  4676 W CAE     : getListener(ListenerListManager.java:127) - [getListener1]  com.samsung.android.contextaware.ContextAwareManager$CaListenerDelegate@5050287
05-29 03:09:13.148  2878  4676 W CAE     : getListener(ListenerListManager.java:128) - [getListener2]  com.samsung.android.contextaware.manager.ContextAwareService$Listener@65292c6
05-29 03:09:13.148  2878  4676 V CAE     : stop(ContextProvider.java:155)
05-29 03:09:13.148  2878  4676 V CAE     : clear(TestFlatMotionRunner.java:126)
05-29 03:09:13.149  2878  4676 V CAE     : disable(TestFlatMotionRunner.java:115)
05-29 03:09:13.149  2878  3801 D SensorService: setSContextDataLocked ints length 2 , byte length 4
05-29 03:09:13.150  2878  3801 D SensorService: setSContextDataLocked 17b2
05-29 03:09:13.150  1718  1718 I sensors-hal: inject_sensor_data:413, handle 1501 send inject
05-29 03:09:13.150  1718  1718 I sensors-hal: sendContextData:286, sensor hal 4, (0xb2, 0x17, 0x0, 0x0)
05-29 03:09:13.150  1718  1718 I sensors-hal: sendContextData:345, enable:178, handle:8, algo:25231616
05-29 03:09:13.150  1718  1718 I sensors-hal: sendContextData:108, device_position 4
05-29 03:09:13.150  1718  1718 I sensors-hal: send_sync_sensor_request:521, send sync request
05-29 03:09:13.150  1718  1718 I sensors-hal: send_sync_sensor_request:531, send_sync_sensor_request before send_request for device_position with SUID low=11077485164857655296 high=1320970896291267344
05-29 03:09:13.150  1718  1718 I sensors-hal: send_request:330, send_request start this=0xb400007c0565ba00x 
05-29 03:09:13.151  1718  1718 I sensors-hal: send_request:415, send_request completed, this=0xb400007c0565ba00x
