05-29 03:09:13.151  1718  1718 I sensors-hal: send_sync_sensor_request:552, wait for notification of response
05-29 03:09:13.152  1718  3797 I sensors-hal: ssc_conn_resp_cb:941, resp_value = 0 for device_position 
05-29 03:09:13.152  1718  3797 I sensors-hal: handle_resp_cb:517, handle_resp_cb Ended this=0xb400007c0565ba00x
05-29 03:09:13.152  1718  1718 I sensors-hal: send_sync_sensor_request:558, takes 1 ms to receive the response with 0
05-29 03:09:13.153  2878  4676 D CAE     : getFaultDetectionResult(TestFlatMotionRunner.java:139) - true
05-29 03:09:13.153  2878  4676 I CAE     : notifyCmdProcessResultObserver(ContextProvider.java:627) - CheckResult = 0, Cause = Success
05-29 03:09:13.154  2878  4676 D CAE     : doCommendProcess(ContextAwareService.java:396) - complete notify the operation result.
05-29 03:09:13.154  2878  4676 I CAE     : displayUsedCountForService(ContextAwareService.java:460) - totalCnt = 0, serviceCount = 0, subCollectionCount = 0
05-29 03:09:13.154  2878  4676 D CAE     : showListenerList(ContextAwareService.java:325) - ===== Context Aware Service List =====
05-29 03:09:13.155  2878  4676 I CAE     : showListenerList(ContextAwareService.java:334) - Listener : com.samsung.android.contextaware.manager.ContextAwareService$Listener@65292c6, Service : ACTIVITY_TRACKER_CURRENT_INFO(1)
05-29 03:09:13.155  2878  4676 I CAE     : showListenerList(ContextAwareService.java:334) - Listener : com.samsung.android.contextaware.manager.ContextAwareService$Listener@65292c6, Service : ACTIVITY_TRACKER_INTERRUPT(1)
05-29 03:09:13.155  2878  4676 I CAE     : showListenerList(ContextAwareService.java:334) - Listener : com.samsung.android.contextaware.manager.ContextAwareService$Listener@65292c6, Service : ACTIVITY_TRACKER_BATCH(1)
05-29 03:09:13.155  2878  4676 I CAE     : showListenerList(ContextAwareService.java:334) - Listener : com.samsung.android.contextaware.manager.ContextAwareService$Listener@65292c6, Service : PEDOMETER(1)
05-29 03:09:13.155  2878  4676 I CAE     : showListenerList(ContextAwareService.java:334) - Listener : com.samsung.android.contextaware.manager.ContextAwareService$Listener@65292c6, Service : SLOCATION_RUNNER(1)
05-29 03:09:13.156  2878  4676 I CAE     : showListenerList(ContextAwareService.java:334) - Listener : com.samsung.android.contextaware.manager.ContextAwareService$Listener@65292c6, Service : CH_LOC_TRIGGER(1)
05-29 03:09:13.156  2878  4676 I CAE     : showListenerList(ContextAwareService.java:334) - Listener : com.samsung.android.contextaware.manager.ContextAwareService$Listener@65292c6, Service : FREE_FALL_DETECTION(1)
05-29 03:09:13.156  2878  4676 I CAE     : showListenerList(ContextAwareService.java:334) - Listener : com.samsung.android.contextaware.manager.ContextAwareService$Listener@65292c6, Service : PEDOMETER_CURRENT_INFO(1)
05-29 03:09:13.156  2878  4676 W CAE     : unregisterCallback(ContextAwareService.java:251) - [unregi 02] Mutex is unlocked for TEST_FLAT_MOTION
05-29 03:09:13.156  2878  4676 D SemContextService: 	.unregisterCallback : 6, client= com.sec.android.sdhms
05-29 03:09:13.156  2878  4676 D SemContextService: unlock : unregisterCallback
05-29 03:09:13.247  1837  1848 E HeatmapThread: ECT Thread time in milliseconds: 1780013353
05-29 03:09:13.251  1837  1848 D HeatmapThread: !@ batteryplugType : 2
05-29 03:09:13.251  1837  1848 D HeatmapThread: !@ batteryLevel : 73  batteryTemperature : 355 
05-29 03:09:13.251  1837  1848 D HeatmapThread: !@ Heatmap currtime: 29666889
05-29 03:09:13.251  1837  1848 D HeatmapThread: !@ Heatmap prevtime: 29666861
05-29 03:09:13.251  1837  1848 D HeatmapThread: !@ Heatmap plugstarttime: 29666846
05-29 03:09:13.251  1837  1848 D HeatmapThread: !@ Heatmap prevv_dsoh_update_time: 29666802
05-29 03:09:13.252  1837  1848 E HeatmapThread: !@ CAM New BSOH: 97
05-29 03:09:13.386  2878  3721 D ActivityManager: freezing 26796 com.android.settings
05-29 03:09:13.482  2994  3052 E AudioPathHelper: (Berry)(1.16)handleAudioPathTask() : can't get dual play mode - Need android.permission.BLUETOOTH_CONNECT permission for AttributionSource { uid = 1002, packageName = com.android.bluetooth, attributionTag = null, token = android.os.Binder@792f66, deviceId = 0, next = AttributionSource { uid = 10282, packageName = com.samsung.accessory.berrymgr, attributionTag = null, token = android.os.BinderProxy@8cec879, deviceId = 0, next = null } }: A2dpServiceBinder
05-29 03:09:13.496  1783  1836 E BatteryDump: !@new_battery_dump : 4125,1000,1200,3150,73,354,340,388,354,0,360,387,0,Charging,NO_CHARGING,Normal,Good,USB,1,Normal,0,0,9010,0x8000,0x20000,0x0,0,0,0000,0000,00000000,0,0,0,0,1193,4057,7242,990,0,
05-29 03:09:13.499  2878  4676 D [SS]BattFunctions: [sendRemainingChargingTimeChangedIntent]remainingChargingTime:2367 ,mLastRemainingChargingTime:2382
05-29 03:09:13.499  1783  1783 I sehhealth-service: updateLrpSysfs: write: 359
05-29 03:09:13.501  4422  4422 I AODBatteryManager: updateBatteryData: ACTION_BATTERY_CHANGED: false, isSleepModeChanged:false ,isRemainingTimeChanged: true, isUSBRestriction: false
05-29 03:09:13.501  4422  4422 I ChargingInfoManager: updateChargingInfo: newState = AOD ChargingInfo [mState=BATTERY_AND_REMAIN_TIME, mIsCharging=true, mIsPlugged=true, mIsFullyCharged=false, mIsBatteryProtectMode=false, mBetteryLevel=73, mBetteryProtectModeType1, mIsSlowChargingfalse], oldState = AOD ChargingInfo [mState=BATTERY_AND_REMAIN_TIME, mIsCharging=true, mIsPlugged=true, mIsFullyCharged=false, mIsBatteryProtectMode=false, mBetteryLevel=73, mBetteryProtectModeType1, mIsSlowChargingfalse]
05-29 03:09:13.501  4422  4422 D PowerUI : Remaining charging time : 2367
05-29 03:09:13.501  4422  4422 D PowerUI : Charging time is changed, check charging notification
05-29 03:09:13.502  4422  4422 D PowerUI.Notification: showChargingNotice - Battery Level : 73 -> 73, Charging Type : 11 -> 11, Charging Time : 2382 -> 2367, Maximum protection : true -> true, Maximum threshold : 90 -> 90
05-29 03:09:13.505  4422  4422 I NotificationManager: com.android.systemui: notify(2131364006, charging_state, Notification(channel=CHR shortcut=null contentView=null vibrate=null sound=null defaults=0 flags=ONGOING_EVENT|ONLY_ALERT_ONCE color=0x00000000 category=sys groupKey=CHARGING vis=PUBLIC semFlags=0x0 semPriority=0 semMissedCount=0)) as user
05-29 03:09:13.507  2878  4676 W PermissionService: getPermissionFlags: Unknown user -1
05-29 03:09:13.507  2878  4676 W PermissionService: getPermissionFlags: Unknown user -1
05-29 03:09:13.636  8138  8294 E msys    : E[ADNSUCTIMH WAJMNSDNSResolver]_MNSDNSResolutionSuccess(35)=>[LogLevel:I] DNS Resolution Successful with 2 IPs, Persistent Cache Hit: 1, secondary resolver used: 0
05-29 03:09:13.637  8138  8294 E msys    : E[ADNSUCTIMH WAJMNSDNSResolver]_MNSDNSResolutionSuccess(55)=>[LogLevel:I] Resolved IP Address: 2a03:2880:f23f:c8:face:b00c:0:7260
05-29 03:09:13.637  8138  8294 E msys    : E[ADNSUCTIMH WAJMNSDNSResolver]_MNSDNSResolutionSuccess(55)=>[LogLevel:I] Resolved IP Address: 157.240.27.55
05-29 03:09:13.641  8138  8294 E msys    : E[N mns]_LogError(290)=>Failed to resolve using system DNS resolver, getaddrinfo(): No address associated with hostname
05-29 03:09:13.641  8138  8294 E msys    : E[N mns]_TryFallbackToSecondary(767)=>Falling back to secondary DNS resolver
05-29 03:09:13.641  2878  3971 D NetdEventListenerService: DNS Requested by 125, 10341(com.whatsapp), 4(FAIL), isBlocked=true, 0ms
05-29 03:09:13.667  8138  8294 E msys    : E[N mns]_LogError(290)=>Failed to resolve using secondary DNS resolver, ares error: Could not contact DNS servers, timeouts: 0
05-29 03:09:13.714  2878  2878 I Telecom : SamsungTelecomServiceImpl : isInManagedCall - callingPackage : android / callingUser : UserHandle{0} / hasCrossUserAccess : true
05-29 03:09:13.725  2878  5558 D ActivityManager: unpendingScheduleServiceRestart: u=10307, drop=false
05-29 03:09:13.728  4967  9581 I HoneySpace.NotificationListener: onNotificationPosted com.android.systemui: -1|com.android.systemui|2131364006|charging_state|10040: 0
05-29 03:09:13.728  4967  9581 I HoneySpace.NotificationListener: invalid notification: com.android.systemui UserHandle{-1}: canShowBadge is false
05-29 03:09:13.729  4967 14774 I HoneySpace.BadgeDataSourceImpl: Get notification count. PK(p='org.telegram.messenger', u=UserHandle{0}) - forceBadgeCount: false, notification listener: 3, badge provider: 18
05-29 03:09:13.730 11414 11554 D com.huawei.agc.apms: Collector: sending [0] AppStart events.
05-29 03:09:13.730 11414 11554 D com.huawei.agc.apms: Collector: sending [0] ActivityLoad events.
05-29 03:09:13.730 11414 11554 D com.huawei.agc.apms: Collector: sending [0] ActivityRender events.
05-29 03:09:13.730 11414 11554 D com.huawei.agc.apms: Collector: sending [0] Http events.
05-29 03:09:13.730 11414 11554 D com.huawei.agc.apms: Collector: sending [0] WebViewLoad events.
05-29 03:09:13.731 11414 11554 D com.huawei.agc.apms: Collector: sending [0] WebViewError events.
05-29 03:09:13.731 11414 11554 D com.huawei.agc.apms: Collector: sending [0] FpsDrop events.
05-29 03:09:13.732  2878  5556 D FreecessController: UFZ : com.huawei.health(10307) [11414, 8908] reason: Binder(1)-android.service.notification.INotificatio
05-29 03:09:13.732 11414 11554 D com.huawei.agc.apms: Creating a new Non sampled Session: cad648abca93425a91c73e5fa9f6d1fb
05-29 03:09:13.732  2878  5567 W LocationManagerService: onFreezeStateChanged, uid[10307]=false
05-29 03:09:13.732 11414 11554 D com.huawei.agc.apms: tick took 4ms.
05-29 03:09:13.733  2878  5567 I PowerManagerService: [PWL] SetWakeLockEnableDisable uid = 10307 , disable= false
05-29 03:09:13.733  2878  5567 I PowerManagerService: [PWL] can not change uid =  10307
05-29 03:09:13.733  4729  5406 E ScanManager: [GSIM LOG]: gsimLogHandler, msg: MESSAGE_SCAN_START, appName: com.huawei.health, scannerId: 13, reportDelayMillis=0
05-29 03:09:13.733  4729  5406 I bt_shim_scanner: system/main/shim/le_scanning_manager.cc:260 ScanFilterEnable: in shim layer
05-29 03:09:13.734  1694  1694 D vendor.qti.bluetooth@1.1-ibs_handler: SerialClockVote: vote for UART CLK ON
05-29 03:09:13.734  4729  5406 I bt_shim_scanner: system/main/shim/le_scanning_manager.cc:233 ScanFilterAdd: in shim layer
05-29 03:09:13.735  1694  1694 D vendor.qti.bluetooth@1.1-wake_lock: Acquire wakelock is acquired 
05-29 03:09:13.735  1694  1694 I vendor.qti.bluetooth@1.1-ibs_handler: DeviceWakeUp: Writing IBS_WAKE_IND
05-29 03:09:13.735  8908  9806 I Notify_NotificPush: 1600103320|R|I|Start onNotificationPosted: StatusBarNotification(pkg=com.android.systemui user=UserHandle{-1} id=2131364006 tag=charging_state key=-1|com.android.systemui|2131364006|charging_state|10040: Notification(channel=CHR shortcut=null contentView=null vibrate=null sound=null defaults=0 flags=ONGOING_EVENT|ONLY_ALERT_ONCE color=0x00000000 category=sys groupKey=CHARGING vis=PUBLIC semFlags=0x0 semPriority=0 semMissedCount=0))
05-29 03:09:13.735  4729  5406 I bt_shim_scanner: system/main/shim/le_scanning_manager.cc:197 ScanFilterParamSetup: in shim layer, clientIf=13
05-29 03:09:13.738  1845  2090 I VSyncReactor: Current= 24, Period= 24, hwcPeriod= 24
05-29 03:09:13.738  4422  4422 D SubscreenNotificationListCoordinator: onAfterRenderList() isSubScreen = false, pluginLockMode = 0, doNotShowOnCover = false
05-29 03:09:13.740  4422  4422 I LockscreenNotificationIconsOnlyController: onNotificationInfoUpdated 0
05-29 03:09:13.740  4422  4422 I AODNotificationManager: updateNotification() 
05-29 03:09:13.740  8908  9806 W Notify_NotificPush: 1600103320|R|W|onNotificationPosted FILTERED because SUB_SWITCH_TURN_OFF,pkg=com.android.systemui
05-29 03:09:13.740  8908  9806 I Notify_NotificPush: 1600103320|R|I|com.android.systemui onNotificationPosted isMeetPushConditions?(false=filtered): false
05-29 03:09:13.740  1694  5377 I vendor.qti.bluetooth@1.1-ibs_handler: ProcessIbsCmd: Received IBS_WAKE_ACK: 0xFC
05-29 03:09:13.740  1694  5377 I vendor.qti.bluetooth@1.1-ibs_handler: ProcessIbsCmd: Signal wack_cond_
05-29 03:09:13.741  1694  1694 D vendor.qti.bluetooth@1.1-ibs_handler: DeviceWakeUp: Unblocked from waiting for FC, pthread_cond_timedwait ret = 0
05-29 03:09:13.742  1694  5377 I vendor.qti.bluetooth@1.1-ibs_handler: ProcessIbsCmd: Received IBS_WAKE_IND: 0xFD
05-29 03:09:13.742  1694  5377 I vendor.qti.bluetooth@1.1-ibs_handler: ProcessIbsCmd: Writing IBS_WAKE_ACK
05-29 03:09:13.743  8908  9807 I FormalHASDK: HAImpl==> onEvent. tag:_default_config_tag, type:1, eventId:85070006
05-29 03:09:13.744  1845  2128 D DisplayModeController: setDesiredMode 4630947118961383299 {mode={fps=120.00 Hz, modePtr={id=0, vsyncRate=120.00 Hz, peakRefreshRate=120.00 Hz}}, emitEvent=true, force=false}
05-29 03:09:13.773  1845  1845 I SurfaceFlinger: No layers with votes - choose 120.00 Hz
05-29 03:09:13.774  1845  1845 I HWComposer: [4630947118961383299] ActiveConfigToHWC, ID : 0
05-29 03:09:13.776  1773  2103 I SDM     : HWDeviceDRM::SetDisplaySwitchMode: [DispConfigs] check hs_mode 3
05-29 03:09:13.776  1773  2103 W SDM     : HWDeviceDRM::GetSupportedBitClkRate: Requested rate not supported: 951080000
05-29 03:09:13.776  1773  2103 I SDM     : HWDeviceDRM::SetDisplaySwitchMode: [DispConfigs] Set mode index:0 1080x2340x120xcmdHS, hs_mode(3), found_mode(0)
05-29 03:09:13.777  1773  2103 I SDM     : HWDeviceDRM::UpdateMixerAttributes: Mixer WxH 1080x2340-1 for Peripheral
05-29 03:09:13.777  1773  2103 I SDM     : HWCDisplay::SubmitDisplayConfig: Active configuration changed from config 8 to 0
05-29 03:09:13.780  1845  2090 I VSyncReactor: Current= 24, Period= 120, hwcPeriod= 120
05-29 03:09:13.796  1694  5377 I vendor.qti.bluetooth@1.1-ibs_handler: ProcessIbsCmd: Received IBS_SLEEP_IND: 0xFE
05-29 03:09:13.813  1845  1845 I SurfaceFlinger: finalizeDisplayModeChange 4630947118961383299
05-29 03:09:13.927  4422  4422 D Bubbles : onEntryUpdated : shouldBubbleUp=false ,key=-1|com.android.systemui|2131364006|charging_state|10040
05-29 03:09:13.928  4422  4422 D InterruptionStateProvider:  no Heads up : edgelighting enabled app. -1|com.android.systemui|2131364006|charging_state|10040
05-29 03:09:13.928  4422  4422 I {OngoingActivityController}: onEntryUpdated and OA data is empty. So update latest task info
05-29 03:09:13.945  4422  4422 D SubscreenNotificationListCoordinator: onAfterRenderList() isSubScreen = false, pluginLockMode = 0, doNotShowOnCover = false
05-29 03:09:13.947  4422  4422 W RefactorFlag: New code path expects SceneContainerFlag to be enabled.
05-29 03:09:13.948  4422  4422 D ExpandableNotifRow: mMaxSmallHeight different before reInflateViews mMaxSmallHeight: 203 mTempSmallHeight:0 -1|com.android.systemui|2131364006|charging_state|10040
05-29 03:09:13.948  4422  4422 D ExpandableNotifRow: mMaxSmallHeight different before reInflateViews mMaxSmallHeight: 203 mTempSmallHeight:0 -1|com.android.systemui|2131364006|charging_state|10040
05-29 03:09:13.951  4422  4422 I LockscreenNotificationIconsOnlyController: onNotificationInfoUpdated 0
05-29 03:09:13.952  4422  4422 I AODNotificationManager: updateNotification() 
05-29 03:09:13.957  4422  5017 D LocalImageResolver: Couldn't use ImageDecoder for drawable, falling back to non-resized load.
05-29 03:09:13.959  4422  5017 D LocalImageResolver: Couldn't use ImageDecoder for drawable, falling back to non-resized load.
05-29 03:09:13.963  4422  4422 D LocalImageResolver: Couldn't use ImageDecoder for drawable, falling back to non-resized load.
05-29 03:09:13.972  4422  4422 W RefactorFlag: New code path expects SceneContainerFlag to be enabled.
05-29 03:09:13.985  4422  4422 D ExpandableNotifRow: mMaxSmallHeight different before reInflateViews mMaxSmallHeight: 203 mTempSmallHeight:0 -1|com.android.systemui|2131364006|charging_state|10040
05-29 03:09:13.985  4422  4422 D ExpandableNotifRow: mMaxSmallHeight different before reInflateViews mMaxSmallHeight: 203 mTempSmallHeight:0 -1|com.android.systemui|2131364006|charging_state|10040
05-29 03:09:13.985  4422  4422 D ExpandableNotifRow: mMaxSmallHeight different before reInflateViews mMaxSmallHeight: 203 mTempSmallHeight:0 -1|com.android.systemui|2131364006|charging_state|10040
05-29 03:09:13.985  4422  4422 D ExpandableNotifRow: mMaxSmallHeight different before reInflateViews mMaxSmallHeight: 203 mTempSmallHeight:0 -1|com.android.systemui|2131364006|charging_state|10040
05-29 03:09:13.989  4422  4422 D S.S.N.  : entryViewBound parent :-1|com.android.systemui|2131364006|charging_state|10040
05-29 03:09:13.990  4422  4422 D LocalImageResolver: Couldn't use ImageDecoder for drawable, falling back to non-resized load.
05-29 03:09:13.993  4422  4422 D SubscreenNotificationListCoordinator: onAfterRenderList() isSubScreen = false, pluginLockMode = 0, doNotShowOnCover = false
05-29 03:09:13.994  4422  4422 W RefactorFlag: New code path expects SceneContainerFlag to be enabled.
05-29 03:09:13.994  4422  4422 D ExpandableNotifRow: mMaxSmallHeight different before reInflateViews mMaxSmallHeight: 203 mTempSmallHeight:0 -1|com.android.systemui|2131364006|charging_state|10040
05-29 03:09:13.994  4422  4422 D ExpandableNotifRow: mMaxSmallHeight different before reInflateViews mMaxSmallHeight: 203 mTempSmallHeight:0 -1|com.android.systemui|2131364006|charging_state|10040
05-29 03:09:13.995  4422  4422 I LockscreenNotificationIconsOnlyController: onNotificationInfoUpdated 0
05-29 03:09:13.995  4422  4422 I AODNotificationManager: updateNotification() 
05-29 03:09:14.138  4967  5090 I HoneySpace.StatusIconTracker: invokeEvent() called with: event = Mobile(bundle=Bundle[mParcelledData.dataSize=256])
05-29 03:09:14.247  1837  1848 E HeatmapThread: ECT Thread time in milliseconds: 1780013354
05-29 03:09:14.250  1837  1848 D HeatmapThread: !@ batteryplugType : 2
05-29 03:09:14.250  1837  1848 D HeatmapThread: !@ batteryLevel : 73  batteryTemperature : 354 
05-29 03:09:14.250  1837  1848 D HeatmapThread: !@ Heatmap currtime: 29666889
05-29 03:09:14.250  1837  1848 D HeatmapThread: !@ Heatmap prevtime: 29666861
05-29 03:09:14.250  1837  1848 D HeatmapThread: !@ Heatmap plugstarttime: 29666846
05-29 03:09:14.250  1837  1848 D HeatmapThread: !@ Heatmap prevv_dsoh_update_time: 29666802
05-29 03:09:14.250  1837  1848 E HeatmapThread: !@Entered the read from path function
05-29 03:09:14.250  1837  1848 E HeatmapThread: !@Read Extended_heatmap from efs is: 181 0 0 0 0 0 0 0 0 0 0 0 0 0 0 0 0 0 0 0 0 0 0 0 0 0 0 0 0 0 0 0 0 0 0 0 0 0 0 0 0 0 0 0 0 0 0 0 0 0 0 0 0 0 0 0 0 0 0 0 0 0 0 0 0 0 0 0 0 0 0 0 0 0 0 0 0 0 0 0 0 0 0 0 0 0 0 0 0 0 0 0 0 0 0 0 0 0 0 0 0 0 0 0 0 0 0 0 0 0 0 0 0 0 0 0 0 0 0 0 0 0 0 0 0 0 0 0 0 0 0 0 0 0 0 0 0 0 0 0 0 0 0 0 0 0 0 0 0 0 0 0 0 0 0 0 0 0 0 0 0 0 0 0 0 0 0 0 0 0 0 0 0 0 0 0 0 0 0 0 35675 0 0 0 0 0 0 0 0 0 0 0 0 0 0 0 0 0 22860 0 0 0 0 0 0 0 0 0 0 0 0 0 0 0 0 0 17853 0 0 0 0 0 0 0 0 0 0 0 0 0 0 0 0 2 33942 0 0 0 0 0 0 0 0 0 0 0 0 0 0 0 0 1 35307 0 0 0 0 0 0 0 0 1 0 5 2 3 0 0 1 0 33995 0 0 0 0 1 2 0 0 2 1 1 1 2 2 3 0 0 32843 0 1 0 4 1 2 1 0 0 0 0 0 6 2 1 0 1 30706 0 0 0 0 0 0 0 0 2 2 2 1 2 3 2 1 1 13848 0 0 0 0 0 1 0 0 0 0 1 0 0 0 2 1 2 13074 1 12 2 3 0 3 6 6 2 0 1 1 1 0 1 0 0 12382 0 0 0 0 0 0 0 0 0 0 0 0 0 0 0 0 1 11204 3 4 1 1 1 1 0 1 0 1 0 1 0 1 1 1 0 1239 0 0 0 0 0 0 0 0 0 0 0 0 0 0 0 0 0 1172 0 0 0 0 0 0 0 1 0 0 0 0 0 0 0 0 0 1054 0 0 0 0 0 0 0 0 0 0 0 0 0 0 0 0 0 953 0 0 0 0 0 0 0 0 0 0 0 
05-29 03:09:14.251  1837  1848 E HeatmapThread: !@Write Extended Heatmap to efs is: 181 0 0 0 0 0 0 0 0 0 0 0 0 0 0 0 0 0 0 0 0 0 0 0 0 0 0 0 0 0 0 0 0 0 0 0 0 0 0 0 0 0 0 0 0 0 0 0 0 0 0 0 0 0 0 0 0 0 0 0 0 0 0 0 0 0 0 0 0 0 0 0 0 0 0 0 0 0 0 0 0 0 0 0 0 0 0 0 0 0 0 0 0 0 0 0 0 0 0 0 0 0 0 0 0 0 0 0 0 0 0 0 0 0 0 0 0 0 0 0 0 0 0 0 0 0 0 0 0 0 0 0 0 0 0 0 0 0 0 0 0 0 0 0 0 0 0 0 0 0 0 0 0 0 0 0 0 0 0 0 0 0 0 0 0 0 0 0 0 0 0 0 0 0 0 0 0 0 0 0 35675 0 0 0 0 0 0 0 0 0 0 0 0 0 0 0 0 0 22860 0 0 0 0 0 0 0 0 0 0 0 0 0 0 0 0 0 17853 0 0 0 0 0 0 0 0 0 0 0 0 0 0 0 0 2 33943 0 0 0 0 0 0 0 0 0 0 0 0 0 0 0 0 1 35307 0 0 0 0 0 0 0 0 1 0 5 2 3 0 0 1 0 33995 0 0 0 0 1 2 0 0 2 1 1 1 2 2 3 0 0 32843 0 1 0 4 1 2 1 0 0 0 0 0 6 2 1 0 1 30706 0 0 0 0 0 0 0 0 2 2 2 1 2 3 2 1 1 13848 0 0 0 0 0 1 0 0 0 0 1 0 0 0 2 1 2 13074 1 12 2 3 0 3 6 6 2 0 1 1 1 0 1 0 0 12382 0 0 0 0 0 0 0 0 0 0 0 0 0 0 0 0 1 11204 3 4 1 1 1 1 0 1 0 1 0 1 0 1 1 1 0 1239 0 0 0 0 0 0 0 0 0 0 0 0 0 0 0 0 0 1172 0 0 0 0 0 0 0 1 0 0 0 0 0 0 0 0 0 1054 0 0 0 0 0 0 0 0 0 0 0 0 0 0 0 0 0 953 0 0 0 0 0 0 0 0 0 0 0 0
05-29 03:09:14.251  1837  1848 E HeatmapThread: !@ CAM New BSOH: 97
05-29 03:09:14.394  1845  2128 D DisplayModeController: setDesiredMode 4630947118961383299 {mode={fps=24.00 Hz, modePtr={id=5, vsyncRate=24.00 Hz, peakRefreshRate=24.00 Hz}}, emitEvent=false, force=false}
05-29 03:09:14.397  1845  1845 I LayerHistory: StatusBar$_4422#107 voted NoVote (0.00 Hz)
05-29 03:09:14.397  1845  1845 I SurfaceFlinger: Idle - choose 24.00 Hz
05-29 03:09:14.398  1845  1845 I HWComposer: [4630947118961383299] ActiveConfigToHWC, ID : 8
05-29 03:09:14.400  1773  2103 I SDM     : HWDeviceDRM::SetDisplaySwitchMode: [DispConfigs] check hs_mode 3
05-29 03:09:14.400  1773  2103 W SDM     : HWDeviceDRM::GetSupportedBitClkRate: Requested rate not supported: 951080000
05-29 03:09:14.400  1773  2103 W SDM     : HWDeviceDRM::GetSupportedBitClkRate: Requested rate not supported: 951080000
05-29 03:09:14.400  1773  2103 I SDM     : HWDeviceDRM::SetDisplaySwitchMode: [DispConfigs] Set mode index:9 1080x2340x24xcmdPHS, hs_mode(3), found_mode(1)
05-29 03:09:14.400  1773  2103 I SDM     : HWDeviceDRM::UpdateMixerAttributes: Mixer WxH 1080x2340-1 for Peripheral
05-29 03:09:14.400  1773  2103 I SDM     : HWCDisplay::SubmitDisplayConfig: Active configuration changed from config 0 to 8
05-29 03:09:14.405  1845  1845 I SurfaceFlinger: finalizeDisplayModeChange 4630947118961383299
05-29 03:09:14.405  1845  2090 I VSyncReactor: Current= 120, Period= 24, hwcPeriod= 24
05-29 03:09:14.487  2994  3052 E AudioPathHelper: (Berry)(1.16)handleAudioPathTask() : can't get dual play mode - Need android.permission.BLUETOOTH_CONNECT permission for AttributionSource { uid = 1002, packageName = com.android.bluetooth, attributionTag = null, token = android.os.Binder@792f66, deviceId = 0, next = AttributionSource { uid = 10282, packageName = com.samsung.accessory.berrymgr, attributionTag = null, token = android.os.BinderProxy@8cec879, deviceId = 0, next = null } }: A2dpServiceBinder
05-29 03:09:14.511  1156  1156 D io_stats: !@   8,0 r 27455653 453465718 w 4480248 82414180 d 784519 315777196 f 119855 489617 iot 7619112 0 th 0 0 0 pt 0 inp 0 0 56357.878
05-29 03:09:14.512  1156  1156 D io_stats: !@ Read_top(KB): kworker/u16:5(7826) 768 kworker/u16:2(14545) 512 kworker/u16:1(31686) 256
05-29 03:09:14.512  1156  1156 D io_stats: !@ Write_top(KB): f2fs_ckpt-254:6(1389) 176 kworker/u16:2(14545) 60 init(1) 28
05-29 03:09:14.756  1694  5378 I vendor.qti.bluetooth@1.1-ibs_handler: DeviceSleep: TX Awake, Sending SLEEP_IND
05-29 03:09:14.756  1694  5378 D vendor.qti.bluetooth@1.1-ibs_handler: SerialClockVote: vote for UART CLK OFF
05-29 03:09:14.825  1718  1718 I sensors-hal: set_config:65, no need to adjust sample_period_ns due to reporting_mode = 2
05-29 03:09:14.825  1718  1718 I sensors-hal: batch:369, android.sensor.light/51, period=200000000, max_latency=0 request completed
05-29 03:09:14.826  2878  4135 E SensorService: BigData:Pakage) 5 already disabled. 
05-29 03:09:14.826  1718  1718 I sensors-hal: activate:285, android.sensor.light/51 en=0
05-29 03:09:14.826  1718  1718 I sensors-hal: send_sync_sensor_request:521, send sync request
05-29 03:09:14.826  1718  1718 I sensors-hal: send_sync_sensor_request:531, send_sync_sensor_request before send_request for ambient_light with SUID low=3046173514946711665 high=5158289438331071126
05-29 03:09:14.826  1718  1718 I sensors-hal: send_request:330, send_request start this=0xb400007c056eda00x 
05-29 03:09:14.827  1718  1718 I sensors-hal: send_request:415, send_request completed, this=0xb400007c056eda00x
05-29 03:09:14.827  1718  1718 I sensors-hal: send_sync_sensor_request:552, wait for notification of response
05-29 03:09:14.828  1718  5457 I sensors-hal: ssc_conn_resp_cb:941, resp_value = 0 for ambient_light 
05-29 03:09:14.828  1718  5457 I sensors-hal: handle_resp_cb:517, handle_resp_cb Ended this=0xb400007c056eda00x
05-29 03:09:14.828  1718  1718 I sensors-hal: send_sync_sensor_request:558, takes 1 ms to receive the response with 0
05-29 03:09:14.828  1718  1718 I sensors-hal: activate:303, android.sensor.light/51 en=0 completed
05-29 03:09:14.907  1694  5143 D vendor.qti.bluetooth@1.1-wake_lock: Release wakelock is released 
05-29 03:09:15.055 12971  8388 I NearbyMediums: No BLE Fast/GATT advertisements found in the latest cycle.
05-29 03:09:15.055 12971  8388 I NearbyMediums: Current Tracked Scanning Clients are : {NearbyConnections.EnvironmentMonitor, NearbySharing, NearbyConnections.TxAdvertisement}
05-29 03:09:15.250  1837  1848 E HeatmapThread: ECT Thread time in milliseconds: 1780013355
05-29 03:09:15.254  1837  1848 D HeatmapThread: !@ batteryplugType : 2
05-29 03:09:15.254  1837  1848 D HeatmapThread: !@ batteryLevel : 73  batteryTemperature : 354 
05-29 03:09:15.255  1837  1848 D HeatmapThread: !@ Heatmap currtime: 29666889
05-29 03:09:15.255  1837  1848 D HeatmapThread: !@ Heatmap prevtime: 29666861
05-29 03:09:15.255  1837  1848 D HeatmapThread: !@ Heatmap plugstarttime: 29666846
05-29 03:09:15.255  1837  1848 D HeatmapThread: !@ Heatmap prevv_dsoh_update_time: 29666802
05-29 03:09:15.255  1837  1848 E HeatmapThread: !@ CAM New BSOH: 97
05-29 03:09:15.492  2994  3052 E AudioPathHelper: (Berry)(1.16)handleAudioPathTask() : can't get dual play mode - Need android.permission.BLUETOOTH_CONNECT permission for AttributionSource { uid = 1002, packageName = com.android.bluetooth, attributionTag = null, token = android.os.Binder@792f66, deviceId = 0, next = AttributionSource { uid = 10282, packageName = com.samsung.accessory.berrymgr, attributionTag = null, token = android.os.BinderProxy@8cec879, deviceId = 0, next = null } }: A2dpServiceBinder
05-29 03:09:15.906  4005  4156 D SatelliteController: isInCarrierRoamingNbIotNtn: satellite is disabled
05-29 03:09:16.146  4967  5090 I HoneySpace.StatusIconTracker: invokeEvent() called with: event = Mobile(bundle=Bundle[mParcelledData.dataSize=256])
05-29 03:09:16.166  1845  2090 I VSyncReactor: Current= 24, Period= 24, hwcPeriod= 24
05-29 03:09:16.174  1845  2128 D DisplayModeController: setDesiredMode 4630947118961383299 {mode={fps=120.00 Hz, modePtr={id=0, vsyncRate=120.00 Hz, peakRefreshRate=120.00 Hz}}, emitEvent=true, force=false}
05-29 03:09:16.201  1845  1845 I SurfaceFlinger: No layers with votes - choose 120.00 Hz
05-29 03:09:16.202  1845  1845 I HWComposer: [4630947118961383299] ActiveConfigToHWC, ID : 0
05-29 03:09:16.204  1773  2103 I SDM     : HWDeviceDRM::SetDisplaySwitchMode: [DispConfigs] check hs_mode 3
05-29 03:09:16.204  1773  2103 W SDM     : HWDeviceDRM::GetSupportedBitClkRate: Requested rate not supported: 951080000
05-29 03:09:16.204  1773  2103 I SDM     : HWDeviceDRM::SetDisplaySwitchMode: [DispConfigs] Set mode index:0 1080x2340x120xcmdHS, hs_mode(3), found_mode(0)
05-29 03:09:16.204  1773  2103 I SDM     : HWDeviceDRM::UpdateMixerAttributes: Mixer WxH 1080x2340-1 for Peripheral
05-29 03:09:16.204  1773  2103 I SDM     : HWCDisplay::SubmitDisplayConfig: Active configuration changed from config 8 to 0
05-29 03:09:16.208  1845  2090 I VSyncReactor: Current= 24, Period= 120, hwcPeriod= 120
05-29 03:09:16.241  1845  1845 I SurfaceFlinger: finalizeDisplayModeChange 4630947118961383299
05-29 03:09:16.248  1837  1848 E HeatmapThread: ECT Thread time in milliseconds: 1780013356
05-29 03:09:16.251  1837  1848 D HeatmapThread: !@ batteryplugType : 2
05-29 03:09:16.251  1837  1848 D HeatmapThread: !@ batteryLevel : 73  batteryTemperature : 354 
05-29 03:09:16.251  1837  1848 D HeatmapThread: !@ Heatmap currtime: 29666889
05-29 03:09:16.251  1837  1848 D HeatmapThread: !@ Heatmap prevtime: 29666861
05-29 03:09:16.251  1837  1848 D HeatmapThread: !@ Heatmap plugstarttime: 29666846
05-29 03:09:16.251  1837  1848 D HeatmapThread: !@ Heatmap prevv_dsoh_update_time: 29666802
05-29 03:09:16.251  1837  1848 E HeatmapThread: !@ CAM New BSOH: 97
05-29 03:09:16.451  1845  2128 D DisplayModeController: setDesiredMode 4630947118961383299 {mode={fps=24.00 Hz, modePtr={id=5, vsyncRate=24.00 Hz, peakRefreshRate=24.00 Hz}}, emitEvent=false, force=false}
05-29 03:09:16.454  1845  1845 I LayerHistory: StatusBar$_4422#107 voted NoVote (0.00 Hz)
05-29 03:09:16.454  1845  1845 I SurfaceFlinger: Idle - choose 24.00 Hz
05-29 03:09:16.455  1845  1845 I HWComposer: [4630947118961383299] ActiveConfigToHWC, ID : 8
05-29 03:09:16.456  1773  2103 I SDM     : HWDeviceDRM::SetDisplaySwitchMode: [DispConfigs] check hs_mode 3
05-29 03:09:16.457  1773  2103 W SDM     : HWDeviceDRM::GetSupportedBitClkRate: Requested rate not supported: 951080000
05-29 03:09:16.457  1773  2103 W SDM     : HWDeviceDRM::GetSupportedBitClkRate: Requested rate not supported: 951080000
05-29 03:09:16.457  1773  2103 I SDM     : HWDeviceDRM::SetDisplaySwitchMode: [DispConfigs] Set mode index:9 1080x2340x24xcmdPHS, hs_mode(3), found_mode(1)
05-29 03:09:16.457  1773  2103 I SDM     : HWDeviceDRM::UpdateMixerAttributes: Mixer WxH 1080x2340-1 for Peripheral
05-29 03:09:16.457  1773  2103 I SDM     : HWCDisplay::SubmitDisplayConfig: Active configuration changed from config 0 to 8
05-29 03:09:16.458  1845  2090 I VSyncReactor: Current= 120, Period= 24, hwcPeriod= 24
05-29 03:09:16.460  1845  1845 I SurfaceFlinger: finalizeDisplayModeChange 4630947118961383299
05-29 03:09:16.498  2994  3052 E AudioPathHelper: (Berry)(1.16)handleAudioPathTask() : can't get dual play mode - Need android.permission.BLUETOOTH_CONNECT permission for AttributionSource { uid = 1002, packageName = com.android.bluetooth, attributionTag = null, token = android.os.Binder@792f66, deviceId = 0, next = AttributionSource { uid = 10282, packageName = com.samsung.accessory.berrymgr, attributionTag = null, token = android.os.BinderProxy@8cec879, deviceId = 0, next = null } }: A2dpServiceBinder
05-29 03:09:17.058  2878  5567 I NSLocationMonitor: getGPSUsingApps() called
05-29 03:09:17.059  5566  5595 I NSLocationManager_FLP: getGPSUsingApps, No change
05-29 03:09:17.060  2157  2171 I shsusrd : shsusr_check_cpu_usage(): Output of /proc/2157/stat/ : 2157 (shsusrd0) S 1 2157 0 0 -1 1077936384 1266388 0 4303 0 4418 18638 0 0 20 0 11 0 811 2502557696 647 18446744073709551615 382806614016 382806872472 549425071456 0 0 0 0 0 1073794810 0 0 0 17 3 0 0 0 0 0 382806895552 382806896488 382814031872 549425072205 549425072248 549425072248 549425078237 0
05-29 03:09:17.060  2157  2171 I shsusrd : 
05-29 03:09:17.061  2157  2171 I shsusrd : shsusr_check_cpu_usage(): utime 4418 stime 18638 cpu_time_last 23052
05-29 03:09:17.061  2157  2171 I shsusrd : shsusr_check_cpu_usage(): user time = 4418 | system time = 18638 | total = 23056 | cpu_time_delta = 4, clk_tck 100
05-29 03:09:17.061  2157  2171 I shsusrd : shsusr_check_cpu_usage(): time_cur 1780013357 time_last 1780013347
05-29 03:09:17.061  2157  2171 I shsusrd : shsusr_check_cpu_usage(): shsusrd is using 0 pct of CPU - time_delta 10
05-29 03:09:17.061  2157  2171 I shsusrd : shsusr_check_cpu_usage(): shsusrd usage 0
05-29 03:09:17.061  2157  2171 I shsusrd : shsusr_check_cpu_usage_combined(): time_delta for combined : 10 time_cur 1780013357 time_last_combined 1780013347
05-29 03:09:17.061  2157  2171 I shsusrd : shsusr_check_cpu_usage_combined(): Output of /proc/2157/task/2157/stat: 2157 (shsusrd0) S 1 2157 0 0 -1 1077936384 1189 0 10 0 2 0 0 0 20 0 11 0 811 2502557696 647 18446744073709551615 382806614016 382806872472 549425071456 0 0 0 0 0 1073794810 1 0 0 17 3 0 0 0 0 0 382806895552 382806896488 382814031872 549425072205 549425072248 549425072248 549425078237 0
05-29 03:09:17.061  2157  2171 I shsusrd : 
05-29 03:09:17.061  2157  2171 I shsusrd : shsusr_check_cpu_usage_combined(): tid 2157 utime 2 stime 0 time_delta 10 clk_tck 100, usage 0
05-29 03:09:17.061  2157  2171 I shsusrd : shsusr_check_cpu_usage_combined(): Output of /proc/2157/task/2168/stat: 2168 (shsusrd12) S 1 2157 0 0 -1 4194368 1197520 0 1532 0 3569 14096 0 0 20 0 11 0 814 2502557696 647 18446744073709551615 382806614016 382806872472 549425071456 0 0 0 0 0 1073794810 1 0 0 -1 2 0 0 0 0 0 382806895552 382806896488 382814031872 549425072205 549425072248 549425072248 549425078237 0
05-29 03:09:17.061  2157  2171 I shsusrd : 
05-29 03:09:17.061  2157  2171 I shsusrd : shsusr_check_cpu_usage_combined(): tid 2168 utime 3569 stime 14096 time_delta 10 clk_tck 100, usage 1700
05-29 03:09:17.061  2157  2171 I shsusrd : shsusr_check_cpu_usage_combined(): Output of /proc/2157/task/2169/stat: 2169 (shsusrd2) S 1 2157 0 0 -1 4194368 250 0 306 0 3 112 0 0 20 0 11 0 814 2502557696 647 18446744073709551615 382806614016 382806872472 549425071456 0 0 0 0 0 1073794810 1 0 0 -1 6 0 0 0 0 0 382806895552 382806896488 382814031872 549425072205 549425072248 549425072248 549425078237 0
05-29 03:09:17.061  2157  2171 I shsusrd : 
05-29 03:09:17.061  2157  2171 I shsusrd : shsusr_check_cpu_usage_combined(): tid 2169 utime 3 stime 112 time_delta 10 clk_tck 100, usage 0
05-29 03:09:17.061  2157  2171 I shsusrd : shsusr_check_cpu_usage_combined(): Output of /proc/2157/task/2170/stat: 2170 (shsusrd13) S 1 2157 0 0 -1 1077936192 115 0 154 0 119 409 0 0 20 0 11 0 814 2502557696 647 18446744073709551615 382806614016 382806872472 549425071456 0 0 0 0 0 1073794810 1 0 0 -1 0 0 0 0 0 0 382806895552 382806896488 382814031872 549425072205 549425072248 549425072248 549425078237 0
05-29 03:09:17.061  2157  2171 I shsusrd : 
05-29 03:09:17.062  2157  2171 I shsusrd : shsusr_check_cpu_usage_combined(): tid 2170 utime 119 stime 409 time_delta 10 clk_tck 100, usage 0
05-29 03:09:17.062  2157  2171 I shsusrd : shsusr_check_cpu_usage_combined(): Output of /proc/2157/task/2171/stat: 2171 (shsusrd42) R 1 2157 0 0 -1 4194368 274 0 892 0 291 1138 0 0 20 0 11 0 814 2502557696 647 18446744073709551615 382806614016 382806872472 549425071456 0 0 0 0 0 1073794810 0 0 0 -1 1 0 0 0 0 0 382806895552 382806896488 382814031872 549425072205 549425072248 549425072248 549425078237 0
05-29 03:09:17.062  2157  2171 I shsusrd : 
05-29 03:09:17.062  2157  2171 I shsusrd : shsusr_check_cpu_usage_combined(): tid 2171 utime 291 stime 1138 time_delta 10 clk_tck 100, usage 100
05-29 03:09:17.062  2157  2171 I shsusrd : shsusr_check_cpu_usage_combined(): Output of /proc/2157/task/2173/stat: 2173 (shsusrd4) S 1 2157 0 0 -1 4194368 0 0 0 0 1 101 0 0 20 0 11 0 814 2502557696 647 18446744073709551615 382806614016 382806872472 549425071456 0 0 0 0 0 1073794810 1 0 0 -1 1 0 0 0 0 0 382806895552 382806896488 382814031872 549425072205 549425072248 549425072248 549425078237 0
05-29 03:09:17.062  2157  2171 I shsusrd : 
05-29 03:09:17.062  2157  2171 I shsusrd : shsusr_check_cpu_usage_combined(): tid 2173 utime 1 stime 101 time_delta 10 clk_tck 100, usage 0
05-29 03:09:17.062  2157  2171 I shsusrd : shsusr_check_cpu_usage_combined(): Output of /proc/2157/task/2174/stat: 2174 (shsusrd14) S 1 2157 0 0 -1 4194368 173 0 437 0 1 113 0 0 20 0 11 0 814 2502557696 647 18446744073709551615 382806614016 382806872472 549425071456 0 0 0 0 0 1073794810 1 0 0 -1 3 0 0 0 0 0 382806895552 382806896488 382814031872 549425072205 549425072248 549425072248 549425078237 0
05-29 03:09:17.062  2157  2171 I shsusrd : 
05-29 03:09:17.062  2157  2171 I shsusrd : shsusr_check_cpu_usage_combined(): tid 2174 utime 1 stime 113 time_delta 10 clk_tck 100, usage 0
05-29 03:09:17.062  2157  2171 I shsusrd : shsusr_check_cpu_usage_combined(): Output of /proc/2157/task/5007/stat: 5007 (shsusrd14) S 1 2157 0 0 -1 4194368 0 0 21 0 0 114 0 0 20 0 11 0 1936 2502557696 647 18446744073709551615 382806614016 382806872472 549425071456 0 0 0 0 0 1073794810 1 0 0 -1 1 0 0 0 0 0 382806895552 382806896488 382814031872 549425072205 549425072248 549425072248 549425078237 0
05-29 03:09:17.062  2157  2171 I shsusrd : 
05-29 03:09:17.062  2157  2171 I shsusrd : shsusr_check_cpu_usage_combined(): tid 5007 utime 0 stime 114 time_delta 10 clk_tck 100, usage 0
05-29 03:09:17.062  2157  2171 I shsusrd : shsusr_check_cpu_usage_combined(): Output of /proc/2157/task/5080/stat: 5080 (shsusrd7) S 1 2157 0 0 -1 4194368 4 0 21 0 1 107 0 0 20 0 11 0 1966 2502557696 647 18446744073709551615 382806614016 382806872472 549425071456 0 0 0 0 0 1073794810 1 0 0 -1 0 0 0 0 0 0 382806895552 382806896488 382814031872 549425072205 549425072248 549425072248 549425078237 0
05-29 03:09:17.062  2157  2171 I shsusrd : 
05-29 03:09:17.062  2157  2171 I shsusrd : shsusr_check_cpu_usage_combined(): tid 5080 utime 1 stime 107 time_delta 10 clk_tck 100, usage 0
05-29 03:09:17.062  2157  2171 I shsusrd : shsusr_check_cpu_usage_combined(): Output of /proc/2157/task/5093/stat: 5093 (shsusrd5) S 1 2157 0 0 -1 4194368 15 0 131 0 1 107 0 0 20 0 11 0 1967 2502557696 647 18446744073709551615 382806614016 382806872472 549425071456 0 0 0 0 0 1073794810 1 0 0 -1 1 0 0 0 0 0 382806895552 382806896488 382814031872 549425072205 549425072248 549425072248 549425078237 0
05-29 03:09:17.062  2157  2171 I shsusrd : 
05-29 03:09:17.062  2157  2171 I shsusrd : shsusr_check_cpu_usage_combined(): tid 5093 utime 1 stime 107 time_delta 10 clk_tck 100, usage 0
05-29 03:09:17.062  2157  2171 I shsusrd : shsusr_check_cpu_usage_combined(): Output of /proc/2157/task/10321/stat: 10321 (HwBinder:2157_1) S 1 2157 0 0 -1 1077936192 3 0 0 0 0 0 0 0 20 0 11 0 3014649 2502557696 647 18446744073709551615 382806614016 382806872472 549425071456 0 0 0 0 0 1073794810 1 0 0 -1 1 0 0 0 0 0 382806895552 382806896488 382814031872 549425072205 549425072248 549425072248 549425078237 0
05-29 03:09:17.062  2157  2171 I shsusrd : 
05-29 03:09:17.062  2157  2171 I shsusrd : shsusr_check_cpu_usage_combined(): tid 10321 utime 0 stime 0 time_delta 10 clk_tck 100, usage 0
05-29 03:09:17.062  2157  2171 I shsusrd : shsusr_check_cpu_usage_combined(): Combined CPU usage: total_utime 3988 total_stime 16297 total_cpu_time_seconds 0.00, clk_tck 100
05-29 03:09:17.062  2157  2171 I shsusrd : shsusr_check_cpu_usage_combined(): Combined shsusrd usage 0
05-29 03:09:17.062  2157  2171 I shsusrd : shsusr_check_cpu_usage_combined(): Combined shsusrd usage FINAL 0
05-29 03:09:17.071  2878  5567 D FreecessHandler: freeze com.duckduckgo.mobile.android(10067) result : 2
05-29 03:09:17.156  4967  5090 I HoneySpace.StatusIconTracker: invokeEvent() called with: event = Mobile(bundle=Bundle[mParcelledData.dataSize=256])
05-29 03:09:17.175  1845  2090 I VSyncReactor: Current= 24, Period= 24, hwcPeriod= 24
05-29 03:09:17.183  1845  2128 D DisplayModeController: setDesiredMode 4630947118961383299 {mode={fps=120.00 Hz, modePtr={id=0, vsyncRate=120.00 Hz, peakRefreshRate=120.00 Hz}}, emitEvent=true, force=false}
05-29 03:09:17.210  1845  1845 I LayerHistory: StatusBar$_4422#107 voted NoVote (0.00 Hz)
05-29 03:09:17.210  1845  1845 I SurfaceFlinger: No layers with votes - choose 120.00 Hz
05-29 03:09:17.211  1845  1845 I HWComposer: [4630947118961383299] ActiveConfigToHWC, ID : 0
05-29 03:09:17.213  1773  2103 I SDM     : HWDeviceDRM::SetDisplaySwitchMode: [DispConfigs] check hs_mode 3
05-29 03:09:17.213  1773  2103 W SDM     : HWDeviceDRM::GetSupportedBitClkRate: Requested rate not supported: 951080000
05-29 03:09:17.213  1773  2103 I SDM     : HWDeviceDRM::SetDisplaySwitchMode: [DispConfigs] Set mode index:0 1080x2340x120xcmdHS, hs_mode(3), found_mode(0)
05-29 03:09:17.214  1773  2103 I SDM     : HWDeviceDRM::UpdateMixerAttributes: Mixer WxH 1080x2340-1 for Peripheral
05-29 03:09:17.214  1773  2103 I SDM     : HWCDisplay::SubmitDisplayConfig: Active configuration changed from config 8 to 0
05-29 03:09:17.218  1845  2090 I VSyncReactor: Current= 24, Period= 120, hwcPeriod= 120
05-29 03:09:17.247  1837  1848 E HeatmapThread: ECT Thread time in milliseconds: 1780013357
05-29 03:09:17.250  1845  1845 I SurfaceFlinger: finalizeDisplayModeChange 4630947118961383299
05-29 03:09:17.252  1837  1848 D HeatmapThread: !@ batteryplugType : 2
05-29 03:09:17.252  1837  1848 D HeatmapThread: !@ batteryLevel : 73  batteryTemperature : 354 
05-29 03:09:17.252  1837  1848 D HeatmapThread: !@ Heatmap currtime: 29666889
05-29 03:09:17.252  1837  1848 D HeatmapThread: !@ Heatmap prevtime: 29666861
05-29 03:09:17.252  1837  1848 D HeatmapThread: !@ Heatmap plugstarttime: 29666846
05-29 03:09:17.252  1837  1848 D HeatmapThread: !@ Heatmap prevv_dsoh_update_time: 29666802
05-29 03:09:17.252  1837  1848 E HeatmapThread: !@ CAM New BSOH: 97
05-29 03:09:17.461  1845  2128 D DisplayModeController: setDesiredMode 4630947118961383299 {mode={fps=24.00 Hz, modePtr={id=5, vsyncRate=24.00 Hz, peakRefreshRate=24.00 Hz}}, emitEvent=false, force=false}
05-29 03:09:17.464  1845  1845 I LayerHistory: StatusBar$_4422#107 voted NoVote (0.00 Hz)
05-29 03:09:17.464  1845  1845 I SurfaceFlinger: Idle - choose 24.00 Hz
05-29 03:09:17.465  1845  1845 I HWComposer: [4630947118961383299] ActiveConfigToHWC, ID : 8
05-29 03:09:17.467  1773  2103 I SDM     : HWDeviceDRM::SetDisplaySwitchMode: [DispConfigs] check hs_mode 3
05-29 03:09:17.467  1773  2103 W SDM     : HWDeviceDRM::GetSupportedBitClkRate: Requested rate not supported: 951080000
05-29 03:09:17.467  1773  2103 W SDM     : HWDeviceDRM::GetSupportedBitClkRate: Requested rate not supported: 951080000
05-29 03:09:17.467  1773  2103 I SDM     : HWDeviceDRM::SetDisplaySwitchMode: [DispConfigs] Set mode index:9 1080x2340x24xcmdPHS, hs_mode(3), found_mode(1)
05-29 03:09:17.467  1773  2103 I SDM     : HWDeviceDRM::UpdateMixerAttributes: Mixer WxH 1080x2340-1 for Peripheral
05-29 03:09:17.467  1773  2103 I SDM     : HWCDisplay::SubmitDisplayConfig: Active configuration changed from config 0 to 8
05-29 03:09:17.468  1845  2090 I VSyncReactor: Current= 120, Period= 24, hwcPeriod= 24
05-29 03:09:17.471  1845  1845 I SurfaceFlinger: finalizeDisplayModeChange 4630947118961383299
05-29 03:09:17.504  2994  3052 E AudioPathHelper: (Berry)(1.16)handleAudioPathTask() : can't get dual play mode - Need android.permission.BLUETOOTH_CONNECT permission for AttributionSource { uid = 1002, packageName = com.android.bluetooth, attributionTag = null, token = android.os.Binder@792f66, deviceId = 0, next = AttributionSource { uid = 10282, packageName = com.samsung.accessory.berrymgr, attributionTag = null, token = android.os.BinderProxy@8cec879, deviceId = 0, next = null } }: A2dpServiceBinder
05-29 03:09:18.160  4967  5090 I HoneySpace.StatusIconTracker: invokeEvent() called with: event = Mobile(bundle=Bundle[mParcelledData.dataSize=256])
05-29 03:09:18.194  1845  2090 I VSyncReactor: Current= 24, Period= 24, hwcPeriod= 24
05-29 03:09:18.201  1845  2128 D DisplayModeController: setDesiredMode 4630947118961383299 {mode={fps=120.00 Hz, modePtr={id=0, vsyncRate=120.00 Hz, peakRefreshRate=120.00 Hz}}, emitEvent=true, force=false}
05-29 03:09:18.228  1845  1845 I LayerHistory: StatusBar$_4422#107 voted NoVote (0.00 Hz)
05-29 03:09:18.228  1845  1845 I SurfaceFlinger: No layers with votes - choose 120.00 Hz
05-29 03:09:18.230  1845  1845 I HWComposer: [4630947118961383299] ActiveConfigToHWC, ID : 0
05-29 03:09:18.231  1773  2103 I SDM     : HWDeviceDRM::SetDisplaySwitchMode: [DispConfigs] check hs_mode 3
05-29 03:09:18.231  1773  2103 W SDM     : HWDeviceDRM::GetSupportedBitClkRate: Requested rate not supported: 951080000
05-29 03:09:18.232  1773  2103 I SDM     : HWDeviceDRM::SetDisplaySwitchMode: [DispConfigs] Set mode index:0 1080x2340x120xcmdHS, hs_mode(3), found_mode(0)
05-29 03:09:18.232  1773  2103 I SDM     : HWDeviceDRM::UpdateMixerAttributes: Mixer WxH 1080x2340-1 for Peripheral
05-29 03:09:18.232  1773  2103 I SDM     : HWCDisplay::SubmitDisplayConfig: Active configuration changed from config 8 to 0
05-29 03:09:18.236  1845  2090 I VSyncReactor: Current= 24, Period= 120, hwcPeriod= 120
05-29 03:09:18.247  1837  1848 E HeatmapThread: ECT Thread time in milliseconds: 1780013358
05-29 03:09:18.250  1837  1848 D HeatmapThread: !@ batteryplugType : 2
05-29 03:09:18.250  1837  1848 D HeatmapThread: !@ batteryLevel : 73  batteryTemperature : 354 
05-29 03:09:18.250  1837  1848 D HeatmapThread: !@ Heatmap currtime: 29666889
05-29 03:09:18.250  1837  1848 D HeatmapThread: !@ Heatmap prevtime: 29666861
05-29 03:09:18.250  1837  1848 D HeatmapThread: !@ Heatmap plugstarttime: 29666846
05-29 03:09:18.250  1837  1848 D HeatmapThread: !@ Heatmap prevv_dsoh_update_time: 29666802
05-29 03:09:18.250  1837  1848 E HeatmapThread: !@ CAM New BSOH: 97
05-29 03:09:18.268  1845  1845 I SurfaceFlinger: finalizeDisplayModeChange 4630947118961383299
05-29 03:09:18.479  1845  2128 D DisplayModeController: setDesiredMode 4630947118961383299 {mode={fps=24.00 Hz, modePtr={id=5, vsyncRate=24.00 Hz, peakRefreshRate=24.00 Hz}}, emitEvent=false, force=false}
05-29 03:09:18.482  1845  1845 I LayerHistory: StatusBar$_4422#107 voted NoVote (0.00 Hz)
05-29 03:09:18.482  1845  1845 I SurfaceFlinger: Idle - choose 24.00 Hz
05-29 03:09:18.483  1845  1845 I HWComposer: [4630947118961383299] ActiveConfigToHWC, ID : 8
05-29 03:09:18.485  1773  2103 I SDM     : HWDeviceDRM::SetDisplaySwitchMode: [DispConfigs] check hs_mode 3
05-29 03:09:18.485  1773  2103 W SDM     : HWDeviceDRM::GetSupportedBitClkRate: Requested rate not supported: 951080000
05-29 03:09:18.485  1773  2103 W SDM     : HWDeviceDRM::GetSupportedBitClkRate: Requested rate not supported: 951080000
05-29 03:09:18.485  1773  2103 I SDM     : HWDeviceDRM::SetDisplaySwitchMode: [DispConfigs] Set mode index:9 1080x2340x24xcmdPHS, hs_mode(3), found_mode(1)
05-29 03:09:18.485  1845  2090 I VSyncReactor: Current= 120, Period= 24, hwcPeriod= 24
05-29 03:09:18.485  1773  2103 I SDM     : HWDeviceDRM::UpdateMixerAttributes: Mixer WxH 1080x2340-1 for Peripheral
05-29 03:09:18.486  1773  2103 I SDM     : HWCDisplay::SubmitDisplayConfig: Active configuration changed from config 0 to 8
05-29 03:09:18.489  1845  1845 I SurfaceFlinger: finalizeDisplayModeChange 4630947118961383299
05-29 03:09:18.508  2994  3052 E AudioPathHelper: (Berry)(1.16)handleAudioPathTask() : can't get dual play mode - Need android.permission.BLUETOOTH_CONNECT permission for AttributionSource { uid = 1002, packageName = com.android.bluetooth, attributionTag = null, token = android.os.Binder@792f66, deviceId = 0, next = AttributionSource { uid = 10282, packageName = com.samsung.accessory.berrymgr, attributionTag = null, token = android.os.BinderProxy@8cec879, deviceId = 0, next = null } }: A2dpServiceBinder
05-29 03:09:18.624  2878  3730 D ActivityManager: Received SERVICE intent 0x2a123db Key{startService pkg=com.huawei.health intent=xflg=0x4 cmp=com.huawei.health/com.huawei.devicesdk.reconnect.PeriodScanService flags=0x4000000 u=0} requestCode=1 from uid 1000
05-29 03:09:18.624 11414 11414 I DEVMGR_PeriodScanService: 1600103320|R|I|onStartCommand, type: 1
05-29 03:09:18.625 11414 11414 D BluetoothAdapter: isLeEnabled(): ON
05-29 03:09:18.625 11414 11414 D BluetoothLeScanner: Stop Scan with callback
05-29 03:09:18.629  4729  4747 I bt_shim_scanner: system/main/shim/le_scanning_manager.cc:141 Unregister: in shim layer, scannerId=13
05-29 03:09:18.629  4729  5131 W bluetooth: system/gd/hci/le_scanning_manager.cc:697 unregister_scanner: unregister_scanner
05-29 03:09:18.631 11414 11414 I DEVMGR_PeriodScanService: 1600103320|R|I|onStartCommand. need subscript next reconnect.
05-29 03:09:18.631 11414 11414 I DEVMGR_BleReconnectManager: 1600103320|R|I|Enter nextBleReconnect
05-29 03:09:18.631 11414 11414 I DEVMGR_BleReconnectManager: 1600103320|R|I|sendPendingIntentTask type: 2, delay: 64000
05-29 03:09:18.631  4729  5406 I bt_shim_scanner: system/main/shim/le_scanning_manager.cc:197 ScanFilterParamSetup: in shim layer, clientIf=13
05-29 03:09:18.632  1694  1694 D vendor.qti.bluetooth@1.1-ibs_handler: SerialClockVote: vote for UART CLK ON
05-29 03:09:18.632  7065  7065 W ContextImpl: Calling a method in the system process without a qualified user: android.app.ContextImpl.startService:2068 android.content.ContextWrapper.startService:872 android.content.ContextWrapper.startService:872 com.sec.android.diagmonagent.sa.receiver.CFLogReceiver.onReceive:56 android.app.ActivityThread.handleReceiver:5663 
05-29 03:09:18.632  4729  5406 E ScanManager: [GSIM LOG]: gsimLogHandler, msg: MESSAGE_SCAN_STOP, appName: com.huawei.health, scannerId: 13, reportDelayMillis=0
05-29 03:09:18.633 11414  9827 W Dfx_LogAppEventUtil: 1600103320|R|W|addAppEventLog is not connected device
05-29 03:09:18.633  1694  1694 D vendor.qti.bluetooth@1.1-wake_lock: Acquire wakelock is acquired 
05-29 03:09:18.633  1694  1694 I vendor.qti.bluetooth@1.1-ibs_handler: DeviceWakeUp: Writing IBS_WAKE_IND
05-29 03:09:18.633 11414  9827 I Dfx_LogAppEventUtil: 1600103320|R|I|createAppEventLogFile enter
05-29 03:09:18.633 11414  9827 I Dfx_LogAppEventUtil: 1600103320|R|I|isCreateAppEventLog enter
05-29 03:09:18.635 11414  9827 I Dfx_LogAppEventUtil: 1600103320|R|I|dealEventLogFile file size less 2M
05-29 03:09:18.639  1694  5377 I vendor.qti.bluetooth@1.1-ibs_handler: ProcessIbsCmd: Received IBS_WAKE_ACK: 0xFC
05-29 03:09:18.639  1694  5377 I vendor.qti.bluetooth@1.1-ibs_handler: ProcessIbsCmd: Signal wack_cond_
05-29 03:09:18.639  1694  1694 D vendor.qti.bluetooth@1.1-ibs_handler: DeviceWakeUp: Unblocked from waiting for FC, pthread_cond_timedwait ret = 0
05-29 03:09:18.639  1694  5377 I vendor.qti.bluetooth@1.1-ibs_handler: ProcessIbsCmd: Received IBS_WAKE_IND: 0xFD
05-29 03:09:18.640  1694  5377 I vendor.qti.bluetooth@1.1-ibs_handler: ProcessIbsCmd: Writing IBS_WAKE_ACK
05-29 03:09:18.692  1694  5377 I vendor.qti.bluetooth@1.1-ibs_handler: ProcessIbsCmd: Received IBS_SLEEP_IND: 0xFE
05-29 03:09:18.903  4005  4156 D SatelliteController: isInCarrierRoamingNbIotNtn: satellite is disabled
05-29 03:09:19.249  1837  1848 E HeatmapThread: ECT Thread time in milliseconds: 1780013359
