05-29 03:08:59.970  4307  4307 I VolteServiceModule: onServiceStateChanged({mVoiceRegState=0(IN_SERVICE), mDataRegState=0(IN_SERVICE), mChannelNumber=38950, duplexMode()=2, mCellBandwidths=[20000, 20000, 20000], mOperatorAlphaLong=T-Mobile, mOperatorAlphaShort=T-Mobile, isManualNetworkSelection=false(automatic), getRilVoiceRadioTechnology=14(LTE), getRilDataRadioTechnology=14(LTE), mCssIndicator=unsupported, mNetworkId=*1, mSystemId=*1, mCdmaRoamingIndicator=-1, mCdmaDefaultRoamingIndicator=-1, NonCellular=false, Snap=0, PsOnly=false, SprDisplayRoam=false, OptRadioTech=0, MsimSubmode=0, IsVoiceCallAvailable=true, mIsEmergencyOnly=false, isUsingCarrierAggregation=false, mArfcnRsrpBoost=0, mNetworkRegistrationInfos=[NetworkRegistrationInfo{ domain=PS transportType=WLAN registrationState=UNKNOWN networkRegistrationState=UNKNOWN roamingType=NOT_ROAMING accessNetworkTechnology=IWLAN rejectCause=0 emergencyEnabled=false availableServices=[] cellIdentity=null voiceSpecificInfo=null dataSpecificInfo=null nrState=**** rRplmn= isUsingCarrierAggregation=false isNonTerrestrialNetwork=TERRESTRIAL}, NetworkRegistrationInfo{ domain=CS transportType=WWAN registrationState=HOME networkRegistrationState=HOME roamingType=NOT_ROAMING accessNetworkTechnology=LTE rejectCause=0 emergencyEnabled=false availableServices=[VOICE,SMS,VIDEO] cellIdentity=CellIdentityLte:{ mCi=1******73 mPci=93 mTac=2***8 mEarfcn=38950 mBands=[40] mBandwidth=2147483647 mMcc=250 mMnc=20 mAlphaLong=T-Mobile mAlphaShort=T-Mobile mAdditionalPlmns={} mCsgInfo=null} voiceSpecificInfo=VoiceSpecificRegistrationInfo { mCssSupported=false mRoamingIndicator=0 mSystemIsInPrl=0 mDefaultRoamingIndicator=0} dataSpecificInfo=null nrState=**** rRplmn=25020 isUsingCarrierAggregation=false isNonTerrestrialNetwork=TERRESTRIAL}, NetworkRegistrationInfo{ domain=PS transportType=WWAN registrationState=HOME networkRegistrationState=HOME roamingType=NOT_ROAMING accessNetworkTechnology=LTE rejectCause=0 emergencyEnabled=false availableServices=[DATA,MMS] cellIdentity=CellIdentityLte:{ mCi=1******73 mPci=93 mTac=2***8 mEarfcn=38950 mBands=[40] mBandwidth=2147483647 mMcc=250 mMnc=20 mAlphaLong=T-Mobile mAlphaShort=T-Mobile mAdditionalPlmns={} mCsgInfo=null} voiceSpecificInfo=null dataSpecificInfo=android.telephony.DataSpecificRegistrationInfo :{ maxDataCalls = 16 isDcNrRestricted = false isNrAvailable = false isEnDcAvailable = false mLteAttachResultType = 0 mLteAttachExtraInfo = 0 LteVopsSupportInfo :  mVopsSupport = 3 mEmcBearerSupport = 3 } nrState=**** rRplmn=25020 isUsingCarrierAggregation=false isNonTerrestrialNetwork=TERRESTRIAL}], mNrFrequencyRange=0, mOperatorAlphaLongRaw=T-Mobile, mOperatorAlphaShortRaw=T-Mobile, mIsDataRoamingFromRegistration=false, mIsIwlanPreferred=false, mIsUsingNonTerrestrialNetwork=false})
05-29 03:08:59.971  4307  4307 I VolteServiceModule: mIsLteEpsOnlyAttached(1):false
05-29 03:08:59.971  4307  4307 I ImsIconManager<0>: onServiceStateChanged: {mVoiceRegState=0(IN_SERVICE), mDataRegState=0(IN_SERVICE), mChannelNumber=38950, duplexMode()=2, mCellBandwidths=[20000, 20000, 20000], mOperatorAlphaLong=T-Mobile, mOperatorAlphaShort=T-Mobile, isManualNetworkSelection=false(automatic), getRilVoiceRadioTechnology=14(LTE), getRilDataRadioTechnology=14(LTE), mCssIndicator=unsupported, mNetworkId=*1, mSystemId=*1, mCdmaRoamingIndicator=-1, mCdmaDefaultRoamingIndicator=-1, NonCellular=false, Snap=0, PsOnly=false, SprDisplayRoam=false, OptRadioTech=0, MsimSubmode=0, IsVoiceCallAvailable=true, mIsEmergencyOnly=false, isUsingCarrierAggregation=false, mArfcnRsrpBoost=0, mNetworkRegistrationInfos=[NetworkRegistrationInfo{ domain=PS transportType=WLAN registrationState=UNKNOWN networkRegistrationState=UNKNOWN roamingType=NOT_ROAMING accessNetworkTechnology=IWLAN rejectCause=0 emergencyEnabled=false availableServices=[] cellIdentity=null voiceSpecificInfo=null dataSpecificInfo=null nrState=**** rRplmn= isUsingCarrierAggregation=false isNonTerrestrialNetwork=TERRESTRIAL}, NetworkRegistrationInfo{ domain=CS transportType=WWAN registrationState=HOME networkRegistrationState=HOME roamingType=NOT_ROAMING accessNetworkTechnology=LTE rejectCause=0 emergencyEnabled=false availableServices=[VOICE,SMS,VIDEO] cellIdentity=CellIdentityLte:{ mCi=1******73 mPci=93 mTac=2***8 mEarfcn=38950 mBands=[40] mBandwidth=2147483647 mMcc=250 mMnc=20 mAlphaLong=T-Mobile mAlphaShort=T-Mobile mAdditionalPlmns={} mCsgInfo=null} voiceSpecificInfo=VoiceSpecificRegistrationInfo { mCssSupported=false mRoamingIndicator=0 mSystemIsInPrl=0 mDefaultRoamingIndicator=0} dataSpecificInfo=null nrState=**** rRplmn=25020 isUsingCarrierAggregation=false isNonTerrestrialNetwork=TERRESTRIAL}, NetworkRegistrationInfo{ domain=PS transportType=WWAN registrationState=HOME networkRegistrationState=HOME roamingType=NOT_ROAMING accessNetworkTechnology=LTE rejectCause=0 emergencyEnabled=false availableServices=[DATA,MMS] cellIdentity=CellIdentityLte:{ mCi=1******73 mPci=93 mTac=2***8 mEarfcn=38950 mBands=[40] mBandwidth=2147483647 mMcc=250 mMnc=20 mAlphaLong=T-Mobile mAlphaShort=T-Mobile mAdditionalPlmns={} mCsgInfo=null} voiceSpecificInfo=null dataSpecificInfo=android.telephony.DataSpecificRegistrationInfo :{ maxDataCalls = 16 isDcNrRestricted = false isNrAvailable = false isEnDcAvailable = false mLteAttachResultType = 0 mLteAttachExtraInfo = 0 LteVopsSupportInfo :  mVopsSupport = 3 mEmcBearerSupport = 3 } nrState=**** rRplmn=25020 isUsingCarrierAggregation=false isNonTerrestrialNetwork=TERRESTRIAL}], mNrFrequencyRange=0, mOperatorAlphaLongRaw=T-Mobile, mOperatorAlphaShortRaw=T-Mobile, mIsDataRoamingFromRegistration=false, mIsIwlanPreferred=false, mIsUsingNonTerrestrialNetwork=false}
05-29 03:08:59.971  2878  4135 I LocationAccessPolicy: com.android.systemui is aware of fine but the app-ops permission is specifically denied.
05-29 03:08:59.971  2878  4135 I LocationAccessPolicy: checkLocationPermission - callingUid: 10040, callingPid: 4422, resultForFine: DENIED_SOFT
05-29 03:08:59.971  2878  4135 I LocationAccessPolicy: com.android.systemui is aware of coarse but the app-ops permission is specifically denied.
05-29 03:08:59.972  2878  4135 I LocationAccessPolicy: checkLocationPermission - callingUid: 10040, callingPid: 4422, resultForCoarse: DENIED_SOFT
05-29 03:08:59.972  4307  4361 I GeolocationCon: handleMessage : what = SERVICE_STATE_CHANGED
05-29 03:08:59.972  2878  3804 I MotionRecognitionService: [SAR] CLEAR MAINTUNERGRIP2CH (400000000) : false
05-29 03:08:59.972  2878  4135 I LocationAccessPolicy: com.android.systemui is aware of fine but the app-ops permission is specifically denied.
05-29 03:08:59.972  2878  4135 I LocationAccessPolicy: checkLocationPermission - callingUid: 10040, callingPid: 4422, resultForFine: DENIED_SOFT
05-29 03:08:59.972  2878  4135 I LocationAccessPolicy: com.android.systemui is aware of coarse but the app-ops permission is specifically denied.
05-29 03:08:59.972  2878  4135 I LocationAccessPolicy: checkLocationPermission - callingUid: 10040, callingPid: 4422, resultForCoarse: DENIED_SOFT
05-29 03:08:59.972  2878  4135 I LocationAccessPolicy: com.android.systemui is aware of fine but the app-ops permission is specifically denied.
05-29 03:08:59.972  2878  4135 I LocationAccessPolicy: checkLocationPermission - callingUid: 10040, callingPid: 4422, resultForFine: DENIED_SOFT
05-29 03:08:59.972  2878  4135 I LocationAccessPolicy: com.android.systemui is aware of coarse but the app-ops permission is specifically denied.
05-29 03:08:59.972  2878  4135 I LocationAccessPolicy: checkLocationPermission - callingUid: 10040, callingPid: 4422, resultForCoarse: DENIED_SOFT
05-29 03:08:59.972  4077  4260 I EPDG -- SIM0 [NetController]: getVoPS, vopsSupportInfo=LteVopsSupportInfo :  mVopsSupport = 3 mEmcBearerSupport = 3
05-29 03:08:59.972  4077  4260 I EPDG -- SIM0 [NetController]: WWAN Voice Regi: 0 Roaming: 0
05-29 03:08:59.972  1718  1718 I SensorsGrip: [grip_sensor] enable: GripSensor: enable handle = 11 en = 0
05-29 03:08:59.972  4077  4260 I EPDG -- SIM0 [NetController]: WWAN Data Regi: 0 Rat: 13 Roaming: false
05-29 03:08:59.973  2878  2878 D SemWifiApServiceImpl: onServiceStateChanged : 0dataNetworkType : 13,isUsingNonTerrestrialNetwork:false
05-29 03:08:59.973  4077  4260 I EPDG -- SIM0 [NetController]: onNetworkStatusChanged: disable Epdg
05-29 03:08:59.973  2878  3846 W NSLocationMonitor: onServiceStateChanged, state=0 / channel=38950
05-29 03:08:59.973  2878  3846 I NSLocationMonitor: networkType[13]=LTE / nrState=false
05-29 03:08:59.973  2878  3846 W NSLocationMonitor: onServiceStateChanged, state=0 / channel=38950
05-29 03:08:59.973  2878  3846 I NSLocationMonitor: networkType[13]=LTE / nrState=false
05-29 03:08:59.973  1718  1718 E SensorsGrip: [grip_sensor] enable: mEnabled : 0, first_grip_event : 1
05-29 03:08:59.974  2878  4135 W ContextImpl: Calling a method in the system process without a qualified user: android.app.ContextImpl.sendBroadcastMultiplePermissions:1385 android.content.Context.sendBroadcastMultiplePermissions:2588 com.android.server.TelephonyRegistry.broadcastServiceStateChanged:63 com.android.server.TelephonyRegistry.notifyServiceStateForPhoneId:185 com.android.internal.telephony.ITelephonyRegistry$Stub.onTransact:667 
05-29 03:08:59.974  5566  5650 W NetworkManager_FLP: updateServiceStateChanged, serviceState=0 / isRegistered=true / channel=38950 / networkTypeName=LTE / nr=false
05-29 03:08:59.974  4422  4422 D GlobalActionsDialogLite: Service changed before actions created
05-29 03:08:59.975  2878  4135 W ContextImpl: Calling a method in the system process without a qualified user: android.app.ContextImpl.sendBroadcastMultiplePermissions:1418 com.android.server.TelephonyRegistry.broadcastServiceStateChanged:92 com.android.server.TelephonyRegistry.notifyServiceStateForPhoneId:185 com.android.internal.telephony.ITelephonyRegistry$Stub.onTransact:667 android.os.Binder.execTransactInternal:1462 
05-29 03:08:59.975  5566  5650 W NetworkManager_FLP: updateServiceStateChanged, serviceState=0 / isRegistered=true / channel=38950 / networkTypeName=LTE / nr=false
05-29 03:08:59.975  2878  3804 D SensorManager: unregisterListener :: com.samsung.android.gesture.MotionRecognitionSAR$GripSensorWrapper$1@f968509
05-29 03:08:59.976  2878  3804 I MotionRecognitionService: [SAR] disable (ISG6320 Grip sensor)
05-29 03:08:59.976  2878  3804 I MotionRecognitionService: [SAR] [ CH0 : 0 , CH1 : 0] (ISG6320 Grip sensor)
05-29 03:08:59.976  2878  3804 I MotionRecognitionService: [SAR] callSARDeviceID Off : GRIP : GRIP2CH
05-29 03:08:59.976  2878  3804 I MotionRecognitionService: [SAR] callSARDeviceID IDs(10001 -> 0) , Active IDs(10001 -> 0) 
05-29 03:08:59.976  2878  4135 W ContextImpl: Calling a method in the system process without a qualified user: android.app.ContextImpl.sendBroadcastMultiplePermissions:1418 com.android.server.TelephonyRegistry.broadcastServiceStateChanged:121 com.android.server.TelephonyRegistry.notifyServiceStateForPhoneId:185 com.android.internal.telephony.ITelephonyRegistry$Stub.onTransact:667 android.os.Binder.execTransactInternal:1462 
05-29 03:08:59.976  2878  3804 D MotionRecognitionService: [SAR] controlSARDevice -- 
05-29 03:08:59.977  4307  4361 I GeolocationCon: matchTimingReqLocation ,match=0, timing=4
05-29 03:08:59.977  4307  4361 I GeolocationCon: matchTimingReqLocation ,match=0, timing=4
05-29 03:08:59.977  4307  4361 I GeolocationCon: profile is null
05-29 03:08:59.977  4307  4361 I GeolocationCon<0>: onNetworkCountryIsoChanged: mCountryIso = ru, iso = ru
05-29 03:08:59.978  4422  4422 D SatelliteModeObserver: service state changed : {mVoiceRegState=0(IN_SERVICE), mDataRegState=0(IN_SERVICE), mChannelNumber=38950, duplexMode()=2, mCellBandwidths=[20000, 20000, 20000], mOperatorAlphaLong=null, mOperatorAlphaShort=null, isManualNetworkSelection=false(automatic), getRilVoiceRadioTechnology=14(LTE), getRilDataRadioTechnology=14(LTE), mCssIndicator=unsupported, mNetworkId=*1, mSystemId=*1, mCdmaRoamingIndicator=-1, mCdmaDefaultRoamingIndicator=-1, NonCellular=false, Snap=0, PsOnly=false, SprDisplayRoam=false, OptRadioTech=0, MsimSubmode=0, IsVoiceCallAvailable=true, mIsEmergencyOnly=false, isUsingCarrierAggregation=false, mArfcnRsrpBoost=0, mNetworkRegistrationInfos=[NetworkRegistrationInfo{ domain=PS transportType=WLAN registrationState=UNKNOWN networkRegistrationState=UNKNOWN roamingType=NOT_ROAMING accessNetworkTechnology=IWLAN rejectCause=0 emergencyEnabled=false availableServices=[] cellIdentity=null voiceSpecificInfo=null dataSpecificInfo=null nrState=**** rRplmn= isUsingCarrierAggregation=false isNonTerrestrialNetwork=TERRESTRIAL}, NetworkRegistrationInfo{ domain=CS transportType=WWAN registrationState=HOME networkRegistrationState=HOME roamingType=NOT_ROAMING accessNetworkTechnology=LTE rejectCause=0 emergencyEnabled=false availableServices=[VOICE,SMS,VIDEO] cellIdentity=null voiceSpecificInfo=VoiceSpecificRegistrationInfo { mCssSupported=false mRoamingIndicator=0 mSystemIsInPrl=0 mDefaultRoamingIndicator=0} dataSpecificInfo=null nrState=**** rRplmn=25020 isUsingCarrierAggregation=false isNonTerrestrialNetwork=TERRESTRIAL}, NetworkRegistrationInfo{ domain=PS transportType=WWAN registrationState=HOME networkRegistrationState=HOME roamingType=NOT_ROAMING accessNetworkTechnology=LTE rejectCause=0 emergencyEnabled=false availableServices=[DATA,MMS] cellIdentity=null voiceSpecificInfo=null dataSpecificInfo=android.telephony.DataSpecificRegistrationInfo :{ maxDataCalls = 16 isDcNrRestricted = false isNrAvailable = false isEnDcAvailable = false mLteAttachResultType = 0 mLteAttachExtraInfo = 0 LteVopsSupportInfo :  mVopsSupport = 3 mEmcBearerSupport = 3 } nrState=**** rRplmn=25020 isUsingCarrierAggregation=false isNonTerrestrialNetwork=TERRESTRIAL}], mNrFrequencyRange=0, mOperatorAlphaLongRaw=T-Mobile, mOperatorAlphaShortRaw=T-Mobile, mIsDataRoamingFromRegistration=false, mIsIwlanPreferred=false, mIsUsingNonTerrestrialNetwork=false}
05-29 03:08:59.978  4422  4422 D SatelliteModeObserver: isSatelliteNetworksOn(), isUsingTerrestrialNetwork: false
05-29 03:08:59.978  4422  4422 D SatelliteModeObserver: isSatelliteNetworksOn(), isUsingTerrestrialNetwork: false
05-29 03:08:59.978  4422  4422 D SatelliteModeObserver: isSatelliteNetworksOn(), isUsingTerrestrialNetwork: false
05-29 03:08:59.979  2878  2878 D SemWifiService: received: android.intent.action.SERVICE_STATE
05-29 03:08:59.980  4422  4635 D DeviceState: isESIM() :0 : false
05-29 03:08:59.980  4422  4635 D NetworkController.MobileSignalController(1): isPowerOffServiceState,mCurrentState.getVoiceServiceState() = 0,mCurrentState.airplaneMode = false,mCurrentState.canCellularVoiceService() = true,mCurrentState.getMobileDataRegState() = true
05-29 03:08:59.980  4422  4635 D Tile.AirplaneModeTile:  handleUpdateState mIsWiFiOnlyDevice false isNoSimState false isPowerOffServiceState false mSetting.getValue() 0 isSatelliteModeOn false isChinaDevice false
05-29 03:08:59.980  4422  4635 D Tile.AirplaneModeTile:  handleUpdateState:  value = false, state = 1
05-29 03:08:59.981  4422  4635 I HotspotTile: handleUpdateState
05-29 03:08:59.983  2878  4135 W ContextImpl: Calling a method in the system process without a qualified user: android.app.ContextImpl.sendBroadcastMultiplePermissions:1418 com.android.server.TelephonyRegistry.broadcastServiceStateChanged:144 com.android.server.TelephonyRegistry.notifyServiceStateForPhoneId:185 com.android.internal.telephony.ITelephonyRegistry$Stub.onTransact:667 android.os.Binder.execTransactInternal:1462 
05-29 03:08:59.984  4422  4422 D MULTISIM-PROD-REPO: onReceive() - action = android.intent.action.SERVICE_STATE
05-29 03:08:59.984  4422  4635 D MULTISIM-PROD-REPO: HANDLE_MSG(2000)
05-29 03:08:59.985  4422  4422 D CarrierTextController: carrierTextForSimState(1)-(order: 0) : T-Mobile, T-Mobile
05-29 03:08:59.985  4422  4422 D CarrierTextController: setCarrierText : T-Mobile, T-Mobile allSimsMissing : false anySimReady : true
05-29 03:08:59.985  4422  4422 D CarrierTextController: carrierTextForSimState(1)-(order: 0) : T-Mobile, T-Mobile
05-29 03:08:59.985  4422  4422 D CarrierTextController: setCarrierText : T-Mobile, T-Mobile allSimsMissing : false anySimReady : true
05-29 03:08:59.985  4422  4422 D CarrierTextController: carrierTextForSimState(1)-(order: 0) : T-Mobile, T-Mobile
05-29 03:08:59.985  4422  4422 D CarrierTextController: setCarrierText : T-Mobile, T-Mobile allSimsMissing : false anySimReady : true
05-29 03:08:59.985  4422  4422 D FaceWidgetPagesController: onRefreshCarrierInfo()
05-29 03:08:59.985  4005  4005 V PhoneGlobals: handleServiceStateChanged
05-29 03:08:59.985  4005  4005 D NotificationMgr: updateNetworkSelection, Use Samsung codes instead of AOSP codes
05-29 03:08:59.985  4005  4005 V PhoneGlobals: subId=-1, mDefaultDataSubId=1, ss roaming=false
05-29 03:08:59.985  4005  4005 I Telephony: TelecomAccountRegistry$TelecomAccountTelephonyCallback: TelecomAccountRegistry: onServiceStateChanged: newState=0, mServiceState=0
05-29 03:08:59.985  2878  3240 I ActivityManager: Changes in 10270 19 to 11, 0 to 128
05-29 03:08:59.986  4005  4273 I LocationAccessPolicy: com.android.systemui is aware of fine but the app-ops permission is specifically denied.
05-29 03:08:59.986  4005  4273 I LocationAccessPolicy: checkLocationPermission - callingUid: 10040, callingPid: 4422, resultForFine: DENIED_SOFT
05-29 03:08:59.986 26608 26608 D CellBroadcastReceiver: onReceive Intent { act=android.intent.action.SERVICE_STATE flg=0x1000010 xflg=0x4 cmp=com.google.android.cellbroadcastreceiver/com.android.cellbroadcastreceiver.CellBroadcastReceiver (has extras) }
05-29 03:08:59.986  4005  4026 I LocationAccessPolicy: com.android.systemui is aware of fine but the app-ops permission is specifically denied.
05-29 03:08:59.986  4005  4026 I LocationAccessPolicy: checkLocationPermission - callingUid: 10040, callingPid: 4422, resultForFine: DENIED_SOFT
05-29 03:08:59.986  4005  4026 I LocationAccessPolicy: com.android.systemui is aware of coarse but the app-ops permission is specifically denied.
05-29 03:08:59.986  4005  4026 I LocationAccessPolicy: checkLocationPermission - callingUid: 10040, callingPid: 4422, resultForCoarse: DENIED_SOFT
05-29 03:08:59.986  4005  4005 I Telephony: TelecomAccountRegistry$AccountEntry: isRttCurrentlySupported -- regular acct,, hasVoiceAvailability: false, isRttSupported: false, alwaysAllowWhileRoaming: false, isRoaming: false, isOnWfc: false
05-29 03:08:59.986  4005  4005 V PhoneGlobals: handleServiceStateChanged
05-29 03:08:59.986  4005  4005 D NotificationMgr: updateNetworkSelection, Use Samsung codes instead of AOSP codes
05-29 03:08:59.986  4005  4005 V PhoneGlobals: subId=1, mDefaultDataSubId=1, ss roaming=false
05-29 03:08:59.986  4005  4273 I LocationAccessPolicy: com.android.systemui is aware of coarse but the app-ops permission is specifically denied.
05-29 03:08:59.986  4005  4273 I LocationAccessPolicy: checkLocationPermission - callingUid: 10040, callingPid: 4422, resultForCoarse: DENIED_SOFT
05-29 03:08:59.987  4005  4282 I LocationAccessPolicy: com.android.systemui is aware of fine but the app-ops permission is specifically denied.
05-29 03:08:59.987  4005  4282 I LocationAccessPolicy: checkLocationPermission - callingUid: 10040, callingPid: 4422, resultForFine: DENIED_SOFT
05-29 03:08:59.987  4005  4282 I LocationAccessPolicy: com.android.systemui is aware of coarse but the app-ops permission is specifically denied.
05-29 03:08:59.987  4005  4282 I LocationAccessPolicy: checkLocationPermission - callingUid: 10040, callingPid: 4422, resultForCoarse: DENIED_SOFT
05-29 03:08:59.987  4422  4422 D FaceWidgetClockRoamManager: isNetworkRoamingState id=1
05-29 03:08:59.987  4422  4422 D FaceWidgetClockRoamManager: isNetworkRoamingState false
05-29 03:08:59.987  4422  4422 D FaceWidgetClockRoamManager: onRefreshCarrierInfo(pre, now): false, false
05-29 03:08:59.987  4422  4422 D FaceWidgetClockPage: onRefreshCarrierInfo : isChanged false mIsRoaming false
05-29 03:08:59.987  2878  4135 D PhoneRestrictionPolicy: isOperationAllowed >>> slotNum: 0 function: 1
05-29 03:08:59.987 26608 26608 D CellBroadcastReceiver: onServiceStateChanged, ss: 0
05-29 03:08:59.987 26608 26608 D CellBroadcastReceiver: networkOperator: 25020
05-29 03:08:59.987  2878  4676 I Telecom : SamsungTelecomServiceImpl : isInCall - callingPackage : com.android.systemui / callingUser : UserHandle{0} / hasCrossUserAccess : true
05-29 03:08:59.987 26608 26608 D CellBroadcastReceiver: update supported roaming operator as 
05-29 03:08:59.987  4422  4422 D CarrierTextController: info.location: Keyguard, info.carrierText: T-Mobile, info.carrierTextShort: T-Mobile
05-29 03:08:59.988  4005  4005 V PhoneGlobals: updateDataRoamingStatus
05-29 03:08:59.988  4422  4422 D CarrierTextController: info.location: null, info.carrierText: T-Mobile, info.carrierTextShort: T-Mobile
05-29 03:08:59.988  4005  4005 V PhoneGlobals: updateDataRoamingStatus dataAllowed=true, disallowReasons=[], dataIsNowRoaming=false, RoamingNumeric=25020, CallingReason=3
05-29 03:08:59.988  4422  4422 D ShadeCarrierGroup: handleUpdateCarrierInfo [T-Mobile] isLatin=false
05-29 03:08:59.989  2878  4676 I ActivityManager: Changes in 10270 11 to 19, 128 to 0
05-29 03:08:59.991  4422  4422 W View    : requestLayout() improperly called by com.android.systemui.qs.SecQSGradationDrawableView{592348b V.E...... ......ID 0,0-1080,332 #7f0a0a16 app:id/qs_gradation_view} during layout: running second layout pass
05-29 03:08:59.991  4422  4422 W View    : requestLayout() improperly called by android.widget.FrameLayout{9c4e968 V.E...... ......I. 0,0-1080,2340 #2} during layout: running second layout pass
05-29 03:08:59.991  4422  4422 W View    : requestLayout() improperly called by android.widget.FrameLayout{6654181 V.E...... ......ID 0,142-1080,2298 #7f0a0a14 app:id/qs_frame} during layout: running second layout pass
05-29 03:08:59.991  4422  4422 W RefactorFlag: New code path expects SceneContainerFlag to be enabled.
05-29 03:08:59.993  4422  4666 D MobileIconViewModel: [] (0/1) connected=true dataConnected=true dataType=DefaultIcon(iconGroup=IconGroup(4G+)) networkType=LTE simCard=ETC
05-29 03:08:59.994  2878  3833 D ConnectivityService: Update of LinkProperties for [125 CELLULAR]; created=64176048; firstConnected=64176198
05-29 03:08:59.994  4967  5090 I HoneySpace.StatusIconTracker: invokeEvent() called with: event = Mobile(bundle=Bundle[mParcelledData.dataSize=256])
05-29 03:08:59.995  2878  3833 D ConnectivityService: Setting tx/rx TCP buffers to 2097152,4194304,8388608,524288,1572864,2097152
05-29 03:08:59.996  2878  3833 D ConnectivityService: notifyType CALLBACK_IP_CHANGED for [125 CELLULAR]
05-29 03:08:59.996  4422  4650 D MobileIconViewModel: [] (0/1) connected=true dataConnected=true dataType=DefaultIcon(iconGroup=IconGroup(4G)) networkType=LTE simCard=ETC
05-29 03:08:59.997  4967  5090 I HoneySpace.StatusIconTracker: invokeEvent() called with: event = Mobile(bundle=Bundle[mParcelledData.dataSize=256])
05-29 03:08:59.998  2878  3876 D SemWifiApTrafficPriority: mCurrentUpstreamInterface:rmnet_data0
05-29 03:09:00.003  2878  2878 I EyeComfortSolutionService: action  :  android.intent.action.TIME_TICK
05-29 03:09:00.004  4422  5013 I DateTimeView: updateAll - getTimeFormat
05-29 03:09:00.004  4422  5013 D QSClockBellTower: onReceive(android.intent.action.TIME_TICK) mTimeZoneString:Europe/Moscow
05-29 03:09:00.031  1845  2090 I VSyncReactor: Current= 24, Period= 24, hwcPeriod= 24
05-29 03:09:00.037  1845  2128 D DisplayModeController: setDesiredMode 4630947118961383299 {mode={fps=120.00 Hz, modePtr={id=0, vsyncRate=120.00 Hz, peakRefreshRate=120.00 Hz}}, emitEvent=true, force=false}
05-29 03:09:00.039  4422  4422 D QSClockBellTower: He is ready to ring the bell. (((QSClockBellSound - TimeText:03:09, TimeContentDescription:03:09, DateText:╨┐╤В, 29 ╨╝╨░╤П, ShortDateText:╨┐╤В, 29 ╨╝╨░╤П, Demo:false)))
05-29 03:09:00.040  4422  4422 D QSClock : StatusBar clock=03:09 notifyTimeChanged(QSClockBellSound - TimeText:03:09, TimeContentDescription:03:09, DateText:╨┐╤В, 29 ╨╝╨░╤П, ShortDateText:╨┐╤В, 29 ╨╝╨░╤П, Demo:false) clockVisibleByPolicy=true, clockVisibleByUser=true, visible=true, parent=android.widget.LinearLayout{6a342c1 V.E...... ......ID 0,0-108,52 #7f0a069b app:id/left_clock_container} caller=com.android.systemui.statusbar.phone.fragment.CollapsedStatusBarFragment.animateShow:52 com.android.systemui.statusbar.phone.fragment.CollapsedStatusBarFragment.updateStatusBarVisibilitiesInner:230 com.android.systemui.statusbar.phone.fragment.CollapsedStatusBarFragment.updateStatusBarVisibilities:65 com.android.systemui.statusbar.phone.ongoingactivity.OngoingActivityController.updateParentViewVisibility:99 com.android.systemui.statusbar.phone.ongoingactivity.OngoingActivityController$configurationListener$1.onConfigChanged:26  
05-29 03:09:00.040  4422  4422 D QSClockBellTower: Everyone heard the bell. run(currentTime:1780013340036, getTime():Fri May 29 03:09:00 GMT+03:00 2026, getTimeZone():libcore.util.ZoneInfo[mDstSavings=0,mUseDst=false,mDelegate=[id="Europe/Moscow",mRawOffset=10800000,mEarliestRawOffset=9017000,transitions=78]])
05-29 03:09:00.041  4422  4422 D ClockFaceEvents: onTimeTick. callers : com.android.keyguard.ClockEventController$keyguardUpdateMonitorCallback$1.refreshTime:19
05-29 03:09:00.041  4422  4422 D ClockFaceEvents: com.android.keyguard.ClockEventController$keyguardUpdateMonitorCallback$1.onTimeChanged:1
05-29 03:09:00.041  4422  4422 D ClockFaceEvents: com.android.keyguard.KeyguardUpdateMonitor$16.handleMessage:732
05-29 03:09:00.041  4422  4422 D ClockFaceEvents: onTimeTick. callers : com.android.keyguard.ClockEventController$keyguardUpdateMonitorCallback$1.refreshTime:38
05-29 03:09:00.041  4422  4422 D ClockFaceEvents: com.android.keyguard.ClockEventController$keyguardUpdateMonitorCallback$1.onTimeChanged:1
05-29 03:09:00.041  4422  4422 D ClockFaceEvents: com.android.keyguard.KeyguardUpdateMonitor$16.handleMessage:732
05-29 03:09:00.041  4422  4422 D FaceWidgetPagesController: onTimeChanged()
05-29 03:09:00.067  1845  1845 I LayerHistory: StatusBar$_4422#107 voted NoVote (0.00 Hz)
05-29 03:09:00.067  1845  1845 I SurfaceFlinger: No layers with votes - choose 120.00 Hz
05-29 03:09:00.068  1845  1845 I HWComposer: [4630947118961383299] ActiveConfigToHWC, ID : 0
05-29 03:09:00.070  1773  2103 I SDM     : HWDeviceDRM::SetDisplaySwitchMode: [DispConfigs] check hs_mode 3
05-29 03:09:00.070  1773  2103 W SDM     : HWDeviceDRM::GetSupportedBitClkRate: Requested rate not supported: 951080000
05-29 03:09:00.070  1773  2103 I SDM     : HWDeviceDRM::SetDisplaySwitchMode: [DispConfigs] Set mode index:0 1080x2340x120xcmdHS, hs_mode(3), found_mode(0)
05-29 03:09:00.071  1773  2103 I SDM     : HWDeviceDRM::UpdateMixerAttributes: Mixer WxH 1080x2340-1 for Peripheral
05-29 03:09:00.071  1773  2103 I SDM     : HWCDisplay::SubmitDisplayConfig: Active configuration changed from config 8 to 0
05-29 03:09:00.074  1845  2090 I VSyncReactor: Current= 24, Period= 120, hwcPeriod= 120
05-29 03:09:00.106  1845  1845 I SurfaceFlinger: finalizeDisplayModeChange 4630947118961383299
05-29 03:09:00.119  4422  4422 W RefactorFlag: New code path expects SceneContainerFlag to be enabled.
05-29 03:09:00.247  1837  1848 E HeatmapThread: ECT Thread time in milliseconds: 1780013340
05-29 03:09:00.251  1837  1848 D HeatmapThread: !@ batteryplugType : 2
05-29 03:09:00.251  1837  1848 D HeatmapThread: !@ batteryLevel : 72  batteryTemperature : 355 
05-29 03:09:00.251  1837  1848 D HeatmapThread: !@ Heatmap currtime: 29666889
05-29 03:09:00.251  1837  1848 D HeatmapThread: !@ Heatmap prevtime: 29666861
05-29 03:09:00.251  1837  1848 D HeatmapThread: !@ Heatmap plugstarttime: 29666846
05-29 03:09:00.251  1837  1848 D HeatmapThread: !@ Heatmap prevv_dsoh_update_time: 29666802
05-29 03:09:00.252  1837  1848 E HeatmapThread: !@ CAM New BSOH: 97
05-29 03:09:00.303  2878  7186 D NetdEventListenerService: CSC Feature value: true
05-29 03:09:00.371  1845  2128 D DisplayModeController: setDesiredMode 4630947118961383299 {mode={fps=24.00 Hz, modePtr={id=5, vsyncRate=24.00 Hz, peakRefreshRate=24.00 Hz}}, emitEvent=false, force=false}
05-29 03:09:00.375  1845  1845 I LayerHistory: com.sec.android.app.launcher/com.sec.android.app.launcher.activities.LauncherActivity$_4967#15592 Max (can't resolve refresh rate)
05-29 03:09:00.375  1845  1845 I LayerHistory: StatusBar$_4422#107 voted NoVote (0.00 Hz)
05-29 03:09:00.375  1845  1845 I SurfaceFlinger: Idle - choose 24.00 Hz
05-29 03:09:00.376  1845  1845 I HWComposer: [4630947118961383299] ActiveConfigToHWC, ID : 8
05-29 03:09:00.378  1773  2103 I SDM     : HWDeviceDRM::SetDisplaySwitchMode: [DispConfigs] check hs_mode 3
05-29 03:09:00.378  1773  2103 W SDM     : HWDeviceDRM::GetSupportedBitClkRate: Requested rate not supported: 951080000
05-29 03:09:00.378  1773  2103 W SDM     : HWDeviceDRM::GetSupportedBitClkRate: Requested rate not supported: 951080000
05-29 03:09:00.378  1773  2103 I SDM     : HWDeviceDRM::SetDisplaySwitchMode: [DispConfigs] Set mode index:9 1080x2340x24xcmdPHS, hs_mode(3), found_mode(1)
05-29 03:09:00.378  1773  2103 I SDM     : HWDeviceDRM::UpdateMixerAttributes: Mixer WxH 1080x2340-1 for Peripheral
05-29 03:09:00.378  1773  2103 I SDM     : HWCDisplay::SubmitDisplayConfig: Active configuration changed from config 0 to 8
05-29 03:09:00.382  1845  2090 I VSyncReactor: Current= 120, Period= 24, hwcPeriod= 24
05-29 03:09:00.382  1845  1845 I SurfaceFlinger: finalizeDisplayModeChange 4630947118961383299
05-29 03:09:00.415  2994  3052 E AudioPathHelper: (Berry)(1.16)handleAudioPathTask() : can't get dual play mode - Need android.permission.BLUETOOTH_CONNECT permission for AttributionSource { uid = 1002, packageName = com.android.bluetooth, attributionTag = null, token = android.os.Binder@792f66, deviceId = 0, next = AttributionSource { uid = 10282, packageName = com.samsung.accessory.berrymgr, attributionTag = null, token = android.os.BinderProxy@8cec879, deviceId = 0, next = null } }: A2dpServiceBinder
05-29 03:09:00.501  1156  1156 D io_stats: !@   8,0 r 27455353 453459622 w 4479862 82411872 d 784519 315777196 f 119830 489584 iot 7618596 0 th 0 0 0 pt 0 inp 0 0 56343.868
05-29 03:09:00.508 12971  8388 I NearbySharing: Network state changed: NetworkState(isRestricted=false, isOnline=true, isCongested=false, isMetered=true, isWifiConnected=false)
05-29 03:09:00.591  2878 10948 I AfterimageCompensationService: AfcThread mLuminance : 209 , AfpcPeriodCount : 1665 , rotation : 0 , AOD : false
05-29 03:09:00.593  2878 10948 I SurfaceComposerClient: captureDisplay:Display-4630947118961383299
05-29 03:09:00.595  1845  2185 I SurfaceFlinger: Capture layer list: 	 Wallpaper BBQ wrapper 5_system#83(seamlessTransition:0)
05-29 03:09:00.595  1845  2185 I SurfaceFlinger: Capture layer list: 	 com.sec.android.app.launcher/com.sec.android.app.launcher.activities.LauncherActivity$_4967#15592(seamlessTransition:0)
05-29 03:09:00.595  1845  2185 I SurfaceFlinger: Capture layer list: 	 StatusBar$_4422#107(seamlessTransition:0)
05-29 03:09:00.595  1845  2185 I SurfaceFlinger: Capture layer list: 	 NavigationBar0$_4422#103(seamlessTransition:0)
05-29 03:09:00.595  1845  2185 E HWComposer: getLuts: getLuts failed for display 4630947118961383299: UNSUPPORTED (8)
05-29 03:09:00.596  1845  1968 D RenderEngine: [SEC_SF_EFFECTS] drawLayersInternal,1483, Rendering layer ScreenCaptureFillLayer at index 0
05-29 03:09:00.596  1845  1968 D RenderEngine: [SEC_SF_EFFECTS] drawLayersInternal,1483, Rendering layer Wallpaper BBQ wrapper 5_system#83 at index 1
05-29 03:09:00.596  1845  1968 D RenderEngine: [SEC_SF_EFFECTS] drawLayersInternal,1483, Rendering layer com.sec.android.app.launcher/com.sec.android.app.launcher.activities.LauncherActivity$_4967#15592 at index 2
05-29 03:09:00.596  1845  1968 D RenderEngine: [SEC_SF_EFFECTS] drawLayersInternal,1483, Rendering layer StatusBar$_4422#107 at index 3
05-29 03:09:00.596  1845  1968 D RenderEngine: [SEC_SF_EFFECTS] drawLayersInternal,1483, Rendering layer NavigationBar0$_4422#103 at index 4
05-29 03:09:00.608  2878 10948 D system_server: mAFPC_Read - w = 1080, h = 2340, s = 8, f = 4, s_size = 10183680, luminance = 209, count = 1665, captureOrientation = 0
05-29 03:09:00.712  1718  5457 I sensors-hal: handle_sns_client_event:190, auto_rotation_debug_2 mode,255, type,1,0 acc,0.297,0.067,9.863, ar,0, ver,14, pedo,1,e,1,i,3
05-29 03:09:01.003  4967  8649 I HoneySpace.LiveIconSupplier: time tick - 20, CLOCK, 03:09 - 03:08, view: #3a0de0b, parent: WorkspaceCellLayout#1604b8e
05-29 03:09:01.005  4967  8649 I LauncherActivityInfo: Trying to load live icon for com.sec.android.app.clockpackage
05-29 03:09:01.008  4967  8649 I ApplicationPackageManager: package : com.sec.android.app.clockpackage, useAppIconResources : false
05-29 03:09:01.008  4967  8649 I LiveIconUtil: getLiveIcon was called in ClockPackage
05-29 03:09:01.009  4967  8649 I LiveIconUtil: getLiveIcon res = com.sec.android.app.clockpackage
05-29 03:09:01.011  4967  8649 I LiveIconUtil: stdIconSize : 135 , targetIconSize : 163
05-29 03:09:01.011  4967  8649 I LiveIconUtil: iconDpi : 640 , mTargetIconDpi : 450
05-29 03:09:01.047  4967  8649 E AppIconSolution: Couldn't get theme package resources, package is null
05-29 03:09:01.047  4967  8649 I AppIconSolution: load= live icon for com.sec.android.app.clockpackage, from overlay = false
05-29 03:09:01.047  4967  8649 I LauncherActivityInfo: packageName: com.sec.android.app.clockpackage, useThemeIcon: false, height: 288, width: 288, density: 640
05-29 03:09:01.050  4967  8649 I HoneySpace.LiveIconSupplier: updateIcon - 20, CLOCK, true - 03:09, view: #3a0de0b, parent: WorkspaceCellLayout#1604b8e
05-29 03:09:01.057  1845  2090 I VSyncReactor: Current= 24, Period= 24, hwcPeriod= 24
05-29 03:09:01.067  1845  2128 D DisplayModeController: setDesiredMode 4630947118961383299 {mode={fps=120.00 Hz, modePtr={id=0, vsyncRate=120.00 Hz, peakRefreshRate=120.00 Hz}}, emitEvent=true, force=false}
05-29 03:09:01.093  1845  1845 I LayerHistory: com.sec.android.app.launcher/com.sec.android.app.launcher.activities.LauncherActivity$_4967#15592 Max (can't resolve refresh rate)
05-29 03:09:01.093  1845  1845 I LayerHistory: StatusBar$_4422#107 voted NoVote (0.00 Hz)
05-29 03:09:01.093  1845  1845 I SurfaceFlinger: scored - choose 120.00 Hz
05-29 03:09:01.094  1845  1845 I HWComposer: [4630947118961383299] ActiveConfigToHWC, ID : 0
05-29 03:09:01.096  1773  2103 I SDM     : HWDeviceDRM::SetDisplaySwitchMode: [DispConfigs] check hs_mode 3
05-29 03:09:01.096  1773  2103 W SDM     : HWDeviceDRM::GetSupportedBitClkRate: Requested rate not supported: 951080000
05-29 03:09:01.096  1773  2103 I SDM     : HWDeviceDRM::SetDisplaySwitchMode: [DispConfigs] Set mode index:0 1080x2340x120xcmdHS, hs_mode(3), found_mode(0)
05-29 03:09:01.096  1773  2103 I SDM     : HWDeviceDRM::UpdateMixerAttributes: Mixer WxH 1080x2340-1 for Peripheral
05-29 03:09:01.096  1773  2103 I SDM     : HWCDisplay::SubmitDisplayConfig: Active configuration changed from config 8 to 0
05-29 03:09:01.100  1845  2090 I VSyncReactor: Current= 24, Period= 120, hwcPeriod= 120
05-29 03:09:01.132  1845  1845 I SurfaceFlinger: finalizeDisplayModeChange 4630947118961383299
05-29 03:09:01.247  1837  1848 E HeatmapThread: ECT Thread time in milliseconds: 1780013341
05-29 03:09:01.252  1837  1848 D HeatmapThread: !@ batteryplugType : 2
05-29 03:09:01.252  1837  1848 D HeatmapThread: !@ batteryLevel : 72  batteryTemperature : 355 
05-29 03:09:01.252  1837  1848 D HeatmapThread: !@ Heatmap currtime: 29666889
05-29 03:09:01.252  1837  1848 D HeatmapThread: !@ Heatmap prevtime: 29666861
05-29 03:09:01.252  1837  1848 D HeatmapThread: !@ Heatmap plugstarttime: 29666846
05-29 03:09:01.252  1837  1848 D HeatmapThread: !@ Heatmap prevv_dsoh_update_time: 29666802
05-29 03:09:01.253  1837  1848 E HeatmapThread: !@ CAM New BSOH: 97
05-29 03:09:01.299  4005  4156 D SatelliteController: isInCarrierRoamingNbIotNtn: satellite is disabled
05-29 03:09:01.343  1845  2128 D DisplayModeController: setDesiredMode 4630947118961383299 {mode={fps=24.00 Hz, modePtr={id=5, vsyncRate=24.00 Hz, peakRefreshRate=24.00 Hz}}, emitEvent=false, force=false}
05-29 03:09:01.346  1845  1845 I LayerHistory: com.sec.android.app.launcher/com.sec.android.app.launcher.activities.LauncherActivity$_4967#15592 Max (can't resolve refresh rate)
05-29 03:09:01.346  1845  1845 I SurfaceFlinger: Idle - choose 24.00 Hz
05-29 03:09:01.347  1845  1845 I HWComposer: [4630947118961383299] ActiveConfigToHWC, ID : 8
05-29 03:09:01.349  1773  2103 I SDM     : HWDeviceDRM::SetDisplaySwitchMode: [DispConfigs] check hs_mode 3
05-29 03:09:01.349  1773  2103 W SDM     : HWDeviceDRM::GetSupportedBitClkRate: Requested rate not supported: 951080000
05-29 03:09:01.349  1773  2103 W SDM     : HWDeviceDRM::GetSupportedBitClkRate: Requested rate not supported: 951080000
05-29 03:09:01.349  1773  2103 I SDM     : HWDeviceDRM::SetDisplaySwitchMode: [DispConfigs] Set mode index:9 1080x2340x24xcmdPHS, hs_mode(3), found_mode(1)
05-29 03:09:01.349  1773  2103 I SDM     : HWDeviceDRM::UpdateMixerAttributes: Mixer WxH 1080x2340-1 for Peripheral
05-29 03:09:01.349  1773  2103 I SDM     : HWCDisplay::SubmitDisplayConfig: Active configuration changed from config 0 to 8
05-29 03:09:01.350  1845  2090 I VSyncReactor: Current= 120, Period= 24, hwcPeriod= 24
05-29 03:09:01.353  1845  1845 I SurfaceFlinger: finalizeDisplayModeChange 4630947118961383299
05-29 03:09:01.420  2994  3052 E AudioPathHelper: (Berry)(1.16)handleAudioPathTask() : can't get dual play mode - Need android.permission.BLUETOOTH_CONNECT permission for AttributionSource { uid = 1002, packageName = com.android.bluetooth, attributionTag = null, token = android.os.Binder@792f66, deviceId = 0, next = AttributionSource { uid = 10282, packageName = com.samsung.accessory.berrymgr, attributionTag = null, token = android.os.BinderProxy@8cec879, deviceId = 0, next = null } }: A2dpServiceBinder
05-29 03:09:01.843  2878  3875 D UsbStatsMonitor: 0 0 0 0 0 0 0 0 0 0 0 0 3 0 0 0 0 0 0 0 0 0 0 0 0 0 0 0 0 0 0 0 0 0 0 0 0 0 0 0 0 0 0 0 0 0 0 0 0 0 0 0 0 0 0 0 106034152603674
05-29 03:09:02.087  7073  7073 I SDHMS:LOAD: type: LoadsFreqs, value: 0:0:0:893567:2342400:864000:734207:2054400:614400:220:220:220
05-29 03:09:02.247  1837  1848 E HeatmapThread: ECT Thread time in milliseconds: 1780013342
05-29 03:09:02.252  1837  1848 D HeatmapThread: !@ batteryplugType : 2
05-29 03:09:02.252  1837  1848 D HeatmapThread: !@ batteryLevel : 72  batteryTemperature : 355 
05-29 03:09:02.252  1837  1848 D HeatmapThread: !@ Heatmap currtime: 29666889
05-29 03:09:02.252  1837  1848 D HeatmapThread: !@ Heatmap prevtime: 29666861
05-29 03:09:02.252  1837  1848 D HeatmapThread: !@ Heatmap plugstarttime: 29666846
05-29 03:09:02.252  1837  1848 D HeatmapThread: !@ Heatmap prevv_dsoh_update_time: 29666802
05-29 03:09:02.252  1837  1848 E HeatmapThread: !@ CAM New BSOH: 97
05-29 03:09:02.428  2994  3052 E AudioPathHelper: (Berry)(1.16)handleAudioPathTask() : can't get dual play mode - Need android.permission.BLUETOOTH_CONNECT permission for AttributionSource { uid = 1002, packageName = com.android.bluetooth, attributionTag = null, token = android.os.Binder@792f66, deviceId = 0, next = AttributionSource { uid = 10282, packageName = com.samsung.accessory.berrymgr, attributionTag = null, token = android.os.BinderProxy@8cec879, deviceId = 0, next = null } }: A2dpServiceBinder
05-29 03:09:02.503  1156  1156 D io_stats: !@ Read_top(KB): kworker/u16:0(19226) 2304 kworker/u16:5(7826) 2076 kworker/u16:2(14545) 2048
05-29 03:09:02.503  1156  1156 D io_stats: !@ Write_top(KB): kworker/u16:1(31686) 4608 kworker/u16:5(7826) 4544 m.android.phone(4005) 8
05-29 03:09:02.794  7073  8462 I SDHMS:x : SIOP:: AP:374 BAT:355 USB:340 CHG:388 PA:379 CP:-200 WIFI:370 CF:362 BLK:0 SUBBAT:0 SKIN:360 SKINF:360 SKINB:351 LRP:360 LRP2:360 LRF2:360 LRB2:351 AP2:360 CHG2:359 WIFI2:359 UANT2:356 RCV2:357 SPK2:348 FCAM:340 UPSPK:363 DNSPK:339 VAP02:382 VWIFI:371 AMB:344 AMB2:299 AVGCUR:904 AVGSYS:372 POWER:3722
05-29 03:09:03.247  1837  1848 E HeatmapThread: ECT Thread time in milliseconds: 1780013343
05-29 03:09:03.251  1837  1848 D HeatmapThread: !@ batteryplugType : 2
05-29 03:09:03.252  1837  1848 D HeatmapThread: !@ batteryLevel : 73  batteryTemperature : 355 
05-29 03:09:03.252  1837  1848 D HeatmapThread: !@ Heatmap currtime: 29666889
05-29 03:09:03.252  1837  1848 D HeatmapThread: !@ Heatmap prevtime: 29666861
05-29 03:09:03.252  1837  1848 D HeatmapThread: !@ Heatmap plugstarttime: 29666846
05-29 03:09:03.252  1837  1848 D HeatmapThread: !@ Heatmap prevv_dsoh_update_time: 29666802
05-29 03:09:03.252  1837  1848 E HeatmapThread: !@ CAM New BSOH: 97
05-29 03:09:03.340  1783  1836 E BatteryDump: !@new_battery_dump : 4131,1090,1200,3150,73,355,340,387,355,0,360,391,0,Charging,NO_CHARGING,Normal,Good,USB,1,Normal,0,0,9010,0x8000,0x20000,0x0,0,0,0000,0000,00000000,0,0,0,0,1193,4056,7234,990,0,
05-29 03:09:03.343  2878  7186 D [SS]BattFunctions: [sendRemainingChargingTimeChangedIntent]remainingChargingTime:2382 ,mLastRemainingChargingTime:2392
05-29 03:09:03.343  1783  1783 I sehhealth-service: updateLrpSysfs: write: 360
05-29 03:09:03.343  2878  7186 D BatteryService: [processValuesLocked]batteryLevel:73 ,LastbatteryLevel:72 ,mPlugType:2 ,batteryStatus:2
05-29 03:09:03.343  2878  7186 D BatteryService: [countBatteryChangedConditions]mBatteryChangedConditionCounts:[11, 1, 1, 275, 11, 209, 114, 0, 0, 12, 11, 0, 10, 0, 0, 3, 39, 11, 0, 0, 0, 1]
05-29 03:09:03.343  2878  7186 D BatteryService: Sending ACTION_BATTERY_CHANGED: level:73, status:2, health:2, remain:2382, ac:false, usb:true, wireless:false, pogo:false, misc:0x20000, charge_type:1, charger_type:0, voltage:4131, temperature:355, online:4, charging_status:0, cycle_count:0, current_avg:935, ps:false, hvc:false, current_event:0x8000, mcc:0, mcv:0, cc:3189375, present:true, scale:100, technology:Li-ion, protection:0
05-29 03:09:03.344  2878  7186 D [SS]BattUtils: [readNode]path:/efs/FactoryApp/bsoh ,value:97
05-29 03:09:03.348  4422  4422 D PowerUI : Remaining charging time : 2382
05-29 03:09:03.349  4422  4422 D PowerUI : Charging time is changed, check charging notification
05-29 03:09:03.350  2878  3967 I DeviceBatteryInfoService: action: android.intent.action.BATTERY_CHANGED
05-29 03:09:03.350  2878  3967 I DeviceBatteryInfoService: phone battery level: 73
05-29 03:09:03.350  2878  3967 I DeviceBatteryInfoService: phone battery status: 2
05-29 03:09:03.350  2878  3967 D DeviceBatteryInfoService: setBatteryStatus : 2
05-29 03:09:03.351  2878  3804 D MotionRecognitionService: [SAR]  onReceive : ACTION_BATTERY_CHANGED, Plugged: 2
05-29 03:09:03.351  4005  4005 D SemBigDataInfoController: Intent: android.intent.action.BATTERY_CHANGED
05-29 03:09:03.352  4005  4005 D SemBigDataInfoController: Intent: android.intent.action.BATTERY_CHANGED
05-29 03:09:03.353  4422  4422 D PowerUI.Notification: showChargingNotice - Battery Level : 72 -> 72, Charging Type : 11 -> 11, Charging Time : 2392 -> 2382, Maximum protection : true -> true, Maximum threshold : 90 -> 90
05-29 03:09:03.353  2878  3967 I DeviceBatteryInfoService: sendBroadcast : action : com.samsung.battery.ACTION_BATTERY_INFO_CHANGED / package : com.android.settings
05-29 03:09:03.353  2878  3967 I DeviceBatteryInfoService: Name : S23+ ╨┐╨╛╨╗╤М╨╖╨╛╨▓╨░╤В╨╡╨╗╤П ╨Ъ╨╛╨╜╤Б╤В╨░╨╜╤В╨╕╨╜ / BatteryLevel : 73 / Status : 2
05-29 03:09:03.355  2878  3240 D ActivityManager: sync unfroze 26796 com.android.settings for 3
05-29 03:09:03.355  4422  4422 I NotificationManager: com.android.systemui: notify(2131364006, charging_state, Notification(channel=CHR shortcut=null contentView=null vibrate=null sound=null defaults=0 flags=ONGOING_EVENT|ONLY_ALERT_ONCE color=0x00000000 category=sys groupKey=CHARGING vis=PUBLIC semFlags=0x0 semPriority=0 semMissedCount=0)) as user
05-29 03:09:03.355  7073  7073 I SDHMS:RutCore: Current options : ScreenBrightness(90), sScreenResolutionLevel(1), PerformanceRestricted, DataRestricted(PSM), AOD(Off), LimitedAppsHome, 
05-29 03:09:03.355  7073  7073 I SDHMS:RutCore: PSM gain = 108 -> Default(101), Brightness(4), Resolution(0), PerfRestrict(3), 
05-29 03:09:03.355  7073  7073 I SDHMS:RutCore: UPSM gain = 252 -> Default(245), Brightness(4), Resolution(0), PerfRestrict(3), 
05-29 03:09:03.359  2878  2878 D AdaptiveBrightnessLongtermModelBuilder[0]: Received android.intent.action.BATTERY_CHANGED
05-29 03:09:03.359  2878  2878 D SemWifiApIntentHandler: rcvd:android.intent.action.BATTERY_LEVEL_CHANGED
05-29 03:09:03.360  2878  4676 W PermissionService: getPermissionFlags: Unknown user -1
05-29 03:09:03.360 26796 26796 I BatteryWidget/BatteryManagerReceiver: onReceive() action com.samsung.battery.ACTION_BATTERY_INFO_CHANGED
05-29 03:09:03.360  2878  4676 W PermissionService: getPermissionFlags: Unknown user -1
05-29 03:09:03.360 26796 26796 I BatteryWidget/BatteryManagerReceiver: BatteryInfoTask() onPreExecute  / DeviceName : S23+ ╨┐╨╛╨╗╤М╨╖╨╛╨▓╨░╤В╨╡╨╗╤П ╨Ъ╨╛╨╜╤Б╤В╨░╨╜╤В╨╕╨╜ took 0
05-29 03:09:03.360 26796 26796 I BatteryWidget/BatteryManagerReceiver: onReceive() DeviceName : S23+ ╨┐╨╛╨╗╤М╨╖╨╛╨▓╨░╤В╨╡╨╗╤П ╨Ъ╨╛╨╜╤Б╤В╨░╨╜╤В╨╕╨╜ took 0
05-29 03:09:03.361  4422  4422 I PowerUI : mBootCompleted = true |  mFullyConnected = true
05-29 03:09:03.361  4422  4422 I PowerUI : BATTERY_HEALTH_CHECK / batteryHealth : 2 / wirelessOverheat : false
05-29 03:09:03.361  4422  6798 D PowerUI.Notification: updateNotification mWarning = false mPlaySound = false
05-29 03:09:03.361  4422  4422 D PowerUI : Skip charging animation - by Plug reason
05-29 03:09:03.361  4422  4422 D PowerUI : Skip charging sound & vibrate - by Plug reason
05-29 03:09:03.361  4422  4422 D PowerUI : oldMisalign : false, curMisalign : false
05-29 03:09:03.362  4422  4422 D PowerUI.Notification: showChargingNotice - Battery Level : 72 -> 73, Charging Type : 11 -> 11, Charging Time : 2382 -> 2382, Maximum protection : true -> true, Maximum threshold : 90 -> 90
05-29 03:09:03.364  4422  4422 I NotificationManager: com.android.systemui: notify(2131364006, charging_state, Notification(channel=CHR shortcut=null contentView=null vibrate=null sound=null defaults=0 flags=ONGOING_EVENT|ONLY_ALERT_ONCE color=0x00000000 category=sys groupKey=CHARGING vis=PUBLIC semFlags=0x0 semPriority=0 semMissedCount=0)) as user
05-29 03:09:03.365 26796 26796 I BatteryWidget/BatteryManagerReceiver: BatteryInfoTask() finished / result : true / DeviceName : S23+ ╨┐╨╛╨╗╤М╨╖╨╛╨▓╨░╤В╨╡╨╗╤П ╨Ъ╨╛╨╜╤Б╤В╨░╨╜╤В╨╕╨╜ took 5
05-29 03:09:03.367  2878  3240 I ActivityManager: Changes in 1010115 19 to 11, 0 to 128
05-29 03:09:03.367  2878  3240 I ActivityManager: Changes in 10115 19 to 11, 0 to 128
05-29 03:09:03.367  2878  4135 W PermissionService: getPermissionFlags: Unknown user -1
05-29 03:09:03.367  2878  4135 W PermissionService: getPermissionFlags: Unknown user -1
05-29 03:09:03.368  2878  4135 D KNOX_MDM_SettingsProvider: isChangeAllowed() : name = ltc_highsoc_exceed_time
05-29 03:09:03.368  2878  4135 D KNOX_MDM_SettingsProvider: edmUri: content://com.sec.knox.provider/RestrictionPolicy3
05-29 03:09:03.368  2878  4135 D KNOX_MDM_SettingsProvider: projectionArgs: isSettingsChangesAllowed
05-29 03:09:03.368  2878  4135 D KNOX_MDM_SettingsProvider: selectionArgs: false
05-29 03:09:03.368  2878  4135 D KNOX_MDM_SettingsProvider: selectionArgs: 10040
05-29 03:09:03.368  2878  4135 D SecContentProvider: query(), uri = 17 selection = isSettingsChangesAllowed
05-29 03:09:03.368  2878  4135 D SecContentProvider: called from android.uid.systemui:10040
05-29 03:09:03.368  2878  4135 D RestrictionPolicy: isSettingsChangesAllowedAsUser, userId 0 : true
05-29 03:09:03.368  2878  4135 D KNOX_MDM_SettingsProvider: ret = 1
05-29 03:09:03.369  2878  3899 D BackgroundInstallControlService: Package event received: 0
05-29 03:09:03.370  2878  3899 D BackgroundInstallControlService: Package event received: 0
05-29 03:09:03.370  2878  3899 D BackgroundInstallControlService: Package event received: 0
05-29 03:09:03.370  4422  4422 I AODBatteryManager: updateBatteryData: ACTION_BATTERY_CHANGED: true, isSleepModeChanged:false ,isRemainingTimeChanged: false, isUSBRestriction: false
05-29 03:09:03.371  4422  4422 I AODBatteryManager: saveBatteryData : AOD BatteryData [mBatteryLevel=73, mBatteryStatus=CHARGING, mBatteryPlugType=USB, mBatteryPlugged=true, mRemainingChargeTime=2392000, mBatteryChargingType=1, mBatteryChargerType=NORMAL, mBatteryOnline=USB, mBatterySwellingMode=NONE, mBatteryProtectMode=false, mBatteryProtectModeType=1, mSleepChargingEvent=null, mSleepChargingEventFinishTime=null, mBatteryHealth=2, mIsDirectPowerMode=false, mIsUsbRestriction=false]
05-29 03:09:03.371  4422  4422 I ChargingInfoManager: updateChargingInfo: newState = AOD ChargingInfo [mState=BATTERY_AND_REMAIN_TIME, mIsCharging=true, mIsPlugged=true, mIsFullyCharged=false, mIsBatteryProtectMode=false, mBetteryLevel=73, mBetteryProtectModeType1, mIsSlowChargingfalse], oldState = AOD ChargingInfo [mState=BATTERY_AND_REMAIN_TIME, mIsCharging=true, mIsPlugged=true, mIsFullyCharged=false, mIsBatteryProtectMode=false, mBetteryLevel=72, mBetteryProtectModeType1, mIsSlowChargingfalse]
05-29 03:09:03.371  2878  3899 D BackgroundInstallControlService: Package event received: 0
05-29 03:09:03.371  4422  4422 I AODBatteryManager: updateBatteryData: ACTION_BATTERY_CHANGED: false, isSleepModeChanged:false ,isRemainingTimeChanged: true, isUSBRestriction: false
