05-29 03:09:03.371  4422  4422 I ChargingInfoManager: updateChargingInfo: newState = AOD ChargingInfo [mState=BATTERY_AND_REMAIN_TIME, mIsCharging=true, mIsPlugged=true, mIsFullyCharged=false, mIsBatteryProtectMode=false, mBetteryLevel=73, mBetteryProtectModeType1, mIsSlowChargingfalse], oldState = AOD ChargingInfo [mState=BATTERY_AND_REMAIN_TIME, mIsCharging=true, mIsPlugged=true, mIsFullyCharged=false, mIsBatteryProtectMode=false, mBetteryLevel=73, mBetteryProtectModeType1, mIsSlowChargingfalse]
05-29 03:09:03.371  4422  4422 D KeyguardUpdateMonitor: handleBatteryUpdate
05-29 03:09:03.371  4422  4422 D KeyguardSecIndicationController: addTrustAgentHelp false
05-29 03:09:03.372  4422  4422 D KeyguardSecIndicationPolicy:  remove Item pos = DEFAULT, type =     TRUST_AGENT_HELP
05-29 03:09:03.372  4422  4422 D KeyguardSecIndicationController: addUsbRestriction false/isSecure=true
05-29 03:09:03.372  4422  4422 D KeyguardSecIndicationPolicy:  remove Item pos = DEFAULT, type =      USB_RESTRICTION
05-29 03:09:03.372  4422  4422 D KeyguardSecIndicationController: addBatteryAndOwnerInfoIndication() battery status = BatteryStatus{status=2,level=73,plugged=2,chargingStatus=0,maxChargingWattage=-1,remaining=2382000ultraFastCharger=0}
05-29 03:09:03.372 26838 26838 I BatteryWidget/BatteryWidgetReceiver: onReceive() action : com.samsung.android.settings.intelligence.ACTION_BATTERY_INFO_CHANGED
05-29 03:09:03.372 26838 26838 I BatteryWidget/BatteryWidgetReceiver: onReceive() S23+ ╨┐╨╛╨╗╤М╨╖╨╛╨▓╨░╤В╨╡╨╗╤П ╨Ъ╨╛╨╜╤Б╤В╨░╨╜╤В╨╕╨╜ / type 2 / batteryLevel 73 / Left level -1 / Right level -1 / Cradle level -1 / BatteryStatus 2 / BatteryStatus left 1 / BatteryStatus Right 1 / BatteryStatus Cradle 1
05-29 03:09:03.372  4422  4422 D KeyguardSecIndicationController: addIndicationTimeout() returned - unlocking
05-29 03:09:03.372  4422  4422 D KeyguardSecIndicationController: addIndication() returned - unlocking
05-29 03:09:03.372  4422  4422 D KeyguardSecIndicationController: addIndication() returned - unlocking
05-29 03:09:03.372 26838 26838 I BatteryWidget/BatteryManagerWrapper: updateDeviceInfoList() 1
05-29 03:09:03.372  4422  4422 D SamsungBatteryMeterDrawable: onBatteryLevelChanged isSomethingChanged: true
05-29 03:09:03.372  2637  2637 I BatteryWidget/BatteryWidgetReceiver: onReceive() action : com.samsung.android.settings.intelligence.ACTION_BATTERY_INFO_CHANGED
05-29 03:09:03.372  4422  4422 D SamsungBatteryMeterDrawable: onBatteryLevelChanged isSomethingChanged: true
05-29 03:09:03.372 26838 26838 I BatteryWidget/BatteryManagerWrapper: updateDeviceInfoList() S23+ ╨┐╨╛╨╗╤М╨╖╨╛╨▓╨░╤В╨╡╨╗╤П ╨Ъ╨╛╨╜╤Б╤В╨░╨╜╤В╨╕╨╜ / paringTime : 0
05-29 03:09:03.373  2637  2637 I BatteryWidget/BatteryWidgetReceiver: onReceive() S23+ ╨┐╨╛╨╗╤М╨╖╨╛╨▓╨░╤В╨╡╨╗╤П ╨Ъ╨╛╨╜╤Б╤В╨░╨╜╤В╨╕╨╜ / type 2 / batteryLevel 73 / Left level -1 / Right level -1 / Cradle level -1 / BatteryStatus 2 / BatteryStatus left 1 / BatteryStatus Right 1 / BatteryStatus Cradle 1
05-29 03:09:03.373  2637  2637 I BatteryWidget/BatteryManagerWrapper: updateDeviceInfoList() 1
05-29 03:09:03.373  4422  4422 D SamsungBatteryMeterDrawable: onBatteryLevelChanged isSomethingChanged: true
05-29 03:09:03.373  4422  4422 D SamsungBatteryMeterDrawable: onBatteryLevelChanged isSomethingChanged: true
05-29 03:09:03.373  2637  2637 I BatteryWidget/BatteryManagerWrapper: updateDeviceInfoList() S23+ ╨┐╨╛╨╗╤М╨╖╨╛╨▓╨░╤В╨╡╨╗╤П ╨Ъ╨╛╨╜╤Б╤В╨░╨╜╤В╨╕╨╜ / paringTime : 1776328110024
05-29 03:09:03.376  1637  1637 D Zygote  : Forked child process 9724
05-29 03:09:03.377  2878  3241 I ActivityManager: Start proc 9724:com.google.android.apps.turbo/u0a224 for broadcast {com.google.android.apps.turbo/com.google.android.apps.turbo.nudges.broadcasts.BatteryStatusChangedReceiver}
05-29 03:09:03.377  2878  3241 I ActivityManager: ProcessObserver broadcast disabled
05-29 03:09:03.378 26838 26838 I BatteryWidget/GlanceBaseWidgetReceiver: requestWidgetUpdate() widgetClass : null / appWidgetId : allWidget
05-29 03:09:03.378  2637  2637 I BatteryWidget/GlanceBaseWidgetReceiver: requestWidgetUpdate() widgetClass : null / appWidgetId : allWidget
05-29 03:09:03.378  2637  2637 I BatteryWidget/GlanceBaseWidgetReceiver: requestWidgetUpdate() widgetClass : null / appWidgetId : allWidget
05-29 03:09:03.379 26838 26838 I BatteryWidget/GlanceBaseWidgetReceiver: requestWidgetUpdate() widgetClass : null / appWidgetId : allWidget
05-29 03:09:03.379  2637  2637 I BatteryWidget/GlanceBaseWidgetReceiver: requestWidgetUpdate() widgetClass : null / appWidgetId : allWidget
05-29 03:09:03.379 26838 26838 I BatteryWidget/GlanceBaseWidgetReceiver: requestWidgetUpdate() widgetClass : null / appWidgetId : allWidget
05-29 03:09:03.380  2637  2637 I BatteryWidget/GlanceBaseWidgetReceiver: requestWidgetUpdate() widgetClass : null / appWidgetId : allWidget
05-29 03:09:03.380 26838 26838 I BatteryWidget/GlanceBaseWidgetReceiver: requestWidgetUpdate() widgetClass : null / appWidgetId : allWidget
05-29 03:09:03.380  2637  2637 I BatteryWidget/GlanceBaseWidgetReceiver: requestWidgetUpdate() widgetClass : null / appWidgetId : allWidget
05-29 03:09:03.381 26838 26838 I BatteryWidget/GlanceBaseWidgetReceiver: requestWidgetUpdate() widgetClass : null / appWidgetId : allWidget
05-29 03:09:03.381  2637  2637 I BatteryWidget/GlanceBaseWidgetReceiver: requestWidgetUpdate() widgetClass : null / appWidgetId : allWidget
05-29 03:09:03.381  2637  2637 I BatteryWidget/BatteryWidgetReceiver: onReceive() action : com.samsung.android.settings.intelligence.ACTION_BATTERY_INFO_CHANGED took 9
05-29 03:09:03.382 26838 26838 I BatteryWidget/GlanceBaseWidgetReceiver: requestWidgetUpdate() widgetClass : null / appWidgetId : allWidget
05-29 03:09:03.383  2637  2637 I GWT:AppWidgetReceiver: [intelligence] [appwidget-1.1.16] onReceive: action=com.samsung.android.settings.intelligence.ACTION_UPDATE_WIDGET_INTERNAL this=com.samsung.android.settings.intelligence.widget.ListTypeBatteryWidget
05-29 03:09:03.383  2637  2637 D AppWidgetProvider: onReceive:com.samsung.android.settings.intelligence.ACTION_UPDATE_WIDGET_INTERNAL
05-29 03:09:03.383  2637  2637 I BatteryWidget/GlanceBaseWidgetReceiver: onReceive() action : com.samsung.android.settings.intelligence.ACTION_UPDATE_WIDGET_INTERNAL
05-29 03:09:03.383  2637  2637 I BatteryWidget/GlanceBaseWidgetReceiver: handleUpdateWidgetIntent() appWidgetId : allWidget
05-29 03:09:03.383 26838 26838 I BatteryWidget/BatteryWidgetReceiver: onReceive() action : com.samsung.android.settings.intelligence.ACTION_BATTERY_INFO_CHANGED took 11
05-29 03:09:03.385 26838 26838 I GWT:AppWidgetReceiver: [intelligence] [appwidget-1.1.16] onReceive: action=com.samsung.android.settings.intelligence.ACTION_UPDATE_WIDGET_INTERNAL this=com.samsung.android.settings.intelligence.widget.ListTypeBatteryWidget
05-29 03:09:03.385 26838 26838 D AppWidgetProvider: onReceive:com.samsung.android.settings.intelligence.ACTION_UPDATE_WIDGET_INTERNAL
05-29 03:09:03.385 26838 26838 I BatteryWidget/GlanceBaseWidgetReceiver: onReceive() action : com.samsung.android.settings.intelligence.ACTION_UPDATE_WIDGET_INTERNAL
05-29 03:09:03.385 26838 26838 I BatteryWidget/GlanceBaseWidgetReceiver: handleUpdateWidgetIntent() appWidgetId : allWidget
05-29 03:09:03.386  2637  2637 I GWT:AppWidgetReceiver: [intelligence] [appwidget-1.1.16] onReceive: action=com.samsung.android.settings.intelligence.ACTION_UPDATE_WIDGET_INTERNAL this=com.samsung.android.settings.intelligence.widget.GridTypeBatteryWidget
05-29 03:09:03.386  2637  2637 D AppWidgetProvider: onReceive:com.samsung.android.settings.intelligence.ACTION_UPDATE_WIDGET_INTERNAL
05-29 03:09:03.386  2637  2637 I BatteryWidget/GlanceBaseWidgetReceiver: onReceive() action : com.samsung.android.settings.intelligence.ACTION_UPDATE_WIDGET_INTERNAL
05-29 03:09:03.386  2637  2637 I BatteryWidget/GlanceBaseWidgetReceiver: handleUpdateWidgetIntent() appWidgetId : allWidget
05-29 03:09:03.386 26838 26838 I GWT:AppWidgetReceiver: [intelligence] [appwidget-1.1.16] onReceive: action=com.samsung.android.settings.intelligence.ACTION_UPDATE_WIDGET_INTERNAL this=com.samsung.android.settings.intelligence.widget.GridTypeBatteryWidget
05-29 03:09:03.386 26838 26838 D AppWidgetProvider: onReceive:com.samsung.android.settings.intelligence.ACTION_UPDATE_WIDGET_INTERNAL
05-29 03:09:03.386 26838 26838 I BatteryWidget/GlanceBaseWidgetReceiver: onReceive() action : com.samsung.android.settings.intelligence.ACTION_UPDATE_WIDGET_INTERNAL
05-29 03:09:03.387 26838 26838 I BatteryWidget/GlanceBaseWidgetReceiver: handleUpdateWidgetIntent() appWidgetId : allWidget
05-29 03:09:03.387 26838 26838 D BatteryWidget/GlanceBaseWidgetReceiver: updateGlanceAppWidget1(9)
05-29 03:09:03.387  2637  2637 I GWT:AppWidgetReceiver: [intelligence] [appwidget-1.1.16] onReceive: action=com.samsung.android.settings.intelligence.ACTION_UPDATE_WIDGET_INTERNAL this=com.samsung.android.settings.intelligence.widget.GlanceCircleWidgetReceiver
05-29 03:09:03.387  2637  2637 D AppWidgetProvider: onReceive:com.samsung.android.settings.intelligence.ACTION_UPDATE_WIDGET_INTERNAL
05-29 03:09:03.387  2637  2637 I BatteryWidget/GlanceBaseWidgetReceiver: onReceive() action : com.samsung.android.settings.intelligence.ACTION_UPDATE_WIDGET_INTERNAL
05-29 03:09:03.387  2637  2637 I BatteryWidget/GlanceBaseWidgetReceiver: handleUpdateWidgetIntent() appWidgetId : allWidget
05-29 03:09:03.387  2878  4135 I AppWidgetServiceImpl: getAppWidgetInfo() 9, from 0
05-29 03:09:03.388 26838 26838 I GWT:GlanceStateDefinition: [intelligence] getDataStore: appWidget-9, file exist: true, PreferenceStateDefinition type: true
05-29 03:09:03.389  2637  2637 I GWT:AppWidgetReceiver: [intelligence] [appwidget-1.1.16] onReceive: action=com.samsung.android.settings.intelligence.ACTION_UPDATE_WIDGET_INTERNAL this=com.samsung.android.settings.intelligence.widget.GlanceListWidgetReceiver
05-29 03:09:03.389  2637  2637 D AppWidgetProvider: onReceive:com.samsung.android.settings.intelligence.ACTION_UPDATE_WIDGET_INTERNAL
05-29 03:09:03.389  2637  2637 I BatteryWidget/GlanceBaseWidgetReceiver: onReceive() action : com.samsung.android.settings.intelligence.ACTION_UPDATE_WIDGET_INTERNAL
05-29 03:09:03.389  2637  2637 I BatteryWidget/GlanceBaseWidgetReceiver: handleUpdateWidgetIntent() appWidgetId : allWidget
05-29 03:09:03.390 26838 26838 I BatteryWidget/WidgetSettingsManager: getOrCreateWidgetSettings() return exist setting : 9
05-29 03:09:03.391 26838 26838 I BatteryWidget/GlanceBaseWidgetReceiver: updateGlanceAppWidget2(AppWidgetId(appWidgetId=9)) batteryInfo : [{"mAddress":"00:00:00:00:00:00","mBatteryLevel":73,"mDeviceName":"S23+ ╨┐╨╛╨╗╤М╨╖╨╛╨▓╨░╤В╨╡╨╗╤П ╨Ъ╨╛╨╜╤Б╤В╨░╨╜╤В╨╕╨╜","mDeviceType":2,"mExtraBatteryLevelCradle":-1,"mExtraBatteryLevelLeft":-1,"mExtraBatteryLevelRight":-1,"mIsCharging":true,"mIsChargingCradle":false,"mIsChargingLeft":false,"mIsChargingRight":false,"mParingTime":0}, {"mAddress":"54:0D:F9:C6:E0:E2","mBatteryLevel":70,"mDeviceName":"HUAWEI FreeBuds Pro","mDeviceType":1,"mExtraBatteryLevelCradle":-1,"mExtraBatteryLevelLeft":-1,"mExtraBatteryLevelRight":-1,"mIsCharging":false,"mIsChargingCradle":false,"mIsChargingLeft":false,"mIsChargingRight":false,"mParingTime":1780004587132}]com.samsung.android.settings.intelligence.widget.settings.WidgetSettings@7cca0fe
05-29 03:09:03.391  2637  2637 I GWT:AppWidgetReceiver: [intelligence] [appwidget-1.1.16] onReceive: action=com.samsung.android.settings.intelligence.ACTION_UPDATE_WIDGET_INTERNAL this=com.samsung.android.settings.intelligence.widget.CoverArcWidgetReceiver
05-29 03:09:03.391  2637  2637 D AppWidgetProvider: onReceive:com.samsung.android.settings.intelligence.ACTION_UPDATE_WIDGET_INTERNAL
05-29 03:09:03.391  2637  2637 I BatteryWidget/GlanceBaseWidgetReceiver: onReceive() action : com.samsung.android.settings.intelligence.ACTION_UPDATE_WIDGET_INTERNAL
05-29 03:09:03.391  2637  2637 I BatteryWidget/GlanceBaseWidgetReceiver: handleUpdateWidgetIntent() appWidgetId : allWidget
05-29 03:09:03.391 26838 26838 I GWT:AppWidgetReceiver: [intelligence] [appwidget-1.1.16] onReceive: action=com.samsung.android.settings.intelligence.ACTION_UPDATE_WIDGET_INTERNAL this=com.samsung.android.settings.intelligence.widget.GlanceCircleWidgetReceiver
05-29 03:09:03.391 26838 26838 D AppWidgetProvider: onReceive:com.samsung.android.settings.intelligence.ACTION_UPDATE_WIDGET_INTERNAL
05-29 03:09:03.391 26838 26838 I BatteryWidget/GlanceBaseWidgetReceiver: onReceive() action : com.samsung.android.settings.intelligence.ACTION_UPDATE_WIDGET_INTERNAL
05-29 03:09:03.391 26838 26838 I BatteryWidget/GlanceBaseWidgetReceiver: handleUpdateWidgetIntent() appWidgetId : allWidget
05-29 03:09:03.393  2637  2637 I GWT:AppWidgetReceiver: [intelligence] [appwidget-1.1.16] onReceive: action=com.samsung.android.settings.intelligence.ACTION_UPDATE_WIDGET_INTERNAL this=com.samsung.android.settings.intelligence.widget.CoverListWidgetReceiver
05-29 03:09:03.393  2637  2637 D AppWidgetProvider: onReceive:com.samsung.android.settings.intelligence.ACTION_UPDATE_WIDGET_INTERNAL
05-29 03:09:03.393  2637  2637 I BatteryWidget/GlanceBaseWidgetReceiver: onReceive() action : com.samsung.android.settings.intelligence.ACTION_UPDATE_WIDGET_INTERNAL
05-29 03:09:03.393  2637  2637 I BatteryWidget/GlanceBaseWidgetReceiver: handleUpdateWidgetIntent() appWidgetId : allWidget
05-29 03:09:03.393  9724  9724 I roid.apps.turbo: Using CollectorTypeCMC GC.
05-29 03:09:03.395  2878  7186 I ActivityManager: Changes in 1010115 11 to 19, 128 to 0
05-29 03:09:03.395 26838 26838 I GWT:AppWidgetReceiver: [intelligence] [appwidget-1.1.16] onReceive: action=com.samsung.android.settings.intelligence.ACTION_UPDATE_WIDGET_INTERNAL this=com.samsung.android.settings.intelligence.widget.GlanceListWidgetReceiver
05-29 03:09:03.395 26838 26838 D AppWidgetProvider: onReceive:com.samsung.android.settings.intelligence.ACTION_UPDATE_WIDGET_INTERNAL
05-29 03:09:03.395 26838 26838 I BatteryWidget/GlanceBaseWidgetReceiver: onReceive() action : com.samsung.android.settings.intelligence.ACTION_UPDATE_WIDGET_INTERNAL
05-29 03:09:03.395 26838 26838 I BatteryWidget/GlanceBaseWidgetReceiver: handleUpdateWidgetIntent() appWidgetId : allWidget
05-29 03:09:03.396 26838 26838 I BatteryWidget/GlanceBaseWidgetReceiver: updateGlanceAppWidget3(AppWidgetId(appWidgetId=9)) call glanceAppwidget.update()
05-29 03:09:03.396  2878  4135 I AppWidgetServiceImpl: getAppWidgetInfo() 9, from 0
05-29 03:09:03.397 26838 26838 I GWT:AppWidgetReceiver: [intelligence] [appwidget-1.1.16] onReceive: action=com.samsung.android.settings.intelligence.ACTION_UPDATE_WIDGET_INTERNAL this=com.samsung.android.settings.intelligence.widget.CoverArcWidgetReceiver
05-29 03:09:03.397 26838 26838 D AppWidgetProvider: onReceive:com.samsung.android.settings.intelligence.ACTION_UPDATE_WIDGET_INTERNAL
05-29 03:09:03.397 26838 26838 I BatteryWidget/GlanceBaseWidgetReceiver: onReceive() action : com.samsung.android.settings.intelligence.ACTION_UPDATE_WIDGET_INTERNAL
05-29 03:09:03.397 26838 26838 I BatteryWidget/GlanceBaseWidgetReceiver: handleUpdateWidgetIntent() appWidgetId : allWidget
05-29 03:09:03.398 26838 26838 I GWT:AppWidgetReceiver: [intelligence] [appwidget-1.1.16] onReceive: action=com.samsung.android.settings.intelligence.ACTION_UPDATE_WIDGET_INTERNAL this=com.samsung.android.settings.intelligence.widget.CoverListWidgetReceiver
05-29 03:09:03.398 26838 26838 D AppWidgetProvider: onReceive:com.samsung.android.settings.intelligence.ACTION_UPDATE_WIDGET_INTERNAL
05-29 03:09:03.398 26838 26838 I BatteryWidget/GlanceBaseWidgetReceiver: onReceive() action : com.samsung.android.settings.intelligence.ACTION_UPDATE_WIDGET_INTERNAL
05-29 03:09:03.398 26838 26838 I BatteryWidget/GlanceBaseWidgetReceiver: handleUpdateWidgetIntent() appWidgetId : allWidget
05-29 03:09:03.400  9724  9724 D nativeloader: Load libframework-connectivity-tiramisu-jni.so using APEX ns com_android_tethering for caller /apex/com.android.tethering/javalib/framework-connectivity-t.jar: ok
05-29 03:09:03.400  2878  7186 I ActivityManager: Changes in 10115 11 to 19, 128 to 0
05-29 03:09:03.401 26838 26838 I GWT:SessionManager: [intelligence] isSessionRunning(appWidget-9)==false(false, false)
05-29 03:09:03.402 26838 26838 W GWT:SessionManager: [intelligence] Update Requested on MAIN THREAD!! Use Dispatchers.Default instead Main. If DO NOT, it will cause ANR and update cancelled frequently
05-29 03:09:03.402 26838 26838 W GWT:SessionManager:     at androidx.glance.session.SessionManagerImpl$scope$1.isSessionRunning(SessionManager.kt:164)
05-29 03:09:03.402 26838 26838 W GWT:SessionManager:     at androidx.glance.session.SessionManagerImpl$scope$1$isSessionRunning$1.invokeSuspend(SessionManager.kt:0)
05-29 03:09:03.402 26838 26838 W GWT:SessionManager:     at kotlin.coroutines.jvm.internal.BaseContinuationImpl.resumeWith(ContinuationImpl.kt:33)
05-29 03:09:03.402 26838 26838 W GWT:SessionManager:     at kotlinx.coroutines.DispatchedTask.run(DispatchedTask.kt:100)
05-29 03:09:03.402 26838 26838 W GWT:SessionManager:     at android.os.Handler.handleCallback(Handler.java:995)
05-29 03:09:03.402 26838 26838 W GWT:SessionManager:     at android.os.Handler.dispatchMessage(Handler.java:103)
05-29 03:09:03.402 26838 26838 W GWT:SessionManager:     at android.os.Looper.loopOnce(Looper.java:273)
05-29 03:09:03.402 26838 26838 W GWT:SessionManager:     at android.os.Looper.loop(Looper.java:363)
05-29 03:09:03.402 26838 26838 W GWT:SessionManager:     at android.app.ActivityThread.main(ActivityThread.java:10060)
05-29 03:09:03.402 26838 26838 W GWT:SessionManager:     at java.lang.reflect.Method.invoke(Method.java:-2)
05-29 03:09:03.402 26838 26838 W GWT:SessionManager:     at com.android.internal.os.RuntimeInit$MethodAndArgsCaller.run(RuntimeInit.java:632)
05-29 03:09:03.402 26838 26838 W GWT:SessionManager:     at com.android.internal.os.ZygoteInit.main(ZygoteInit.java:975)
05-29 03:09:03.402 26838 26838 I GWT:AppWidget: [intelligence] Update AppWidgetId(appWidgetId=9) widget / isRunning : false
05-29 03:09:03.403  9724  9724 D ActivityThread: setConscryptValidator
05-29 03:09:03.403  9724  9724 D ActivityThread: setConscryptValidator - put
05-29 03:09:03.410  4422  4422 W View    : requestLayout() improperly called by com.android.systemui.qs.SecQSGradationDrawableView{592348b V.E...... ......ID 0,0-1080,332 #7f0a0a16 app:id/qs_gradation_view} during layout: running second layout pass
05-29 03:09:03.410  4422  4422 W View    : requestLayout() improperly called by android.widget.FrameLayout{9c4e968 V.E...... ......I. 0,0-1080,2340 #2} during layout: running second layout pass
05-29 03:09:03.410  4422  4422 W View    : requestLayout() improperly called by android.widget.FrameLayout{6654181 V.E...... ......ID 0,142-1080,2298 #7f0a0a14 app:id/qs_frame} during layout: running second layout pass
05-29 03:09:03.410  1845  2090 I VSyncReactor: Current= 24, Period= 24, hwcPeriod= 24
05-29 03:09:03.410  4422  4422 W RefactorFlag: New code path expects SceneContainerFlag to be enabled.
05-29 03:09:03.417  9724  9724 D CompatChangeReporter: Compat change id reported: 242716250; UID 10224; state: ENABLED
05-29 03:09:03.418  5990  6019 V OsAgent : broadcastSystemEvent - 7
05-29 03:09:03.420  1845  2128 D DisplayModeController: setDesiredMode 4630947118961383299 {mode={fps=120.00 Hz, modePtr={id=0, vsyncRate=120.00 Hz, peakRefreshRate=120.00 Hz}}, emitEvent=true, force=false}
05-29 03:09:03.422  9724  9724 D ApplicationLoaders: Returning zygote-cached class loader: /system/framework/org.apache.http.legacy.jar
05-29 03:09:03.422  9724  9724 D ApplicationLoaders: Returning zygote-cached class loader: /system_ext/framework/androidx.window.extensions.jar
05-29 03:09:03.422  9724  9724 D ApplicationLoaders: Returning zygote-cached class loader: /system_ext/framework/androidx.window.sidecar.jar
05-29 03:09:03.425 26838 26881 W JobInfo : Requested important-while-foreground flag for job121029 is ignored and takes no effect
05-29 03:09:03.431  2878  7186 I ActivityManager: Changes in 10115 19 to 8, 0 to 128
05-29 03:09:03.431  2994  3052 E AudioPathHelper: (Berry)(1.16)handleAudioPathTask() : can't get dual play mode - Need android.permission.BLUETOOTH_CONNECT permission for AttributionSource { uid = 1002, packageName = com.android.bluetooth, attributionTag = null, token = android.os.Binder@792f66, deviceId = 0, next = AttributionSource { uid = 10282, packageName = com.samsung.accessory.berrymgr, attributionTag = null, token = android.os.BinderProxy@8cec879, deviceId = 0, next = null } }: A2dpServiceBinder
05-29 03:09:03.433  9724  9724 D nativeloader: InitLlndkLibrariesProduct: libEGL.so:libGLESv1_CM.so:libGLESv2.so:libGLESv3.so:libRS.so:libandroid_net.so:libapexsupport.so:libavf.so:libbinder_ndk.so:libc.so:libcgrouprc.so:libclang_rt.asan-aarch64-android.so:libclang_rt.asan-arm-android.so:libclang_rt.hwasan-aarch64-android.so:libcom.android.tethering.connectivity_native.so:libdl.so:libft2.so:liblog.so:libm.so:libmediandk.so:libnativewindow.so:libneuralnetworks.so:libselinux.so:libsync.so:libvendorsupport.so:libvndksupport.so:libvulkan.so
05-29 03:09:03.433  9724  9724 D nativeloader: Configuring product-clns-9 for unbundled product apk /product/priv-app/Turbo/Turbo.apk. target_sdk_version=34, uses_libraries=, library_path=/product/priv-app/Turbo/lib/arm64:/product/priv-app/Turbo/Turbo.apk!/lib/arm64-v8a:/product/lib64:/system/product/lib64, permitted_path=/data:/mnt/expand:/data/user/0/com.google.android.apps.turbo:/product/lib64:/system/product/lib64
05-29 03:09:03.434  9724  9724 D nativeloader: InitVndkspLibrariesProduct: VNDK is deprecated with product
05-29 03:09:03.444  1845  1845 I SurfaceFlinger: No layers with votes - choose 120.00 Hz
05-29 03:09:03.445  1845  1845 I HWComposer: [4630947118961383299] ActiveConfigToHWC, ID : 0
05-29 03:09:03.446  1773  2103 I SDM     : HWDeviceDRM::SetDisplaySwitchMode: [DispConfigs] check hs_mode 3
05-29 03:09:03.447  1773  2103 W SDM     : HWDeviceDRM::GetSupportedBitClkRate: Requested rate not supported: 951080000
05-29 03:09:03.447  1773  2103 I SDM     : HWDeviceDRM::SetDisplaySwitchMode: [DispConfigs] Set mode index:0 1080x2340x120xcmdHS, hs_mode(3), found_mode(0)
05-29 03:09:03.447  1773  2103 I SDM     : HWDeviceDRM::UpdateMixerAttributes: Mixer WxH 1080x2340-1 for Peripheral
05-29 03:09:03.447  1773  2103 I SDM     : HWCDisplay::SubmitDisplayConfig: Active configuration changed from config 8 to 0
05-29 03:09:03.449  9724  9724 V GraphicsEnvironment: Currently set values for:
05-29 03:09:03.449  9724  9724 V GraphicsEnvironment:   angle_gl_driver_selection_pkgs=[]
05-29 03:09:03.449  9724  9724 V GraphicsEnvironment:   angle_gl_driver_selection_values=[]
05-29 03:09:03.449  9724  9724 V GraphicsEnvironment: com.google.android.apps.turbo is not listed in per-application setting
05-29 03:09:03.449  9724  9724 V GraphicsEnvironment: ANGLE allowlist from config: 
05-29 03:09:03.449  9724  9724 V GraphicsEnvironment: com.google.android.apps.turbo is not listed in ANGLE allowlist or settings, returning default
05-29 03:09:03.449 26838 26838 I GWT:SessionManager: [intelligence] startSession appWidget-9 ENQUEUED + RUNNING : 1 / 1
05-29 03:09:03.450 26838 26838 I BatteryWidget/GlanceBaseWidgetReceiver: complete update : id[9]
05-29 03:09:03.451  1845  2090 I VSyncReactor: Current= 24, Period= 120, hwcPeriod= 120
05-29 03:09:03.455 26838 26838 I GWT:SessionWorker: [intelligence] doWork appWidget-9 start 0
05-29 03:09:03.457 26838 26838 I GWT:GlanceStateDefinition: [intelligence] getDataStore: appWidget-9, file exist: true, PreferenceStateDefinition type: true
05-29 03:09:03.457  2878  7186 I AppWidgetServiceImpl: getAppWidgetInfo() 9, from 0
05-29 03:09:03.463 26838 26838 I GWT:GlobalSnapshotManager: [intelligence] GlobalSnapshotMonitor observes MutableState(value=androidx.compose.runtime.internal.ComposableLambdaImpl@3773a3f)@195208416
05-29 03:09:03.485  1845  1845 I SurfaceFlinger: finalizeDisplayModeChange 4630947118961383299
05-29 03:09:03.519  9724  9724 W Turbo.TurboApplication: Going to the application!
05-29 03:09:03.523  2878  7186 I ActivityManager: Changes in 10224 19 to 11, 0 to 128
05-29 03:09:03.533  2878  7186 I ActivityManager: Changes in 10224 11 to 19, 128 to 0
05-29 03:09:03.566  2878  2878 I Telecom : SamsungTelecomServiceImpl : isInManagedCall - callingPackage : android / callingUser : UserHandle{0} / hasCrossUserAccess : true
05-29 03:09:03.576  2878  2878 I Telecom : SamsungTelecomServiceImpl : isInManagedCall - callingPackage : android / callingUser : UserHandle{0} / hasCrossUserAccess : true
05-29 03:09:03.587  2878  5558 D ActivityManager: unpendingScheduleServiceRestart: u=10307, drop=false
05-29 03:09:03.588  4967  9581 I HoneySpace.NotificationListener: onNotificationPosted com.android.systemui: -1|com.android.systemui|2131364006|charging_state|10040: 0
05-29 03:09:03.588  4967  9581 I HoneySpace.NotificationListener: invalid notification: com.android.systemui UserHandle{-1}: canShowBadge is false
05-29 03:09:03.589  4967 14775 I HoneySpace.BadgeDataSourceImpl: Get notification count. PK(p='org.telegram.messenger', u=UserHandle{0}) - forceBadgeCount: false, notification listener: 3, badge provider: 18
05-29 03:09:03.589 11414 15264 I DEVMGR_BleReconnectManager: 1600103320|R|I|onStartScan
05-29 03:09:03.590 11414 15264 D BluetoothAdapter: isLeEnabled(): ON
05-29 03:09:03.590 11414 15264 D BluetoothLeScanner: could not find callback wrapper
05-29 03:09:03.591  8908  9273 D LogUtil_LogConfig: getLogFile(): logFilePath = /data/user/0/com.huawei.health/files/com.huawei.health/com.huawei.health_DaemonService/
05-29 03:09:03.594  4967  9581 I HoneySpace.NotificationListener: onNotificationPosted com.android.systemui: -1|com.android.systemui|2131364006|charging_state|10040: 0
05-29 03:09:03.594  4967  9581 I HoneySpace.NotificationListener: invalid notification: com.android.systemui UserHandle{-1}: canShowBadge is false
05-29 03:09:03.594  4967 14785 I HoneySpace.BadgeDataSourceImpl: Get notification count. PK(p='org.telegram.messenger', u=UserHandle{0}) - forceBadgeCount: false, notification listener: 3, badge provider: 18
05-29 03:09:03.595  4422  4422 D SubscreenNotificationListCoordinator: onAfterRenderList() isSubScreen = false, pluginLockMode = 0, doNotShowOnCover = false
05-29 03:09:03.595  2878  5556 D FreecessController: UFZ : com.huawei.health(10307) [11414, 8908] reason: Binder(1)-android.service.notification.INotificatio
05-29 03:09:03.595  2878  5567 W LocationManagerService: onFreezeStateChanged, uid[10307]=false
05-29 03:09:03.596  4422  4422 I LockscreenNotificationIconsOnlyController: onNotificationInfoUpdated 0
05-29 03:09:03.596  4422  4422 I AODNotificationManager: updateNotification() 
05-29 03:09:03.596  2878  5567 I PowerManagerService: [PWL] SetWakeLockEnableDisable uid = 10307 , disable= false
05-29 03:09:03.596  2878  5567 I PowerManagerService: [PWL] can not change uid =  10307
05-29 03:09:03.596 11414 15264 I DEVMGR_BleReconnectManager: 1600103320|R|I|Enter startScanDiscovery
05-29 03:09:03.596  4422  4422 D Bubbles : onEntryUpdated : shouldBubbleUp=false ,key=-1|com.android.systemui|2131364006|charging_state|10040
05-29 03:09:03.597  4422  4422 D InterruptionStateProvider:  no Heads up : edgelighting enabled app. -1|com.android.systemui|2131364006|charging_state|10040
05-29 03:09:03.597  4422  4422 I {OngoingActivityController}: onEntryUpdated and OA data is empty. So update latest task info
05-29 03:09:03.599  4422  4422 D InterruptionStateProvider:  no Heads up : edgelighting enabled app. -1|com.android.systemui|2131364006|charging_state|10040
05-29 03:09:03.599  8908  9743 I Notify_NotificPush: 1600103320|R|I|Start onNotificationPosted: StatusBarNotification(pkg=com.android.systemui user=UserHandle{-1} id=2131364006 tag=charging_state key=-1|com.android.systemui|2131364006|charging_state|10040: Notification(channel=CHR shortcut=null contentView=null vibrate=null sound=null defaults=0 flags=ONGOING_EVENT|ONLY_ALERT_ONCE color=0x00000000 category=sys groupKey=CHARGING vis=PUBLIC semFlags=0x0 semPriority=0 semMissedCount=0))
05-29 03:09:03.601  4729  5485 I AdapterProperties: getBondedDevices: length=3
05-29 03:09:03.602 11414 15264 D BluetoothAdapter: getBondedDevices() - package : com.huawei.health, state : 12
05-29 03:09:03.602  4729  5485 I AdapterProperties: getBondedDevices: length=3
05-29 03:09:03.603  4422  4422 D SubscreenNotificationListCoordinator: onAfterRenderList() isSubScreen = false, pluginLockMode = 0, doNotShowOnCover = false
05-29 03:09:03.603  8908  9744 I Notify_NotificPush: 1600103320|R|I|Start onNotificationPosted: StatusBarNotification(pkg=com.android.systemui user=UserHandle{-1} id=2131364006 tag=charging_state key=-1|com.android.systemui|2131364006|charging_state|10040: Notification(channel=CHR shortcut=null contentView=null vibrate=null sound=null defaults=0 flags=ONGOING_EVENT|ONLY_ALERT_ONCE color=0x00000000 category=sys groupKey=CHARGING vis=PUBLIC semFlags=0x0 semPriority=0 semMissedCount=0))
05-29 03:09:03.604  4422  4422 W RefactorFlag: New code path expects SceneContainerFlag to be enabled.
05-29 03:09:03.604  4422  4422 D ExpandableNotifRow: mMaxSmallHeight different before reInflateViews mMaxSmallHeight: 203 mTempSmallHeight:0 -1|com.android.systemui|2131364006|charging_state|10040
05-29 03:09:03.604  4422  4422 D ExpandableNotifRow: mMaxSmallHeight different before reInflateViews mMaxSmallHeight: 203 mTempSmallHeight:0 -1|com.android.systemui|2131364006|charging_state|10040
05-29 03:09:03.605  4422  4422 I LockscreenNotificationIconsOnlyController: onNotificationInfoUpdated 0
05-29 03:09:03.605  4422  4422 I AODNotificationManager: updateNotification() 
05-29 03:09:03.607  4729 26377 I bt_btif_dm: system/btif/src/btif_dm.cc:1208 btif_dm_get_connection_state: Acl is not connected to peer:xx:xx:xx:xx:cb:ab
05-29 03:09:03.608  4422  5017 D LocalImageResolver: Couldn't use ImageDecoder for drawable, falling back to non-resized load.
05-29 03:09:03.608  8908  9744 W Notify_NotificPush: 1600103320|R|W|onNotificationPosted FILTERED because SUB_SWITCH_TURN_OFF,pkg=com.android.systemui
05-29 03:09:03.608  4422  5017 D LocalImageResolver: Couldn't use ImageDecoder for drawable, falling back to non-resized load.
05-29 03:09:03.609  8908  9744 I Notify_NotificPush: 1600103320|R|I|com.android.systemui onNotificationPosted isMeetPushConditions?(false=filtered): false
05-29 03:09:03.609  4729 26377 I bt_btif_dm: system/btif/src/btif_dm.cc:1208 btif_dm_get_connection_state: Acl is not connected to peer:xx:xx:xx:xx:a7:78
05-29 03:09:03.609  8908  9743 W Notify_NotificPush: 1600103320|R|W|onNotificationPosted FILTERED because SUB_SWITCH_TURN_OFF,pkg=com.android.systemui
05-29 03:09:03.610  4422  4422 D LocalImageResolver: Couldn't use ImageDecoder for drawable, falling back to non-resized load.
05-29 03:09:03.610  8908  9746 I FormalHASDK: HAImpl==> onEvent. tag:_default_config_tag, type:1, eventId:85070006
05-29 03:09:03.610  8908  9743 I Notify_NotificPush: 1600103320|R|I|com.android.systemui onNotificationPosted isMeetPushConditions?(false=filtered): false
05-29 03:09:03.610  8908  9746 I FormalHASDK: HAImpl==> onEvent. tag:_default_config_tag, type:1, eventId:85070006
05-29 03:09:03.611 11414 15264 I DEVMGR_BleReconnectManager: 1600103320|R|I|isNeedReconnect deviceUuid:54:**********0:E2
05-29 03:09:03.612 11414 15264 I DEVMGR_BleReconnectManager: 1600103320|R|I|Enter startBleScan
05-29 03:09:03.612 11414 15264 I DEVMGR_BleReconnectManager: 1600103320|R|I|getReconnectDevice. size:1
05-29 03:09:03.612 11414 15264 I DEVMGR_BleReconnectManager: 1600103320|R|I|startBleScan isEmui110: false
05-29 03:09:03.612  4422  4422 W RefactorFlag: New code path expects SceneContainerFlag to be enabled.
05-29 03:09:03.612 11414 15264 I DEVMGR_BleReconnectManager: 1600103320|R|I|final scanMode: 0
05-29 03:09:03.613 11414 15264 I DEVMGR_BleReconnectManager: 1600103320|R|I|scan device default logic.
05-29 03:09:03.613 11414 15264 D BluetoothAdapter: isLeEnabled(): ON
05-29 03:09:03.614 11414 15264 D BluetoothLeScanner: Start Scan with callback
05-29 03:09:03.615  4729 26377 I bt_shim_scanner: system/main/shim/le_scanning_manager.cc:135 RegisterScanner: in shim layer, UUID=c7379329-5765-45c1-9f8f-4e11cf8478ff
05-29 03:09:03.615  4729  5131 W bluetooth: system/gd/hci/le_scanning_manager.cc:650 register_scanner: register_scanner
05-29 03:09:03.615 11414 11447 D BluetoothLeScanner: onScannerRegistered() - status=0 scannerId=13 mScannerId=0
05-29 03:09:03.616  4422  4422 D ExpandableNotifRow: mMaxSmallHeight different before reInflateViews mMaxSmallHeight: 203 mTempSmallHeight:0 -1|com.android.systemui|2131364006|charging_state|10040
05-29 03:09:03.616  4422  4422 D ExpandableNotifRow: mMaxSmallHeight different before reInflateViews mMaxSmallHeight: 203 mTempSmallHeight:0 -1|com.android.systemui|2131364006|charging_state|10040
05-29 03:09:03.616  4422  4422 D ExpandableNotifRow: mMaxSmallHeight different before reInflateViews mMaxSmallHeight: 203 mTempSmallHeight:0 -1|com.android.systemui|2131364006|charging_state|10040
05-29 03:09:03.616  4422  4422 D ExpandableNotifRow: mMaxSmallHeight different before reInflateViews mMaxSmallHeight: 203 mTempSmallHeight:0 -1|com.android.systemui|2131364006|charging_state|10040
05-29 03:09:03.618  4422  4422 D S.S.N.  : entryViewBound parent :-1|com.android.systemui|2131364006|charging_state|10040
05-29 03:09:03.618  4422  4422 D LocalImageResolver: Couldn't use ImageDecoder for drawable, falling back to non-resized load.
05-29 03:09:03.619 11414 15264 I DEVMGR_BleReconnectManager: 1600103320|R|I|sendPendingIntentTask type: 1, delay: 15000
05-29 03:09:03.620  4422  4422 D SubscreenNotificationListCoordinator: onAfterRenderList() isSubScreen = false, pluginLockMode = 0, doNotShowOnCover = false
05-29 03:09:03.620 11414  9748 W Dfx_LogAppEventUtil: 1600103320|R|W|addAppEventLog is not connected device
05-29 03:09:03.621 11414  9748 I Dfx_LogAppEventUtil: 1600103320|R|I|createAppEventLogFile enter
05-29 03:09:03.621 11414  9748 I Dfx_LogAppEventUtil: 1600103320|R|I|isCreateAppEventLog enter
05-29 03:09:03.621  4422  4422 W RefactorFlag: New code path expects SceneContainerFlag to be enabled.
05-29 03:09:03.621  4422  4422 D ExpandableNotifRow: mMaxSmallHeight different before reInflateViews mMaxSmallHeight: 203 mTempSmallHeight:0 -1|com.android.systemui|2131364006|charging_state|10040
05-29 03:09:03.621  4422  4422 D ExpandableNotifRow: mMaxSmallHeight different before reInflateViews mMaxSmallHeight: 203 mTempSmallHeight:0 -1|com.android.systemui|2131364006|charging_state|10040
05-29 03:09:03.622  4729  5406 E ScanManager: [GSIM LOG]: gsimLogHandler, msg: MESSAGE_SCAN_START, appName: com.huawei.health, scannerId: 13, reportDelayMillis=0
05-29 03:09:03.622  4729  5406 I bt_shim_scanner: system/main/shim/le_scanning_manager.cc:260 ScanFilterEnable: in shim layer
05-29 03:09:03.622 11414  9748 I Dfx_LogAppEventUtil: 1600103320|R|I|dealEventLogFile file size less 2M
05-29 03:09:03.622  1694  1694 D vendor.qti.bluetooth@1.1-ibs_handler: SerialClockVote: vote for UART CLK ON
05-29 03:09:03.623  1694  1694 D vendor.qti.bluetooth@1.1-wake_lock: Acquire wakelock is acquired 
05-29 03:09:03.623  1694  1694 I vendor.qti.bluetooth@1.1-ibs_handler: DeviceWakeUp: Writing IBS_WAKE_IND
05-29 03:09:03.623  7065  7065 W ContextImpl: Calling a method in the system process without a qualified user: android.app.ContextImpl.startService:2068 android.content.ContextWrapper.startService:872 android.content.ContextWrapper.startService:872 com.sec.android.diagmonagent.sa.receiver.CFLogReceiver.onReceive:56 android.app.ActivityThread.handleReceiver:5663 
05-29 03:09:03.623  1694  5377 I vendor.qti.bluetooth@1.1-ibs_handler: ProcessIbsCmd: Received IBS_WAKE_ACK: 0xFC
05-29 03:09:03.623  1694  5377 I vendor.qti.bluetooth@1.1-ibs_handler: ProcessIbsCmd: Signal wack_cond_
05-29 03:09:03.624  1694  1694 D vendor.qti.bluetooth@1.1-ibs_handler: DeviceWakeUp: Unblocked from waiting for FC, pthread_cond_timedwait ret = 0
05-29 03:09:03.624  1694  5377 I vendor.qti.bluetooth@1.1-ibs_handler: ProcessIbsCmd: Received IBS_WAKE_IND: 0xFD
05-29 03:09:03.624  1694  5377 I vendor.qti.bluetooth@1.1-ibs_handler: ProcessIbsCmd: Writing IBS_WAKE_ACK
05-29 03:09:03.624  4422  4422 I LockscreenNotificationIconsOnlyController: onNotificationInfoUpdated 0
05-29 03:09:03.624  4422  4422 I AODNotificationManager: updateNotification() 
05-29 03:09:03.625  4729  5406 I bt_shim_scanner: system/main/shim/le_scanning_manager.cc:233 ScanFilterAdd: in shim layer
05-29 03:09:03.625  4729  5406 I bt_shim_scanner: system/main/shim/le_scanning_manager.cc:197 ScanFilterParamSetup: in shim layer, clientIf=13
05-29 03:09:03.625  4729  5406 I bt_shim_scanner: system/main/shim/le_scanning_manager.cc:151 Scan: in shim layer stopped
05-29 03:09:03.625  4729  5131 W bluetooth: system/gd/hci/le_scanning_manager.cc:716 scan: address_manager_registered_
05-29 03:09:03.625  4729  5131 W bluetooth: system/gd/hci/le_scanning_manager.cc:768 stop_scan: stop_scan
05-29 03:09:03.625  4729  5131 I bluetooth: system/gd/hci/le_address_manager.cc:278 unregister_client: Client unregistered
05-29 03:09:03.625  4729  5406 I bt_shim_scanner: system/main/shim/le_scanning_manager.cc:335 SetScanParameters: in shim layer, scannerId1m=13, scannerIdCoded=0
05-29 03:09:03.625  4729  5406 W bt_shim_scanner: system/main/shim/le_scanning_manager.cc:365 SetScanParameters: Set scan params scan_int_1m : 958.125, scan_win_1m : 191.25, Duty : 19.96% | scan_int_coded : 0, scan_win_coded : 0, Duty : nan%
05-29 03:09:03.625  4729  5406 I bt_shim_scanner: system/main/shim/le_scanning_manager.cc:151 Scan: in shim layer started
05-29 03:09:03.625  4729  5131 I bluetooth: system/gd/hci/le_scanning_manager.cc:765 stop_scan: Scanning already stopped, return!
05-29 03:09:03.625  4729  5131 W bluetooth: system/gd/hci/le_scanning_manager.cc:732 start_scan: start_scan
05-29 03:09:03.625  4729  5131 W bluetooth: system/gd/hci/le_scanning_manager.cc:735 start_scan: Register address manager
05-29 03:09:03.625  4729  5131 I bluetooth: system/gd/hci/le_address_manager.cc:263 register_client: Client registered
05-29 03:09:03.656 26838 26838 I GWT:AppWidgetSession: [intelligence] widget-AppWidgetId(appWidgetId=9) collectAsState androidx.compose.runtime.internal.ComposableLambdaImpl@3773a3f
05-29 03:09:03.656 26838 26838 I GWT:AppWidgetUtils: [intelligence] [common-1.1.16] 9-widget size dp: w=322.13333 h=66.13333, px: w=906.0.px h=186.0.px
05-29 03:09:03.656 26838 26838 I GWT:AppWidgetUtils: [intelligence] mode=widesmall from options
05-29 03:09:03.656 26838 26838 I GWT:TemplateAppWidget: [intelligence] [template-1.1.17] provideContent: widgetId=AppWidgetId(appWidgetId=9), dpsize=322.13333.dp x 66.13333.dp, size=widesmall, style=colorful, host=Home, iconLabelOn=false, widgetLabelOn=false, deviceType=phone
05-29 03:09:03.657 26838 26838 I BatteryWidget/BaseWidget: TemplateContent(AppWidgetId(appWidgetId=9)) type : Home, size : widesmall
05-29 03:09:03.658 26838 26838 I BatteryWidget/WidgetSettingsManager: getOrCreateWidgetSettings() return exist setting : 9
05-29 03:09:03.659 26838 26838 I BatteryWidget/DeviceInfoManager: [9] DeviceInfoManager() widgetType : 0 / auto : false / presetDeviceName : null / mDeviceCountLimit : 4
05-29 03:09:03.659 26838 26838 D BatteryWidget/WidgetUtils: isNightMode : true
05-29 03:09:03.659 26838 26838 D BatteryWidget/WidgetUtils: isNightMode : true
05-29 03:09:03.659 26838 26838 W BatteryWidget/CommonTypeConverter: getDeviceType() Unsupported type : 1
05-29 03:09:03.659 26838 26838 I BatteryWidget/DeviceInfoManager: [9] getConnectedDevices() raw : 2 converted : 2
05-29 03:09:03.659 26838 26838 I BatteryWidget/DeviceInfoManager: [9] sortDevices() widgetType : 0 / size : 2
05-29 03:09:03.659 26838 26838 I BatteryWidget/DeviceInfoManager: [9] loadConnectedDevices after :  DeviceInfo{mID='XX:XX:XX:XX:00:00', mDeviceName='S23+ ╨┐╨╛╨╗╤М╨╖╨╛╨▓╨░╤В╨╡╨╗╤П ╨Ъ╨╛╨╜╤Б╤В╨░╨╜╤В╨╕╨╜', mDeviceType =0, mBatteryLevel=73, mIsCharging=true, mOrder=1, mIsDimChart=false, mParingTime =0}
05-29 03:09:03.659 26838 26838 I BatteryWidget/DeviceInfoManager: [9] loadConnectedDevices after :  DeviceInfo{mID='XX:XX:XX:XX:E0:E2', mDeviceName='HUAWEI FreeBuds Pro', mDeviceType =9, mBatteryLevel=70, mIsCharging=false, mOrder=4, mIsDimChart=false, mParingTime =1780004587132}
05-29 03:09:03.659 26838 26838 I BatteryWidget/DeviceInfoManager: [9] decorateDevices() 2
05-29 03:09:03.659 26838 26838 I BatteryWidget/DeviceInfoManager: [9] fillDimChart() dimGridCount : 2 / 4
05-29 03:09:03.659 26838 26838 I BatteryWidget/BaseWidget: TemplateContent(AppWidgetId(appWidgetId=9)) call MainContent
05-29 03:09:03.660 26838 26838 I BatteryWidget/WidgetSettingsManager: getOrCreateWidgetSettings() return exist setting : 9
05-29 03:09:03.660 26838 26838 D BatteryWidget/WidgetUtils: isNightMode : true
05-29 03:09:03.660 26838 26838 D BatteryWidget/WidgetUtils: isNightMode : true
05-29 03:09:03.661 26838 26838 I GlanceTemplate: [intelligence] appWidgetDescription=true, appWidgetBackground=color, shape=none, appWidgetLabel=true, colors=ColorProviders(primary=[fixedColor=ff00dd7a], onPrimary=[fixedColor=fffcfcff], primaryContainer=[fixedColor=33ffffff], onPrimaryContainer=[fixedColor=ffff00ff], background=[fixedColor=7f010102], onBackground=[fixedColor=fffcfcff], surface=[fixedColor=0], onSurface=[fixedColor=ffff00ff], surfaceVariant=[fixedColor=ffff00ff], onSurfaceVariant=[fixedColor=ffff00ff], inverseOnSurface=[fixedColor=ffff00ff], inverseSurface=[fixedColor=ffff00ff]
05-29 03:09:03.661 26838 26838 D BatteryWidget/ArcContent: MainContent(AppWidgetId(appWidgetId=9)): Shape : color, shape=none
05-29 03:09:03.661 26838 26838 D BatteryWidget/WidgetUtils: isNightMode : true
05-29 03:09:03.661 26838 26838 D BatteryWidget/ArcContent: MainContent(AppWidgetId(appWidgetId=9)): DeviceInfo{mID='XX:XX:XX:XX:00:00', mDeviceName='S23+ ╨┐╨╛╨╗╤М╨╖╨╛╨▓╨░╤В╨╡╨╗╤П ╨Ъ╨╛╨╜╤Б╤В╨░╨╜╤В╨╕╨╜', mDeviceType =0, mBatteryLevel=73, mIsCharging=true, mOrder=1, mIsDimChart=false, mParingTime =0}
05-29 03:09:03.661 26838 26838 D BatteryWidget/WidgetUtils: isNightMode : true
05-29 03:09:03.661 26838 26838 D BatteryWidget/ArcContent: MainContent(AppWidgetId(appWidgetId=9)): DeviceInfo{mID='XX:XX:XX:XX:E0:E2', mDeviceName='HUAWEI FreeBuds Pro', mDeviceType =9, mBatteryLevel=70, mIsCharging=false, mOrder=4, mIsDimChart=false, mParingTime =1780004587132}
05-29 03:09:03.661 26838 26838 D BatteryWidget/WidgetUtils: isNightMode : true
05-29 03:09:03.661 26838 26838 D BatteryWidget/ArcContent: MainContent(AppWidgetId(appWidgetId=9)): DeviceInfo{mID='', mDeviceName='null', mDeviceType =0, mBatteryLevel=0, mIsCharging=false, mOrder=2147483647, mIsDimChart=true, mParingTime =0}
05-29 03:09:03.661 26838 26838 D BatteryWidget/WidgetUtils: isNightMode : true
05-29 03:09:03.661 26838 26838 D BatteryWidget/ArcContent: MainContent(AppWidgetId(appWidgetId=9)): DeviceInfo{mID='', mDeviceName='null', mDeviceType =0, mBatteryLevel=0, mIsCharging=false, mOrder=2147483647, mIsDimChart=true, mParingTime =0}
05-29 03:09:03.672 26838 26838 I GWT:TemplateAppWidget: [intelligence] provideGlance AppWidgetId(appWidgetId=9) elapsed : 16 ms
05-29 03:09:03.673 26838 26838 I GWT:AppWidgetSession: [intelligence] processEmittableTree / AppWidgetId(appWidgetId=9) / main
05-29 03:09:03.673 26838 26838 I GWT:GlanceStateDefinition: [intelligence] getDataStore: appWidgetLayout-9, file exist: true, PreferenceStateDefinition type: false
05-29 03:09:03.673  2878  4676 I AppWidgetServiceImpl: getAppWidgetInfo() 9, from 0
05-29 03:09:03.682 26838 26838 I GWT:AppWidgetSession: [intelligence] UpdateAppWidget / 9, android.widget.RemoteViews@1ec41f / lastViewId : 63
05-29 03:09:03.682 26838 26838 I AppWidgetManager: updateAppWidget() appWidgetIds = [9]
05-29 03:09:03.682  1694  5377 I vendor.qti.bluetooth@1.1-ibs_handler: ProcessIbsCmd: Received IBS_SLEEP_IND: 0xFE
05-29 03:09:03.684  2878  4676 I AppWidgetServiceImpl: Null RemoteViews on updateAppWidgetIds
05-29 03:09:03.685 11414 11414 I HAF_MemoryUtils: 1600103320|R|I|total-pss=35928, java-heap=6236, native-heap=2680, code=1088, system=23936, threads=66, importance=(300, 0), dex-mmap=(2449, 1008, 0, 0), ver=16.1.3.320
05-29 03:09:03.690 26838 26838 I GWT:GlanceStateDefinition: [intelligence] getDataStore: appWidgetLayout-9, file exist: true, PreferenceStateDefinition type: false
05-29 03:09:03.691 26838 26838 I GWT:GlanceSession: [intelligence] receiveEvents : capacity=2147483647,data=[]
05-29 03:09:03.692  2878  3882 D AppWidgetServiceImpl: handleNotifyUpdateAppWidget, appWidgetId = 9
05-29 03:09:03.692  2878  3882 D AppWidgetServiceImpl: Trying to notify widget update for package com.android.settings.intelligence with widget id: 9
05-29 03:09:03.695  4967  4967 I AppWidgetHost: updateAppWidgetView, appWidgetId = 9, v = com.honeyspace.ui.common.widget.HoneyAppWidgetHostView{d69231c VFE...... R....... 44,49-950,235} - span boundary: (2, 1) ~ (4, 3), appWidgetSize: 30, flag: 3, lastAppliedInfo: RemoteViewInfo(packages=com.android.settings.intelligence), cachedImageView: false
05-29 03:09:03.695  4967  4967 I HoneySpace.HoneyAppWidgetHostView: [updateAppWidget id=9] receive event - isAnimating: false, remoteViews: android.widget.RemoteViews@8498b72, hostView: @d69231c
05-29 03:09:03.695  4967  4967 I HoneySpace.HoneyAppWidgetHostView: [updateAppWidget id=9] start update job for widget
05-29 03:09:03.695  4967  4967 I HoneySpace.HoneyAppWidgetHostView: [updateAppWidget id=9] update after transition animation
05-29 03:09:03.695  4967  4967 I HoneySpace.HoneyAppWidgetHostView: [updateAppWidget id=9] perform updateAppWidget - remoteViews: android.widget.RemoteViews@8498b72, hostView: @d69231c
05-29 03:09:03.697  4967  4967 I HoneySpace.WidgetHostViewContainer: Request to change label. appWidgetId: 9, label: ╨Р╨║╨║╤Г╨╝╤Г╨╗╤П╤В╨╛╤А
05-29 03:09:03.709  4967  4967 I GWT:HostView: [launcher] appWidgetId-9 getBackgroundOpacity : 127
05-29 03:09:03.709  4967  4967 I GWT:HostView: [launcher] [host-1.1.6] setBackgroundView: changed=false l=com.honeyspace.ui.common.widget.WidgetHostViewContainer$registerLabelUpdateListener$1@bd91465
05-29 03:09:03.712  4967  4967 I TraceUtils: widget onLayout 9
05-29 03:09:03.712  4967  4967 I GWT:HostView: [launcher] appWidgetId-9 getBackgroundOpacity : 127
05-29 03:09:03.712  4967  4967 I GWT:HostView: [launcher] [host-1.1.6] setBackgroundView: changed=false l=com.honeyspace.ui.common.widget.WidgetHostViewContainer$registerLabelUpdateListener$1@bd91465
05-29 03:09:03.800  4422  4422 D Bubbles : onEntryUpdated : shouldBubbleUp=false ,key=-1|com.android.systemui|2131364006|charging_state|10040
05-29 03:09:03.801  4422  4422 D InterruptionStateProvider:  no Heads up : edgelighting enabled app. -1|com.android.systemui|2131364006|charging_state|10040
05-29 03:09:03.802  4422  4422 I {OngoingActivityController}: onEntryUpdated and OA data is empty. So update latest task info
05-29 03:09:03.815  4422  4422 D SubscreenNotificationListCoordinator: onAfterRenderList() isSubScreen = false, pluginLockMode = 0, doNotShowOnCover = false
05-29 03:09:03.818  4422  4422 W RefactorFlag: New code path expects SceneContainerFlag to be enabled.
05-29 03:09:03.819  4422  4422 D ExpandableNotifRow: mMaxSmallHeight different before reInflateViews mMaxSmallHeight: 203 mTempSmallHeight:0 -1|com.android.systemui|2131364006|charging_state|10040
05-29 03:09:03.819  4422  4422 D ExpandableNotifRow: mMaxSmallHeight different before reInflateViews mMaxSmallHeight: 203 mTempSmallHeight:0 -1|com.android.systemui|2131364006|charging_state|10040
05-29 03:09:03.821  4422  4422 I LockscreenNotificationIconsOnlyController: onNotificationInfoUpdated 0
05-29 03:09:03.822  4422  4422 I AODNotificationManager: updateNotification() 
05-29 03:09:03.826  4422  5017 D LocalImageResolver: Couldn't use ImageDecoder for drawable, falling back to non-resized load.
05-29 03:09:03.829  4422  5017 D LocalImageResolver: Couldn't use ImageDecoder for drawable, falling back to non-resized load.
05-29 03:09:03.831  4422  4422 D LocalImageResolver: Couldn't use ImageDecoder for drawable, falling back to non-resized load.
05-29 03:09:03.838  4422  4422 W RefactorFlag: New code path expects SceneContainerFlag to be enabled.
05-29 03:09:03.838  4005  4156 D SatelliteController: isInCarrierRoamingNbIotNtn: satellite is disabled
05-29 03:09:03.847  4422  4422 D ExpandableNotifRow: mMaxSmallHeight different before reInflateViews mMaxSmallHeight: 203 mTempSmallHeight:0 -1|com.android.systemui|2131364006|charging_state|10040
05-29 03:09:03.847  4422  4422 D ExpandableNotifRow: mMaxSmallHeight different before reInflateViews mMaxSmallHeight: 203 mTempSmallHeight:0 -1|com.android.systemui|2131364006|charging_state|10040
05-29 03:09:03.847  4422  4422 D ExpandableNotifRow: mMaxSmallHeight different before reInflateViews mMaxSmallHeight: 203 mTempSmallHeight:0 -1|com.android.systemui|2131364006|charging_state|10040
05-29 03:09:03.847  4422  4422 D ExpandableNotifRow: mMaxSmallHeight different before reInflateViews mMaxSmallHeight: 203 mTempSmallHeight:0 -1|com.android.systemui|2131364006|charging_state|10040
05-29 03:09:03.849  4422  4422 D S.S.N.  : entryViewBound parent :-1|com.android.systemui|2131364006|charging_state|10040
05-29 03:09:03.850  4422  4422 D LocalImageResolver: Couldn't use ImageDecoder for drawable, falling back to non-resized load.
05-29 03:09:03.852  4422  4422 D SubscreenNotificationListCoordinator: onAfterRenderList() isSubScreen = false, pluginLockMode = 0, doNotShowOnCover = false
05-29 03:09:03.853  4422  4422 W RefactorFlag: New code path expects SceneContainerFlag to be enabled.
05-29 03:09:03.853  4422  4422 D ExpandableNotifRow: mMaxSmallHeight different before reInflateViews mMaxSmallHeight: 203 mTempSmallHeight:0 -1|com.android.systemui|2131364006|charging_state|10040
