05-29 03:20:18.294  4422  4422 I PluginFaceWidgetManager: isEditMode = false
05-29 03:20:18.295  4422  4422 I NowBarItemManager: getVisibleList isScreenTurnedOn = false / aodShowState false shouldControlScreenOff false visibleList size = 0
05-29 03:20:18.295  4422  4422 I LStar|IsLockStarEnablePluginUsecase: execute
05-29 03:20:18.295  4422  4422 D LStar|IsLockStarEnablePluginUsecase: :: kotlinx.coroutines.flow.Q@b01959
05-29 03:20:18.296  4422  4422 I SecKeyguardClockPositionAlgorithm: prepareClockContainerHeightChanging:
05-29 03:20:18.296  4422  4422 I LStar|IsLockStarEnablePluginUsecase: execute
05-29 03:20:18.296  4422  4422 D LStar|IsLockStarEnablePluginUsecase: :: kotlinx.coroutines.flow.Q@b01959
05-29 03:20:18.296  4422  4422 I PluginFaceWidgetManager: isEditMode = false
05-29 03:20:18.296  4422  4422 I NowBarItemManager: getVisibleList isScreenTurnedOn = false / aodShowState false shouldControlScreenOff false visibleList size = 0
05-29 03:20:18.296  4422  4422 I LStar|IsLockStarEnablePluginUsecase: execute
05-29 03:20:18.296  4422  4422 D LStar|IsLockStarEnablePluginUsecase: :: kotlinx.coroutines.flow.Q@b01959
05-29 03:20:18.299  4422  5017 D LocalImageResolver: Couldn't use ImageDecoder for drawable, falling back to non-resized load.
05-29 03:20:18.300  4422  5017 D LocalImageResolver: Couldn't use ImageDecoder for drawable, falling back to non-resized load.
05-29 03:20:18.302  4422  4422 D LocalImageResolver: Couldn't use ImageDecoder for drawable, falling back to non-resized load.
05-29 03:20:18.314  4422  4422 D ExpandableNotifRow: mMaxSmallHeight different before reInflateViews mMaxSmallHeight: 203 mTempSmallHeight:0 -1|com.android.systemui|2131364006|charging_state|10040
05-29 03:20:18.314  4422  4422 D ExpandableNotifRow: mMaxSmallHeight different before reInflateViews mMaxSmallHeight: 203 mTempSmallHeight:0 -1|com.android.systemui|2131364006|charging_state|10040
05-29 03:20:18.314  4422  4422 D ExpandableNotifRow: mMaxSmallHeight different before reInflateViews mMaxSmallHeight: 203 mTempSmallHeight:0 -1|com.android.systemui|2131364006|charging_state|10040
05-29 03:20:18.314  4422  4422 D ExpandableNotifRow: mMaxSmallHeight different before reInflateViews mMaxSmallHeight: 203 mTempSmallHeight:0 -1|com.android.systemui|2131364006|charging_state|10040
05-29 03:20:18.316  4422  4422 D S.S.N.  : entryViewBound parent :-1|com.android.systemui|2131364006|charging_state|10040
05-29 03:20:18.317  4422  4422 D LocalImageResolver: Couldn't use ImageDecoder for drawable, falling back to non-resized load.
05-29 03:20:18.327  4422  4422 D SubscreenNotificationListCoordinator: onAfterRenderList() isSubScreen = false, pluginLockMode = 0, doNotShowOnCover = false
05-29 03:20:18.327  4422  4422 I LockscreenNotificationIconsOnlyController: onNotificationInfoUpdated 2
05-29 03:20:18.327  4422  4422 I AODNotificationManager: updateNotification() 
05-29 03:20:18.328  4422  4422 D PluginAODManager: onNotificationInfoUpdated() 2
05-29 03:20:18.328  4422  4422 D PluginAODManager: onNotificationInfoUpdated() 0|org.telegram.messenger|828018311|null|10336
05-29 03:20:18.328  4422  4422 D PluginAODManager: onNotificationInfoUpdated() -1|android|27|null|1000
05-29 03:20:18.328  4422  4422 I AODNotificationManager: updateVisibleNotifications: 2
05-29 03:20:18.338  2297  3315 I bauth_FPBAuthService: pcf : 0x1012, 0 ,1 ,0 ,1 ,0 ,0, 16.0.0.0
05-29 03:20:18.338  2297  3315 I bauth_FPBAuthService: thread id : 1, preenroll_flag : 0, nd cnt : 0, cso : 0, et : 0
05-29 03:20:18.338  2297  3315 I bauth_FPBAuthService: FPBAuthService::timerHandler complete
05-29 03:20:18.343  4422  4422 I SecKeyguardClockPositionAlgorithm: prepareClockContainerHeightChanging:
05-29 03:20:18.344  4422  4422 I LStar|IsLockStarEnablePluginUsecase: execute
05-29 03:20:18.344  4422  4422 D LStar|IsLockStarEnablePluginUsecase: :: kotlinx.coroutines.flow.Q@b01959
05-29 03:20:18.344  4422  4422 I PluginFaceWidgetManager: isEditMode = false
05-29 03:20:18.344  4422  4422 I NowBarItemManager: getVisibleList isScreenTurnedOn = false / aodShowState false shouldControlScreenOff false visibleList size = 0
05-29 03:20:18.344  4422  4422 I LStar|IsLockStarEnablePluginUsecase: execute
05-29 03:20:18.344  4422  4422 D LStar|IsLockStarEnablePluginUsecase: :: kotlinx.coroutines.flow.Q@b01959
05-29 03:20:18.345  4422  4422 I SecKeyguardClockPositionAlgorithm: prepareClockContainerHeightChanging:
05-29 03:20:18.345  4422  4422 I LStar|IsLockStarEnablePluginUsecase: execute
05-29 03:20:18.345  4422  4422 D LStar|IsLockStarEnablePluginUsecase: :: kotlinx.coroutines.flow.Q@b01959
05-29 03:20:18.345  4422  4422 I PluginFaceWidgetManager: isEditMode = false
05-29 03:20:18.346  4422  4422 I NowBarItemManager: getVisibleList isScreenTurnedOn = false / aodShowState false shouldControlScreenOff false visibleList size = 0
05-29 03:20:18.346  4422  4422 I LStar|IsLockStarEnablePluginUsecase: execute
05-29 03:20:18.346  4422  4422 D LStar|IsLockStarEnablePluginUsecase: :: kotlinx.coroutines.flow.Q@b01959
05-29 03:20:18.852  1845  2127 D Scheduler: displayPowerTimerCallback ExpiredDisplayPowerTimer: 1
05-29 03:20:19.073  1156  1156 D io_stats: !@   8,0 r 27579024 455385574 w 4495121 83594696 d 788690 316368984 f 120212 490811 iot 7654788 0 th 0 0 0 pt 0 inp 0 0 57022.439
05-29 03:20:19.073  1156  1156 D io_stats: !@ Read_top(KB): system_server(2878) 140 c.android.sdhms(7073) 44 .sec.imsservice(4307) 12
05-29 03:20:19.073  1156  1156 D io_stats: !@ Write_top(KB): vendor.samsung.(1783) 8
05-29 03:20:19.076  2994  3052 E AudioPathHelper: (Berry)(1.16)handleAudioPathTask() : can't get dual play mode - Need android.permission.BLUETOOTH_CONNECT permission for AttributionSource { uid = 1002, packageName = com.android.bluetooth, attributionTag = null, token = android.os.Binder@792f66, deviceId = 0, next = AttributionSource { uid = 10282, packageName = com.samsung.accessory.berrymgr, attributionTag = null, token = android.os.BinderProxy@79606b6, deviceId = 0, next = null } }: A2dpServiceBinder
05-29 03:20:19.248  1837  1848 E HeatmapThread: ECT Thread time in milliseconds: 1780014019
05-29 03:20:19.253  1837  1848 D HeatmapThread: !@ batteryplugType : 2
05-29 03:20:19.253  1837  1848 D HeatmapThread: !@ batteryLevel : 77  batteryTemperature : 340 
05-29 03:20:19.253  1837  1848 D HeatmapThread: !@ Heatmap currtime: 29666900
05-29 03:20:19.253  1837  1848 D HeatmapThread: !@ Heatmap prevtime: 29666891
05-29 03:20:19.253  1837  1848 D HeatmapThread: !@ Heatmap plugstarttime: 29666846
05-29 03:20:19.253  1837  1848 D HeatmapThread: !@ Heatmap prevv_dsoh_update_time: 29666802
05-29 03:20:19.253  1837  1848 E HeatmapThread: !@ CAM New BSOH: 97
05-29 03:20:19.339  2297  3315 I bauth_FPBAuthService: pcf : 0x1012, 0 ,1 ,0 ,1 ,0 ,0, 16.0.0.0
05-29 03:20:19.339  2297  3315 I bauth_FPBAuthService: thread id : 1, preenroll_flag : 0, nd cnt : 0, cso : 0, et : 0
05-29 03:20:19.339  2297  3315 I bauth_FPBAuthService: FPBAuthService::timerHandler complete
05-29 03:20:19.872  1729 13639 I HYPER-HAL: [RequestManager.cpp]releaseLocked(): Released ID : 4049435
05-29 03:20:20.084  2994  3052 E AudioPathHelper: (Berry)(1.16)handleAudioPathTask() : can't get dual play mode - Need android.permission.BLUETOOTH_CONNECT permission for AttributionSource { uid = 1002, packageName = com.android.bluetooth, attributionTag = null, token = android.os.Binder@792f66, deviceId = 0, next = AttributionSource { uid = 10282, packageName = com.samsung.accessory.berrymgr, attributionTag = null, token = android.os.BinderProxy@79606b6, deviceId = 0, next = null } }: A2dpServiceBinder
05-29 03:20:20.250  1837  1848 E HeatmapThread: ECT Thread time in milliseconds: 1780014020
05-29 03:20:20.255  1837  1848 D HeatmapThread: !@ batteryplugType : 2
05-29 03:20:20.255  1837  1848 D HeatmapThread: !@ batteryLevel : 77  batteryTemperature : 340 
05-29 03:20:20.255  1837  1848 D HeatmapThread: !@ Heatmap currtime: 29666900
05-29 03:20:20.255  1837  1848 D HeatmapThread: !@ Heatmap prevtime: 29666891
05-29 03:20:20.255  1837  1848 D HeatmapThread: !@ Heatmap plugstarttime: 29666846
05-29 03:20:20.256  1837  1848 D HeatmapThread: !@ Heatmap prevv_dsoh_update_time: 29666802
05-29 03:20:20.256  1837  1848 E HeatmapThread: !@ CAM New BSOH: 97
05-29 03:20:20.340  2297  3315 I bauth_FPBAuthService: pcf : 0x1012, 0 ,1 ,0 ,1 ,0 ,0, 16.0.0.0
05-29 03:20:20.340  2297  3315 I bauth_FPBAuthService: thread id : 1, preenroll_flag : 0, nd cnt : 0, cso : 0, et : 0
05-29 03:20:20.340  2297  3315 I bauth_FPBAuthService: FPBAuthService::timerHandler complete
05-29 03:20:20.846  2878  3294 D MARsPolicyManager: triggerAction called!
05-29 03:20:20.846  2878  3294 I NSLocationMonitor: getGPSUsingApps() called
05-29 03:20:20.847  5566 32559 I NSLocationManager_FLP: getGPSUsingApps, No change
05-29 03:20:20.863  2878  3294 D PackageManager: setEnabledSetting : userId = 10 packageName = net.typeblog.shelter cmp = null newState = 4 callingPackage = auto_disabler
05-29 03:20:20.865  2878  3294 E MARsPolicyManager: Error occurred in setEnabledSetting()java.lang.SecurityException: Cannot disable a protected package: net.typeblog.shelter
05-29 03:20:21.074  1156  1156 D io_stats: !@   8,0 r 27579024 455385574 w 4495132 83594744 d 788690 316368984 f 120212 490812 iot 7654812 0 th 0 0 0 pt 0 inp 0 0 57024.441
05-29 03:20:21.088  2994  3052 E AudioPathHelper: (Berry)(1.16)handleAudioPathTask() : can't get dual play mode - Need android.permission.BLUETOOTH_CONNECT permission for AttributionSource { uid = 1002, packageName = com.android.bluetooth, attributionTag = null, token = android.os.Binder@792f66, deviceId = 0, next = AttributionSource { uid = 10282, packageName = com.samsung.accessory.berrymgr, attributionTag = null, token = android.os.BinderProxy@79606b6, deviceId = 0, next = null } }: A2dpServiceBinder
05-29 03:20:21.248  1837  1848 E HeatmapThread: ECT Thread time in milliseconds: 1780014021
05-29 03:20:21.253  1837  1848 D HeatmapThread: !@ batteryplugType : 2
05-29 03:20:21.253  1837  1848 D HeatmapThread: !@ batteryLevel : 77  batteryTemperature : 340 
05-29 03:20:21.254  1837  1848 D HeatmapThread: !@ Heatmap currtime: 29666900
05-29 03:20:21.254  1837  1848 D HeatmapThread: !@ Heatmap prevtime: 29666891
05-29 03:20:21.254  1837  1848 D HeatmapThread: !@ Heatmap plugstarttime: 29666846
05-29 03:20:21.254  1837  1848 D HeatmapThread: !@ Heatmap prevv_dsoh_update_time: 29666802
05-29 03:20:21.254  1837  1848 E HeatmapThread: !@ CAM New BSOH: 97
05-29 03:20:21.343  2297  3315 I bauth_FPBAuthService: pcf : 0x1012, 0 ,1 ,0 ,1 ,0 ,0, 16.0.0.0
05-29 03:20:21.343  2297  3315 I bauth_FPBAuthService: thread id : 1, preenroll_flag : 0, nd cnt : 0, cso : 0, et : 0
05-29 03:20:21.343  2297  3315 I bauth_FPBAuthService: FPBAuthService::timerHandler complete
05-29 03:20:22.093  2994  3052 E AudioPathHelper: (Berry)(1.16)handleAudioPathTask() : can't get dual play mode - Need android.permission.BLUETOOTH_CONNECT permission for AttributionSource { uid = 1002, packageName = com.android.bluetooth, attributionTag = null, token = android.os.Binder@792f66, deviceId = 0, next = AttributionSource { uid = 10282, packageName = com.samsung.accessory.berrymgr, attributionTag = null, token = android.os.BinderProxy@79606b6, deviceId = 0, next = null } }: A2dpServiceBinder
05-29 03:20:22.249  1837  1848 E HeatmapThread: ECT Thread time in milliseconds: 1780014022
05-29 03:20:22.255  1837  1848 D HeatmapThread: !@ batteryplugType : 2
05-29 03:20:22.255  1837  1848 D HeatmapThread: !@ batteryLevel : 77  batteryTemperature : 340 
05-29 03:20:22.255  1837  1848 D HeatmapThread: !@ Heatmap currtime: 29666900
05-29 03:20:22.255  1837  1848 D HeatmapThread: !@ Heatmap prevtime: 29666891
05-29 03:20:22.256  1837  1848 D HeatmapThread: !@ Heatmap plugstarttime: 29666846
05-29 03:20:22.256  1837  1848 D HeatmapThread: !@ Heatmap prevv_dsoh_update_time: 29666802
05-29 03:20:22.256  1837  1848 E HeatmapThread: !@ CAM New BSOH: 97
05-29 03:20:22.344  2297  3315 I bauth_FPBAuthService: pcf : 0x1012, 0 ,1 ,0 ,1 ,0 ,0, 16.0.0.0
05-29 03:20:22.344  2297  3315 I bauth_FPBAuthService: thread id : 1, preenroll_flag : 0, nd cnt : 0, cso : 0, et : 0
05-29 03:20:22.344  2297  3315 I bauth_FPBAuthService: FPBAuthService::timerHandler complete
05-29 03:20:23.076  1156  1156 D io_stats: !@   8,0 r 27579026 455385582 w 4495159 83594904 d 788690 316368984 f 120214 490817 iot 7654836 0 th 0 0 0 pt 0 inp 0 0 57026.443
05-29 03:20:23.076  1156  1156 D io_stats: !@ Read_top(KB): m.android.phone(4005) 8
05-29 03:20:23.076  1156  1156 D io_stats: !@ Write_top(KB): f2fs_ckpt-254:6(1389) 40 kworker/u16:1(31686) 36 init(1) 28
05-29 03:20:23.086  1718  5457 I sensors-hal: handle_sns_std_sensor_event:137, [SSC_LIGHT] A: 16(16),m:11,c:0,b:0,c0:1008,l:16,r:76,bl:81,j:-1
05-29 03:20:23.098  2994  3052 E AudioPathHelper: (Berry)(1.16)handleAudioPathTask() : can't get dual play mode - Need android.permission.BLUETOOTH_CONNECT permission for AttributionSource { uid = 1002, packageName = com.android.bluetooth, attributionTag = null, token = android.os.Binder@792f66, deviceId = 0, next = AttributionSource { uid = 10282, packageName = com.samsung.accessory.berrymgr, attributionTag = null, token = android.os.BinderProxy@79606b6, deviceId = 0, next = null } }: A2dpServiceBinder
05-29 03:20:23.250  1837  1848 E HeatmapThread: ECT Thread time in milliseconds: 1780014023
05-29 03:20:23.254  1837  1848 D HeatmapThread: !@ batteryplugType : 2
05-29 03:20:23.254  1837  1848 D HeatmapThread: !@ batteryLevel : 77  batteryTemperature : 340 
05-29 03:20:23.254  1837  1848 D HeatmapThread: !@ Heatmap currtime: 29666900
05-29 03:20:23.254  1837  1848 D HeatmapThread: !@ Heatmap prevtime: 29666891
05-29 03:20:23.254  1837  1848 D HeatmapThread: !@ Heatmap plugstarttime: 29666846
05-29 03:20:23.254  1837  1848 D HeatmapThread: !@ Heatmap prevv_dsoh_update_time: 29666802
05-29 03:20:23.255  1837  1848 E HeatmapThread: !@ CAM New BSOH: 97
05-29 03:20:23.345  2297  3315 I bauth_FPBAuthService: pcf : 0x1012, 0 ,1 ,0 ,1 ,0 ,0, 16.0.0.0
05-29 03:20:23.345  2297  3315 I bauth_FPBAuthService: thread id : 1, preenroll_flag : 0, nd cnt : 0, cso : 0, et : 0
05-29 03:20:23.345  2297  3315 I bauth_FPBAuthService: FPBAuthService::timerHandler complete
05-29 03:20:23.350  2878  7131 D PowerManagerService: [api] release WakeLock DRAW_WAKE_LOCK                    'charging_info' ACQ=-5s502ms (uid=10040 pid=4422 displayId=0 lock=1b6ff28)
05-29 03:20:23.351  2878  7131 D PowerManagerService: displayReady: false groupId=0
05-29 03:20:23.352  2878  3307 D DisplayPowerController[0]: animateScreenStateChange: target=DOZE_SUSPEND, mIsEnabled=true
05-29 03:20:23.355  2878  3307 I DisplayPowerController[0]: BrightnessEvent: brt=0.0768 (48.0%), nits= 18.744596, lux=-1.0, reason=doze, strat=DozeBrightnessStrategy, state=DOZE_SUSPEND, stateReason=UNKNOWN, policy=DOZE, flags=, initBrt=0.0768, rcmdBrt=NaN, preBrt=NaN, preLux=0.0, wasShortTermModelActive=false, autoBrightness=false (default), unclampedBrt=0.04705883, hbmMax=1.0, hbmMode=off, thrmMax=1.0, rbcStrength=-1, powerFactor=1.0, physDisp=╨Т╤Б╤В╤А╨╛╨╡╨╜╨╜╤Л╨╣ ╤Н╨║╤А╨░╨╜(local:4630947118961383299), logicalId=0, slowChange=false, rampSpeed=0.0
05-29 03:20:23.356  2878  7131 D PowerManagerService: [PWL] sb acquire: PowerManagerService.Display
05-29 03:20:23.359  2878  3970 D DisplayManagerService: !@display_state requestDisplayStateInternal: DOZE -> DOZE_SUSPEND displayId=0
05-29 03:20:23.360  2878  3970 D SemInputDeviceManagerService: setDisplayState[1] EARLY: DOZE(3) -> DOZE_SUSPEND(4)
05-29 03:20:23.361  2878  3229 I DisplayDeviceRepository: Display device changed state: "╨Т╤Б╤В╤А╨╛╨╡╨╜╨╜╤Л╨╣ ╤Н╨║╤А╨░╨╜", DOZE_SUSPEND
05-29 03:20:23.362  2878  3970 D LocalDisplayAdapter: notifyStateChangeStart: com.samsung.android.hardware.secinputdev.external.DisplayStateListenerWrapper$1@1245fd9 took 3 ms
05-29 03:20:23.362  2878  3970 D LocalDisplayAdapter: notifyStateChangeStart: com.android.server.biometrics.SemBiometricDisplayStateMonitor@a58e539 took 0 ms
05-29 03:20:23.362  2878  3970 D LocalDisplayAdapter: notifyStateChangeStart: com.android.server.display.mode.RefreshRateModeManager$1@e7f6d88 took 0 ms
05-29 03:20:23.362  2878  3970 W LocalDisplayAdapter: !@display_state - 1882 : DOZE -> DOZE_SUSPEND (MAIN)
05-29 03:20:23.362  2878  3307 D BrightnessThermalClamper: Thermal status observer already started
05-29 03:20:23.363  2878  3751 D SemInputDevice:TSP: ActivateTask: 4,0 [05-29 03:20:23.360]
05-29 03:20:23.363  2878  3781 I SemBiometricDisplayStateMonitor: DisplayStateListener#onStart : DOZE_SUSPEND, DOZE_SUSPEND, DEFAULT_DISPLAY
05-29 03:20:23.363  1845  1845 D SurfaceFlinger: Setting power mode 3 on physical display 4630947118961383299
05-29 03:20:23.363  2878  3227 D WindowManager: DeferredDisplayUpdater: partially applying DisplayInfo(1080 x 2340) immediately
05-29 03:20:23.363  1845  1845 D SurfaceFlinger: setPhysicalDisplayPowerMode: Optimizing thread scheduling: optimizeForPerformance
05-29 03:20:23.363  1796  3863 D AudioFlinger: setParameters: filtered dev setParameters keyvalue screen_state=off
05-29 03:20:23.363  1785  1785 I sysinput:Touch: activate:96, 4,0 OK
05-29 03:20:23.363  1773  2103 I SDM     : HWCDisplay::SetPowerMode: display = 0, mode = DozeSuspend
05-29 03:20:23.364  1773  2103 I SDM     : DisplayBase::SetDisplayState: Set state = 3, display 66-0, teardown = 0
05-29 03:20:23.364  2878  3751 D SysinputHAL_V1_3(V1_2): setTspEnable(TSP(1)),4,true ret=0
05-29 03:20:23.364  1773  2103 I SDM     : HWDeviceDRM::NullCommit: Null commit succeeded crtc=174
05-29 03:20:23.364  1773  2103 I SDM     : DisplayBase::WaitForCompletion: Wait for cached retire fence to be in steady state
05-29 03:20:23.366  1693  1720 D AHAL: AudioDevice: SetParameters: 1799: enter
05-29 03:20:23.366  1693  1720 D AHAL: AudioVoice: VoiceSetParameters: 171: Enter
05-29 03:20:23.366  1693  1720 D AHAL: AudioVoice: VoiceSetParameters: 416: Exit ret: 0
05-29 03:20:23.366  1693  1720 D AHAL: hfp: hfp_set_parameters: 447: enter
05-29 03:20:23.366  1693  1720 D AHAL: AudioDevice: SetParameters: 1882:  - screen = off
05-29 03:20:23.366  1693  1720 I PAL: ResourceManager: setParameter: 9278: Screen State:0
05-29 03:20:23.367  6852  6852 I VRI[InputMethod]@8aae3bf: onDisplayChanged oldDisplayState=3 newDisplayState=4
05-29 03:20:23.368  1693  1720 D AHAL: AudioDevice: SetParameters: 2521: exit: screen_state=off
05-29 03:20:23.368 13016 13016 I VRI[FP Iconview]@85becc5: onDisplayChanged oldDisplayState=3 newDisplayState=4
05-29 03:20:23.369  4422  4553 I VRI[ShellDropTarget]@c8b8607: onDisplayChanged oldDisplayState=3 newDisplayState=4
05-29 03:20:23.369  4422  4553 I VRI[View root of ReusableWindowDecorViewHost#0]@d47a678: onDisplayChanged oldDisplayState=3 newDisplayState=4
05-29 03:20:23.369  4422  4422 D DisplayLifecycle: updateDisplay id = 0
05-29 03:20:23.369  4422  4635 D StackScroller: onDisplayChanged for predraw skip to 4
05-29 03:20:23.369  2878  2878 D SGM:GameManager: onDisplayChanged. displyId: 0, state: 4
05-29 03:20:23.369  4422  4553 I VRI[View root of ReusableWindowDecorViewHost#1]@d8221bc: onDisplayChanged oldDisplayState=3 newDisplayState=4
05-29 03:20:23.369  4422  4422 I Keyguard.AODTouchModeManager: onDisplayChanged newDisplayState=4, currentDisplayState=3, displayId=0
05-29 03:20:23.369  1693  1720 I Audio_a2dpsink_hw: adev_set_parameters: kevpairs=[screen_state=off]
05-29 03:20:23.370  2878  3762 D SGM:FgCheckThread: onLooperPrepared(), msg: MSG_LCD_OFF
05-29 03:20:23.370  4422  4422 I AODTriggers: onAODEventDispatched = 4 / eventData = aod.e0@6fb150b
05-29 03:20:23.370  4422  4422 I AOD_LIVE_CLOCK@LiveClockController: updateDisplayState: DISPLAY_STATE_DOZE_SUSPEND
05-29 03:20:23.370  4422  4422 I VRI[LockscreenShortcutBlur]@bedf641: onDisplayChanged oldDisplayState=3 newDisplayState=4
05-29 03:20:23.370  4422  4422 I VRI[NavigationBar0]@9d80c77: onDisplayChanged oldDisplayState=3 newDisplayState=4
05-29 03:20:23.371  4422  4422 I VRI[EdgeBackGestureHandler0]@51b2b14: onDisplayChanged oldDisplayState=3 newDisplayState=4
05-29 03:20:23.371  4422  4422 I VRI[NotificationShade]@9f81140: onDisplayChanged oldDisplayState=3 newDisplayState=4
05-29 03:20:23.371  4422  4422 I VRI[StatusBar]@5241204: onDisplayChanged oldDisplayState=3 newDisplayState=4
05-29 03:20:23.371  4422  4422 I VRI[Bouncer]@fc9e692: onDisplayChanged oldDisplayState=3 newDisplayState=4
05-29 03:20:23.371  4422  4422 I VRI[SecondaryHomeHandle0]@fd87ef6: onDisplayChanged oldDisplayState=3 newDisplayState=4
05-29 03:20:23.371  2878  3860 D AS.DesktopModeHelper: onDisplayChanged: #Id=0
05-29 03:20:23.371 11142 11142 I VRI[MainActivity]@6a965a0: onDisplayChanged oldDisplayState=3 newDisplayState=4
05-29 03:20:23.371  2878  7131 D WifiDisplayAdapter: isFitToActiveDisplayLocked : false
05-29 03:20:23.373  4967  4967 I VRI[LauncherActivity]@3ece68a: onDisplayChanged oldDisplayState=3 newDisplayState=4
05-29 03:20:23.373  4967  8649 I HoneySpace.Memory-Monitor: current state = 4, didTrim = true
05-29 03:20:23.374  4967  4967 I VRI[RecentsTransitionOverlay]@d6f0b5e: onDisplayChanged oldDisplayState=3 newDisplayState=4
05-29 03:20:23.374  4967  4967 I VRI[RecentsActivity]@30e30ce: onDisplayChanged oldDisplayState=3 newDisplayState=4
05-29 03:20:23.379 12971 12971 I NearbyDiscovery: (REDACTED) FastPairDisplayObserver: %s -> %s
05-29 03:20:23.382  1773  2103 I SDM     : DisplayBase::WaitForCompletion: Cached retire fence is in ready state
05-29 03:20:23.382  1773  2103 I SDM     : DisplayBase::SetDisplayState: active 0-0 state 3-3 pending_power_state_ 0
05-29 03:20:23.383  1845  2127 D Scheduler: displayPowerTimerCallback ExpiredDisplayPowerTimer: 0
05-29 03:20:23.383  1845  1845 D SurfaceFlinger: Finished setting power mode 3 on physical display 4630947118961383299
05-29 03:20:23.383  2878  3970 W LocalDisplayAdapter: !@display_state - 1882 : DOZE_SUSPEND (MAIN) took 21 ms
05-29 03:20:23.384  2878  3970 D SemInputDeviceManagerService: setDisplayState[1] LATE: DOZE_SUSPEND(4) -> DOZE_SUSPEND(4)
05-29 03:20:23.385  2878  3751 D SemInputDevice:TSP: ActivateTask: 4,1 [05-29 03:20:23.384]
05-29 03:20:23.385  2878  3970 D LocalDisplayAdapter: notifyStateChangeFinish: com.samsung.android.hardware.secinputdev.external.DisplayStateListenerWrapper$1@1245fd9 took 1 ms
05-29 03:20:23.386  2878  3781 I SemBiometricDisplayStateMonitor: DisplayStateListener#onFinish : DOZE_SUSPEND, DOZE_SUSPEND, DEFAULT_DISPLAY
05-29 03:20:23.386  1785  1785 I sysinput:Touch: activate:96, 4,1 OK
05-29 03:20:23.386  2878  3970 D LocalDisplayAdapter: notifyStateChangeFinish: com.android.server.biometrics.SemBiometricDisplayStateMonitor@a58e539 took 1 ms
05-29 03:20:23.386  2878  3970 D LocalDisplayAdapter: notifyStateChangeFinish: com.android.server.display.mode.RefreshRateModeManager$1@e7f6d88 took 0 ms
05-29 03:20:23.386  2878  3751 D SysinputHAL_V1_3(V1_2): setTspEnable(TSP(1)),4,false ret=0
05-29 03:20:23.386 13016 13016 I BSS_DisplayStateManager: handleDisplayStateChanged: DOZE -> DOZE_SUSPEND
05-29 03:20:23.386  2878  3307 D DisplayPowerController[0]: setActualDisplayState: DOZE -> DOZE_SUSPEND
05-29 03:20:23.386  2878  3307 D DisplayPowerController[0]: animateScreenStateChange: target=DOZE_SUSPEND, mIsEnabled=true
05-29 03:20:23.387  2878  3307 D DisplayPowerController[0]: animateScreenStateChange: target=DOZE_SUSPEND, mIsEnabled=true
05-29 03:20:23.387  2878  3307 D PowerManagerService: displayReady: true groupId=0
05-29 03:20:23.387  2878  3307 D PowerManagerService: [PWL] sb release: PowerManagerService.Display
05-29 03:20:24.103  2994  3052 E AudioPathHelper: (Berry)(1.16)handleAudioPathTask() : can't get dual play mode - Need android.permission.BLUETOOTH_CONNECT permission for AttributionSource { uid = 1002, packageName = com.android.bluetooth, attributionTag = null, token = android.os.Binder@792f66, deviceId = 0, next = AttributionSource { uid = 10282, packageName = com.samsung.accessory.berrymgr, attributionTag = null, token = android.os.BinderProxy@79606b6, deviceId = 0, next = null } }: A2dpServiceBinder
05-29 03:20:24.250  1837  1848 E HeatmapThread: ECT Thread time in milliseconds: 1780014024
05-29 03:20:24.256  1837  1848 D HeatmapThread: !@ batteryplugType : 2
05-29 03:20:24.256  1837  1848 D HeatmapThread: !@ batteryLevel : 77  batteryTemperature : 340 
05-29 03:20:24.256  1837  1848 D HeatmapThread: !@ Heatmap currtime: 29666900
05-29 03:20:24.256  1837  1848 D HeatmapThread: !@ Heatmap prevtime: 29666891
05-29 03:20:24.256  1837  1848 D HeatmapThread: !@ Heatmap plugstarttime: 29666846
05-29 03:20:24.256  1837  1848 D HeatmapThread: !@ Heatmap prevv_dsoh_update_time: 29666802
05-29 03:20:24.256  1837  1848 E HeatmapThread: !@ CAM New BSOH: 97
05-29 03:20:24.347  2297  3315 I bauth_FPBAuthService: pcf : 0x1012, 0 ,1 ,0 ,1 ,0 ,0, 16.0.0.0
05-29 03:20:24.347  2297  3315 I bauth_FPBAuthService: thread id : 1, preenroll_flag : 0, nd cnt : 0, cso : 0, et : 0
05-29 03:20:24.347  2297  3315 I bauth_FPBAuthService: FPBAuthService::timerHandler complete
05-29 03:20:24.383  1845  2127 D Scheduler: displayPowerTimerCallback ExpiredDisplayPowerTimer: 1
05-29 03:20:25.077  1156  1156 D io_stats: !@   8,0 r 27579026 455385582 w 4495160 83594908 d 788690 316368984 f 120214 490817 iot 7654844 0 th 0 0 0 pt 0 inp 0 0 57028.444
05-29 03:20:25.109  2994  3052 E AudioPathHelper: (Berry)(1.16)handleAudioPathTask() : can't get dual play mode - Need android.permission.BLUETOOTH_CONNECT permission for AttributionSource { uid = 1002, packageName = com.android.bluetooth, attributionTag = null, token = android.os.Binder@792f66, deviceId = 0, next = AttributionSource { uid = 10282, packageName = com.samsung.accessory.berrymgr, attributionTag = null, token = android.os.BinderProxy@79606b6, deviceId = 0, next = null } }: A2dpServiceBinder
05-29 03:20:25.250  1837  1848 E HeatmapThread: ECT Thread time in milliseconds: 1780014025
05-29 03:20:25.255  1837  1848 D HeatmapThread: !@ batteryplugType : 2
05-29 03:20:25.255  1837  1848 D HeatmapThread: !@ batteryLevel : 77  batteryTemperature : 340 
05-29 03:20:25.255  1837  1848 D HeatmapThread: !@ Heatmap currtime: 29666900
05-29 03:20:25.255  1837  1848 D HeatmapThread: !@ Heatmap prevtime: 29666891
05-29 03:20:25.255  1837  1848 D HeatmapThread: !@ Heatmap plugstarttime: 29666846
05-29 03:20:25.255  1837  1848 D HeatmapThread: !@ Heatmap prevv_dsoh_update_time: 29666802
05-29 03:20:25.256  1837  1848 E HeatmapThread: !@ CAM New BSOH: 97
05-29 03:20:25.348  2297  3315 I bauth_FPBAuthService: pcf : 0x1012, 0 ,1 ,0 ,1 ,0 ,0, 16.0.0.0
05-29 03:20:25.348  2297  3315 I bauth_FPBAuthService: thread id : 1, preenroll_flag : 0, nd cnt : 0, cso : 0, et : 0
05-29 03:20:25.348  2297  3315 I bauth_FPBAuthService: FPBAuthService::timerHandler complete
05-29 03:20:25.873  2878  3294 D MARsPolicyManager: triggerAction called!
05-29 03:20:25.873  2878  3294 I NSLocationMonitor: getGPSUsingApps() called
05-29 03:20:25.874  5566 32559 I NSLocationManager_FLP: getGPSUsingApps, No change
05-29 03:20:25.887  2878  3294 D PackageManager: setEnabledSetting : userId = 10 packageName = net.typeblog.shelter cmp = null newState = 4 callingPackage = auto_disabler
05-29 03:20:25.888  2878  3294 E MARsPolicyManager: Error occurred in setEnabledSetting()java.lang.SecurityException: Cannot disable a protected package: net.typeblog.shelter
05-29 03:20:26.116  2994  3052 E AudioPathHelper: (Berry)(1.16)handleAudioPathTask() : can't get dual play mode - Need android.permission.BLUETOOTH_CONNECT permission for AttributionSource { uid = 1002, packageName = com.android.bluetooth, attributionTag = null, token = android.os.Binder@792f66, deviceId = 0, next = AttributionSource { uid = 10282, packageName = com.samsung.accessory.berrymgr, attributionTag = null, token = android.os.BinderProxy@79606b6, deviceId = 0, next = null } }: A2dpServiceBinder
05-29 03:20:26.248  1837  1848 E HeatmapThread: ECT Thread time in milliseconds: 1780014026
05-29 03:20:26.252  1837  1848 D HeatmapThread: !@ batteryplugType : 2
05-29 03:20:26.252  1837  1848 D HeatmapThread: !@ batteryLevel : 77  batteryTemperature : 340 
05-29 03:20:26.252  1837  1848 D HeatmapThread: !@ Heatmap currtime: 29666900
05-29 03:20:26.252  1837  1848 D HeatmapThread: !@ Heatmap prevtime: 29666891
05-29 03:20:26.252  1837  1848 D HeatmapThread: !@ Heatmap plugstarttime: 29666846
05-29 03:20:26.252  1837  1848 D HeatmapThread: !@ Heatmap prevv_dsoh_update_time: 29666802
05-29 03:20:26.253  1837  1848 E HeatmapThread: !@ CAM New BSOH: 97
05-29 03:20:26.349  2297  3315 I bauth_FPBAuthService: pcf : 0x1012, 0 ,1 ,0 ,1 ,0 ,0, 16.0.0.0
05-29 03:20:26.349  2297  3315 I bauth_FPBAuthService: thread id : 1, preenroll_flag : 0, nd cnt : 0, cso : 0, et : 0
05-29 03:20:26.349  2297  3315 I bauth_FPBAuthService: FPBAuthService::timerHandler complete
05-29 03:20:27.082  1156  1156 D io_stats: !@ Write_top(KB): kworker/u16:1(31686) 4
05-29 03:20:27.124  2994  3052 E AudioPathHelper: (Berry)(1.16)handleAudioPathTask() : can't get dual play mode - Need android.permission.BLUETOOTH_CONNECT permission for AttributionSource { uid = 1002, packageName = com.android.bluetooth, attributionTag = null, token = android.os.Binder@792f66, deviceId = 0, next = AttributionSource { uid = 10282, packageName = com.samsung.accessory.berrymgr, attributionTag = null, token = android.os.BinderProxy@79606b6, deviceId = 0, next = null } }: A2dpServiceBinder
05-29 03:20:27.248  1837  1848 E HeatmapThread: ECT Thread time in milliseconds: 1780014027
05-29 03:20:27.253  1837  1848 D HeatmapThread: !@ batteryplugType : 2
05-29 03:20:27.254  1837  1848 D HeatmapThread: !@ batteryLevel : 77  batteryTemperature : 340 
05-29 03:20:27.254  1837  1848 D HeatmapThread: !@ Heatmap currtime: 29666900
05-29 03:20:27.254  1837  1848 D HeatmapThread: !@ Heatmap prevtime: 29666891
05-29 03:20:27.254  1837  1848 D HeatmapThread: !@ Heatmap plugstarttime: 29666846
05-29 03:20:27.254  1837  1848 D HeatmapThread: !@ Heatmap prevv_dsoh_update_time: 29666802
05-29 03:20:27.254  1837  1848 E HeatmapThread: !@ CAM New BSOH: 97
05-29 03:20:27.319  2157  2171 I shsusrd : shsusr_check_cpu_usage(): Output of /proc/2157/stat/ : 2157 (shsusrd0) S 1 2157 0 0 -1 1077936384 1270077 0 4303 0 4435 18693 0 0 20 0 11 0 811 2502557696 640 18446744073709551615 382806614016 382806872472 549425071456 0 0 0 0 0 1073794810 0 0 0 17 3 0 0 0 0 0 382806895552 382806896488 382814031872 549425072205 549425072248 549425072248 549425078237 0
05-29 03:20:27.319  2157  2171 I shsusrd : 
05-29 03:20:27.319  2157  2171 I shsusrd : shsusr_check_cpu_usage(): utime 4435 stime 18693 cpu_time_last 23127
05-29 03:20:27.319  2157  2171 I shsusrd : shsusr_check_cpu_usage(): user time = 4435 | system time = 18693 | total = 23128 | cpu_time_delta = 1, clk_tck 100
05-29 03:20:27.319  2157  2171 I shsusrd : shsusr_check_cpu_usage(): time_cur 1780014027 time_last 1780014017
05-29 03:20:27.319  2157  2171 I shsusrd : shsusr_check_cpu_usage(): shsusrd is using 0 pct of CPU - time_delta 10
05-29 03:20:27.319  2157  2171 I shsusrd : shsusr_check_cpu_usage(): shsusrd usage 0
05-29 03:20:27.319  2157  2171 I shsusrd : shsusr_check_cpu_usage_combined(): time_delta for combined : 10 time_cur 1780014027 time_last_combined 1780014017
05-29 03:20:27.319  2157  2171 I shsusrd : shsusr_check_cpu_usage_combined(): Output of /proc/2157/task/2157/stat: 2157 (shsusrd0) S 1 2157 0 0 -1 1077936384 1189 0 10 0 2 0 0 0 20 0 11 0 811 2502557696 640 18446744073709551615 382806614016 382806872472 549425071456 0 0 0 0 0 1073794810 1 0 0 17 3 0 0 0 0 0 382806895552 382806896488 382814031872 549425072205 549425072248 549425072248 549425078237 0
05-29 03:20:27.319  2157  2171 I shsusrd : 
05-29 03:20:27.320  2157  2171 I shsusrd : shsusr_check_cpu_usage_combined(): tid 2157 utime 2 stime 0 time_delta 10 clk_tck 100, usage 0
05-29 03:20:27.320  2157  2171 I shsusrd : shsusr_check_cpu_usage_combined(): Output of /proc/2157/task/2168/stat: 2168 (shsusrd12) S 1 2157 0 0 -1 4194368 1201007 0 1532 0 3581 14127 0 0 20 0 11 0 814 2502557696 640 18446744073709551615 382806614016 382806872472 549425071456 0 0 0 0 0 1073794810 1 0 0 -1 0 0 0 0 0 0 382806895552 382806896488 382814031872 549425072205 549425072248 549425072248 549425078237 0
05-29 03:20:27.320  2157  2171 I shsusrd : 
05-29 03:20:27.320  2157  2171 I shsusrd : shsusr_check_cpu_usage_combined(): tid 2168 utime 3581 stime 14127 time_delta 10 clk_tck 100, usage 1700
05-29 03:20:27.320  2157  2171 I shsusrd : shsusr_check_cpu_usage_combined(): Output of /proc/2157/task/2169/stat: 2169 (shsusrd2) S 1 2157 0 0 -1 4194368 250 0 306 0 3 112 0 0 20 0 11 0 814 2502557696 640 18446744073709551615 382806614016 382806872472 549425071456 0 0 0 0 0 1073794810 1 0 0 -1 6 0 0 0 0 0 382806895552 382806896488 382814031872 549425072205 549425072248 549425072248 549425078237 0
05-29 03:20:27.320  2157  2171 I shsusrd : 
05-29 03:20:27.320  2157  2171 I shsusrd : shsusr_check_cpu_usage_combined(): tid 2169 utime 3 stime 112 time_delta 10 clk_tck 100, usage 0
05-29 03:20:27.320  2157  2171 I shsusrd : shsusr_check_cpu_usage_combined(): Output of /proc/2157/task/2170/stat: 2170 (shsusrd13) S 1 2157 0 0 -1 1077936192 115 0 154 0 120 410 0 0 20 0 11 0 814 2502557696 640 18446744073709551615 382806614016 382806872472 549425071456 0 0 0 0 0 1073794810 1 0 0 -1 2 0 0 0 0 0 382806895552 382806896488 382814031872 549425072205 549425072248 549425072248 549425078237 0
05-29 03:20:27.320  2157  2171 I shsusrd : 
05-29 03:20:27.320  2157  2171 I shsusrd : shsusr_check_cpu_usage_combined(): tid 2170 utime 120 stime 410 time_delta 10 clk_tck 100, usage 0
05-29 03:20:27.320  2157  2171 I shsusrd : shsusr_check_cpu_usage_combined(): Output of /proc/2157/task/2171/stat: 2171 (shsusrd42) R 1 2157 0 0 -1 4194368 274 0 892 0 295 1156 0 0 20 0 11 0 814 2502557696 640 18446744073709551615 382806614016 382806872472 549425071456 0 0 0 0 0 1073794810 0 0 0 -1 2 0 0 0 0 0 382806895552 382806896488 382814031872 549425072205 549425072248 549425072248 549425078237 0
05-29 03:20:27.320  2157  2171 I shsusrd : 
05-29 03:20:27.320  2157  2171 I shsusrd : shsusr_check_cpu_usage_combined(): tid 2171 utime 295 stime 1156 time_delta 10 clk_tck 100, usage 100
05-29 03:20:27.321  2157  2171 I shsusrd : shsusr_check_cpu_usage_combined(): Output of /proc/2157/task/2173/stat: 2173 (shsusrd4) S 1 2157 0 0 -1 4194368 0 0 0 0 1 101 0 0 20 0 11 0 814 2502557696 640 18446744073709551615 382806614016 382806872472 549425071456 0 0 0 0 0 1073794810 1 0 0 -1 1 0 0 0 0 0 382806895552 382806896488 382814031872 549425072205 549425072248 549425072248 549425078237 0
05-29 03:20:27.321  2157  2171 I shsusrd : 
05-29 03:20:27.321  2157  2171 I shsusrd : shsusr_check_cpu_usage_combined(): tid 2173 utime 1 stime 101 time_delta 10 clk_tck 100, usage 0
05-29 03:20:27.321  2157  2171 I shsusrd : shsusr_check_cpu_usage_combined(): Output of /proc/2157/task/2174/stat: 2174 (shsusrd14) S 1 2157 0 0 -1 4194368 173 0 437 0 1 113 0 0 20 0 11 0 814 2502557696 640 18446744073709551615 382806614016 382806872472 549425071456 0 0 0 0 0 1073794810 1 0 0 -1 3 0 0 0 0 0 382806895552 382806896488 382814031872 549425072205 549425072248 549425072248 549425078237 0
05-29 03:20:27.321  2157  2171 I shsusrd : 
05-29 03:20:27.321  2157  2171 I shsusrd : shsusr_check_cpu_usage_combined(): tid 2174 utime 1 stime 113 time_delta 10 clk_tck 100, usage 0
05-29 03:20:27.321  2157  2171 I shsusrd : shsusr_check_cpu_usage_combined(): Output of /proc/2157/task/5007/stat: 5007 (shsusrd14) S 1 2157 0 0 -1 4194368 0 0 21 0 0 114 0 0 20 0 11 0 1936 2502557696 640 18446744073709551615 382806614016 382806872472 549425071456 0 0 0 0 0 1073794810 1 0 0 -1 1 0 0 0 0 0 382806895552 382806896488 382814031872 549425072205 549425072248 549425072248 549425078237 0
05-29 03:20:27.321  2157  2171 I shsusrd : 
05-29 03:20:27.321  2157  2171 I shsusrd : shsusr_check_cpu_usage_combined(): tid 5007 utime 0 stime 114 time_delta 10 clk_tck 100, usage 0
05-29 03:20:27.321  2157  2171 I shsusrd : shsusr_check_cpu_usage_combined(): Output of /proc/2157/task/5080/stat: 5080 (shsusrd7) S 1 2157 0 0 -1 4194368 4 0 21 0 1 107 0 0 20 0 11 0 1966 2502557696 640 18446744073709551615 382806614016 382806872472 549425071456 0 0 0 0 0 1073794810 1 0 0 -1 0 0 0 0 0 0 382806895552 382806896488 382814031872 549425072205 549425072248 549425072248 549425078237 0
05-29 03:20:27.321  2157  2171 I shsusrd : 
05-29 03:20:27.321  2157  2171 I shsusrd : shsusr_check_cpu_usage_combined(): tid 5080 utime 1 stime 107 time_delta 10 clk_tck 100, usage 0
05-29 03:20:27.322  2157  2171 I shsusrd : shsusr_check_cpu_usage_combined(): Output of /proc/2157/task/5093/stat: 5093 (shsusrd5) S 1 2157 0 0 -1 4194368 15 0 131 0 1 107 0 0 20 0 11 0 1967 2502557696 640 18446744073709551615 382806614016 382806872472 549425071456 0 0 0 0 0 1073794810 1 0 0 -1 1 0 0 0 0 0 382806895552 382806896488 382814031872 549425072205 549425072248 549425072248 549425078237 0
05-29 03:20:27.322  2157  2171 I shsusrd : 
05-29 03:20:27.322  2157  2171 I shsusrd : shsusr_check_cpu_usage_combined(): tid 5093 utime 1 stime 107 time_delta 10 clk_tck 100, usage 0
05-29 03:20:27.322  2157  2171 I shsusrd : shsusr_check_cpu_usage_combined(): Output of /proc/2157/task/10321/stat: 10321 (HwBinder:2157_1) S 1 2157 0 0 -1 1077936192 3 0 0 0 0 0 0 0 20 0 11 0 3014649 2502557696 640 18446744073709551615 382806614016 382806872472 549425071456 0 0 0 0 0 1073794810 1 0 0 -1 1 0 0 0 0 0 382806895552 382806896488 382814031872 549425072205 549425072248 549425072248 549425078237 0
05-29 03:20:27.322  2157  2171 I shsusrd : 
05-29 03:20:27.322  2157  2171 I shsusrd : shsusr_check_cpu_usage_combined(): tid 10321 utime 0 stime 0 time_delta 10 clk_tck 100, usage 0
05-29 03:20:27.322  2157  2171 I shsusrd : shsusr_check_cpu_usage_combined(): Combined CPU usage: total_utime 4005 total_stime 16347 total_cpu_time_seconds 0.00, clk_tck 100
05-29 03:20:27.322  2157  2171 I shsusrd : shsusr_check_cpu_usage_combined(): Combined shsusrd usage 0
05-29 03:20:27.322  2157  2171 I shsusrd : shsusr_check_cpu_usage_combined(): Combined shsusrd usage FINAL 0
05-29 03:20:27.350  2297  3315 I bauth_FPBAuthService: pcf : 0x1012, 0 ,1 ,0 ,1 ,0 ,0, 16.0.0.0
05-29 03:20:27.351  2297  3315 I bauth_FPBAuthService: thread id : 1, preenroll_flag : 0, nd cnt : 0, cso : 0, et : 0
05-29 03:20:27.351  2297  3315 I bauth_FPBAuthService: FPBAuthService::timerHandler complete
05-29 03:20:27.996  1783  1836 E BatteryDump: !@new_battery_dump : 4191,1168,1200,3150,78,339,328,351,339,0,341,352,0,Charging,NO_CHARGING,Normal,Good,USB,1,Normal,0,0,8921,0x8000,0x20000,0x0,0,0,0000,0000,00000000,0,0,0,0,1193,4103,7731,990,0,
05-29 03:20:27.999  2878  4851 D [SS]BattFunctions: [sendRemainingChargingTimeChangedIntent]remainingChargingTime:1698 ,mLastRemainingChargingTime:1712
05-29 03:20:27.999  1783  1783 I sehhealth-service: updateLrpSysfs: write: 341
05-29 03:20:27.999  2878  4851 D BatteryService: [processValuesLocked]batteryLevel:78 ,LastbatteryLevel:77 ,mPlugType:2 ,batteryStatus:2
05-29 03:20:27.999  2878  4851 D BatteryService: [countBatteryChangedConditions]mBatteryChangedConditionCounts:[11, 1, 1, 280, 11, 210, 114, 0, 0, 12, 11, 0, 10, 0, 0, 3, 39, 11, 0, 0, 0, 1]
05-29 03:20:28.000  2878  4851 D BatteryService: Sending ACTION_BATTERY_CHANGED: level:78, status:2, health:2, remain:1698, ac:false, usb:true, wireless:false, pogo:false, misc:0x20000, charge_type:1, charger_type:0, voltage:4191, temperature:339, online:4, charging_status:0, cycle_count:0, current_avg:1171, ps:false, hvc:false, current_event:0x8000, mcc:0, mcv:0, cc:3408125, present:true, scale:100, technology:Li-ion, protection:0
05-29 03:20:28.002  2878  4851 D [SS]BattUtils: [readNode]path:/efs/FactoryApp/bsoh ,value:97
05-29 03:20:28.006  4422  4422 I AODBatteryManager: updateBatteryData: ACTION_BATTERY_CHANGED: true, isSleepModeChanged:false ,isRemainingTimeChanged: false, isUSBRestriction: false
05-29 03:20:28.006  4422  4422 I AODBatteryManager: saveBatteryData : AOD BatteryData [mBatteryLevel=78, mBatteryStatus=CHARGING, mBatteryPlugType=USB, mBatteryPlugged=true, mRemainingChargeTime=1712000, mBatteryChargingType=1, mBatteryChargerType=NORMAL, mBatteryOnline=USB, mBatterySwellingMode=NONE, mBatteryProtectMode=false, mBatteryProtectModeType=1, mSleepChargingEvent=null, mSleepChargingEventFinishTime=null, mBatteryHealth=2, mIsDirectPowerMode=false, mIsUsbRestriction=false]
05-29 03:20:28.007  4422  4422 I ChargingInfoManager: updateChargingInfo: newState = AOD ChargingInfo [mState=BATTERY_AND_REMAIN_TIME, mIsCharging=true, mIsPlugged=true, mIsFullyCharged=false, mIsBatteryProtectMode=false, mBetteryLevel=78, mBetteryProtectModeType1, mIsSlowChargingfalse], oldState = AOD ChargingInfo [mState=BATTERY_AND_REMAIN_TIME, mIsCharging=true, mIsPlugged=true, mIsFullyCharged=false, mIsBatteryProtectMode=false, mBetteryLevel=77, mBetteryProtectModeType1, mIsSlowChargingfalse]
05-29 03:20:28.008  2878  3967 I DeviceBatteryInfoService: action: android.intent.action.BATTERY_CHANGED
05-29 03:20:28.008  2878  3967 I DeviceBatteryInfoService: phone battery level: 78
05-29 03:20:28.008  2878  3967 I DeviceBatteryInfoService: phone battery status: 2
05-29 03:20:28.008  2878  3967 D DeviceBatteryInfoService: setBatteryStatus : 2
05-29 03:20:28.008  4422  4422 I AODBatteryManager: updateBatteryData: ACTION_BATTERY_CHANGED: false, isSleepModeChanged:false ,isRemainingTimeChanged: true, isUSBRestriction: false
05-29 03:20:28.009  2878  3804 D MotionRecognitionService: [SAR]  onReceive : ACTION_BATTERY_CHANGED, Plugged: 2
05-29 03:20:28.009  4422  4422 I ChargingInfoManager: updateChargingInfo: newState = AOD ChargingInfo [mState=BATTERY_AND_REMAIN_TIME, mIsCharging=true, mIsPlugged=true, mIsFullyCharged=false, mIsBatteryProtectMode=false, mBetteryLevel=78, mBetteryProtectModeType1, mIsSlowChargingfalse], oldState = AOD ChargingInfo [mState=BATTERY_AND_REMAIN_TIME, mIsCharging=true, mIsPlugged=true, mIsFullyCharged=false, mIsBatteryProtectMode=false, mBetteryLevel=78, mBetteryProtectModeType1, mIsSlowChargingfalse]
05-29 03:20:28.009  4422  4422 I PowerUI : mBootCompleted = true |  mFullyConnected = true
05-29 03:20:28.009  4422  4422 I PowerUI : BATTERY_HEALTH_CHECK / batteryHealth : 2 / wirelessOverheat : false
05-29 03:20:28.010  4422  4422 D PowerUI : Skip charging animation - by Plug reason
05-29 03:20:28.010  4422  4422 D PowerUI : Skip charging sound & vibrate - by Plug reason
05-29 03:20:28.010  4422  4422 D PowerUI : oldMisalign : false, curMisalign : false
05-29 03:20:28.010  4422  5114 D PowerUI.Notification: updateNotification mWarning = false mPlaySound = false
05-29 03:20:28.011  4422  4422 D PowerUI.Notification: showChargingNotice - Battery Level : 77 -> 78, Charging Type : 11 -> 11, Charging Time : 1712 -> 1698, Maximum protection : true -> true, Maximum threshold : 90 -> 90
05-29 03:20:28.011  4005  4005 D SemBigDataInfoController: Intent: android.intent.action.BATTERY_CHANGED
05-29 03:20:28.011  4005  4005 D SemBigDataInfoController: Intent: android.intent.action.BATTERY_CHANGED
05-29 03:20:28.015  2878  3967 I DeviceBatteryInfoService: sendBroadcast : action : com.samsung.battery.ACTION_BATTERY_INFO_CHANGED / package : com.android.settings
05-29 03:20:28.015  2878  3967 I DeviceBatteryInfoService: Name : S23+ ╨┐╨╛╨╗╤М╨╖╨╛╨▓╨░╤В╨╡╨╗╤П ╨Ъ╨╛╨╜╤Б╤В╨░╨╜╤В╨╕╨╜ / BatteryLevel : 78 / Status : 2
05-29 03:20:28.017  2878  3240 D ActivityManager: sync unfroze 26796 com.android.settings for 3
05-29 03:20:28.018  7073  7073 I SDHMS:RutCore: Current options : ScreenBrightness(90), sScreenResolutionLevel(1), PerformanceRestricted, DataRestricted(PSM), AOD(Off), LimitedAppsHome, 
05-29 03:20:28.018  7073  7073 I SDHMS:RutCore: PSM gain = 108 -> Default(101), Brightness(4), Resolution(0), PerfRestrict(3), 
05-29 03:20:28.019  7073  7073 I SDHMS:RutCore: UPSM gain = 252 -> Default(245), Brightness(4), Resolution(0), PerfRestrict(3), 
05-29 03:20:28.019 26796 26796 I BatteryWidget/BatteryManagerReceiver: onReceive() action com.samsung.battery.ACTION_BATTERY_INFO_CHANGED
05-29 03:20:28.020 26796 26796 I BatteryWidget/BatteryManagerReceiver: BatteryInfoTask() onPreExecute  / DeviceName : S23+ ╨┐╨╛╨╗╤М╨╖╨╛╨▓╨░╤В╨╡╨╗╤П ╨Ъ╨╛╨╜╤Б╤В╨░╨╜╤В╨╕╨╜ took 0
05-29 03:20:28.020 26796 26796 I BatteryWidget/BatteryManagerReceiver: onReceive() DeviceName : S23+ ╨┐╨╛╨╗╤М╨╖╨╛╨▓╨░╤В╨╡╨╗╤П ╨Ъ╨╛╨╜╤Б╤В╨░╨╜╤В╨╕╨╜ took 1
05-29 03:20:28.020  4422  4422 I NotificationManager: com.android.systemui: notify(2131364006, charging_state, Notification(channel=CHR shortcut=null contentView=null vibrate=null sound=null defaults=0 flags=ONGOING_EVENT|ONLY_ALERT_ONCE color=0x00000000 category=sys groupKey=CHARGING vis=PUBLIC semFlags=0x0 semPriority=0 semMissedCount=0)) as user
05-29 03:20:28.026  2878  3240 I ActivityManager: Changes in 10224 19 to 11, 0 to 128
05-29 03:20:28.028 26796 26796 I BatteryWidget/BatteryManagerReceiver: BatteryInfoTask() finished / result : true / DeviceName : S23+ ╨┐╨╛╨╗╤М╨╖╨╛╨▓╨░╤В╨╡╨╗╤П ╨Ъ╨╛╨╜╤Б╤В╨░╨╜╤В╨╕╨╜ took 8
05-29 03:20:28.028  2878  2878 D AdaptiveBrightnessLongtermModelBuilder[0]: Received android.intent.action.BATTERY_CHANGED
05-29 03:20:28.029  2878  4597 W PermissionService: getPermissionFlags: Unknown user -1
05-29 03:20:28.030  2878  4597 W PermissionService: getPermissionFlags: Unknown user -1
05-29 03:20:28.030  2878  4851 I ActivityManager: Changes in 10224 11 to 19, 128 to 0
05-29 03:20:28.030  2878  2878 D SemWifiApIntentHandler: rcvd:android.intent.action.BATTERY_LEVEL_CHANGED
05-29 03:20:28.032  2878  4597 D KNOX_MDM_SettingsProvider: isChangeAllowed() : name = ltc_highsoc_exceed_time
05-29 03:20:28.032  2878  4597 D KNOX_MDM_SettingsProvider: edmUri: content://com.sec.knox.provider/RestrictionPolicy3
05-29 03:20:28.032  2878  4597 D KNOX_MDM_SettingsProvider: projectionArgs: isSettingsChangesAllowed
05-29 03:20:28.032  2878  4597 D KNOX_MDM_SettingsProvider: selectionArgs: false
05-29 03:20:28.032  2878  4597 D KNOX_MDM_SettingsProvider: selectionArgs: 10040
05-29 03:20:28.032  2878  4597 D SecContentProvider: query(), uri = 17 selection = isSettingsChangesAllowed
05-29 03:20:28.032  2878  4597 D SecContentProvider: called from android.uid.systemui:10040
05-29 03:20:28.032  2878  4597 D RestrictionPolicy: isSettingsChangesAllowedAsUser, userId 0 : true
05-29 03:20:28.032  2878  4597 D KNOX_MDM_SettingsProvider: ret = 1
05-29 03:20:28.034  4422  4422 D PowerUI : Remaining charging time : 1698
05-29 03:20:28.034  4422  4422 D PowerUI : Charging time is changed, check charging notification
05-29 03:20:28.034 26838 26838 I BatteryWidget/BatteryWidgetReceiver: onReceive() action : com.samsung.android.settings.intelligence.ACTION_BATTERY_INFO_CHANGED
05-29 03:20:28.034  4422  4422 D PowerUI.Notification: showChargingNotice - There is no change charging status, so return!
05-29 03:20:28.034 26838 26838 I BatteryWidget/BatteryWidgetReceiver: onReceive() S23+ ╨┐╨╛╨╗╤М╨╖╨╛╨▓╨░╤В╨╡╨╗╤П ╨Ъ╨╛╨╜╤Б╤В╨░╨╜╤В╨╕╨╜ / type 2 / batteryLevel 78 / Left level -1 / Right level -1 / Cradle level -1 / BatteryStatus 2 / BatteryStatus left 1 / BatteryStatus Right 1 / BatteryStatus Cradle 1
05-29 03:20:28.034 26838 26838 I BatteryWidget/BatteryManagerWrapper: updateDeviceInfoList() 1
05-29 03:20:28.035 26838 26838 I BatteryWidget/BatteryManagerWrapper: updateDeviceInfoList() S23+ ╨┐╨╛╨╗╤М╨╖╨╛╨▓╨░╤В╨╡╨╗╤П ╨Ъ╨╛╨╜╤Б╤В╨░╨╜╤В╨╕╨╜ / paringTime : 0
05-29 03:20:28.035  2878  3240 I ActivityManager: Changes in 1010115 19 to 11, 0 to 128
05-29 03:20:28.036  4422  4422 I SecKeyguardClockPositionAlgorithm: prepareClockContainerHeightChanging:
05-29 03:20:28.036  2878  3240 I ActivityManager: Changes in 10115 19 to 11, 0 to 128
05-29 03:20:28.036 11843 11843 I BatteryWidget/BatteryWidgetReceiver: onReceive() action : com.samsung.android.settings.intelligence.ACTION_BATTERY_INFO_CHANGED
05-29 03:20:28.036 11843 11843 I BatteryWidget/BatteryWidgetReceiver: onReceive() S23+ ╨┐╨╛╨╗╤М╨╖╨╛╨▓╨░╤В╨╡╨╗╤П ╨Ъ╨╛╨╜╤Б╤В╨░╨╜╤В╨╕╨╜ / type 2 / batteryLevel 78 / Left level -1 / Right level -1 / Cradle level -1 / BatteryStatus 2 / BatteryStatus left 1 / BatteryStatus Right 1 / BatteryStatus Cradle 1
05-29 03:20:28.036 11843 11843 I BatteryWidget/BatteryManagerWrapper: updateDeviceInfoList() 1
05-29 03:20:28.036  4422  4422 I LStar|IsLockStarEnablePluginUsecase: execute
05-29 03:20:28.036  4422  4422 D LStar|IsLockStarEnablePluginUsecase: :: kotlinx.coroutines.flow.Q@b01959
05-29 03:20:28.037 11843 11843 I BatteryWidget/BatteryManagerWrapper: updateDeviceInfoList() S23+ ╨┐╨╛╨╗╤М╨╖╨╛╨▓╨░╤В╨╡╨╗╤П ╨Ъ╨╛╨╜╤Б╤В╨░╨╜╤В╨╕╨╜ / paringTime : 1776328110024
05-29 03:20:28.037  4422  4422 I PluginFaceWidgetManager: isEditMode = false
05-29 03:20:28.037  4422  4422 I NowBarItemManager: getVisibleList isScreenTurnedOn = false / aodShowState false shouldControlScreenOff false visibleList size = 0
05-29 03:20:28.037  4422  4422 I LStar|IsLockStarEnablePluginUsecase: execute
05-29 03:20:28.037  4422  4422 D LStar|IsLockStarEnablePluginUsecase: :: kotlinx.coroutines.flow.Q@b01959
05-29 03:20:28.038  4422  4422 I SecKeyguardClockPositionAlgorithm: prepareClockContainerHeightChanging:
05-29 03:20:28.038 26838 26838 I BatteryWidget/GlanceBaseWidgetReceiver: requestWidgetUpdate() widgetClass : null / appWidgetId : allWidget
05-29 03:20:28.038  4422  4422 I LStar|IsLockStarEnablePluginUsecase: execute
05-29 03:20:28.038  4422  4422 D LStar|IsLockStarEnablePluginUsecase: :: kotlinx.coroutines.flow.Q@b01959
05-29 03:20:28.038 11843 11843 I BatteryWidget/GlanceBaseWidgetReceiver: requestWidgetUpdate() widgetClass : null / appWidgetId : allWidget
05-29 03:20:28.038  4422  4422 I PluginFaceWidgetManager: isEditMode = false
05-29 03:20:28.038  4422  4422 I NowBarItemManager: getVisibleList isScreenTurnedOn = false / aodShowState false shouldControlScreenOff false visibleList size = 0
05-29 03:20:28.039  4422  4422 I LStar|IsLockStarEnablePluginUsecase: execute
