05-29 03:20:28.039  4422  4422 D LStar|IsLockStarEnablePluginUsecase: :: kotlinx.coroutines.flow.Q@b01959
05-29 03:20:28.039 26838 26838 I BatteryWidget/GlanceBaseWidgetReceiver: requestWidgetUpdate() widgetClass : null / appWidgetId : allWidget
05-29 03:20:28.040 26838 26838 I BatteryWidget/GlanceBaseWidgetReceiver: requestWidgetUpdate() widgetClass : null / appWidgetId : allWidget
05-29 03:20:28.040  4422  4422 I ChargingInfoView: handleMessage: MSG_SHOW_CHARGING_INFO
05-29 03:20:28.040  4422  4422 I BottomChargingInfoView: updateContents: BATTERY_AND_REMAIN_TIME
05-29 03:20:28.040  4422  4422 I AOD_WAKELOCK@WakeLockManager: acquireIfExists: tag - charging_info, timeout - 1000, reason - Charging Info is updating, delay by 500, wakeLock = WakeLock{e4fb97e held=false, refCount=0}
05-29 03:20:28.040  2878  3899 D BackgroundInstallControlService: Package event received: 0
05-29 03:20:28.040  2878  3899 D BackgroundInstallControlService: Package event received: 0
05-29 03:20:28.041 26838 26838 I BatteryWidget/GlanceBaseWidgetReceiver: requestWidgetUpdate() widgetClass : null / appWidgetId : allWidget
05-29 03:20:28.041 11843 11843 I BatteryWidget/GlanceBaseWidgetReceiver: requestWidgetUpdate() widgetClass : null / appWidgetId : allWidget
05-29 03:20:28.041  2878  4676 D PowerManagerService: [api] acquire WakeLock DRAW_WAKE_LOCK                    'charging_info' (uid=10040 pid=4422 displayId=0 lock=1b6ff28)
05-29 03:20:28.041  2878  3899 D BackgroundInstallControlService: Package event received: 0
05-29 03:20:28.041  2878  3899 D BackgroundInstallControlService: Package event received: 0
05-29 03:20:28.041  2878  4676 D PowerManagerService: displayReady: false groupId=0
05-29 03:20:28.041  2878  3307 D DisplayPowerController[0]: animateScreenStateChange: target=DOZE, mIsEnabled=true
05-29 03:20:28.042  2878  3307 I DisplayPowerController[0]: BrightnessEvent: brt=0.0768 (48.0%), nits= 18.744596, lux=-1.0, reason=doze, strat=DozeBrightnessStrategy, state=DOZE, stateReason=DRAW_WAKE_LOCK, policy=DOZE, flags=, initBrt=0.0768, rcmdBrt=NaN, preBrt=NaN, preLux=0.0, wasShortTermModelActive=false, autoBrightness=false (default), unclampedBrt=0.04705883, hbmMax=1.0, hbmMode=off, thrmMax=1.0, rbcStrength=-1, powerFactor=1.0, physDisp=╨Т╤Б╤В╤А╨╛╨╡╨╜╨╜╤Л╨╣ ╤Н╨║╤А╨░╨╜(local:4630947118961383299), logicalId=0, slowChange=false, rampSpeed=0.0
05-29 03:20:28.042  2878  3307 D PowerManagerService: [PWL] sb acquire: PowerManagerService.Display
05-29 03:20:28.043 11843 11843 I BatteryWidget/GlanceBaseWidgetReceiver: requestWidgetUpdate() widgetClass : null / appWidgetId : allWidget
05-29 03:20:28.043 26838 26838 I BatteryWidget/GlanceBaseWidgetReceiver: requestWidgetUpdate() widgetClass : null / appWidgetId : allWidget
05-29 03:20:28.045 11843 11843 I BatteryWidget/GlanceBaseWidgetReceiver: requestWidgetUpdate() widgetClass : null / appWidgetId : allWidget
05-29 03:20:28.045  4422  4422 I ChargingInfoManager: getDeviceRemainingTime: 28 ╨╝╨╕╨╜. ╨┤╨╛ ╨┐╨╛╨╗╨╜╨╛╨╣ ╨╖╨░╤А╤П╨┤╨║╨╕
05-29 03:20:28.046  4422  4422 I AOD_WAKELOCK@WakeLockManager: acquireIfExists: tag - charging_info, timeout - 5500, reason - Charging Info is updating, delay by 5000, wakeLock = WakeLock{e4fb97e held=true, refCount=1}
05-29 03:20:28.046 11843 11843 I BatteryWidget/GlanceBaseWidgetReceiver: requestWidgetUpdate() widgetClass : null / appWidgetId : allWidget
05-29 03:20:28.046  4422  4422 I AbsChargingInfoComponent: setVisibilityWithAnim: skipped true
05-29 03:20:28.046  2878  3970 D DisplayManagerService: !@display_state requestDisplayStateInternal: DOZE_SUSPEND -> DOZE displayId=0
05-29 03:20:28.046  4422  4422 D KeyguardUpdateMonitor: handleBatteryUpdate
05-29 03:20:28.046  2878  3970 D SemInputDeviceManagerService: setDisplayState[1] EARLY: DOZE_SUSPEND(4) -> DOZE(3)
05-29 03:20:28.047  2878  3970 D LocalDisplayAdapter: notifyStateChangeStart: com.samsung.android.hardware.secinputdev.external.DisplayStateListenerWrapper$1@1245fd9 took 1 ms
05-29 03:20:28.047  4422  4422 D KeyguardSecIndicationController: addTrustAgentHelp false
05-29 03:20:28.047  2878  3970 D LocalDisplayAdapter: notifyStateChangeStart: com.android.server.biometrics.SemBiometricDisplayStateMonitor@a58e539 took 0 ms
05-29 03:20:28.047  2878  3970 D LocalDisplayAdapter: notifyStateChangeStart: com.android.server.display.mode.RefreshRateModeManager$1@e7f6d88 took 0 ms
05-29 03:20:28.047  2878  3751 D SemInputDevice:TSP: ActivateTask: 3,0 [05-29 03:20:28.046]
05-29 03:20:28.047  4422  4422 D KeyguardSecIndicationPolicy:  remove Item pos = DEFAULT, type =     TRUST_AGENT_HELP
05-29 03:20:28.047  4422  4422 D KeyguardSecIndicationController: addUsbRestriction false/isSecure=true
05-29 03:20:28.047  4422  4422 D KeyguardSecIndicationPolicy:  remove Item pos = DEFAULT, type =      USB_RESTRICTION
05-29 03:20:28.047  4422  4422 D KeyguardSecIndicationController: addBatteryAndOwnerInfoIndication() battery status = BatteryStatus{status=2,level=78,plugged=2,chargingStatus=0,maxChargingWattage=-1,remaining=1698000ultraFastCharger=0}
05-29 03:20:28.047  2878  3229 I DisplayDeviceRepository: Display device changed state: "╨Т╤Б╤В╤А╨╛╨╡╨╜╨╜╤Л╨╣ ╤Н╨║╤А╨░╨╜", DOZE
05-29 03:20:28.047  4422  4422 D KeyguardSecIndicationPolicy:  add T Event pos = DEFAULT, type =              BATTERY, id =  1128, text =  78%
05-29 03:20:28.047  4422  4422 D KeyguardSecIndicationPolicy: 28 ╨╝╨╕╨╜. ╨┤╨╛ ╨┐╨╛╨╗╨╜╨╛╨╣ ╨╖╨░╤А╤П╨┤╨║╨╕, duration = 3000
05-29 03:20:28.047  4422  4422 D KeyguardSecIndicationController: onIndicationChanged() return - keyguard is not visible, pos = DEFAULT, item = [id=1128|ty=BATTERY|pr=40|txt= 78%
05-29 03:20:28.047  4422  4422 D KeyguardSecIndicationController: 28 ╨╝╨╕╨╜. ╨┤╨╛ ╨┐╨╛╨╗╨╜╨╛╨╣ ╨╖╨░╤А╤П╨┤╨║╨╕|ti=duration=3000|an=false]
05-29 03:20:28.047  1785  1785 I sysinput:Touch: activate:96, 3,0 OK
05-29 03:20:28.047 11843 11843 I BatteryWidget/GlanceBaseWidgetReceiver: requestWidgetUpdate() widgetClass : null / appWidgetId : allWidget
05-29 03:20:28.047  2878  3751 D SysinputHAL_V1_3(V1_2): setTspEnable(TSP(1)),3,true ret=0
05-29 03:20:28.047  4422  4422 D KeyguardSecIndicationPolicy: update Event pos = DEFAULT, type =      BATTERY_RESTING, id =  1129, text =  78%
05-29 03:20:28.047  4422  4422 D KeyguardSecIndicationPolicy: 28 ╨╝╨╕╨╜. ╨┤╨╛ ╨┐╨╛╨╗╨╜╨╛╨╣ ╨╖╨░╤А╤П╨┤╨║╨╕
05-29 03:20:28.047  2878  3970 W LocalDisplayAdapter: !@display_state - 1883 : DOZE_SUSPEND -> DOZE (MAIN)
05-29 03:20:28.047  4422  4422 D SamsungBatteryMeterDrawable: onBatteryLevelChanged isSomethingChanged: true
05-29 03:20:28.048  4422  4422 D SamsungBatteryMeterDrawable: onBatteryLevelChanged isSomethingChanged: true
05-29 03:20:28.048  2878  2878 D SGM:GameManager: onDisplayChanged. displyId: 0, state: 3
05-29 03:20:28.048  1845  1845 D SurfaceFlinger: Setting power mode 1 on physical display 4630947118961383299
05-29 03:20:28.048  1845  1845 D SurfaceFlinger: setPhysicalDisplayPowerMode: Optimizing thread scheduling: optimizeForPerformance
05-29 03:20:28.048  4422  4422 D SamsungBatteryMeterDrawable: onBatteryLevelChanged isSomethingChanged: true
05-29 03:20:28.048  1773  2103 I SDM     : HWCDisplay::SetPowerMode: display = 0, mode = Doze
05-29 03:20:28.048  4422  4422 D SamsungBatteryMeterDrawable: onBatteryLevelChanged isSomethingChanged: true
05-29 03:20:28.048  1773  2103 I SDM     : DisplayBase::SetDisplayState: Set state = 2, display 66-0, teardown = 0
05-29 03:20:28.048  1773  2103 I SDM     : DisplayBase::SetDisplayState: active 1-0 state 2-3 pending_power_state_ 3
05-29 03:20:28.049  1845  1845 I SurfaceFlinger: Force repainting for DOZE_SUSPEND -> DOZE or ON.
05-29 03:20:28.049  1845  2127 D Scheduler: displayPowerTimerCallback ExpiredDisplayPowerTimer: 0
05-29 03:20:28.049  1845  1845 D SurfaceFlinger: Finished setting power mode 1 on physical display 4630947118961383299
05-29 03:20:28.049 11843 11843 I BatteryWidget/BatteryWidgetReceiver: onReceive() action : com.samsung.android.settings.intelligence.ACTION_BATTERY_INFO_CHANGED took 13
05-29 03:20:28.049  2878  3227 D WindowManager: DeferredDisplayUpdater: partially applying DisplayInfo(1080 x 2340) immediately
05-29 03:20:28.049  2878  3970 W LocalDisplayAdapter: !@display_state - 1883 : DOZE (MAIN) took 2 ms
05-29 03:20:28.049  2878  3970 D SemInputDeviceManagerService: setDisplayState[1] LATE: DOZE(3) -> DOZE(3)
05-29 03:20:28.049  2878  3762 D SGM:FgCheckThread: onLooperPrepared(), msg: MSG_LCD_OFF
05-29 03:20:28.050  2878  3970 D LocalDisplayAdapter: notifyStateChangeFinish: com.samsung.android.hardware.secinputdev.external.DisplayStateListenerWrapper$1@1245fd9 took 1 ms
05-29 03:20:28.050  2878  3970 D LocalDisplayAdapter: notifyStateChangeFinish: com.android.server.biometrics.SemBiometricDisplayStateMonitor@a58e539 took 0 ms
05-29 03:20:28.050  2878  3970 D LocalDisplayAdapter: notifyStateChangeFinish: com.android.server.display.mode.RefreshRateModeManager$1@e7f6d88 took 0 ms
05-29 03:20:28.050  2878  3751 D SemInputDevice:TSP: ActivateTask: 3,1 [05-29 03:20:28.049]
05-29 03:20:28.050  1785  1785 I sysinput:Touch: activate:96, 3,1 OK
05-29 03:20:28.050  2878  3751 D SysinputHAL_V1_3(V1_2): setTspEnable(TSP(1)),3,false ret=0
05-29 03:20:28.051 11843 11843 I GWT:AppWidgetReceiver: [intelligence] [appwidget-1.1.16] onReceive: action=com.samsung.android.settings.intelligence.ACTION_UPDATE_WIDGET_INTERNAL this=com.samsung.android.settings.intelligence.widget.ListTypeBatteryWidget
05-29 03:20:28.051 11843 11843 D AppWidgetProvider: onReceive:com.samsung.android.settings.intelligence.ACTION_UPDATE_WIDGET_INTERNAL
05-29 03:20:28.051 11843 11843 I BatteryWidget/GlanceBaseWidgetReceiver: onReceive() action : com.samsung.android.settings.intelligence.ACTION_UPDATE_WIDGET_INTERNAL
05-29 03:20:28.051 11843 11843 I BatteryWidget/GlanceBaseWidgetReceiver: handleUpdateWidgetIntent() appWidgetId : allWidget
05-29 03:20:28.052  2878  3781 I SemBiometricDisplayStateMonitor: DisplayStateListener#onStart : DOZE, DOZE, DEFAULT_DISPLAY
05-29 03:20:28.052  2878  3781 I SemBiometricDisplayStateMonitor: DisplayStateListener#onFinish : DOZE, DOZE, DEFAULT_DISPLAY
05-29 03:20:28.053 11843 11843 I GWT:AppWidgetReceiver: [intelligence] [appwidget-1.1.16] onReceive: action=com.samsung.android.settings.intelligence.ACTION_UPDATE_WIDGET_INTERNAL this=com.samsung.android.settings.intelligence.widget.GridTypeBatteryWidget
05-29 03:20:28.053 11843 11843 D AppWidgetProvider: onReceive:com.samsung.android.settings.intelligence.ACTION_UPDATE_WIDGET_INTERNAL
05-29 03:20:28.053 11843 11843 I BatteryWidget/GlanceBaseWidgetReceiver: onReceive() action : com.samsung.android.settings.intelligence.ACTION_UPDATE_WIDGET_INTERNAL
05-29 03:20:28.053 11843 11843 I BatteryWidget/GlanceBaseWidgetReceiver: handleUpdateWidgetIntent() appWidgetId : allWidget
05-29 03:20:28.053  1796 13682 D AudioFlinger: setParameters: filtered dev setParameters keyvalue screen_state=off
05-29 03:20:28.053  1693  1720 D AHAL: AudioDevice: SetParameters: 1799: enter
05-29 03:20:28.053  1693  1720 D AHAL: AudioVoice: VoiceSetParameters: 171: Enter
05-29 03:20:28.053  1693  1720 D AHAL: AudioVoice: VoiceSetParameters: 416: Exit ret: 0
05-29 03:20:28.053  1693  1720 D AHAL: hfp: hfp_set_parameters: 447: enter
05-29 03:20:28.053  1693  1720 D AHAL: AudioDevice: SetParameters: 1882:  - screen = off
05-29 03:20:28.053  1693  1720 I PAL: ResourceManager: setParameter: 9278: Screen State:0
05-29 03:20:28.053  6852  6852 I VRI[InputMethod]@8aae3bf: onDisplayChanged oldDisplayState=4 newDisplayState=3
05-29 03:20:28.053  1693  1720 D AHAL: AudioDevice: SetParameters: 2521: exit: screen_state=off
05-29 03:20:28.054  4422  4553 I VRI[ShellDropTarget]@c8b8607: onDisplayChanged oldDisplayState=4 newDisplayState=3
05-29 03:20:28.054  4422  4553 I VRI[View root of ReusableWindowDecorViewHost#0]@d47a678: onDisplayChanged oldDisplayState=4 newDisplayState=3
05-29 03:20:28.054  4422  4553 I VRI[View root of ReusableWindowDecorViewHost#1]@d8221bc: onDisplayChanged oldDisplayState=4 newDisplayState=3
05-29 03:20:28.054  1693  1720 I Audio_a2dpsink_hw: adev_set_parameters: kevpairs=[screen_state=off]
05-29 03:20:28.054  2878  4597 D WifiDisplayAdapter: isFitToActiveDisplayLocked : false
05-29 03:20:28.055 11142 11142 I VRI[MainActivity]@6a965a0: onDisplayChanged oldDisplayState=4 newDisplayState=3
05-29 03:20:28.055  4422  4635 D StackScroller: onDisplayChanged for predraw skip to 3
05-29 03:20:28.056 13016 13016 I VRI[FP Iconview]@85becc5: onDisplayChanged oldDisplayState=4 newDisplayState=3
05-29 03:20:28.056  2878  3860 D AS.DesktopModeHelper: onDisplayChanged: #Id=0
05-29 03:20:28.056 26838 26838 I BatteryWidget/GlanceBaseWidgetReceiver: requestWidgetUpdate() widgetClass : null / appWidgetId : allWidget
05-29 03:20:28.057 26838 26838 I BatteryWidget/BatteryWidgetReceiver: onReceive() action : com.samsung.android.settings.intelligence.ACTION_BATTERY_INFO_CHANGED took 23
05-29 03:20:28.059  1845  1845 I SurfaceFlinger: SFWD update time=57031426105795
05-29 03:20:28.059  4967  4967 I VRI[LauncherActivity]@3ece68a: onDisplayChanged oldDisplayState=4 newDisplayState=3
05-29 03:20:28.059 11843 11843 I GWT:AppWidgetReceiver: [intelligence] [appwidget-1.1.16] onReceive: action=com.samsung.android.settings.intelligence.ACTION_UPDATE_WIDGET_INTERNAL this=com.samsung.android.settings.intelligence.widget.GlanceCircleWidgetReceiver
05-29 03:20:28.059 26838 26838 I GWT:AppWidgetReceiver: [intelligence] [appwidget-1.1.16] onReceive: action=com.samsung.android.settings.intelligence.ACTION_UPDATE_WIDGET_INTERNAL this=com.samsung.android.settings.intelligence.widget.ListTypeBatteryWidget
05-29 03:20:28.059 11843 11843 D AppWidgetProvider: onReceive:com.samsung.android.settings.intelligence.ACTION_UPDATE_WIDGET_INTERNAL
05-29 03:20:28.059 26838 26838 D AppWidgetProvider: onReceive:com.samsung.android.settings.intelligence.ACTION_UPDATE_WIDGET_INTERNAL
05-29 03:20:28.059 26838 26838 I BatteryWidget/GlanceBaseWidgetReceiver: onReceive() action : com.samsung.android.settings.intelligence.ACTION_UPDATE_WIDGET_INTERNAL
05-29 03:20:28.059 11843 11843 I BatteryWidget/GlanceBaseWidgetReceiver: onReceive() action : com.samsung.android.settings.intelligence.ACTION_UPDATE_WIDGET_INTERNAL
05-29 03:20:28.059 26838 26838 I BatteryWidget/GlanceBaseWidgetReceiver: handleUpdateWidgetIntent() appWidgetId : allWidget
05-29 03:20:28.059 11843 11843 I BatteryWidget/GlanceBaseWidgetReceiver: handleUpdateWidgetIntent() appWidgetId : allWidget
05-29 03:20:28.059  4967  4967 I VRI[RecentsTransitionOverlay]@d6f0b5e: onDisplayChanged oldDisplayState=4 newDisplayState=3
05-29 03:20:28.059  4967  4967 I VRI[RecentsActivity]@30e30ce: onDisplayChanged oldDisplayState=4 newDisplayState=3
05-29 03:20:28.059  1845  1845 D SurfaceFlinger: GPIS:: requestGPISForClientComposition
05-29 03:20:28.060  1773  2103 I SDM     : ToneMappingCore::set_default_vals():851 Initial enablement signals - bypass adaptive TM: 0, actual panel luma usage: 1, temporal filtering of dynamic meta data: 1, histTM enable: 1, static meta data usage: 1
05-29 03:20:28.060  1773  2103 I SDM     : HdrAlgorithm::SetXMLParameters():278 Override enablement signals - bypass adaptive TM: 0, bypass sdr dimming: 1
05-29 03:20:28.060 13016 13016 I BSS_DisplayStateManager: handleDisplayStateChanged: DOZE_SUSPEND -> DOZE
05-29 03:20:28.060  2878  3307 D DisplayPowerController[0]: setActualDisplayState: DOZE_SUSPEND -> DOZE
05-29 03:20:28.060  2878  3307 D DisplayPowerController[0]: animateScreenStateChange: target=DOZE, mIsEnabled=true
05-29 03:20:28.061  1773  1937 I SDM     : DisplayBase::WaitForCompletion: Wait for cached retire fence to be in steady state
05-29 03:20:28.061  2878  3307 D BrightnessThermalClamper: Thermal status observer already started
05-29 03:20:28.061  2878  3307 D DisplayPowerController[0]: animateScreenStateChange: target=DOZE, mIsEnabled=true
05-29 03:20:28.061  2878  3307 D PowerManagerService: displayReady: true groupId=0
05-29 03:20:28.061  2878  3307 D PowerManagerService: [PWL] sb release: PowerManagerService.Display
05-29 03:20:28.062  1845  5471 D NativeSemDvfsManager: acquire:: timeout = 2000 mIsAcquired = 1  mTagName : SurfaceFlinger 
05-29 03:20:28.062  1845  5471 E NativeCustomFrequencyManager: [NativeCFMS] BpCustomFrequencyManager::acquire()
05-29 03:20:28.062  1729  1843 I HYPER-HAL: [RequestManager.cpp]acquire(): Acquired ID : 4049435  [1845 / 1000]    HINT : SF_GPU_MINLOCK    list : [TIMEOUT / 2000] 
05-29 03:20:28.063 11843 11843 I GWT:AppWidgetReceiver: [intelligence] [appwidget-1.1.16] onReceive: action=com.samsung.android.settings.intelligence.ACTION_UPDATE_WIDGET_INTERNAL this=com.samsung.android.settings.intelligence.widget.GlanceListWidgetReceiver
05-29 03:20:28.063 11843 11843 D AppWidgetProvider: onReceive:com.samsung.android.settings.intelligence.ACTION_UPDATE_WIDGET_INTERNAL
05-29 03:20:28.063 11843 11843 I BatteryWidget/GlanceBaseWidgetReceiver: onReceive() action : com.samsung.android.settings.intelligence.ACTION_UPDATE_WIDGET_INTERNAL
05-29 03:20:28.063 11843 11843 I BatteryWidget/GlanceBaseWidgetReceiver: handleUpdateWidgetIntent() appWidgetId : allWidget
05-29 03:20:28.064 26838 26838 I GWT:AppWidgetReceiver: [intelligence] [appwidget-1.1.16] onReceive: action=com.samsung.android.settings.intelligence.ACTION_UPDATE_WIDGET_INTERNAL this=com.samsung.android.settings.intelligence.widget.GridTypeBatteryWidget
05-29 03:20:28.064 26838 26838 D AppWidgetProvider: onReceive:com.samsung.android.settings.intelligence.ACTION_UPDATE_WIDGET_INTERNAL
05-29 03:20:28.064 26838 26838 I BatteryWidget/GlanceBaseWidgetReceiver: onReceive() action : com.samsung.android.settings.intelligence.ACTION_UPDATE_WIDGET_INTERNAL
05-29 03:20:28.064 26838 26838 I BatteryWidget/GlanceBaseWidgetReceiver: handleUpdateWidgetIntent() appWidgetId : allWidget
05-29 03:20:28.065 26838 26838 D BatteryWidget/GlanceBaseWidgetReceiver: updateGlanceAppWidget1(9)
05-29 03:20:28.066 11843 11843 I GWT:AppWidgetReceiver: [intelligence] [appwidget-1.1.16] onReceive: action=com.samsung.android.settings.intelligence.ACTION_UPDATE_WIDGET_INTERNAL this=com.samsung.android.settings.intelligence.widget.CoverArcWidgetReceiver
05-29 03:20:28.066 11843 11843 D AppWidgetProvider: onReceive:com.samsung.android.settings.intelligence.ACTION_UPDATE_WIDGET_INTERNAL
05-29 03:20:28.066 11843 11843 I BatteryWidget/GlanceBaseWidgetReceiver: onReceive() action : com.samsung.android.settings.intelligence.ACTION_UPDATE_WIDGET_INTERNAL
05-29 03:20:28.066 11843 11843 I BatteryWidget/GlanceBaseWidgetReceiver: handleUpdateWidgetIntent() appWidgetId : allWidget
05-29 03:20:28.066  4967 14775 I HoneySpace.Memory-Monitor: current state = 3, didTrim = true
05-29 03:20:28.066  2878  4597 I AppWidgetServiceImpl: getAppWidgetInfo() 9, from 0
05-29 03:20:28.067 26838 26838 I GWT:GlanceStateDefinition: [intelligence] getDataStore: appWidget-9, file exist: true, PreferenceStateDefinition type: true
05-29 03:20:28.067  4422  4422 I SecKeyguardClockPositionAlgorithm: prepareClockContainerHeightChanging:
05-29 03:20:28.067 11843 11843 I GWT:AppWidgetReceiver: [intelligence] [appwidget-1.1.16] onReceive: action=com.samsung.android.settings.intelligence.ACTION_UPDATE_WIDGET_INTERNAL this=com.samsung.android.settings.intelligence.widget.CoverListWidgetReceiver
05-29 03:20:28.068  4422  4422 I LStar|IsLockStarEnablePluginUsecase: execute
05-29 03:20:28.068  4422  4422 D LStar|IsLockStarEnablePluginUsecase: :: kotlinx.coroutines.flow.Q@b01959
05-29 03:20:28.068 11843 11843 D AppWidgetProvider: onReceive:com.samsung.android.settings.intelligence.ACTION_UPDATE_WIDGET_INTERNAL
05-29 03:20:28.068 11843 11843 I BatteryWidget/GlanceBaseWidgetReceiver: onReceive() action : com.samsung.android.settings.intelligence.ACTION_UPDATE_WIDGET_INTERNAL
05-29 03:20:28.068  4422  4422 I PluginFaceWidgetManager: isEditMode = false
05-29 03:20:28.068 11843 11843 I BatteryWidget/GlanceBaseWidgetReceiver: handleUpdateWidgetIntent() appWidgetId : allWidget
05-29 03:20:28.068  4422  4422 I NowBarItemManager: getVisibleList isScreenTurnedOn = false / aodShowState false shouldControlScreenOff false visibleList size = 0
05-29 03:20:28.068  4422  4422 I LStar|IsLockStarEnablePluginUsecase: execute
05-29 03:20:28.068  4422  4422 D LStar|IsLockStarEnablePluginUsecase: :: kotlinx.coroutines.flow.Q@b01959
05-29 03:20:28.068 26838 26838 I GWT:AppWidgetReceiver: [intelligence] [appwidget-1.1.16] onReceive: action=com.samsung.android.settings.intelligence.ACTION_UPDATE_WIDGET_INTERNAL this=com.samsung.android.settings.intelligence.widget.GlanceCircleWidgetReceiver
05-29 03:20:28.068 26838 26838 D AppWidgetProvider: onReceive:com.samsung.android.settings.intelligence.ACTION_UPDATE_WIDGET_INTERNAL
05-29 03:20:28.068 26838 26838 I BatteryWidget/GlanceBaseWidgetReceiver: onReceive() action : com.samsung.android.settings.intelligence.ACTION_UPDATE_WIDGET_INTERNAL
05-29 03:20:28.068  4422  4422 I SecKeyguardClockPositionAlgorithm: prepareClockContainerHeightChanging:
05-29 03:20:28.068 26838 26838 I BatteryWidget/GlanceBaseWidgetReceiver: handleUpdateWidgetIntent() appWidgetId : allWidget
05-29 03:20:28.068  4422  4422 I LStar|IsLockStarEnablePluginUsecase: execute
05-29 03:20:28.068  4422  4422 D LStar|IsLockStarEnablePluginUsecase: :: kotlinx.coroutines.flow.Q@b01959
05-29 03:20:28.068  4422  4422 I PluginFaceWidgetManager: isEditMode = false
05-29 03:20:28.069  4422  4422 I NowBarItemManager: getVisibleList isScreenTurnedOn = false / aodShowState false shouldControlScreenOff false visibleList size = 0
05-29 03:20:28.069  4422  4422 I LStar|IsLockStarEnablePluginUsecase: execute
05-29 03:20:28.069  4422  4422 D LStar|IsLockStarEnablePluginUsecase: :: kotlinx.coroutines.flow.Q@b01959
05-29 03:20:28.069  4422  4422 W View    : requestLayout() improperly called by com.android.systemui.qs.SecQSGradationDrawableView{592348b V.E...... ......I. 0,0-1080,332 #7f0a0a16 app:id/qs_gradation_view} during layout: running second layout pass
05-29 03:20:28.069  4422  4422 W View    : requestLayout() improperly called by android.widget.FrameLayout{9c4e968 V.E...... ......I. 0,0-1080,2340 #2} during layout: running second layout pass
05-29 03:20:28.069  4422  4422 W View    : requestLayout() improperly called by android.widget.FrameLayout{6654181 V.E...... ......I. 0,142-1080,2298 #7f0a0a14 app:id/qs_frame} during layout: running second layout pass
05-29 03:20:28.070  4422  4422 I SecKeyguardClockPositionAlgorithm: prepareClockContainerHeightChanging:
05-29 03:20:28.070  4422  4422 I LStar|IsLockStarEnablePluginUsecase: execute
05-29 03:20:28.070  4422  4422 D LStar|IsLockStarEnablePluginUsecase: :: kotlinx.coroutines.flow.Q@b01959
05-29 03:20:28.070  4422  4422 I PluginFaceWidgetManager: isEditMode = false
05-29 03:20:28.070  4422  4422 I NowBarItemManager: getVisibleList isScreenTurnedOn = false / aodShowState false shouldControlScreenOff false visibleList size = 0
05-29 03:20:28.070  4422  4422 I LStar|IsLockStarEnablePluginUsecase: execute
05-29 03:20:28.070  4422  4422 D LStar|IsLockStarEnablePluginUsecase: :: kotlinx.coroutines.flow.Q@b01959
05-29 03:20:28.070  4422  4422 I SecKeyguardClockPositionAlgorithm: prepareClockContainerHeightChanging:
05-29 03:20:28.070  4422  4422 I LStar|IsLockStarEnablePluginUsecase: execute
05-29 03:20:28.070  4422  4422 D LStar|IsLockStarEnablePluginUsecase: :: kotlinx.coroutines.flow.Q@b01959
05-29 03:20:28.070  4422  4422 I PluginFaceWidgetManager: isEditMode = false
05-29 03:20:28.070  4422  4422 I NowBarItemManager: getVisibleList isScreenTurnedOn = false / aodShowState false shouldControlScreenOff false visibleList size = 0
05-29 03:20:28.070  4422  4422 I LStar|IsLockStarEnablePluginUsecase: execute
05-29 03:20:28.070 12971 12971 I NearbyDiscovery: (REDACTED) FastPairDisplayObserver: %s -> %s
05-29 03:20:28.070  4422  4422 D LStar|IsLockStarEnablePluginUsecase: :: kotlinx.coroutines.flow.Q@b01959
05-29 03:20:28.070 26838 26838 I BatteryWidget/WidgetSettingsManager: getOrCreateWidgetSettings() return exist setting : 9
05-29 03:20:28.071  2878  7131 I ActivityManager: Changes in 1010115 11 to 19, 128 to 0
05-29 03:20:28.071 26838 26838 I BatteryWidget/GlanceBaseWidgetReceiver: updateGlanceAppWidget2(AppWidgetId(appWidgetId=9)) batteryInfo : [{"mAddress":"00:00:00:00:00:00","mBatteryLevel":78,"mDeviceName":"S23+ ╨┐╨╛╨╗╤М╨╖╨╛╨▓╨░╤В╨╡╨╗╤П ╨Ъ╨╛╨╜╤Б╤В╨░╨╜╤В╨╕╨╜","mDeviceType":2,"mExtraBatteryLevelCradle":-1,"mExtraBatteryLevelLeft":-1,"mExtraBatteryLevelRight":-1,"mIsCharging":true,"mIsChargingCradle":false,"mIsChargingLeft":false,"mIsChargingRight":false,"mParingTime":0}, {"mAddress":"54:0D:F9:C6:E0:E2","mBatteryLevel":60,"mDeviceName":"HUAWEI FreeBuds Pro","mDeviceType":1,"mExtraBatteryLevelCradle":-1,"mExtraBatteryLevelLeft":-1,"mExtraBatteryLevelRight":-1,"mIsCharging":false,"mIsChargingCradle":false,"mIsChargingLeft":false,"mIsChargingRight":false,"mParingTime":1780004587132}]com.samsung.android.settings.intelligence.widget.settings.WidgetSettings@a382be1
05-29 03:20:28.072 26838 26838 I GWT:AppWidgetReceiver: [intelligence] [appwidget-1.1.16] onReceive: action=com.samsung.android.settings.intelligence.ACTION_UPDATE_WIDGET_INTERNAL this=com.samsung.android.settings.intelligence.widget.GlanceListWidgetReceiver
05-29 03:20:28.072 26838 26838 D AppWidgetProvider: onReceive:com.samsung.android.settings.intelligence.ACTION_UPDATE_WIDGET_INTERNAL
05-29 03:20:28.072 26838 26838 I BatteryWidget/GlanceBaseWidgetReceiver: onReceive() action : com.samsung.android.settings.intelligence.ACTION_UPDATE_WIDGET_INTERNAL
05-29 03:20:28.072 26838 26838 I BatteryWidget/GlanceBaseWidgetReceiver: handleUpdateWidgetIntent() appWidgetId : allWidget
05-29 03:20:28.073 26838 26838 I GWT:AppWidgetReceiver: [intelligence] [appwidget-1.1.16] onReceive: action=com.samsung.android.settings.intelligence.ACTION_UPDATE_WIDGET_INTERNAL this=com.samsung.android.settings.intelligence.widget.CoverArcWidgetReceiver
05-29 03:20:28.074 26838 26838 D AppWidgetProvider: onReceive:com.samsung.android.settings.intelligence.ACTION_UPDATE_WIDGET_INTERNAL
05-29 03:20:28.074 26838 26838 I BatteryWidget/GlanceBaseWidgetReceiver: onReceive() action : com.samsung.android.settings.intelligence.ACTION_UPDATE_WIDGET_INTERNAL
05-29 03:20:28.074 26838 26838 I BatteryWidget/GlanceBaseWidgetReceiver: handleUpdateWidgetIntent() appWidgetId : allWidget
05-29 03:20:28.074  4422  4422 I AODUiController: onUIEvent : unknown component : 1202/0/0
05-29 03:20:28.074  4422  4422 I AODStarSettingsUtil: isAutoBrightnessEnabledtrue
05-29 03:20:28.074  4422  4422 I AOD_BRIGHTNESS@BrightnessManager: mCurrentBrightness : HighNit[true], NitMode[10NIT], isForceState[0, ForceStateReason[[], ], mAppliedBrightness[1]
05-29 03:20:28.074  4422  4422 I AOD_BRIGHTNESS@AlwaysOnDisplayEx: updateDozeBrightness: doze [65538] last [10NIT] change to [10NIT]
05-29 03:20:28.074  4422  4422 I AOD_WAKELOCK@WakeLockManager: acquireIfExists: tag - AOD_DRAW, timeout - 100, reason - set Doze Brightness updateDozeBrightness, wakeLock = WakeLock{d7415d2 held=false, refCount=0}
05-29 03:20:28.075  2878  7110 D PowerManagerService: [api] acquire WakeLock DRAW_WAKE_LOCK                    'AOD_DRAW' (uid=10040 pid=4422 displayId=0 lock=d990441)
05-29 03:20:28.075 26838 26838 I BatteryWidget/GlanceBaseWidgetReceiver: updateGlanceAppWidget3(AppWidgetId(appWidgetId=9)) call glanceAppwidget.update()
05-29 03:20:28.075  4422  4422 D DisplayLifecycle: updateDisplay id = 0
05-29 03:20:28.075  2878  7110 I AppWidgetServiceImpl: getAppWidgetInfo() 9, from 0
05-29 03:20:28.075  4422  4422 I Keyguard.AODTouchModeManager: onDisplayChanged newDisplayState=3, currentDisplayState=4, displayId=0
05-29 03:20:28.075  4422  4422 I AODTriggers: onAODEventDispatched = 4 / eventData = aod.e0@41e260
05-29 03:20:28.075  4422  4422 I AOD_LIVE_CLOCK@LiveClockController: updateDisplayState: DISPLAY_STATE_DOZE
05-29 03:20:28.075  4422  4422 I VRI[LockscreenShortcutBlur]@bedf641: onDisplayChanged oldDisplayState=4 newDisplayState=3
05-29 03:20:28.075  4422  4422 I VRI[NavigationBar0]@9d80c77: onDisplayChanged oldDisplayState=4 newDisplayState=3
05-29 03:20:28.076  4422  4422 I VRI[EdgeBackGestureHandler0]@51b2b14: onDisplayChanged oldDisplayState=4 newDisplayState=3
05-29 03:20:28.076  4422  4422 I VRI[NotificationShade]@9f81140: onDisplayChanged oldDisplayState=4 newDisplayState=3
05-29 03:20:28.076  4422  4422 I VRI[StatusBar]@5241204: onDisplayChanged oldDisplayState=4 newDisplayState=3
05-29 03:20:28.076  4422  4422 I VRI[Bouncer]@fc9e692: onDisplayChanged oldDisplayState=4 newDisplayState=3
05-29 03:20:28.076  4422  4422 I VRI[SecondaryHomeHandle0]@fd87ef6: onDisplayChanged oldDisplayState=4 newDisplayState=3
05-29 03:20:28.076 26838 26838 I GWT:AppWidgetReceiver: [intelligence] [appwidget-1.1.16] onReceive: action=com.samsung.android.settings.intelligence.ACTION_UPDATE_WIDGET_INTERNAL this=com.samsung.android.settings.intelligence.widget.CoverListWidgetReceiver
05-29 03:20:28.076 26838 26838 D AppWidgetProvider: onReceive:com.samsung.android.settings.intelligence.ACTION_UPDATE_WIDGET_INTERNAL
05-29 03:20:28.076 26838 26838 I BatteryWidget/GlanceBaseWidgetReceiver: onReceive() action : com.samsung.android.settings.intelligence.ACTION_UPDATE_WIDGET_INTERNAL
05-29 03:20:28.076 26838 26838 I BatteryWidget/GlanceBaseWidgetReceiver: handleUpdateWidgetIntent() appWidgetId : allWidget
05-29 03:20:28.078 26838 26838 I GWT:SessionManager: [intelligence] isSessionRunning(appWidget-9)==false(false, false)
05-29 03:20:28.078 26838 26838 W GWT:SessionManager: [intelligence] Update Requested on MAIN THREAD!! Use Dispatchers.Default instead Main. If DO NOT, it will cause ANR and update cancelled frequently
05-29 03:20:28.078 26838 26838 W GWT:SessionManager:     at androidx.glance.session.SessionManagerImpl$scope$1.isSessionRunning(SessionManager.kt:164)
05-29 03:20:28.078 26838 26838 W GWT:SessionManager:     at androidx.glance.session.SessionManagerImpl$scope$1$isSessionRunning$1.invokeSuspend(SessionManager.kt:0)
05-29 03:20:28.078 26838 26838 W GWT:SessionManager:     at kotlin.coroutines.jvm.internal.BaseContinuationImpl.resumeWith(ContinuationImpl.kt:33)
05-29 03:20:28.078 26838 26838 W GWT:SessionManager:     at kotlinx.coroutines.DispatchedTask.run(DispatchedTask.kt:100)
05-29 03:20:28.078 26838 26838 W GWT:SessionManager:     at android.os.Handler.handleCallback(Handler.java:995)
05-29 03:20:28.078 26838 26838 W GWT:SessionManager:     at android.os.Handler.dispatchMessage(Handler.java:103)
05-29 03:20:28.078 26838 26838 W GWT:SessionManager:     at android.os.Looper.loopOnce(Looper.java:273)
05-29 03:20:28.078 26838 26838 W GWT:SessionManager:     at android.os.Looper.loop(Looper.java:363)
05-29 03:20:28.078 26838 26838 W GWT:SessionManager:     at android.app.ActivityThread.main(ActivityThread.java:10060)
05-29 03:20:28.078 26838 26838 W GWT:SessionManager:     at java.lang.reflect.Method.invoke(Method.java:-2)
05-29 03:20:28.078 26838 26838 W GWT:SessionManager:     at com.android.internal.os.RuntimeInit$MethodAndArgsCaller.run(RuntimeInit.java:632)
05-29 03:20:28.078 26838 26838 W GWT:SessionManager:     at com.android.internal.os.ZygoteInit.main(ZygoteInit.java:975)
05-29 03:20:28.078 26838 26838 I GWT:AppWidget: [intelligence] Update AppWidgetId(appWidgetId=9) widget / isRunning : false
05-29 03:20:28.079  2878  7110 I ActivityManager: Changes in 10115 11 to 19, 128 to 0
05-29 03:20:28.088  1773  1937 I SDM     : DisplayBase::WaitForCompletion: Cached retire fence is in ready state
05-29 03:20:28.088  1773  1937 I SDM     : DisplayBase::GetPendingDisplayState: pending_power_state 3 for display 66-0
05-29 03:20:28.094 26838 26854 W JobInfo : Requested important-while-foreground flag for job121034 is ignored and takes no effect
05-29 03:20:28.096  2878  7110 I ActivityManager: Changes in 10115 19 to 8, 0 to 128
05-29 03:20:28.109 26838 26838 I GWT:SessionManager: [intelligence] startSession appWidget-9 ENQUEUED + RUNNING : 1 / 1
05-29 03:20:28.109 26838 26838 I BatteryWidget/GlanceBaseWidgetReceiver: complete update : id[9]
05-29 03:20:28.111 26838 26838 I GWT:SessionWorker: [intelligence] doWork appWidget-9 start 0
05-29 03:20:28.112 26838 26838 I GWT:GlanceStateDefinition: [intelligence] getDataStore: appWidget-9, file exist: true, PreferenceStateDefinition type: true
05-29 03:20:28.112  2878  7110 I AppWidgetServiceImpl: getAppWidgetInfo() 9, from 0
05-29 03:20:28.114 26838 26838 I GWT:GlobalSnapshotManager: [intelligence] GlobalSnapshotMonitor observes MutableState(value=androidx.compose.runtime.internal.ComposableLambdaImpl@b552ec1)@76200602
05-29 03:20:28.126  2994  3052 E AudioPathHelper: (Berry)(1.16)handleAudioPathTask() : can't get dual play mode - Need android.permission.BLUETOOTH_CONNECT permission for AttributionSource { uid = 1002, packageName = com.android.bluetooth, attributionTag = null, token = android.os.Binder@792f66, deviceId = 0, next = AttributionSource { uid = 10282, packageName = com.samsung.accessory.berrymgr, attributionTag = null, token = android.os.BinderProxy@79606b6, deviceId = 0, next = null } }: A2dpServiceBinder
05-29 03:20:28.176  2878  7110 D PowerManagerService: [api] release WakeLock DRAW_WAKE_LOCK                    'AOD_DRAW' ACQ=-100ms (uid=10040 pid=4422 displayId=0 lock=d990441)
05-29 03:20:28.212  4422  4453 I ndroid.systemui: Background young concurrent mark compact GC freed 42MB AllocSpace bytes, 109(3108KB) LOS objects, 46% free, 53MB/99MB, paused 402us,2.777ms total 151.834ms
05-29 03:20:28.213  1845  2185 I SurfaceFlinger: id=15619 Removed Surface(name=Task=1)/@0x6bcf05_transition-leash#15619 (178)
05-29 03:20:28.213  1845  2185 I SurfaceFlinger: id=15620 Removed Surface(name=WallpaperWindowToken{f3d5858 showWhenLocked=false})/@0x5c7018b_transition-leash#15620 (178)
05-29 03:20:28.213  1845  1957 I SurfaceFlinger: id=15621 Removed Surface(name=WallpaperWindowToken{e298759 showWhenLocked=false})/@0x4b63268_transition-leash#15621 (178)
05-29 03:20:28.215  1845  1957 I SurfaceFlinger: id=15656 Removed Surface(name=20fec1d com.example.my_vpn_client/com.example.my_vpn_client.MainActivity)/@0x483fd86 - animation-leash of starting_reveal#15656 (178)
05-29 03:20:28.221  1845  1845 I SurfaceFlinger: destroyed Surface(name=WallpaperWindowToken{f3d5858 showWhenLocked=false})/@0x5c7018b_transition-leash#15620 form LifecycleManager
05-29 03:20:28.221  1845  1845 I SurfaceFlinger: destroyed Surface(name=Task=1)/@0x6bcf05_transition-leash#15619 form LifecycleManager
05-29 03:20:28.221  1845  1845 I SurfaceFlinger: destroyed Surface(name=20fec1d com.example.my_vpn_client/com.example.my_vpn_client.MainActivity)/@0x483fd86 - animation-leash of starting_reveal#15656 form LifecycleManager
05-29 03:20:28.221  1845  1845 I SurfaceFlinger: destroyed Surface(name=WallpaperWindowToken{e298759 showWhenLocked=false})/@0x4b63268_transition-leash#15621 form LifecycleManager
05-29 03:20:28.221  1845  1845 I SurfaceFlinger: id=15620 onLayerDestroyed from LayerHierarchyBuilder(RequestedLayerState{Surface(name=WallpaperWindowToken{f3d5858 showWhenLocked=false})/@0x5c7018b_transition-leash#15620 !handle z=-2})
05-29 03:20:28.221  1845  1845 I SurfaceFlinger: id=15619 onLayerDestroyed from LayerHierarchyBuilder(RequestedLayerState{Surface(name=Task=1)/@0x6bcf05_transition-leash#15619 !handle z=4})
05-29 03:20:28.221  1845  1845 I SurfaceFlinger: id=15656 onLayerDestroyed from LayerHierarchyBuilder(RequestedLayerState{Surface(name=20fec1d com.example.my_vpn_client/com.example.my_vpn_client.MainActivity)/@0x483fd86 - animation-leash of starting_reveal#15656 !handle})
05-29 03:20:28.221  1845  1845 I SurfaceFlinger: id=15621 onLayerDestroyed from LayerHierarchyBuilder(RequestedLayerState{Surface(name=WallpaperWindowToken{e298759 showWhenLocked=false})/@0x4b63268_transition-leash#15621 !handle z=-7})
05-29 03:20:28.222  1845  1845 I Layer   : id=15620 Destroyed Surface(name=WallpaperWindowToken{f3d5858 showWhenLocked=false})/@0x5c7018b_transition-leash#15620
05-29 03:20:28.222  1845  1845 I Layer   : id=15619 Destroyed Surface(name=Task=1)/@0x6bcf05_transition-leash#15619
05-29 03:20:28.222  1845  1845 I Layer   : id=15656 Destroyed Surface(name=20fec1d com.example.my_vpn_client/com.example.my_vpn_client.MainActivity)/@0x483fd86 - animation-leash of starting_reveal#15656
05-29 03:20:28.222  1845  1845 I Layer   : id=15621 Destroyed Surface(name=WallpaperWindowToken{e298759 showWhenLocked=false})/@0x4b63268_transition-leash#15621
05-29 03:20:28.229  4422  4455 W System  : A resource failed to call release. 
05-29 03:20:28.229  4422  4455 W System  : A resource failed to call release. 
05-29 03:20:28.229  4422  4455 W System  : A resource failed to call release. 
05-29 03:20:28.235  2878  2878 I Telecom : SamsungTelecomServiceImpl : isInManagedCall - callingPackage : android / callingUser : UserHandle{0} / hasCrossUserAccess : true
05-29 03:20:28.240  4967  9581 I HoneySpace.NotificationListener: onNotificationPosted com.android.systemui: -1|com.android.systemui|2131364006|charging_state|10040: 0
05-29 03:20:28.240  4967  9581 I HoneySpace.NotificationListener: invalid notification: com.android.systemui UserHandle{-1}: canShowBadge is false
05-29 03:20:28.242  4967 17226 I HoneySpace.BadgeDataSourceImpl: Get notification count. PK(p='org.telegram.messenger', u=UserHandle{0}) - forceBadgeCount: false, notification listener: 3, badge provider: 18
05-29 03:20:28.243  8908 13653 I Notify_NotificPush: 1600103320|R|I|Start onNotificationPosted: StatusBarNotification(pkg=com.android.systemui user=UserHandle{-1} id=2131364006 tag=charging_state key=-1|com.android.systemui|2131364006|charging_state|10040: Notification(channel=CHR shortcut=null contentView=null vibrate=null sound=null defaults=0 flags=ONGOING_EVENT|ONLY_ALERT_ONCE color=0x00000000 category=sys groupKey=CHARGING vis=PUBLIC semFlags=0x0 semPriority=0 semMissedCount=0))
05-29 03:20:28.247  1837  1848 E HeatmapThread: ECT Thread time in milliseconds: 1780014028
05-29 03:20:28.248  8908 13653 W Notify_NotificPush: 1600103320|R|W|onNotificationPosted FILTERED because SUB_SWITCH_TURN_OFF,pkg=com.android.systemui
05-29 03:20:28.249  8908 13653 I Notify_NotificPush: 1600103320|R|I|com.android.systemui onNotificationPosted isMeetPushConditions?(false=filtered): false
05-29 03:20:28.249  1837  1848 D HeatmapThread: !@ batteryplugType : 2
05-29 03:20:28.249  8908 13625 I FormalHASDK: HAImpl==> onEvent. tag:_default_config_tag, type:1, eventId:85070006
05-29 03:20:28.249  1837  1848 D HeatmapThread: !@ batteryLevel : 78  batteryTemperature : 339 
05-29 03:20:28.249  1837  1848 D HeatmapThread: !@ Heatmap currtime: 29666900
05-29 03:20:28.249  1837  1848 D HeatmapThread: !@ Heatmap prevtime: 29666891
05-29 03:20:28.249  1837  1848 D HeatmapThread: !@ Heatmap plugstarttime: 29666846
05-29 03:20:28.249  1837  1848 D HeatmapThread: !@ Heatmap prevv_dsoh_update_time: 29666802
05-29 03:20:28.250  1837  1848 E HeatmapThread: !@ CAM New BSOH: 97
05-29 03:20:28.256  4422  4422 D SubscreenNotificationListCoordinator: onAfterRenderList() isSubScreen = false, pluginLockMode = 0, doNotShowOnCover = false
05-29 03:20:28.256  4422  4422 I LockscreenNotificationIconsOnlyController: onNotificationInfoUpdated 2
05-29 03:20:28.260  4422  4422 I AODNotificationManager: updateNotification() 
05-29 03:20:28.261  4422  4422 D PluginAODManager: onNotificationInfoUpdated() 2
05-29 03:20:28.262  4422  4422 D PluginAODManager: onNotificationInfoUpdated() 0|org.telegram.messenger|828018311|null|10336
05-29 03:20:28.262  4422  4422 D PluginAODManager: onNotificationInfoUpdated() -1|android|27|null|1000
05-29 03:20:28.262  4422  4422 I AODNotificationManager: updateVisibleNotifications: 2
05-29 03:20:28.272  4422  4422 I SecKeyguardClockPositionAlgorithm: prepareClockContainerHeightChanging:
05-29 03:20:28.272  4422  4422 I LStar|IsLockStarEnablePluginUsecase: execute
05-29 03:20:28.272  4422  4422 D LStar|IsLockStarEnablePluginUsecase: :: kotlinx.coroutines.flow.Q@b01959
05-29 03:20:28.272  4422  4422 I PluginFaceWidgetManager: isEditMode = false
05-29 03:20:28.273  4422  4422 I NowBarItemManager: getVisibleList isScreenTurnedOn = false / aodShowState false shouldControlScreenOff false visibleList size = 0
05-29 03:20:28.273  4422  4422 I LStar|IsLockStarEnablePluginUsecase: execute
05-29 03:20:28.273  4422  4422 D LStar|IsLockStarEnablePluginUsecase: :: kotlinx.coroutines.flow.Q@b01959
05-29 03:20:28.273  4422  4422 I SecKeyguardClockPositionAlgorithm: prepareClockContainerHeightChanging:
05-29 03:20:28.274  4422  4422 I LStar|IsLockStarEnablePluginUsecase: execute
05-29 03:20:28.274  4422  4422 D LStar|IsLockStarEnablePluginUsecase: :: kotlinx.coroutines.flow.Q@b01959
05-29 03:20:28.274  4422  4422 I PluginFaceWidgetManager: isEditMode = false
05-29 03:20:28.274  4422  4422 I NowBarItemManager: getVisibleList isScreenTurnedOn = false / aodShowState false shouldControlScreenOff false visibleList size = 0
05-29 03:20:28.274  4422  4422 I LStar|IsLockStarEnablePluginUsecase: execute
05-29 03:20:28.274  4422  4422 D LStar|IsLockStarEnablePluginUsecase: :: kotlinx.coroutines.flow.Q@b01959
05-29 03:20:28.312 26838 26838 I GWT:AppWidgetSession: [intelligence] widget-AppWidgetId(appWidgetId=9) collectAsState androidx.compose.runtime.internal.ComposableLambdaImpl@b552ec1
05-29 03:20:28.312 26838 26838 I GWT:AppWidgetUtils: [intelligence] [common-1.1.16] 9-widget size dp: w=322.13333 h=66.13333, px: w=906.0.px h=186.0.px
05-29 03:20:28.312 26838 26838 I GWT:AppWidgetUtils: [intelligence] mode=widesmall from options
05-29 03:20:28.313 26838 26838 I GWT:TemplateAppWidget: [intelligence] [template-1.1.17] provideContent: widgetId=AppWidgetId(appWidgetId=9), dpsize=322.13333.dp x 66.13333.dp, size=widesmall, style=colorful, host=Home, iconLabelOn=false, widgetLabelOn=false, deviceType=phone
05-29 03:20:28.313 26838 26838 I BatteryWidget/BaseWidget: TemplateContent(AppWidgetId(appWidgetId=9)) type : Home, size : widesmall
05-29 03:20:28.315 26838 26838 I BatteryWidget/WidgetSettingsManager: getOrCreateWidgetSettings() return exist setting : 9
05-29 03:20:28.316 26838 26838 I BatteryWidget/DeviceInfoManager: [9] DeviceInfoManager() widgetType : 0 / auto : false / presetDeviceName : null / mDeviceCountLimit : 4
05-29 03:20:28.316 26838 26838 D BatteryWidget/WidgetUtils: isNightMode : true
05-29 03:20:28.317 26838 26838 D BatteryWidget/WidgetUtils: isNightMode : true
05-29 03:20:28.317 26838 26838 W BatteryWidget/CommonTypeConverter: getDeviceType() Unsupported type : 1
05-29 03:20:28.317 26838 26838 I BatteryWidget/DeviceInfoManager: [9] getConnectedDevices() raw : 2 converted : 2
05-29 03:20:28.317 26838 26838 I BatteryWidget/DeviceInfoManager: [9] sortDevices() widgetType : 0 / size : 2
05-29 03:20:28.317 26838 26838 I BatteryWidget/DeviceInfoManager: [9] loadConnectedDevices after :  DeviceInfo{mID='XX:XX:XX:XX:00:00', mDeviceName='S23+ ╨┐╨╛╨╗╤М╨╖╨╛╨▓╨░╤В╨╡╨╗╤П ╨Ъ╨╛╨╜╤Б╤В╨░╨╜╤В╨╕╨╜', mDeviceType =0, mBatteryLevel=78, mIsCharging=true, mOrder=1, mIsDimChart=false, mParingTime =0}
05-29 03:20:28.317 26838 26838 I BatteryWidget/DeviceInfoManager: [9] loadConnectedDevices after :  DeviceInfo{mID='XX:XX:XX:XX:E0:E2', mDeviceName='HUAWEI FreeBuds Pro', mDeviceType =9, mBatteryLevel=60, mIsCharging=false, mOrder=4, mIsDimChart=false, mParingTime =1780004587132}
05-29 03:20:28.317 26838 26838 I BatteryWidget/DeviceInfoManager: [9] decorateDevices() 2
05-29 03:20:28.317 26838 26838 I BatteryWidget/DeviceInfoManager: [9] fillDimChart() dimGridCount : 2 / 4
05-29 03:20:28.317 26838 26838 I BatteryWidget/BaseWidget: TemplateContent(AppWidgetId(appWidgetId=9)) call MainContent
05-29 03:20:28.319 26838 26838 I BatteryWidget/WidgetSettingsManager: getOrCreateWidgetSettings() return exist setting : 9
05-29 03:20:28.319 26838 26838 D BatteryWidget/WidgetUtils: isNightMode : true
05-29 03:20:28.319 26838 26838 D BatteryWidget/WidgetUtils: isNightMode : true
05-29 03:20:28.320 26838 26838 I GlanceTemplate: [intelligence] appWidgetDescription=true, appWidgetBackground=color, shape=none, appWidgetLabel=true, colors=ColorProviders(primary=[fixedColor=ff00dd7a], onPrimary=[fixedColor=fffcfcff], primaryContainer=[fixedColor=33ffffff], onPrimaryContainer=[fixedColor=ffff00ff], background=[fixedColor=7f010102], onBackground=[fixedColor=fffcfcff], surface=[fixedColor=0], onSurface=[fixedColor=ffff00ff], surfaceVariant=[fixedColor=ffff00ff], onSurfaceVariant=[fixedColor=ffff00ff], inverseOnSurface=[fixedColor=ffff00ff], inverseSurface=[fixedColor=ffff00ff]
05-29 03:20:28.320 26838 26838 D BatteryWidget/ArcContent: MainContent(AppWidgetId(appWidgetId=9)): Shape : color, shape=none
05-29 03:20:28.320 26838 26838 D BatteryWidget/WidgetUtils: isNightMode : true
05-29 03:20:28.320 26838 26838 D BatteryWidget/ArcContent: MainContent(AppWidgetId(appWidgetId=9)): DeviceInfo{mID='XX:XX:XX:XX:00:00', mDeviceName='S23+ ╨┐╨╛╨╗╤М╨╖╨╛╨▓╨░╤В╨╡╨╗╤П ╨Ъ╨╛╨╜╤Б╤В╨░╨╜╤В╨╕╨╜', mDeviceType =0, mBatteryLevel=78, mIsCharging=true, mOrder=1, mIsDimChart=false, mParingTime =0}
05-29 03:20:28.320 26838 26838 D BatteryWidget/WidgetUtils: isNightMode : true
05-29 03:20:28.320 26838 26838 D BatteryWidget/ArcContent: MainContent(AppWidgetId(appWidgetId=9)): DeviceInfo{mID='XX:XX:XX:XX:E0:E2', mDeviceName='HUAWEI FreeBuds Pro', mDeviceType =9, mBatteryLevel=60, mIsCharging=false, mOrder=4, mIsDimChart=false, mParingTime =1780004587132}
05-29 03:20:28.320 26838 26838 D BatteryWidget/WidgetUtils: isNightMode : true
05-29 03:20:28.320 26838 26838 D BatteryWidget/ArcContent: MainContent(AppWidgetId(appWidgetId=9)): DeviceInfo{mID='', mDeviceName='null', mDeviceType =0, mBatteryLevel=0, mIsCharging=false, mOrder=2147483647, mIsDimChart=true, mParingTime =0}
05-29 03:20:28.320 26838 26838 D BatteryWidget/WidgetUtils: isNightMode : true
05-29 03:20:28.321 26838 26838 D BatteryWidget/ArcContent: MainContent(AppWidgetId(appWidgetId=9)): DeviceInfo{mID='', mDeviceName='null', mDeviceType =0, mBatteryLevel=0, mIsCharging=false, mOrder=2147483647, mIsDimChart=true, mParingTime =0}
05-29 03:20:28.335 26838 26838 I GWT:TemplateAppWidget: [intelligence] provideGlance AppWidgetId(appWidgetId=9) elapsed : 23 ms
05-29 03:20:28.336 26838 26838 I GWT:AppWidgetSession: [intelligence] processEmittableTree / AppWidgetId(appWidgetId=9) / main
05-29 03:20:28.336 26838 26838 I GWT:GlanceStateDefinition: [intelligence] getDataStore: appWidgetLayout-9, file exist: true, PreferenceStateDefinition type: false
05-29 03:20:28.337  2878  7110 I AppWidgetServiceImpl: getAppWidgetInfo() 9, from 0
05-29 03:20:28.347 26838 26838 I GWT:AppWidgetSession: [intelligence] UpdateAppWidget / 9, android.widget.RemoteViews@36d21a1 / lastViewId : 63
05-29 03:20:28.347 26838 26838 I AppWidgetManager: updateAppWidget() appWidgetIds = [9]
05-29 03:20:28.349  2878  7110 I AppWidgetServiceImpl: Null RemoteViews on updateAppWidgetIds
05-29 03:20:28.349 26838 26838 I GWT:GlanceStateDefinition: [intelligence] getDataStore: appWidgetLayout-9, file exist: true, PreferenceStateDefinition type: false
05-29 03:20:28.350 26838 26838 I GWT:GlanceSession: [intelligence] receiveEvents : capacity=2147483647,data=[]
05-29 03:20:28.351  2297  3315 I bauth_FPBAuthService: pcf : 0x1012, 0 ,1 ,0 ,1 ,0 ,0, 16.0.0.0
05-29 03:20:28.351  2297  3315 I bauth_FPBAuthService: thread id : 1, preenroll_flag : 0, nd cnt : 0, cso : 0, et : 0
05-29 03:20:28.351  2297  3315 I bauth_FPBAuthService: FPBAuthService::timerHandler complete
05-29 03:20:28.440  4422  4422 D Bubbles : onEntryUpdated : shouldBubbleUp=true ,key=-1|com.android.systemui|2131364006|charging_state|10040
05-29 03:20:28.440  4422  4422 D InterruptionStateProvider:  no Heads up : edgelighting enabled app. -1|com.android.systemui|2131364006|charging_state|10040
05-29 03:20:28.441  4422  4422 I {OngoingActivityController}: onEntryUpdated and OA data is empty. So update latest task info
05-29 03:20:28.442  4422  4422 D PluginAODManager: onEntryUpdated: 
05-29 03:20:28.457  4422  4422 D SubscreenNotificationListCoordinator: onAfterRenderList() isSubScreen = false, pluginLockMode = 0, doNotShowOnCover = false
05-29 03:20:28.458  4422  4422 I LockscreenNotificationIconsOnlyController: onNotificationInfoUpdated 2
05-29 03:20:28.458  4422  4422 I AODNotificationManager: updateNotification() 
05-29 03:20:28.459  4422  4422 D PluginAODManager: onNotificationInfoUpdated() 2
05-29 03:20:28.459  4422  4422 D PluginAODManager: onNotificationInfoUpdated() 0|org.telegram.messenger|828018311|null|10336
05-29 03:20:28.459  4422  4422 D PluginAODManager: onNotificationInfoUpdated() -1|android|27|null|1000
05-29 03:20:28.459  4422  4422 I AODNotificationManager: updateVisibleNotifications: 2
05-29 03:20:28.473  4422  4422 I SecKeyguardClockPositionAlgorithm: prepareClockContainerHeightChanging:
05-29 03:20:28.473  4422  4422 I LStar|IsLockStarEnablePluginUsecase: execute
05-29 03:20:28.473  4422  4422 D LStar|IsLockStarEnablePluginUsecase: :: kotlinx.coroutines.flow.Q@b01959
05-29 03:20:28.473  4422  4422 I PluginFaceWidgetManager: isEditMode = false
05-29 03:20:28.473  4422  4422 I NowBarItemManager: getVisibleList isScreenTurnedOn = false / aodShowState false shouldControlScreenOff false visibleList size = 0
05-29 03:20:28.473  4422  4422 I LStar|IsLockStarEnablePluginUsecase: execute
05-29 03:20:28.473  4422  4422 D LStar|IsLockStarEnablePluginUsecase: :: kotlinx.coroutines.flow.Q@b01959
05-29 03:20:28.474  4422  4422 I SecKeyguardClockPositionAlgorithm: prepareClockContainerHeightChanging:
05-29 03:20:28.474  4422  4422 I LStar|IsLockStarEnablePluginUsecase: execute
05-29 03:20:28.474  4422  4422 D LStar|IsLockStarEnablePluginUsecase: :: kotlinx.coroutines.flow.Q@b01959
05-29 03:20:28.474  4422  4422 I PluginFaceWidgetManager: isEditMode = false
05-29 03:20:28.474  4422  4422 I NowBarItemManager: getVisibleList isScreenTurnedOn = false / aodShowState false shouldControlScreenOff false visibleList size = 0
05-29 03:20:28.474  4422  4422 I LStar|IsLockStarEnablePluginUsecase: execute
