05-29 03:20:38.205  2878  3970 D SemInputDeviceManagerService: setDisplayState[1] LATE: DOZE(3) -> DOZE(3)
05-29 03:20:38.205  2878  3970 D LocalDisplayAdapter: notifyStateChangeFinish: com.samsung.android.hardware.secinputdev.external.DisplayStateListenerWrapper$1@1245fd9 took 0 ms
05-29 03:20:38.206  2878  3970 D LocalDisplayAdapter: notifyStateChangeFinish: com.android.server.biometrics.SemBiometricDisplayStateMonitor@a58e539 took 0 ms
05-29 03:20:38.206  2878  3970 D LocalDisplayAdapter: notifyStateChangeFinish: com.android.server.display.mode.RefreshRateModeManager$1@e7f6d88 took 0 ms
05-29 03:20:38.206  2878  3781 I SemBiometricDisplayStateMonitor: DisplayStateListener#onFinish : DOZE, DOZE, DEFAULT_DISPLAY
05-29 03:20:38.206  4422  4422 I SecKeyguardClockPositionAlgorithm: prepareClockContainerHeightChanging:
05-29 03:20:38.207  4422  4635 D StackScroller: onDisplayChanged for predraw skip to 3
05-29 03:20:38.207  4422  4422 I LStar|IsLockStarEnablePluginUsecase: execute
05-29 03:20:38.207  4422  4422 D LStar|IsLockStarEnablePluginUsecase: :: kotlinx.coroutines.flow.Q@b01959
05-29 03:20:38.207  4422  4422 I PluginFaceWidgetManager: isEditMode = false
05-29 03:20:38.207  4422  4422 I NowBarItemManager: getVisibleList isScreenTurnedOn = false / aodShowState false shouldControlScreenOff false visibleList size = 0
05-29 03:20:38.207  6852  6852 I VRI[InputMethod]@8aae3bf: onDisplayChanged oldDisplayState=4 newDisplayState=3
05-29 03:20:38.207 11142 11142 I VRI[MainActivity]@6a965a0: onDisplayChanged oldDisplayState=4 newDisplayState=3
05-29 03:20:38.208  4422  4422 I LStar|IsLockStarEnablePluginUsecase: execute
05-29 03:20:38.208  4422  4422 D LStar|IsLockStarEnablePluginUsecase: :: kotlinx.coroutines.flow.Q@b01959
05-29 03:20:38.208  2878  3751 D SemInputDevice:TSP: ActivateTask: 3,1 [05-29 03:20:38.205]
05-29 03:20:38.208  2878  3307 D DisplayPowerController[0]: setActualDisplayState: DOZE_SUSPEND -> DOZE
05-29 03:20:38.208  2878  3307 D DisplayPowerController[0]: animateScreenStateChange: target=DOZE, mIsEnabled=true
05-29 03:20:38.209 13016 13016 I VRI[FP Iconview]@85becc5: onDisplayChanged oldDisplayState=4 newDisplayState=3
05-29 03:20:38.209  2878  3307 D BrightnessThermalClamper: Thermal status observer already started
05-29 03:20:38.209  2878  3307 D DisplayPowerController[0]: animateScreenStateChange: target=DOZE, mIsEnabled=true
05-29 03:20:38.210  2878  3307 D PowerManagerService: displayReady: true groupId=0
05-29 03:20:38.210  1845  1845 D SurfaceFlinger: GPIS:: requestGPISForClientComposition
05-29 03:20:38.210  2878  3307 D PowerManagerService: [PWL] sb release: PowerManagerService.Display
05-29 03:20:38.210  1785  1785 I sysinput:Touch: activate:96, 3,1 OK
05-29 03:20:38.211  4422  4422 I SecKeyguardClockPositionAlgorithm: prepareClockContainerHeightChanging:
05-29 03:20:38.211  2878  3751 D SysinputHAL_V1_3(V1_2): setTspEnable(TSP(1)),3,false ret=0
05-29 03:20:38.211  4422  4422 I LStar|IsLockStarEnablePluginUsecase: execute
05-29 03:20:38.211  4422  4422 D LStar|IsLockStarEnablePluginUsecase: :: kotlinx.coroutines.flow.Q@b01959
05-29 03:20:38.211  1773  2103 I SDM     : ToneMappingCore::set_default_vals():851 Initial enablement signals - bypass adaptive TM: 0, actual panel luma usage: 1, temporal filtering of dynamic meta data: 1, histTM enable: 1, static meta data usage: 1
05-29 03:20:38.211  1773  2103 I SDM     : HdrAlgorithm::SetXMLParameters():278 Override enablement signals - bypass adaptive TM: 0, bypass sdr dimming: 1
05-29 03:20:38.211  4422  4422 I PluginFaceWidgetManager: isEditMode = false
05-29 03:20:38.211  4422  4422 I NowBarItemManager: getVisibleList isScreenTurnedOn = false / aodShowState false shouldControlScreenOff false visibleList size = 0
05-29 03:20:38.211  4422  4422 I LStar|IsLockStarEnablePluginUsecase: execute
05-29 03:20:38.212  4422  4422 D LStar|IsLockStarEnablePluginUsecase: :: kotlinx.coroutines.flow.Q@b01959
05-29 03:20:38.212  4422  4553 I VRI[ShellDropTarget]@c8b8607: onDisplayChanged oldDisplayState=4 newDisplayState=3
05-29 03:20:38.212  4422  4553 I VRI[View root of ReusableWindowDecorViewHost#0]@d47a678: onDisplayChanged oldDisplayState=4 newDisplayState=3
05-29 03:20:38.212  4422  4553 I VRI[View root of ReusableWindowDecorViewHost#1]@d8221bc: onDisplayChanged oldDisplayState=4 newDisplayState=3
05-29 03:20:38.212  2878  4676 D WifiDisplayAdapter: isFitToActiveDisplayLocked : false
05-29 03:20:38.213  1773  1937 I SDM     : DisplayBase::WaitForCompletion: Wait for cached retire fence to be in steady state
05-29 03:20:38.213 13016 13016 I BSS_DisplayStateManager: handleDisplayStateChanged: DOZE_SUSPEND -> DOZE
05-29 03:20:38.214  1845  5471 D NativeSemDvfsManager: acquire:: timeout = 2000 mIsAcquired = 1  mTagName : SurfaceFlinger 
05-29 03:20:38.215  1845  5471 E NativeCustomFrequencyManager: [NativeCFMS] BpCustomFrequencyManager::acquire()
05-29 03:20:38.215  1729  1843 I HYPER-HAL: [RequestManager.cpp]acquire(): Acquired ID : 4049435  [1845 / 1000]    HINT : SF_GPU_MINLOCK    list : [TIMEOUT / 2000] 
05-29 03:20:38.215  4967  8649 I HoneySpace.Memory-Monitor: current state = 3, didTrim = true
05-29 03:20:38.215  4967  4967 I VRI[LauncherActivity]@3ece68a: onDisplayChanged oldDisplayState=4 newDisplayState=3
05-29 03:20:38.215  4967  4967 I VRI[RecentsTransitionOverlay]@d6f0b5e: onDisplayChanged oldDisplayState=4 newDisplayState=3
05-29 03:20:38.216  4967  4967 I VRI[RecentsActivity]@30e30ce: onDisplayChanged oldDisplayState=4 newDisplayState=3
05-29 03:20:38.218  4422  4422 I AODUiController: onUIEvent : unknown component : 1202/0/0
05-29 03:20:38.218  4422  4422 I AODStarSettingsUtil: isAutoBrightnessEnabledtrue
05-29 03:20:38.218  4422  4422 I AOD_BRIGHTNESS@BrightnessManager: mCurrentBrightness : HighNit[true], NitMode[2NIT], isForceState[0, ForceStateReason[[], ], mAppliedBrightness[0]
05-29 03:20:38.218  4422  4422 I AOD_BRIGHTNESS@AlwaysOnDisplayEx: updateDozeBrightness: doze [65538] last [2NIT] change to [2NIT]
05-29 03:20:38.218  4422  4422 I AOD_WAKELOCK@WakeLockManager: acquireIfExists: tag - AOD_DRAW, timeout - 100, reason - set Doze Brightness updateDozeBrightness, wakeLock = WakeLock{d7415d2 held=false, refCount=0}
05-29 03:20:38.219  2878  4597 D PowerManagerService: [api] acquire WakeLock DRAW_WAKE_LOCK                    'AOD_DRAW' (uid=10040 pid=4422 displayId=0 lock=d990441)
05-29 03:20:38.219  4422  4422 D DisplayLifecycle: updateDisplay id = 0
05-29 03:20:38.219  4422  4422 I Keyguard.AODTouchModeManager: onDisplayChanged newDisplayState=3, currentDisplayState=4, displayId=0
05-29 03:20:38.220  4422  4422 I AODTriggers: onAODEventDispatched = 4 / eventData = aod.e0@fbeebd6
05-29 03:20:38.220  4422  4422 I AOD_LIVE_CLOCK@LiveClockController: updateDisplayState: DISPLAY_STATE_DOZE
05-29 03:20:38.220  4422  4422 I VRI[LockscreenShortcutBlur]@bedf641: onDisplayChanged oldDisplayState=4 newDisplayState=3
05-29 03:20:38.220  4422  4422 I VRI[NavigationBar0]@9d80c77: onDisplayChanged oldDisplayState=4 newDisplayState=3
05-29 03:20:38.220  4422  4422 I VRI[EdgeBackGestureHandler0]@51b2b14: onDisplayChanged oldDisplayState=4 newDisplayState=3
05-29 03:20:38.220  4422  4422 I VRI[NotificationShade]@9f81140: onDisplayChanged oldDisplayState=4 newDisplayState=3
05-29 03:20:38.220  4422  4422 I VRI[StatusBar]@5241204: onDisplayChanged oldDisplayState=4 newDisplayState=3
05-29 03:20:38.220  4422  4422 I VRI[Bouncer]@fc9e692: onDisplayChanged oldDisplayState=4 newDisplayState=3
05-29 03:20:38.220  4422  4422 I VRI[SecondaryHomeHandle0]@fd87ef6: onDisplayChanged oldDisplayState=4 newDisplayState=3
05-29 03:20:38.222 12971 12971 I NearbyDiscovery: (REDACTED) FastPairDisplayObserver: %s -> %s
05-29 03:20:38.234  1773  1937 I SDM     : DisplayBase::WaitForCompletion: Cached retire fence is in ready state
05-29 03:20:38.234  1773  1937 I SDM     : DisplayBase::GetPendingDisplayState: pending_power_state 3 for display 66-0
05-29 03:20:38.247  1837  1848 E HeatmapThread: ECT Thread time in milliseconds: 1780014038
05-29 03:20:38.250  1837  1848 D HeatmapThread: !@ batteryplugType : 2
05-29 03:20:38.250  1837  1848 D HeatmapThread: !@ batteryLevel : 78  batteryTemperature : 339 
05-29 03:20:38.250  1837  1848 D HeatmapThread: !@ Heatmap currtime: 29666900
05-29 03:20:38.250  1837  1848 D HeatmapThread: !@ Heatmap prevtime: 29666891
05-29 03:20:38.251  1837  1848 D HeatmapThread: !@ Heatmap plugstarttime: 29666846
05-29 03:20:38.251  1837  1848 D HeatmapThread: !@ Heatmap prevv_dsoh_update_time: 29666802
05-29 03:20:38.251  1837  1848 E HeatmapThread: !@ CAM New BSOH: 97
05-29 03:20:38.320  2878  7110 D PowerManagerService: [api] release WakeLock DRAW_WAKE_LOCK                    'AOD_DRAW' ACQ=-100ms (uid=10040 pid=4422 displayId=0 lock=d990441)
05-29 03:20:38.363  2297  3315 I bauth_FPBAuthService: pcf : 0x1012, 0 ,1 ,0 ,1 ,0 ,0, 16.0.0.0
05-29 03:20:38.363  2297  3315 I bauth_FPBAuthService: thread id : 1, preenroll_flag : 0, nd cnt : 0, cso : 0, et : 0
05-29 03:20:38.363  2297  3315 I bauth_FPBAuthService: FPBAuthService::timerHandler complete
05-29 03:20:38.397  2878  2878 I Telecom : SamsungTelecomServiceImpl : isInManagedCall - callingPackage : android / callingUser : UserHandle{0} / hasCrossUserAccess : true
05-29 03:20:38.403  4967  9581 I HoneySpace.NotificationListener: onNotificationPosted com.android.systemui: -1|com.android.systemui|2131364006|charging_state|10040: 0
05-29 03:20:38.404  4967  9581 I HoneySpace.NotificationListener: invalid notification: com.android.systemui UserHandle{-1}: canShowBadge is false
05-29 03:20:38.405  4967 22319 I HoneySpace.BadgeDataSourceImpl: Get notification count. PK(p='org.telegram.messenger', u=UserHandle{0}) - forceBadgeCount: false, notification listener: 3, badge provider: 18
05-29 03:20:38.405  8908 13664 I Notify_NotificPush: 1600103320|R|I|Start onNotificationPosted: StatusBarNotification(pkg=com.android.systemui user=UserHandle{-1} id=2131364006 tag=charging_state key=-1|com.android.systemui|2131364006|charging_state|10040: Notification(channel=CHR shortcut=null contentView=null vibrate=null sound=null defaults=0 flags=ONGOING_EVENT|ONLY_ALERT_ONCE color=0x00000000 category=sys groupKey=CHARGING vis=PUBLIC semFlags=0x0 semPriority=0 semMissedCount=0))
