05-29 03:20:28.474  4422  4422 D LStar|IsLockStarEnablePluginUsecase: :: kotlinx.coroutines.flow.Q@b01959
05-29 03:20:28.476  4422  5017 D LocalImageResolver: Couldn't use ImageDecoder for drawable, falling back to non-resized load.
05-29 03:20:28.476  4422  5017 D LocalImageResolver: Couldn't use ImageDecoder for drawable, falling back to non-resized load.
05-29 03:20:28.478  4422  4422 D LocalImageResolver: Couldn't use ImageDecoder for drawable, falling back to non-resized load.
05-29 03:20:28.487  4422  4422 D ExpandableNotifRow: mMaxSmallHeight different before reInflateViews mMaxSmallHeight: 203 mTempSmallHeight:0 -1|com.android.systemui|2131364006|charging_state|10040
05-29 03:20:28.487  4422  4422 D ExpandableNotifRow: mMaxSmallHeight different before reInflateViews mMaxSmallHeight: 203 mTempSmallHeight:0 -1|com.android.systemui|2131364006|charging_state|10040
05-29 03:20:28.487  4422  4422 D ExpandableNotifRow: mMaxSmallHeight different before reInflateViews mMaxSmallHeight: 203 mTempSmallHeight:0 -1|com.android.systemui|2131364006|charging_state|10040
05-29 03:20:28.487  4422  4422 D ExpandableNotifRow: mMaxSmallHeight different before reInflateViews mMaxSmallHeight: 203 mTempSmallHeight:0 -1|com.android.systemui|2131364006|charging_state|10040
05-29 03:20:28.489  4422  4422 D S.S.N.  : entryViewBound parent :-1|com.android.systemui|2131364006|charging_state|10040
05-29 03:20:28.490  4422  4422 D LocalImageResolver: Couldn't use ImageDecoder for drawable, falling back to non-resized load.
05-29 03:20:28.506  4422  4422 D SubscreenNotificationListCoordinator: onAfterRenderList() isSubScreen = false, pluginLockMode = 0, doNotShowOnCover = false
05-29 03:20:28.507  4422  4422 I LockscreenNotificationIconsOnlyController: onNotificationInfoUpdated 2
05-29 03:20:28.507  4422  4422 I AODNotificationManager: updateNotification() 
05-29 03:20:28.508  4422  4422 D PluginAODManager: onNotificationInfoUpdated() 2
05-29 03:20:28.508  4422  4422 D PluginAODManager: onNotificationInfoUpdated() 0|org.telegram.messenger|828018311|null|10336
05-29 03:20:28.508  4422  4422 D PluginAODManager: onNotificationInfoUpdated() -1|android|27|null|1000
05-29 03:20:28.508  4422  4422 I AODNotificationManager: updateVisibleNotifications: 2
05-29 03:20:28.524  4422  4422 I SecKeyguardClockPositionAlgorithm: prepareClockContainerHeightChanging:
05-29 03:20:28.524  4422  4422 I LStar|IsLockStarEnablePluginUsecase: execute
05-29 03:20:28.524  4422  4422 D LStar|IsLockStarEnablePluginUsecase: :: kotlinx.coroutines.flow.Q@b01959
05-29 03:20:28.524  4422  4422 I PluginFaceWidgetManager: isEditMode = false
05-29 03:20:28.525  4422  4422 I NowBarItemManager: getVisibleList isScreenTurnedOn = false / aodShowState false shouldControlScreenOff false visibleList size = 0
05-29 03:20:28.525  4422  4422 I LStar|IsLockStarEnablePluginUsecase: execute
05-29 03:20:28.525  4422  4422 D LStar|IsLockStarEnablePluginUsecase: :: kotlinx.coroutines.flow.Q@b01959
05-29 03:20:28.526  4422  4422 I SecKeyguardClockPositionAlgorithm: prepareClockContainerHeightChanging:
05-29 03:20:28.526  4422  4422 I LStar|IsLockStarEnablePluginUsecase: execute
05-29 03:20:28.526  4422  4422 D LStar|IsLockStarEnablePluginUsecase: :: kotlinx.coroutines.flow.Q@b01959
05-29 03:20:28.526  4422  4422 I PluginFaceWidgetManager: isEditMode = false
05-29 03:20:28.526  4422  4422 I NowBarItemManager: getVisibleList isScreenTurnedOn = false / aodShowState false shouldControlScreenOff false visibleList size = 0
05-29 03:20:28.527  4422  4422 I LStar|IsLockStarEnablePluginUsecase: execute
05-29 03:20:28.527  4422  4422 D LStar|IsLockStarEnablePluginUsecase: :: kotlinx.coroutines.flow.Q@b01959
05-29 03:20:29.049  1845  2127 D Scheduler: displayPowerTimerCallback ExpiredDisplayPowerTimer: 1
05-29 03:20:29.083  1156  1156 D io_stats: !@   8,0 r 27579060 455385742 w 4495168 83594940 d 788690 316368984 f 120214 490817 iot 7654904 0 th 0 0 0 pt 0 inp 0 0 57032.450
05-29 03:20:29.132  2994  3052 E AudioPathHelper: (Berry)(1.16)handleAudioPathTask() : can't get dual play mode - Need android.permission.BLUETOOTH_CONNECT permission for AttributionSource { uid = 1002, packageName = com.android.bluetooth, attributionTag = null, token = android.os.Binder@792f66, deviceId = 0, next = AttributionSource { uid = 10282, packageName = com.samsung.accessory.berrymgr, attributionTag = null, token = android.os.BinderProxy@79606b6, deviceId = 0, next = null } }: A2dpServiceBinder
05-29 03:20:29.247  1837  1848 E HeatmapThread: ECT Thread time in milliseconds: 1780014029
05-29 03:20:29.251  1837  1848 D HeatmapThread: !@ batteryplugType : 2
05-29 03:20:29.251  1837  1848 D HeatmapThread: !@ batteryLevel : 78  batteryTemperature : 339 
05-29 03:20:29.251  1837  1848 D HeatmapThread: !@ Heatmap currtime: 29666900
05-29 03:20:29.251  1837  1848 D HeatmapThread: !@ Heatmap prevtime: 29666891
05-29 03:20:29.251  1837  1848 D HeatmapThread: !@ Heatmap plugstarttime: 29666846
05-29 03:20:29.251  1837  1848 D HeatmapThread: !@ Heatmap prevv_dsoh_update_time: 29666802
05-29 03:20:29.252  1837  1848 E HeatmapThread: !@ CAM New BSOH: 97
05-29 03:20:29.352  2297  3315 I bauth_FPBAuthService: pcf : 0x1012, 0 ,1 ,0 ,1 ,0 ,0, 16.0.0.0
05-29 03:20:29.352  2297  3315 I bauth_FPBAuthService: thread id : 1, preenroll_flag : 0, nd cnt : 0, cso : 0, et : 0
05-29 03:20:29.352  2297  3315 I bauth_FPBAuthService: FPBAuthService::timerHandler complete
05-29 03:20:30.067  1729 13650 I HYPER-HAL: [RequestManager.cpp]releaseLocked(): Released ID : 4049435
05-29 03:20:30.138  2994  3052 E AudioPathHelper: (Berry)(1.16)handleAudioPathTask() : can't get dual play mode - Need android.permission.BLUETOOTH_CONNECT permission for AttributionSource { uid = 1002, packageName = com.android.bluetooth, attributionTag = null, token = android.os.Binder@792f66, deviceId = 0, next = AttributionSource { uid = 10282, packageName = com.samsung.accessory.berrymgr, attributionTag = null, token = android.os.BinderProxy@79606b6, deviceId = 0, next = null } }: A2dpServiceBinder
05-29 03:20:30.249  1837  1848 E HeatmapThread: ECT Thread time in milliseconds: 1780014030
05-29 03:20:30.255  1837  1848 D HeatmapThread: !@ batteryplugType : 2
05-29 03:20:30.256  1837  1848 D HeatmapThread: !@ batteryLevel : 78  batteryTemperature : 339 
05-29 03:20:30.256  1837  1848 D HeatmapThread: !@ Heatmap currtime: 29666900
05-29 03:20:30.256  1837  1848 D HeatmapThread: !@ Heatmap prevtime: 29666891
05-29 03:20:30.256  1837  1848 D HeatmapThread: !@ Heatmap plugstarttime: 29666846
05-29 03:20:30.256  1837  1848 D HeatmapThread: !@ Heatmap prevv_dsoh_update_time: 29666802
05-29 03:20:30.256  1837  1848 E HeatmapThread: !@ CAM New BSOH: 97
05-29 03:20:30.353  2297  3315 I bauth_FPBAuthService: pcf : 0x1012, 0 ,1 ,0 ,1 ,0 ,0, 16.0.0.0
05-29 03:20:30.354  2297  3315 I bauth_FPBAuthService: thread id : 1, preenroll_flag : 0, nd cnt : 0, cso : 0, et : 0
05-29 03:20:30.354  2297  3315 I bauth_FPBAuthService: FPBAuthService::timerHandler complete
05-29 03:20:30.895  2878  3294 D MARsPolicyManager: triggerAction called!
05-29 03:20:30.895  2878  3294 I NSLocationMonitor: getGPSUsingApps() called
05-29 03:20:30.896  5566 32559 I NSLocationManager_FLP: getGPSUsingApps, No change
05-29 03:20:30.908  2878  3294 D PackageManager: setEnabledSetting : userId = 10 packageName = net.typeblog.shelter cmp = null newState = 4 callingPackage = auto_disabler
05-29 03:20:30.909  2878  3294 E MARsPolicyManager: Error occurred in setEnabledSetting()java.lang.SecurityException: Cannot disable a protected package: net.typeblog.shelter
05-29 03:20:31.052  4422  4422 D KeyguardSecIndicationPolicy:  remove Item pos = DEFAULT                             , id =  1128, 
05-29 03:20:31.052  4422  4422 D KeyguardSecIndicationController: onIndicationChanged() return - keyguard is not visible, skip ownerInfo
05-29 03:20:31.085  1156  1156 D io_stats: !@ Read_top(KB): ndroid.systemui(4422) 84 gs.intelligence(26838) 76
05-29 03:20:31.085  1156  1156 D io_stats: !@ Write_top(KB): gs.intelligence(26838) 16 gs.intelligence(11843) 8 vendor.samsung.(1783) 8
05-29 03:20:31.086  1718  5457 I sensors-hal: handle_sns_std_sensor_event:137, [SSC_LIGHT] A: 41(41),m:11,c:0,b:0,c0:2496,l:41,r:76,bl:81,j:-1
05-29 03:20:31.144  2994  3052 E AudioPathHelper: (Berry)(1.16)handleAudioPathTask() : can't get dual play mode - Need android.permission.BLUETOOTH_CONNECT permission for AttributionSource { uid = 1002, packageName = com.android.bluetooth, attributionTag = null, token = android.os.Binder@792f66, deviceId = 0, next = AttributionSource { uid = 10282, packageName = com.samsung.accessory.berrymgr, attributionTag = null, token = android.os.BinderProxy@79606b6, deviceId = 0, next = null } }: A2dpServiceBinder
05-29 03:20:31.154  2878  3844 W DeviceStorageMonitorService: updateBroadcasts(/data) oldLevel:0, newLevel:0, seq:1
05-29 03:20:31.157  2878  3844 D DeviceStorageMonitorService: Available File Node Number is [11198730]
05-29 03:20:31.157  2878  3844 W DeviceStorageMonitorService: updateBroadcasts_filenode(/data) fn_oldLevel:0, fn_newLevel:0, seq:1
05-29 03:20:31.250  1837  1848 E HeatmapThread: ECT Thread time in milliseconds: 1780014031
05-29 03:20:31.255  1837  1848 D HeatmapThread: !@ batteryplugType : 2
05-29 03:20:31.256  1837  1848 D HeatmapThread: !@ batteryLevel : 78  batteryTemperature : 339 
05-29 03:20:31.256  1837  1848 D HeatmapThread: !@ Heatmap currtime: 29666900
05-29 03:20:31.256  1837  1848 D HeatmapThread: !@ Heatmap prevtime: 29666891
05-29 03:20:31.256  1837  1848 D HeatmapThread: !@ Heatmap plugstarttime: 29666846
05-29 03:20:31.256  1837  1848 D HeatmapThread: !@ Heatmap prevv_dsoh_update_time: 29666802
05-29 03:20:31.256  1837  1848 E HeatmapThread: !@ CAM New BSOH: 97
05-29 03:20:31.355  2297  3315 I bauth_FPBAuthService: pcf : 0x1012, 0 ,1 ,0 ,1 ,0 ,0, 16.0.0.0
05-29 03:20:31.355  2297  3315 I bauth_FPBAuthService: thread id : 1, preenroll_flag : 0, nd cnt : 0, cso : 0, et : 0
05-29 03:20:31.355  2297  3315 I bauth_FPBAuthService: FPBAuthService::timerHandler complete
05-29 03:20:31.488  4422  4422 I AOD_BRIGHTNESS@BrightnessManager: setSensorBrightnessIndex: 0
05-29 03:20:31.494  4422  4422 I AbsSettings: putStringInner: updated AODSettingsDBItem / aod_brightness_value=0
05-29 03:20:31.495  4422  4422 I AODChargingModel: onChargingLightSensorChanged lux : 0.0 appliedBrightness = 1 currentBrightness = 0
05-29 03:20:31.495  4422  4422 I AODStarSettingsUtil: isAutoBrightnessEnabledtrue
05-29 03:20:31.495  4422  4422 I AOD_BRIGHTNESS@BrightnessManager: mCurrentBrightness : HighNit[true], NitMode[2NIT], isForceState[0, ForceStateReason[[], ], mAppliedBrightness[1]
05-29 03:20:31.496  4422  4422 I AOD_BRIGHTNESS@AlwaysOnDisplayEx: updateDozeBrightness: doze [65538] last [10NIT] change to [2NIT]
05-29 03:20:31.496  4422  4422 I AOD_WAKELOCK@WakeLockManager: acquireIfExists: tag - AOD_DRAW, timeout - 100, reason - set Doze Brightness updateDozeBrightness, wakeLock = WakeLock{d7415d2 held=false, refCount=0}
05-29 03:20:31.498  2878  4851 D PowerManagerService: [api] acquire WakeLock DRAW_WAKE_LOCK                    'AOD_DRAW' (uid=10040 pid=4422 displayId=0 lock=d990441)
05-29 03:20:31.499  4422  4422 V DreamService[DozeService]: UpdateDoze mDozeScreenState=4 mDozeScreenBrightness=0 mDozeScreenBrightnessFloat=NaN
05-29 03:20:31.500  2878  4851 D PowerManagerService: [api] setDozeOverrideFromDreamManager: screenState: DOZE_SUSPEND mode: 0x10002 screenBrightnessFloat: -1(NaN) screenBrightnessInt:0 useNormalBrightnessForDoze:false
05-29 03:20:31.500  2878  4851 D PowerManagerService: displayReady: false groupId=0
05-29 03:20:31.501  2878  3307 D DisplayPowerController[0]: animateScreenStateChange: target=DOZE, mIsEnabled=true
05-29 03:20:31.501  2878  3307 W DisplayPowerController[0]: Animating brightness: target=0(0.00), rate=0,000, rateAtHbm=0,000, reason=doze[0] -> scale_factor[0]
05-29 03:20:31.503  2878  3307 D DisplayPowerController[0]: saveBrightnessInfo: brt:0.31372553 adjBrt:0.0 min:0.0 max:1.0 hbm:0 tp:1.0 throttler:0 isAnimating:false
05-29 03:20:31.504  2878  4851 D PowerManagerService: [PWL] sb acquire: PowerManagerService.Display
05-29 03:20:31.504  2878  3307 I DisplayPowerController[0]: BrightnessEvent: brt=0.0 (0.0%), nits= 1.0, lux=-1.0, reason=doze, strat=DozeBrightnessStrategy, state=DOZE, stateReason=DRAW_WAKE_LOCK, policy=DOZE, flags=, initBrt=0.0768, rcmdBrt=NaN, preBrt=NaN, preLux=0.0, wasShortTermModelActive=false, autoBrightness=false (default), unclampedBrt=0.0, hbmMax=1.0, hbmMode=off, thrmMax=1.0, rbcStrength=-1, powerFactor=1.0, physDisp=╨Т╤Б╤В╤А╨╛╨╡╨╜╨╜╤Л╨╣ ╤Н╨║╤А╨░╨╜(local:4630947118961383299), logicalId=0, slowChange=false, rampSpeed=0.0
05-29 03:20:31.506  2878  3307 D DisplayPowerController[0]: animateScreenStateChange: target=DOZE, mIsEnabled=true
05-29 03:20:31.507  2878  3970 D HdrSolution_HdrDisplayNitMapper: updataTargetNit--------------mLightSensorData: -1.0, scaleRatio: 200.0, target: 1.0->200
05-29 03:20:31.507  2878  3229 D BrightnessSynchronizer: onDisplayChanged() : displayId=0
05-29 03:20:31.508  2878  3970 D LocalDisplayAdapter: surface lcd : 0(0.000), 0(0.000), main +
05-29 03:20:31.508  2878  3229 D BrightnessSynchronizer: updateScreenBrightness: displayId=0 type=2 mPreferredSettingValue=0.31372553(80) currentBrightnessInt=80 currentBrightnessIntFromFloat=80(0.31372553)
05-29 03:20:31.508  2878  3307 D PowerManagerService: displayReady: true groupId=0
05-29 03:20:31.509  2878  3307 D PowerManagerService: [PWL] sb release: PowerManagerService.Display
05-29 03:20:31.509  1845  1845 I SurfaceFlinger: setDisplayBrightness displayBrightness(0.000000)
05-29 03:20:31.510  4422  4422 D SecBrightnessController: updateSlider() - BrightnessDialog resetTimer()
05-29 03:20:31.511  4422  4422 D SecBrightnessController: updateSlider() - BrightnessDialog resetTimer()
05-29 03:20:31.516  1773  2103 I SDM     : DisplayBuiltIn::SetPanelBrightness: Setting brightness to level 0 (0.000000 percent) primary(1) display(66)
05-29 03:20:31.517  2878  3970 D LocalDisplayAdapter: surface lcd : 0(0.000), 0(0.000), main -
05-29 03:20:31.600  2878  4851 D PowerManagerService: [api] release WakeLock DRAW_WAKE_LOCK                    'AOD_DRAW' ACQ=-102ms (uid=10040 pid=4422 displayId=0 lock=d990441)
05-29 03:20:32.150  2994  3052 E AudioPathHelper: (Berry)(1.16)handleAudioPathTask() : can't get dual play mode - Need android.permission.BLUETOOTH_CONNECT permission for AttributionSource { uid = 1002, packageName = com.android.bluetooth, attributionTag = null, token = android.os.Binder@792f66, deviceId = 0, next = AttributionSource { uid = 10282, packageName = com.samsung.accessory.berrymgr, attributionTag = null, token = android.os.BinderProxy@79606b6, deviceId = 0, next = null } }: A2dpServiceBinder
05-29 03:20:32.250  1837  1848 E HeatmapThread: ECT Thread time in milliseconds: 1780014032
05-29 03:20:32.255  1837  1848 D HeatmapThread: !@ batteryplugType : 2
05-29 03:20:32.255  1837  1848 D HeatmapThread: !@ batteryLevel : 78  batteryTemperature : 339 
05-29 03:20:32.255  1837  1848 D HeatmapThread: !@ Heatmap currtime: 29666900
05-29 03:20:32.255  1837  1848 D HeatmapThread: !@ Heatmap prevtime: 29666891
05-29 03:20:32.255  1837  1848 D HeatmapThread: !@ Heatmap plugstarttime: 29666846
05-29 03:20:32.255  1837  1848 D HeatmapThread: !@ Heatmap prevv_dsoh_update_time: 29666802
05-29 03:20:32.256  1837  1848 E HeatmapThread: !@ CAM New BSOH: 97
05-29 03:20:32.356  2297  3315 I bauth_FPBAuthService: pcf : 0x1012, 0 ,1 ,0 ,1 ,0 ,0, 16.0.0.0
05-29 03:20:32.356  2297  3315 I bauth_FPBAuthService: thread id : 1, preenroll_flag : 0, nd cnt : 0, cso : 0, et : 0
05-29 03:20:32.356  2297  3315 I bauth_FPBAuthService: FPBAuthService::timerHandler complete
05-29 03:20:33.087  1156  1156 D io_stats: !@   8,0 r 27579062 455385750 w 4495214 83595260 d 788690 316368984 f 120215 490823 iot 7654940 0 th 0 0 0 pt 0 inp 0 0 57036.454
05-29 03:20:33.155  2994  3052 E AudioPathHelper: (Berry)(1.16)handleAudioPathTask() : can't get dual play mode - Need android.permission.BLUETOOTH_CONNECT permission for AttributionSource { uid = 1002, packageName = com.android.bluetooth, attributionTag = null, token = android.os.Binder@792f66, deviceId = 0, next = AttributionSource { uid = 10282, packageName = com.samsung.accessory.berrymgr, attributionTag = null, token = android.os.BinderProxy@79606b6, deviceId = 0, next = null } }: A2dpServiceBinder
05-29 03:20:33.248  1837  1848 E HeatmapThread: ECT Thread time in milliseconds: 1780014033
05-29 03:20:33.253  1837  1848 D HeatmapThread: !@ batteryplugType : 2
05-29 03:20:33.254  1837  1848 D HeatmapThread: !@ batteryLevel : 78  batteryTemperature : 339 
05-29 03:20:33.254  1837  1848 D HeatmapThread: !@ Heatmap currtime: 29666900
05-29 03:20:33.254  1837  1848 D HeatmapThread: !@ Heatmap prevtime: 29666891
05-29 03:20:33.254  1837  1848 D HeatmapThread: !@ Heatmap plugstarttime: 29666846
05-29 03:20:33.254  1837  1848 D HeatmapThread: !@ Heatmap prevv_dsoh_update_time: 29666802
05-29 03:20:33.255  1837  1848 E HeatmapThread: !@ CAM New BSOH: 97
05-29 03:20:33.357  2297  3315 I bauth_FPBAuthService: pcf : 0x1012, 0 ,1 ,0 ,1 ,0 ,0, 16.0.0.0
05-29 03:20:33.357  2297  3315 I bauth_FPBAuthService: thread id : 1, preenroll_flag : 0, nd cnt : 0, cso : 0, et : 0
05-29 03:20:33.357  2297  3315 I bauth_FPBAuthService: FPBAuthService::timerHandler complete
05-29 03:20:33.550  2878  4851 D PowerManagerService: [api] release WakeLock DRAW_WAKE_LOCK                    'charging_info' ACQ=-5s505ms (uid=10040 pid=4422 displayId=0 lock=1b6ff28)
05-29 03:20:33.552  2878  4851 D PowerManagerService: displayReady: false groupId=0
05-29 03:20:33.552  2878  3307 D DisplayPowerController[0]: animateScreenStateChange: target=DOZE_SUSPEND, mIsEnabled=true
05-29 03:20:33.555  2878  3307 I DisplayPowerController[0]: BrightnessEvent: brt=0.0 (0.0%), nits= 1.0, lux=-1.0, reason=doze, strat=DozeBrightnessStrategy, state=DOZE_SUSPEND, stateReason=UNKNOWN, policy=DOZE, flags=, initBrt=0.0, rcmdBrt=NaN, preBrt=NaN, preLux=0.0, wasShortTermModelActive=false, autoBrightness=false (default), unclampedBrt=0.0, hbmMax=1.0, hbmMode=off, thrmMax=1.0, rbcStrength=-1, powerFactor=1.0, physDisp=╨Т╤Б╤В╤А╨╛╨╡╨╜╨╜╤Л╨╣ ╤Н╨║╤А╨░╨╜(local:4630947118961383299), logicalId=0, slowChange=false, rampSpeed=0.0
05-29 03:20:33.555  2878  3307 D PowerManagerService: [PWL] sb acquire: PowerManagerService.Display
05-29 03:20:33.559  2878  3970 D DisplayManagerService: !@display_state requestDisplayStateInternal: DOZE -> DOZE_SUSPEND displayId=0
05-29 03:20:33.560  2878  3970 D SemInputDeviceManagerService: setDisplayState[1] EARLY: DOZE(3) -> DOZE_SUSPEND(4)
05-29 03:20:33.561  2878  3229 I DisplayDeviceRepository: Display device changed state: "╨Т╤Б╤В╤А╨╛╨╡╨╜╨╜╤Л╨╣ ╤Н╨║╤А╨░╨╜", DOZE_SUSPEND
05-29 03:20:33.562  2878  3307 D BrightnessThermalClamper: Thermal status observer already started
05-29 03:20:33.563  2878  3227 D WindowManager: DeferredDisplayUpdater: partially applying DisplayInfo(1080 x 2340) immediately
05-29 03:20:33.563  2878  3751 D SemInputDevice:TSP: ActivateTask: 4,0 [05-29 03:20:33.560]
05-29 03:20:33.563  2878  2878 D SGM:GameManager: onDisplayChanged. displyId: 0, state: 4
05-29 03:20:33.564  1796 13682 D AudioFlinger: setParameters: filtered dev setParameters keyvalue screen_state=off
05-29 03:20:33.564  1693  1720 D AHAL: AudioDevice: SetParameters: 1799: enter
05-29 03:20:33.564  1693  1720 D AHAL: AudioVoice: VoiceSetParameters: 171: Enter
05-29 03:20:33.564  1693  1720 D AHAL: AudioVoice: VoiceSetParameters: 416: Exit ret: 0
05-29 03:20:33.564  1693  1720 D AHAL: hfp: hfp_set_parameters: 447: enter
05-29 03:20:33.564  1785  1785 I sysinput:Touch: activate:96, 4,0 OK
05-29 03:20:33.564  1693  1720 D AHAL: AudioDevice: SetParameters: 1882:  - screen = off
05-29 03:20:33.564  1693  1720 I PAL: ResourceManager: setParameter: 9278: Screen State:0
05-29 03:20:33.564  1693  1720 D AHAL: AudioDevice: SetParameters: 2521: exit: screen_state=off
05-29 03:20:33.565  1693  1720 I Audio_a2dpsink_hw: adev_set_parameters: kevpairs=[screen_state=off]
05-29 03:20:33.565  2878  3762 D SGM:FgCheckThread: onLooperPrepared(), msg: MSG_LCD_OFF
05-29 03:20:33.566  2878  3860 D AS.DesktopModeHelper: onDisplayChanged: #Id=0
05-29 03:20:33.566  2878  3751 D SysinputHAL_V1_3(V1_2): setTspEnable(TSP(1)),4,true ret=0
05-29 03:20:33.568  6852  6852 I VRI[InputMethod]@8aae3bf: onDisplayChanged oldDisplayState=3 newDisplayState=4
05-29 03:20:33.572  2878  3970 D LocalDisplayAdapter: notifyStateChangeStart: com.samsung.android.hardware.secinputdev.external.DisplayStateListenerWrapper$1@1245fd9 took 3 ms
05-29 03:20:33.572  2878  3970 D LocalDisplayAdapter: notifyStateChangeStart: com.android.server.biometrics.SemBiometricDisplayStateMonitor@a58e539 took 0 ms
05-29 03:20:33.572  2878  3970 D LocalDisplayAdapter: notifyStateChangeStart: com.android.server.display.mode.RefreshRateModeManager$1@e7f6d88 took 0 ms
05-29 03:20:33.572  2878  3781 I SemBiometricDisplayStateMonitor: DisplayStateListener#onStart : DOZE_SUSPEND, DOZE_SUSPEND, DEFAULT_DISPLAY
05-29 03:20:33.572  2878  3970 W LocalDisplayAdapter: !@display_state - 1884 : DOZE -> DOZE_SUSPEND (MAIN)
05-29 03:20:33.572  4967  4967 I VRI[LauncherActivity]@3ece68a: onDisplayChanged oldDisplayState=3 newDisplayState=4
05-29 03:20:33.573  1845  1845 D SurfaceFlinger: Setting power mode 3 on physical display 4630947118961383299
05-29 03:20:33.573  1845  1845 D SurfaceFlinger: setPhysicalDisplayPowerMode: Optimizing thread scheduling: optimizeForPerformance
05-29 03:20:33.573  1773  2103 I SDM     : HWCDisplay::SetPowerMode: display = 0, mode = DozeSuspend
05-29 03:20:33.573  1773  2103 I SDM     : DisplayBase::SetDisplayState: Set state = 3, display 66-0, teardown = 0
05-29 03:20:33.573 11142 11142 I VRI[MainActivity]@6a965a0: onDisplayChanged oldDisplayState=3 newDisplayState=4
05-29 03:20:33.573  1773  2103 I SDM     : HWDeviceDRM::NullCommit: Null commit succeeded crtc=174
05-29 03:20:33.574  1773  2103 I SDM     : DisplayBase::WaitForCompletion: Wait for cached retire fence to be in steady state
05-29 03:20:33.572  4967 17226 I HoneySpace.Memory-Monitor: current state = 4, didTrim = true
05-29 03:20:33.574  4967  4967 I VRI[RecentsTransitionOverlay]@d6f0b5e: onDisplayChanged oldDisplayState=3 newDisplayState=4
05-29 03:20:33.574  4967  4967 I VRI[RecentsActivity]@30e30ce: onDisplayChanged oldDisplayState=3 newDisplayState=4
05-29 03:20:33.571 13016 13016 I VRI[FP Iconview]@85becc5: onDisplayChanged oldDisplayState=3 newDisplayState=4
05-29 03:20:33.577  4422  4635 D StackScroller: onDisplayChanged for predraw skip to 4
05-29 03:20:33.577  2878  4597 D WifiDisplayAdapter: isFitToActiveDisplayLocked : false
05-29 03:20:33.578  4422  4553 I VRI[ShellDropTarget]@c8b8607: onDisplayChanged oldDisplayState=3 newDisplayState=4
05-29 03:20:33.578  4422  4553 I VRI[View root of ReusableWindowDecorViewHost#0]@d47a678: onDisplayChanged oldDisplayState=3 newDisplayState=4
05-29 03:20:33.578  4422  4553 I VRI[View root of ReusableWindowDecorViewHost#1]@d8221bc: onDisplayChanged oldDisplayState=3 newDisplayState=4
05-29 03:20:33.580  4422  4422 D DisplayLifecycle: updateDisplay id = 0
05-29 03:20:33.581  4422  4422 I Keyguard.AODTouchModeManager: onDisplayChanged newDisplayState=4, currentDisplayState=3, displayId=0
05-29 03:20:33.581 12971 12971 I NearbyDiscovery: (REDACTED) FastPairDisplayObserver: %s -> %s
05-29 03:20:33.582  4422  4422 I AODTriggers: onAODEventDispatched = 4 / eventData = aod.e0@f0d490a
05-29 03:20:33.582  4422  4422 I AOD_LIVE_CLOCK@LiveClockController: updateDisplayState: DISPLAY_STATE_DOZE_SUSPEND
05-29 03:20:33.582  4422  4422 I VRI[LockscreenShortcutBlur]@bedf641: onDisplayChanged oldDisplayState=3 newDisplayState=4
05-29 03:20:33.582  4422  4422 I VRI[NavigationBar0]@9d80c77: onDisplayChanged oldDisplayState=3 newDisplayState=4
05-29 03:20:33.582  4422  4422 I VRI[EdgeBackGestureHandler0]@51b2b14: onDisplayChanged oldDisplayState=3 newDisplayState=4
05-29 03:20:33.582  4422  4422 I VRI[NotificationShade]@9f81140: onDisplayChanged oldDisplayState=3 newDisplayState=4
05-29 03:20:33.583  4422  4422 I VRI[StatusBar]@5241204: onDisplayChanged oldDisplayState=3 newDisplayState=4
05-29 03:20:33.583  4422  4422 I VRI[Bouncer]@fc9e692: onDisplayChanged oldDisplayState=3 newDisplayState=4
05-29 03:20:33.583  4422  4422 I VRI[SecondaryHomeHandle0]@fd87ef6: onDisplayChanged oldDisplayState=3 newDisplayState=4
05-29 03:20:33.595  1773  2103 I SDM     : DisplayBase::WaitForCompletion: Cached retire fence is in ready state
05-29 03:20:33.595  1773  2103 I SDM     : DisplayBase::SetDisplayState: active 0-0 state 3-3 pending_power_state_ 0
05-29 03:20:33.595  1845  2127 D Scheduler: displayPowerTimerCallback ExpiredDisplayPowerTimer: 0
05-29 03:20:33.595  1845  1845 D SurfaceFlinger: Finished setting power mode 3 on physical display 4630947118961383299
05-29 03:20:33.596  2878  3970 W LocalDisplayAdapter: !@display_state - 1884 : DOZE_SUSPEND (MAIN) took 24 ms
05-29 03:20:33.596  2878  3970 D SemInputDeviceManagerService: setDisplayState[1] LATE: DOZE_SUSPEND(4) -> DOZE_SUSPEND(4)
05-29 03:20:33.598  2878  3751 D SemInputDevice:TSP: ActivateTask: 4,1 [05-29 03:20:33.597]
05-29 03:20:33.598  2878  3970 D LocalDisplayAdapter: notifyStateChangeFinish: com.samsung.android.hardware.secinputdev.external.DisplayStateListenerWrapper$1@1245fd9 took 2 ms
05-29 03:20:33.599  1785  1785 I sysinput:Touch: activate:96, 4,1 OK
05-29 03:20:33.599  2878  3970 D LocalDisplayAdapter: notifyStateChangeFinish: com.android.server.biometrics.SemBiometricDisplayStateMonitor@a58e539 took 1 ms
05-29 03:20:33.599  2878  3781 I SemBiometricDisplayStateMonitor: DisplayStateListener#onFinish : DOZE_SUSPEND, DOZE_SUSPEND, DEFAULT_DISPLAY
05-29 03:20:33.599  2878  3751 D SysinputHAL_V1_3(V1_2): setTspEnable(TSP(1)),4,false ret=0
05-29 03:20:33.599  2878  3970 D LocalDisplayAdapter: notifyStateChangeFinish: com.android.server.display.mode.RefreshRateModeManager$1@e7f6d88 took 0 ms
05-29 03:20:33.600  2878  3307 D DisplayPowerController[0]: setActualDisplayState: DOZE -> DOZE_SUSPEND
05-29 03:20:33.600 13016 13016 I BSS_DisplayStateManager: handleDisplayStateChanged: DOZE -> DOZE_SUSPEND
05-29 03:20:33.600  2878  3307 D DisplayPowerController[0]: animateScreenStateChange: target=DOZE_SUSPEND, mIsEnabled=true
05-29 03:20:33.600  2878  3307 D DisplayPowerController[0]: animateScreenStateChange: target=DOZE_SUSPEND, mIsEnabled=true
05-29 03:20:33.601  2878  3307 D PowerManagerService: displayReady: true groupId=0
05-29 03:20:33.601  2878  3307 D PowerManagerService: [PWL] sb release: PowerManagerService.Display
05-29 03:20:34.162  2994  3052 E AudioPathHelper: (Berry)(1.16)handleAudioPathTask() : can't get dual play mode - Need android.permission.BLUETOOTH_CONNECT permission for AttributionSource { uid = 1002, packageName = com.android.bluetooth, attributionTag = null, token = android.os.Binder@792f66, deviceId = 0, next = AttributionSource { uid = 10282, packageName = com.samsung.accessory.berrymgr, attributionTag = null, token = android.os.BinderProxy@79606b6, deviceId = 0, next = null } }: A2dpServiceBinder
05-29 03:20:34.248  1837  1848 E HeatmapThread: ECT Thread time in milliseconds: 1780014034
05-29 03:20:34.252  1837  1848 D HeatmapThread: !@ batteryplugType : 2
05-29 03:20:34.253  1837  1848 D HeatmapThread: !@ batteryLevel : 78  batteryTemperature : 339 
05-29 03:20:34.253  1837  1848 D HeatmapThread: !@ Heatmap currtime: 29666900
05-29 03:20:34.253  1837  1848 D HeatmapThread: !@ Heatmap prevtime: 29666891
05-29 03:20:34.253  1837  1848 D HeatmapThread: !@ Heatmap plugstarttime: 29666846
05-29 03:20:34.253  1837  1848 D HeatmapThread: !@ Heatmap prevv_dsoh_update_time: 29666802
05-29 03:20:34.253  1837  1848 E HeatmapThread: !@ CAM New BSOH: 97
05-29 03:20:34.359  2297  3315 I bauth_FPBAuthService: pcf : 0x1012, 0 ,1 ,0 ,1 ,0 ,0, 16.0.0.0
05-29 03:20:34.359  2297  3315 I bauth_FPBAuthService: thread id : 1, preenroll_flag : 0, nd cnt : 0, cso : 0, et : 0
05-29 03:20:34.359  2297  3315 I bauth_FPBAuthService: FPBAuthService::timerHandler complete
05-29 03:20:34.596  1845  2127 D Scheduler: displayPowerTimerCallback ExpiredDisplayPowerTimer: 1
05-29 03:20:35.088  1156  1156 D io_stats: !@ Read_top(KB): system_server(2878) 4 ndroid.systemui(4422) 4
05-29 03:20:35.088  1156  1156 D io_stats: !@ Write_top(KB): kworker/u16:1(31686) 108 f2fs_ckpt-254:6(1389) 36 init(1) 28
05-29 03:20:35.166  2994  3052 E AudioPathHelper: (Berry)(1.16)handleAudioPathTask() : can't get dual play mode - Need android.permission.BLUETOOTH_CONNECT permission for AttributionSource { uid = 1002, packageName = com.android.bluetooth, attributionTag = null, token = android.os.Binder@792f66, deviceId = 0, next = AttributionSource { uid = 10282, packageName = com.samsung.accessory.berrymgr, attributionTag = null, token = android.os.BinderProxy@79606b6, deviceId = 0, next = null } }: A2dpServiceBinder
05-29 03:20:35.247  1837  1848 E HeatmapThread: ECT Thread time in milliseconds: 1780014035
05-29 03:20:35.249  1837  1848 D HeatmapThread: !@ batteryplugType : 2
05-29 03:20:35.249  1837  1848 D HeatmapThread: !@ batteryLevel : 78  batteryTemperature : 339 
05-29 03:20:35.249  1837  1848 D HeatmapThread: !@ Heatmap currtime: 29666900
05-29 03:20:35.249  1837  1848 D HeatmapThread: !@ Heatmap prevtime: 29666891
05-29 03:20:35.249  1837  1848 D HeatmapThread: !@ Heatmap plugstarttime: 29666846
05-29 03:20:35.249  1837  1848 D HeatmapThread: !@ Heatmap prevv_dsoh_update_time: 29666802
05-29 03:20:35.249  1837  1848 E HeatmapThread: !@ CAM New BSOH: 97
05-29 03:20:35.360  2297  3315 I bauth_FPBAuthService: pcf : 0x1012, 0 ,1 ,0 ,1 ,0 ,0, 16.0.0.0
05-29 03:20:35.360  2297  3315 I bauth_FPBAuthService: thread id : 1, preenroll_flag : 0, nd cnt : 0, cso : 0, et : 0
05-29 03:20:35.360  2297  3315 I bauth_FPBAuthService: FPBAuthService::timerHandler complete
05-29 03:20:35.380 15930 17132 I gle.android.gms: Explicit concurrent mark compact GC freed 3826KB AllocSpace bytes, 0(0B) LOS objects, 40% free, 23MB/39MB, paused 638us,5.099ms total 338.487ms
05-29 03:20:35.915  2878  3294 D MARsPolicyManager: triggerAction called!
05-29 03:20:35.916  2878  3294 I NSLocationMonitor: getGPSUsingApps() called
05-29 03:20:35.917  5566 32559 I NSLocationManager_FLP: getGPSUsingApps, No change
05-29 03:20:35.926  2878  3294 D PackageManager: setEnabledSetting : userId = 10 packageName = net.typeblog.shelter cmp = null newState = 4 callingPackage = auto_disabler
05-29 03:20:35.926  2878  3294 E MARsPolicyManager: Error occurred in setEnabledSetting()java.lang.SecurityException: Cannot disable a protected package: net.typeblog.shelter
05-29 03:20:36.174  2994  3052 E AudioPathHelper: (Berry)(1.16)handleAudioPathTask() : can't get dual play mode - Need android.permission.BLUETOOTH_CONNECT permission for AttributionSource { uid = 1002, packageName = com.android.bluetooth, attributionTag = null, token = android.os.Binder@792f66, deviceId = 0, next = AttributionSource { uid = 10282, packageName = com.samsung.accessory.berrymgr, attributionTag = null, token = android.os.BinderProxy@79606b6, deviceId = 0, next = null } }: A2dpServiceBinder
05-29 03:20:36.247  1837  1848 E HeatmapThread: ECT Thread time in milliseconds: 1780014036
05-29 03:20:36.252  1837  1848 D HeatmapThread: !@ batteryplugType : 2
05-29 03:20:36.252  1837  1848 D HeatmapThread: !@ batteryLevel : 78  batteryTemperature : 339 
05-29 03:20:36.252  1837  1848 D HeatmapThread: !@ Heatmap currtime: 29666900
05-29 03:20:36.252  1837  1848 D HeatmapThread: !@ Heatmap prevtime: 29666891
05-29 03:20:36.252  1837  1848 D HeatmapThread: !@ Heatmap plugstarttime: 29666846
05-29 03:20:36.252  1837  1848 D HeatmapThread: !@ Heatmap prevv_dsoh_update_time: 29666802
05-29 03:20:36.252  1837  1848 E HeatmapThread: !@ CAM New BSOH: 97
05-29 03:20:36.361  2297  3315 I bauth_FPBAuthService: pcf : 0x1012, 0 ,1 ,0 ,1 ,0 ,0, 16.0.0.0
05-29 03:20:36.361  2297  3315 I bauth_FPBAuthService: thread id : 1, preenroll_flag : 0, nd cnt : 0, cso : 0, et : 0
05-29 03:20:36.361  2297  3315 I bauth_FPBAuthService: FPBAuthService::timerHandler complete
05-29 03:20:37.091  1156  1156 D io_stats: !@   8,0 r 27579066 455385806 w 4495217 83595276 d 788690 316368984 f 120215 490823 iot 7654956 0 th 0 0 0 pt 0 inp 0 0 57040.458
05-29 03:20:37.182  2994  3052 E AudioPathHelper: (Berry)(1.16)handleAudioPathTask() : can't get dual play mode - Need android.permission.BLUETOOTH_CONNECT permission for AttributionSource { uid = 1002, packageName = com.android.bluetooth, attributionTag = null, token = android.os.Binder@792f66, deviceId = 0, next = AttributionSource { uid = 10282, packageName = com.samsung.accessory.berrymgr, attributionTag = null, token = android.os.BinderProxy@79606b6, deviceId = 0, next = null } }: A2dpServiceBinder
05-29 03:20:37.247  1837  1848 E HeatmapThread: ECT Thread time in milliseconds: 1780014037
05-29 03:20:37.252  1837  1848 D HeatmapThread: !@ batteryplugType : 2
05-29 03:20:37.252  1837  1848 D HeatmapThread: !@ batteryLevel : 78  batteryTemperature : 339 
05-29 03:20:37.252  1837  1848 D HeatmapThread: !@ Heatmap currtime: 29666900
05-29 03:20:37.253  1837  1848 D HeatmapThread: !@ Heatmap prevtime: 29666891
05-29 03:20:37.253  1837  1848 D HeatmapThread: !@ Heatmap plugstarttime: 29666846
05-29 03:20:37.253  1837  1848 D HeatmapThread: !@ Heatmap prevv_dsoh_update_time: 29666802
05-29 03:20:37.253  1837  1848 E HeatmapThread: !@ CAM New BSOH: 97
05-29 03:20:37.326  2157  2171 I shsusrd : shsusr_check_cpu_usage(): Output of /proc/2157/stat/ : 2157 (shsusrd0) S 1 2157 0 0 -1 1077936384 1270077 0 4303 0 4435 18693 0 0 20 0 11 0 811 2502557696 640 18446744073709551615 382806614016 382806872472 549425071456 0 0 0 0 0 1073794810 0 0 0 17 3 0 0 0 0 0 382806895552 382806896488 382814031872 549425072205 549425072248 549425072248 549425078237 0
05-29 03:20:37.326  2157  2171 I shsusrd : 
05-29 03:20:37.326  2157  2171 I shsusrd : shsusr_check_cpu_usage(): utime 4435 stime 18693 cpu_time_last 23128
05-29 03:20:37.326  2157  2171 I shsusrd : shsusr_check_cpu_usage(): user time = 4435 | system time = 18693 | total = 23128 | cpu_time_delta = 0, clk_tck 100
05-29 03:20:37.326  2157  2171 I shsusrd : shsusr_check_cpu_usage(): time_cur 1780014037 time_last 1780014027
05-29 03:20:37.326  2157  2171 I shsusrd : shsusr_check_cpu_usage(): shsusrd is using 0 pct of CPU - time_delta 10
05-29 03:20:37.326  2157  2171 I shsusrd : shsusr_check_cpu_usage(): shsusrd usage 0
05-29 03:20:37.326  2157  2171 I shsusrd : shsusr_check_cpu_usage_combined(): time_delta for combined : 10 time_cur 1780014037 time_last_combined 1780014027
05-29 03:20:37.326  2157  2171 I shsusrd : shsusr_check_cpu_usage_combined(): Output of /proc/2157/task/2157/stat: 2157 (shsusrd0) S 1 2157 0 0 -1 1077936384 1189 0 10 0 2 0 0 0 20 0 11 0 811 2502557696 640 18446744073709551615 382806614016 382806872472 549425071456 0 0 0 0 0 1073794810 1 0 0 17 3 0 0 0 0 0 382806895552 382806896488 382814031872 549425072205 549425072248 549425072248 549425078237 0
05-29 03:20:37.326  2157  2171 I shsusrd : 
05-29 03:20:37.326  2157  2171 I shsusrd : shsusr_check_cpu_usage_combined(): tid 2157 utime 2 stime 0 time_delta 10 clk_tck 100, usage 0
05-29 03:20:37.327  2157  2171 I shsusrd : shsusr_check_cpu_usage_combined(): Output of /proc/2157/task/2168/stat: 2168 (shsusrd12) S 1 2157 0 0 -1 4194368 1201007 0 1532 0 3581 14127 0 0 20 0 11 0 814 2502557696 640 18446744073709551615 382806614016 382806872472 549425071456 0 0 0 0 0 1073794810 1 0 0 -1 0 0 0 0 0 0 382806895552 382806896488 382814031872 549425072205 549425072248 549425072248 549425078237 0
05-29 03:20:37.327  2157  2171 I shsusrd : 
05-29 03:20:37.327  2157  2171 I shsusrd : shsusr_check_cpu_usage_combined(): tid 2168 utime 3581 stime 14127 time_delta 10 clk_tck 100, usage 1700
05-29 03:20:37.327  2157  2171 I shsusrd : shsusr_check_cpu_usage_combined(): Output of /proc/2157/task/2169/stat: 2169 (shsusrd2) S 1 2157 0 0 -1 4194368 250 0 306 0 3 112 0 0 20 0 11 0 814 2502557696 640 18446744073709551615 382806614016 382806872472 549425071456 0 0 0 0 0 1073794810 1 0 0 -1 6 0 0 0 0 0 382806895552 382806896488 382814031872 549425072205 549425072248 549425072248 549425078237 0
05-29 03:20:37.327  2157  2171 I shsusrd : 
05-29 03:20:37.327  2157  2171 I shsusrd : shsusr_check_cpu_usage_combined(): tid 2169 utime 3 stime 112 time_delta 10 clk_tck 100, usage 0
05-29 03:20:37.327  2157  2171 I shsusrd : shsusr_check_cpu_usage_combined(): Output of /proc/2157/task/2170/stat: 2170 (shsusrd13) S 1 2157 0 0 -1 1077936192 115 0 154 0 120 410 0 0 20 0 11 0 814 2502557696 640 18446744073709551615 382806614016 382806872472 549425071456 0 0 0 0 0 1073794810 1 0 0 -1 2 0 0 0 0 0 382806895552 382806896488 382814031872 549425072205 549425072248 549425072248 549425078237 0
05-29 03:20:37.327  2157  2171 I shsusrd : 
05-29 03:20:37.327  2157  2171 I shsusrd : shsusr_check_cpu_usage_combined(): tid 2170 utime 120 stime 410 time_delta 10 clk_tck 100, usage 0
05-29 03:20:37.327  2157  2171 I shsusrd : shsusr_check_cpu_usage_combined(): Output of /proc/2157/task/2171/stat: 2171 (shsusrd42) R 1 2157 0 0 -1 4194368 274 0 892 0 295 1156 0 0 20 0 11 0 814 2502557696 640 18446744073709551615 382806614016 382806872472 549425071456 0 0 0 0 0 1073794810 0 0 0 -1 2 0 0 0 0 0 382806895552 382806896488 382814031872 549425072205 549425072248 549425072248 549425078237 0
05-29 03:20:37.327  2157  2171 I shsusrd : 
05-29 03:20:37.327  2157  2171 I shsusrd : shsusr_check_cpu_usage_combined(): tid 2171 utime 295 stime 1156 time_delta 10 clk_tck 100, usage 100
05-29 03:20:37.328  2157  2171 I shsusrd : shsusr_check_cpu_usage_combined(): Output of /proc/2157/task/2173/stat: 2173 (shsusrd4) S 1 2157 0 0 -1 4194368 0 0 0 0 1 101 0 0 20 0 11 0 814 2502557696 640 18446744073709551615 382806614016 382806872472 549425071456 0 0 0 0 0 1073794810 1 0 0 -1 1 0 0 0 0 0 382806895552 382806896488 382814031872 549425072205 549425072248 549425072248 549425078237 0
05-29 03:20:37.328  2157  2171 I shsusrd : 
05-29 03:20:37.328  2157  2171 I shsusrd : shsusr_check_cpu_usage_combined(): tid 2173 utime 1 stime 101 time_delta 10 clk_tck 100, usage 0
05-29 03:20:37.328  2157  2171 I shsusrd : shsusr_check_cpu_usage_combined(): Output of /proc/2157/task/2174/stat: 2174 (shsusrd14) S 1 2157 0 0 -1 4194368 173 0 437 0 1 113 0 0 20 0 11 0 814 2502557696 640 18446744073709551615 382806614016 382806872472 549425071456 0 0 0 0 0 1073794810 1 0 0 -1 3 0 0 0 0 0 382806895552 382806896488 382814031872 549425072205 549425072248 549425072248 549425078237 0
05-29 03:20:37.328  2157  2171 I shsusrd : 
05-29 03:20:37.328  2157  2171 I shsusrd : shsusr_check_cpu_usage_combined(): tid 2174 utime 1 stime 113 time_delta 10 clk_tck 100, usage 0
05-29 03:20:37.328  2157  2171 I shsusrd : shsusr_check_cpu_usage_combined(): Output of /proc/2157/task/5007/stat: 5007 (shsusrd14) S 1 2157 0 0 -1 4194368 0 0 21 0 0 114 0 0 20 0 11 0 1936 2502557696 640 18446744073709551615 382806614016 382806872472 549425071456 0 0 0 0 0 1073794810 1 0 0 -1 1 0 0 0 0 0 382806895552 382806896488 382814031872 549425072205 549425072248 549425072248 549425078237 0
05-29 03:20:37.328  2157  2171 I shsusrd : 
05-29 03:20:37.328  2157  2171 I shsusrd : shsusr_check_cpu_usage_combined(): tid 5007 utime 0 stime 114 time_delta 10 clk_tck 100, usage 0
05-29 03:20:37.328  2157  2171 I shsusrd : shsusr_check_cpu_usage_combined(): Output of /proc/2157/task/5080/stat: 5080 (shsusrd7) S 1 2157 0 0 -1 4194368 4 0 21 0 1 107 0 0 20 0 11 0 1966 2502557696 640 18446744073709551615 382806614016 382806872472 549425071456 0 0 0 0 0 1073794810 1 0 0 -1 0 0 0 0 0 0 382806895552 382806896488 382814031872 549425072205 549425072248 549425072248 549425078237 0
05-29 03:20:37.328  2157  2171 I shsusrd : 
05-29 03:20:37.328  2157  2171 I shsusrd : shsusr_check_cpu_usage_combined(): tid 5080 utime 1 stime 107 time_delta 10 clk_tck 100, usage 0
05-29 03:20:37.329  2157  2171 I shsusrd : shsusr_check_cpu_usage_combined(): Output of /proc/2157/task/5093/stat: 5093 (shsusrd5) S 1 2157 0 0 -1 4194368 15 0 131 0 1 107 0 0 20 0 11 0 1967 2502557696 640 18446744073709551615 382806614016 382806872472 549425071456 0 0 0 0 0 1073794810 1 0 0 -1 1 0 0 0 0 0 382806895552 382806896488 382814031872 549425072205 549425072248 549425072248 549425078237 0
05-29 03:20:37.329  2157  2171 I shsusrd : 
05-29 03:20:37.329  2157  2171 I shsusrd : shsusr_check_cpu_usage_combined(): tid 5093 utime 1 stime 107 time_delta 10 clk_tck 100, usage 0
05-29 03:20:37.329  2157  2171 I shsusrd : shsusr_check_cpu_usage_combined(): Output of /proc/2157/task/10321/stat: 10321 (HwBinder:2157_1) S 1 2157 0 0 -1 1077936192 3 0 0 0 0 0 0 0 20 0 11 0 3014649 2502557696 640 18446744073709551615 382806614016 382806872472 549425071456 0 0 0 0 0 1073794810 1 0 0 -1 1 0 0 0 0 0 382806895552 382806896488 382814031872 549425072205 549425072248 549425072248 549425078237 0
05-29 03:20:37.329  2157  2171 I shsusrd : 
05-29 03:20:37.329  2157  2171 I shsusrd : shsusr_check_cpu_usage_combined(): tid 10321 utime 0 stime 0 time_delta 10 clk_tck 100, usage 0
05-29 03:20:37.329  2157  2171 I shsusrd : shsusr_check_cpu_usage_combined(): Combined CPU usage: total_utime 4005 total_stime 16347 total_cpu_time_seconds 0.00, clk_tck 100
05-29 03:20:37.329  2157  2171 I shsusrd : shsusr_check_cpu_usage_combined(): Combined shsusrd usage 0
05-29 03:20:37.329  2157  2171 I shsusrd : shsusr_check_cpu_usage_combined(): Combined shsusrd usage FINAL 0
05-29 03:20:37.362  2297  3315 I bauth_FPBAuthService: pcf : 0x1012, 0 ,1 ,0 ,1 ,0 ,0, 16.0.0.0
05-29 03:20:37.362  2297  3315 I bauth_FPBAuthService: thread id : 1, preenroll_flag : 0, nd cnt : 0, cso : 0, et : 0
05-29 03:20:37.362  2297  3315 I bauth_FPBAuthService: FPBAuthService::timerHandler complete
05-29 03:20:38.046  2878  3721 D ActivityManager: freezing 26796 com.android.settings
05-29 03:20:38.169  1783  1836 E BatteryDump: !@new_battery_dump : 4191,1200,1200,3150,78,339,328,351,339,0,341,351,0,Charging,NO_CHARGING,Normal,Good,USB,1,Normal,0,0,8921,0x8000,0x20000,0x0,0,0,0000,0000,00000000,0,0,0,0,1193,4104,7740,990,0,
05-29 03:20:38.173  2878  7131 D [SS]BattFunctions: [sendRemainingChargingTimeChangedIntent]remainingChargingTime:1683 ,mLastRemainingChargingTime:1698
05-29 03:20:38.174  1783  1783 I sehhealth-service: updateLrpSysfs: write: 340
05-29 03:20:38.178  4422  4422 I AODBatteryManager: updateBatteryData: ACTION_BATTERY_CHANGED: false, isSleepModeChanged:false ,isRemainingTimeChanged: true, isUSBRestriction: false
05-29 03:20:38.178  4422  4422 I ChargingInfoManager: updateChargingInfo: newState = AOD ChargingInfo [mState=BATTERY_AND_REMAIN_TIME, mIsCharging=true, mIsPlugged=true, mIsFullyCharged=false, mIsBatteryProtectMode=false, mBetteryLevel=78, mBetteryProtectModeType1, mIsSlowChargingfalse], oldState = AOD ChargingInfo [mState=BATTERY_AND_REMAIN_TIME, mIsCharging=true, mIsPlugged=true, mIsFullyCharged=false, mIsBatteryProtectMode=false, mBetteryLevel=78, mBetteryProtectModeType1, mIsSlowChargingfalse]
05-29 03:20:38.180  4422  4422 D PowerUI : Remaining charging time : 1683
05-29 03:20:38.181  4422  4422 D PowerUI : Charging time is changed, check charging notification
05-29 03:20:38.182  4422  4422 D PowerUI.Notification: showChargingNotice - Battery Level : 78 -> 78, Charging Type : 11 -> 11, Charging Time : 1698 -> 1683, Maximum protection : true -> true, Maximum threshold : 90 -> 90
05-29 03:20:38.185  2994  3052 E AudioPathHelper: (Berry)(1.16)handleAudioPathTask() : can't get dual play mode - Need android.permission.BLUETOOTH_CONNECT permission for AttributionSource { uid = 1002, packageName = com.android.bluetooth, attributionTag = null, token = android.os.Binder@792f66, deviceId = 0, next = AttributionSource { uid = 10282, packageName = com.samsung.accessory.berrymgr, attributionTag = null, token = android.os.BinderProxy@79606b6, deviceId = 0, next = null } }: A2dpServiceBinder
05-29 03:20:38.185  4422  4422 I NotificationManager: com.android.systemui: notify(2131364006, charging_state, Notification(channel=CHR shortcut=null contentView=null vibrate=null sound=null defaults=0 flags=ONGOING_EVENT|ONLY_ALERT_ONCE color=0x00000000 category=sys groupKey=CHARGING vis=PUBLIC semFlags=0x0 semPriority=0 semMissedCount=0)) as user
05-29 03:20:38.188  2878  7131 W PermissionService: getPermissionFlags: Unknown user -1
05-29 03:20:38.189  2878  7131 W PermissionService: getPermissionFlags: Unknown user -1
05-29 03:20:38.190  4422  4422 I ChargingInfoView: handleMessage: MSG_SHOW_CHARGING_INFO
05-29 03:20:38.190  4422  4422 I BottomChargingInfoView: updateContents: BATTERY_AND_REMAIN_TIME
05-29 03:20:38.190  4422  4422 I AOD_WAKELOCK@WakeLockManager: acquireIfExists: tag - charging_info, timeout - 1000, reason - Charging Info is updating, delay by 500, wakeLock = WakeLock{e4fb97e held=false, refCount=0}
05-29 03:20:38.191  2878  7131 D PowerManagerService: [api] acquire WakeLock DRAW_WAKE_LOCK                    'charging_info' (uid=10040 pid=4422 displayId=0 lock=1b6ff28)
05-29 03:20:38.191  2878  7131 D PowerManagerService: displayReady: false groupId=0
05-29 03:20:38.192  2878  3307 D DisplayPowerController[0]: animateScreenStateChange: target=DOZE, mIsEnabled=true
05-29 03:20:38.194  2878  7131 D PowerManagerService: [PWL] sb acquire: PowerManagerService.Display
05-29 03:20:38.195  2878  3307 I DisplayPowerController[0]: BrightnessEvent: brt=0.0 (0.0%), nits= 1.0, lux=-1.0, reason=doze, strat=DozeBrightnessStrategy, state=DOZE, stateReason=DRAW_WAKE_LOCK, policy=DOZE, flags=, initBrt=0.0, rcmdBrt=NaN, preBrt=NaN, preLux=0.0, wasShortTermModelActive=false, autoBrightness=false (default), unclampedBrt=0.0, hbmMax=1.0, hbmMode=off, thrmMax=1.0, rbcStrength=-1, powerFactor=1.0, physDisp=╨Т╤Б╤В╤А╨╛╨╡╨╜╨╜╤Л╨╣ ╤Н╨║╤А╨░╨╜(local:4630947118961383299), logicalId=0, slowChange=false, rampSpeed=0.0
05-29 03:20:38.197  4422  4422 I ChargingInfoManager: getDeviceRemainingTime: 28 ╨╝╨╕╨╜. ╨┤╨╛ ╨┐╨╛╨╗╨╜╨╛╨╣ ╨╖╨░╤А╤П╨┤╨║╨╕
05-29 03:20:38.198  2878  3970 D DisplayManagerService: !@display_state requestDisplayStateInternal: DOZE_SUSPEND -> DOZE displayId=0
05-29 03:20:38.198  4422  4422 I AOD_WAKELOCK@WakeLockManager: acquireIfExists: tag - charging_info, timeout - 5500, reason - Charging Info is updating, delay by 5000, wakeLock = WakeLock{e4fb97e held=true, refCount=1}
05-29 03:20:38.198  2878  3970 D SemInputDeviceManagerService: setDisplayState[1] EARLY: DOZE_SUSPEND(4) -> DOZE(3)
05-29 03:20:38.199  4422  4422 I AbsChargingInfoComponent: setVisibilityWithAnim: skipped true
05-29 03:20:38.199  2878  3970 D LocalDisplayAdapter: notifyStateChangeStart: com.samsung.android.hardware.secinputdev.external.DisplayStateListenerWrapper$1@1245fd9 took 1 ms
05-29 03:20:38.199  2878  3751 D SemInputDevice:TSP: ActivateTask: 3,0 [05-29 03:20:38.198]
05-29 03:20:38.199  2878  3970 D LocalDisplayAdapter: notifyStateChangeStart: com.android.server.biometrics.SemBiometricDisplayStateMonitor@a58e539 took 0 ms
05-29 03:20:38.199  2878  3970 D LocalDisplayAdapter: notifyStateChangeStart: com.android.server.display.mode.RefreshRateModeManager$1@e7f6d88 took 0 ms
05-29 03:20:38.199  2878  3970 W LocalDisplayAdapter: !@display_state - 1885 : DOZE_SUSPEND -> DOZE (MAIN)
05-29 03:20:38.199  2878  3229 I DisplayDeviceRepository: Display device changed state: "╨Т╤Б╤В╤А╨╛╨╡╨╜╨╜╤Л╨╣ ╤Н╨║╤А╨░╨╜", DOZE
05-29 03:20:38.199  1845  1845 D SurfaceFlinger: Setting power mode 1 on physical display 4630947118961383299
05-29 03:20:38.199  2878  3781 I SemBiometricDisplayStateMonitor: DisplayStateListener#onStart : DOZE, DOZE, DEFAULT_DISPLAY
05-29 03:20:38.199  1845  1845 D SurfaceFlinger: setPhysicalDisplayPowerMode: Optimizing thread scheduling: optimizeForPerformance
05-29 03:20:38.200  1785  1785 I sysinput:Touch: activate:96, 3,0 OK
05-29 03:20:38.200  2878  3751 D SysinputHAL_V1_3(V1_2): setTspEnable(TSP(1)),3,true ret=0
05-29 03:20:38.200  1773  2103 I SDM     : HWCDisplay::SetPowerMode: display = 0, mode = Doze
05-29 03:20:38.200  1773  2103 I SDM     : DisplayBase::SetDisplayState: Set state = 2, display 66-0, teardown = 0
05-29 03:20:38.200  1773  2103 I SDM     : DisplayBase::SetDisplayState: active 1-0 state 2-3 pending_power_state_ 3
05-29 03:20:38.200  1796 13682 D AudioFlinger: setParameters: filtered dev setParameters keyvalue screen_state=off
05-29 03:20:38.201  1845  1845 I SurfaceFlinger: Force repainting for DOZE_SUSPEND -> DOZE or ON.
05-29 03:20:38.201  1693  1720 D AHAL: AudioDevice: SetParameters: 1799: enter
05-29 03:20:38.201  1693  1720 D AHAL: AudioVoice: VoiceSetParameters: 171: Enter
05-29 03:20:38.201  1693  1720 D AHAL: AudioVoice: VoiceSetParameters: 416: Exit ret: 0
05-29 03:20:38.201  1693  1720 D AHAL: hfp: hfp_set_parameters: 447: enter
05-29 03:20:38.201  2878  3227 D WindowManager: DeferredDisplayUpdater: partially applying DisplayInfo(1080 x 2340) immediately
05-29 03:20:38.201  1693  1720 D AHAL: AudioDevice: SetParameters: 1882:  - screen = off
05-29 03:20:38.201  1693  1720 I PAL: ResourceManager: setParameter: 9278: Screen State:0
05-29 03:20:38.201  1845  1845 D SurfaceFlinger: Finished setting power mode 1 on physical display 4630947118961383299
05-29 03:20:38.201  1693  1720 D AHAL: AudioDevice: SetParameters: 2521: exit: screen_state=off
05-29 03:20:38.201  1845  2127 D Scheduler: displayPowerTimerCallback ExpiredDisplayPowerTimer: 0
05-29 03:20:38.201  2878  2878 D SGM:GameManager: onDisplayChanged. displyId: 0, state: 3
05-29 03:20:38.202  2878  3970 W LocalDisplayAdapter: !@display_state - 1885 : DOZE (MAIN) took 3 ms
05-29 03:20:38.202  1693  1720 I Audio_a2dpsink_hw: adev_set_parameters: kevpairs=[screen_state=off]
05-29 03:20:38.204  2878  3860 D AS.DesktopModeHelper: onDisplayChanged: #Id=0
05-29 03:20:38.205  2878  3762 D SGM:FgCheckThread: onLooperPrepared(), msg: MSG_LCD_OFF
