05-29 02:55:49.524  1845  2128 D DisplayModeController: setDesiredMode 4630947118961383299 {mode={fps=120.00 Hz, modePtr={id=0, vsyncRate=120.00 Hz, peakRefreshRate=120.00 Hz}}, emitEvent=true, force=false}
05-29 02:55:49.556  1845  1845 I LayerHistory: StatusBar$_4422#107 voted NoVote (0.00 Hz)
05-29 02:55:49.556  1845  1845 I SurfaceFlinger: No layers with votes - choose 120.00 Hz
05-29 02:55:49.557  1845  1845 I HWComposer: [4630947118961383299] ActiveConfigToHWC, ID : 0
05-29 02:55:49.559  1773  2085 I SDM     : HWDeviceDRM::SetDisplaySwitchMode: [DispConfigs] check hs_mode 3
05-29 02:55:49.559  1773  2085 W SDM     : HWDeviceDRM::GetSupportedBitClkRate: Requested rate not supported: 951080000
05-29 02:55:49.559  1773  2085 I SDM     : HWDeviceDRM::SetDisplaySwitchMode: [DispConfigs] Set mode index:0 1080x2340x120xcmdHS, hs_mode(3), found_mode(0)
05-29 02:55:49.559  1773  2085 I SDM     : HWDeviceDRM::UpdateMixerAttributes: Mixer WxH 1080x2340-1 for Peripheral
05-29 02:55:49.559  1773  2085 I SDM     : HWCDisplay::SubmitDisplayConfig: Active configuration changed from config 8 to 0
05-29 02:55:49.563  1845  2090 I VSyncReactor: Current= 24, Period= 120, hwcPeriod= 120
05-29 02:55:49.595  1845  1845 I SurfaceFlinger: finalizeDisplayModeChange 4630947118961383299
05-29 02:55:49.681  2994  3052 E AudioPathHelper: (Berry)(1.16)handleAudioPathTask() : can't get dual play mode - Need android.permission.BLUETOOTH_CONNECT permission for AttributionSource { uid = 1002, packageName = com.android.bluetooth, attributionTag = null, token = android.os.Binder@792f66, deviceId = 0, next = AttributionSource { uid = 10282, packageName = com.samsung.accessory.berrymgr, attributionTag = null, token = android.os.BinderProxy@7fbf963, deviceId = 0, next = null } }: A2dpServiceBinder
05-29 02:55:49.682  4005  4156 D SatelliteController: isInCarrierRoamingNbIotNtn: satellite is disabled
05-29 02:55:49.732   907   946 W roid:AppMetrica: userfaultfd: MOVE ioctl seems unsupported: Connection timed out
05-29 02:55:49.805  1845  2128 D DisplayModeController: setDesiredMode 4630947118961383299 {mode={fps=24.00 Hz, modePtr={id=5, vsyncRate=24.00 Hz, peakRefreshRate=24.00 Hz}}, emitEvent=false, force=false}
05-29 02:55:49.810  1845  1845 I LayerHistory: StatusBar$_4422#107 voted NoVote (0.00 Hz)
05-29 02:55:49.810  1845  1845 I SurfaceFlinger: Idle - choose 24.00 Hz
05-29 02:55:49.811  1845  1845 I HWComposer: [4630947118961383299] ActiveConfigToHWC, ID : 8
05-29 02:55:49.813  1845  2090 I VSyncReactor: Current= 120, Period= 24, hwcPeriod= 24
05-29 02:55:49.814  1773  2085 I SDM     : HWDeviceDRM::SetDisplaySwitchMode: [DispConfigs] check hs_mode 3
05-29 02:55:49.814  1773  2085 W SDM     : HWDeviceDRM::GetSupportedBitClkRate: Requested rate not supported: 951080000
05-29 02:55:49.814  1773  2085 W SDM     : HWDeviceDRM::GetSupportedBitClkRate: Requested rate not supported: 951080000
05-29 02:55:49.814  1773  2085 I SDM     : HWDeviceDRM::SetDisplaySwitchMode: [DispConfigs] Set mode index:9 1080x2340x24xcmdPHS, hs_mode(3), found_mode(1)
05-29 02:55:49.815  1773  2085 I SDM     : HWDeviceDRM::UpdateMixerAttributes: Mixer WxH 1080x2340-1 for Peripheral
05-29 02:55:49.815  1773  2085 I SDM     : HWCDisplay::SubmitDisplayConfig: Active configuration changed from config 0 to 8
05-29 02:55:49.820  1845  1845 I SurfaceFlinger: finalizeDisplayModeChange 4630947118961383299
05-29 02:55:49.973 12971 32126 I NearbyMediums: Found Fast Ble Advertisements :
05-29 02:55:49.973 12971 32126 I NearbyMediums: BleAdvertisement { version=2, socketVersion=2, isFast=true, serviceIdHash=null, data=[ 0x23 0x42 0x52 0x48 0x31 0x11 0x32 0x8e 0xe4 0x39 0x8a 0xa2 0xce 0xd7 0xe2 0x80 0x2f 0xad 0x00 0x1b 0xc0 0x4b 0xc4 ], deviceToken=[ 0xab 0x51 ], rxAdvertisement=null } : 1 times.
05-29 02:55:49.973 12971 32126 I NearbyMediums: Total 1 fast advertisements from 1 unique advertisers.
05-29 02:55:49.974 12971 32126 I NearbyMediums: Current Tracked Scanning Clients are : {NearbyConnections.EnvironmentMonitor, NearbySharing, NearbyConnections.TxAdvertisement}
05-29 02:55:50.027  1156  1156 D io_stats: !@   8,0 r 27269668 450748294 w 4454283 79845388 d 773538 313740460 f 118913 487432 iot 7555484 0 th 0 0 0 pt 0 inp 0 0 55553.393
05-29 02:55:50.027  1156  1156 D io_stats: !@ Read_top(KB): ru.vk.store(1420) 48 gle.android.gms(15930) 44 ru.mail.mailapp(838) 32
05-29 02:55:50.027  1156  1156 D io_stats: !@ Write_top(KB): kworker/u16:5(16190) 884 f2fs_ckpt-254:6(1389) 400 ru.vk.store(1420) 8
05-29 02:55:50.247  1837  1848 E HeatmapThread: ECT Thread time in milliseconds: 1780012550
05-29 02:55:50.250  1837  1848 D HeatmapThread: !@ batteryplugType : 2
05-29 02:55:50.250  1837  1848 D HeatmapThread: !@ batteryLevel : 67  batteryTemperature : 360 
05-29 02:55:50.250  1837  1848 D HeatmapThread: !@ Heatmap currtime: 29666875
05-29 02:55:50.250  1837  1848 D HeatmapThread: !@ Heatmap prevtime: 29666861
05-29 02:55:50.250  1837  1848 D HeatmapThread: !@ Heatmap plugstarttime: 29666846
05-29 02:55:50.251  1837  1848 D HeatmapThread: !@ Heatmap prevv_dsoh_update_time: 29666802
05-29 02:55:50.251  1837  1848 E HeatmapThread: !@ CAM New BSOH: 97
05-29 02:55:50.600  1340  1433 I keystore2: system/security/keystore2/watchdog/src/lib.rs:377 - Watchdog thread idle -> terminating. Have a great day.
05-29 02:55:50.686  2994  3052 E AudioPathHelper: (Berry)(1.16)handleAudioPathTask() : can't get dual play mode - Need android.permission.BLUETOOTH_CONNECT permission for AttributionSource { uid = 1002, packageName = com.android.bluetooth, attributionTag = null, token = android.os.Binder@792f66, deviceId = 0, next = AttributionSource { uid = 10282, packageName = com.samsung.accessory.berrymgr, attributionTag = null, token = android.os.BinderProxy@7fbf963, deviceId = 0, next = null } }: A2dpServiceBinder
05-29 02:55:51.247  1837  1848 E HeatmapThread: ECT Thread time in milliseconds: 1780012551
05-29 02:55:51.249  1837  1848 D HeatmapThread: !@ batteryplugType : 2
05-29 02:55:51.249  1837  1848 D HeatmapThread: !@ batteryLevel : 67  batteryTemperature : 360 
05-29 02:55:51.249  1837  1848 D HeatmapThread: !@ Heatmap currtime: 29666875
05-29 02:55:51.249  1837  1848 D HeatmapThread: !@ Heatmap prevtime: 29666861
05-29 02:55:51.249  1837  1848 D HeatmapThread: !@ Heatmap plugstarttime: 29666846
05-29 02:55:51.249  1837  1848 D HeatmapThread: !@ Heatmap prevv_dsoh_update_time: 29666802
05-29 02:55:51.249  1837  1848 E HeatmapThread: !@ CAM New BSOH: 97
05-29 02:55:51.389  7073  7073 I SDHMS:LOAD: type: LoadsFreqs, value: 0:0:0:1115136:2227200:864000:870143:1920000:614400:220:220:220
05-29 02:55:51.692  2994  3052 E AudioPathHelper: (Berry)(1.16)handleAudioPathTask() : can't get dual play mode - Need android.permission.BLUETOOTH_CONNECT permission for AttributionSource { uid = 1002, packageName = com.android.bluetooth, attributionTag = null, token = android.os.Binder@792f66, deviceId = 0, next = AttributionSource { uid = 10282, packageName = com.samsung.accessory.berrymgr, attributionTag = null, token = android.os.BinderProxy@7fbf963, deviceId = 0, next = null } }: A2dpServiceBinder
05-29 02:55:52.028  1156  1156 D io_stats: !@   8,0 r 27269670 450748302 w 4454315 79845500 d 773538 313740460 f 118914 487435 iot 7555512 0 th 0 0 0 pt 0 inp 0 0 55555.395
05-29 02:55:52.133  1718  5457 I sensors-hal: handle_sns_client_event:190, auto_rotation_debug_2 mode,255, type,1,0 acc,0.287,0.086,9.858, ar,0, ver,14, pedo,1,e,1,i,3
05-29 02:55:52.205  1783  1836 E BatteryDump: !@new_battery_dump : 4074,1043,1200,3150,67,361,337,400,361,0,365,398,0,Charging,NO_CHARGING,Normal,Good,USB,1,Normal,0,0,9065,0x8000,0x20000,0x0,0,0,0000,0000,00000000,0,0,0,0,1193,4005,6700,990,0,
05-29 02:55:52.210  2878  6011 D [SS]BattFunctions: [sendRemainingChargingTimeChangedIntent]remainingChargingTime:3116 ,mLastRemainingChargingTime:3130
05-29 02:55:52.210  1783  1783 I sehhealth-service: updateLrpSysfs: write: 366
05-29 02:55:52.212  4422  4422 I AODBatteryManager: updateBatteryData: ACTION_BATTERY_CHANGED: false, isSleepModeChanged:false ,isRemainingTimeChanged: true, isUSBRestriction: false
05-29 02:55:52.212  4422  4422 I ChargingInfoManager: updateChargingInfo: newState = AOD ChargingInfo [mState=BATTERY_AND_REMAIN_TIME, mIsCharging=true, mIsPlugged=true, mIsFullyCharged=false, mIsBatteryProtectMode=false, mBetteryLevel=67, mBetteryProtectModeType1, mIsSlowChargingfalse], oldState = AOD ChargingInfo [mState=BATTERY_AND_REMAIN_TIME, mIsCharging=true, mIsPlugged=true, mIsFullyCharged=false, mIsBatteryProtectMode=false, mBetteryLevel=67, mBetteryProtectModeType1, mIsSlowChargingfalse]
05-29 02:55:52.212  4422  4422 D PowerUI : Remaining charging time : 3116
05-29 02:55:52.212  4422  4422 D PowerUI : Charging time is changed, check charging notification
05-29 02:55:52.213  4422  4422 D PowerUI.Notification: showChargingNotice - Battery Level : 67 -> 67, Charging Type : 11 -> 11, Charging Time : 3130 -> 3116, Maximum protection : true -> true, Maximum threshold : 90 -> 90
05-29 02:55:52.216  4422  4422 I NotificationManager: com.android.systemui: notify(2131364006, charging_state, Notification(channel=CHR shortcut=null contentView=null vibrate=null sound=null defaults=0 flags=ONGOING_EVENT|ONLY_ALERT_ONCE color=0x00000000 category=sys groupKey=CHARGING vis=PUBLIC semFlags=0x0 semPriority=0 semMissedCount=0)) as user
05-29 02:55:52.221  2878  6011 W PermissionService: getPermissionFlags: Unknown user -1
05-29 02:55:52.221  2878  6011 W PermissionService: getPermissionFlags: Unknown user -1
05-29 02:55:52.247  1837  1848 E HeatmapThread: ECT Thread time in milliseconds: 1780012552
05-29 02:55:52.250  1837  1848 D HeatmapThread: !@ batteryplugType : 2
05-29 02:55:52.250  1837  1848 D HeatmapThread: !@ batteryLevel : 67  batteryTemperature : 361 
05-29 02:55:52.250  1837  1848 D HeatmapThread: !@ Heatmap currtime: 29666875
05-29 02:55:52.250  1837  1848 D HeatmapThread: !@ Heatmap prevtime: 29666861
05-29 02:55:52.250  1837  1848 D HeatmapThread: !@ Heatmap plugstarttime: 29666846
05-29 02:55:52.250  1837  1848 D HeatmapThread: !@ Heatmap prevv_dsoh_update_time: 29666802
05-29 02:55:52.250  1837  1848 E HeatmapThread: !@ CAM New BSOH: 97
05-29 02:55:52.427  2878  2878 I Telecom : SamsungTelecomServiceImpl : isInManagedCall - callingPackage : android / callingUser : UserHandle{0} / hasCrossUserAccess : true
05-29 02:55:52.435  2878  5558 D ActivityManager: unpendingScheduleServiceRestart: u=10307, drop=false
05-29 02:55:52.437  4967  9581 I HoneySpace.NotificationListener: onNotificationPosted com.android.systemui: -1|com.android.systemui|2131364006|charging_state|10040: 0
05-29 02:55:52.437  4967  9581 I HoneySpace.NotificationListener: invalid notification: com.android.systemui UserHandle{-1}: canShowBadge is false
05-29 02:55:52.438  4967 14775 I HoneySpace.BadgeDataSourceImpl: Get notification count. PK(p='org.telegram.messenger', u=UserHandle{0}) - forceBadgeCount: false, notification listener: 2, badge provider: 17
05-29 02:55:52.440  2878  5556 D FreecessController: UFZ : com.huawei.health(10307) [11414, 8908] reason: Binder(1)-android.service.notification.INotificatio
05-29 02:55:52.440  2878  5567 W LocationManagerService: onFreezeStateChanged, uid[10307]=false
05-29 02:55:52.440  2878  5567 I PowerManagerService: [PWL] SetWakeLockEnableDisable uid = 10307 , disable= false
05-29 02:55:52.440  2878  5567 I PowerManagerService: [PWL] can not change uid =  10307
05-29 02:55:52.442  8908  2247 I Notify_NotificPush: 1600103320|R|I|Start onNotificationPosted: StatusBarNotification(pkg=com.android.systemui user=UserHandle{-1} id=2131364006 tag=charging_state key=-1|com.android.systemui|2131364006|charging_state|10040: Notification(channel=CHR shortcut=null contentView=null vibrate=null sound=null defaults=0 flags=ONGOING_EVENT|ONLY_ALERT_ONCE color=0x00000000 category=sys groupKey=CHARGING vis=PUBLIC semFlags=0x0 semPriority=0 semMissedCount=0))
05-29 02:55:52.448  8908  2247 W Notify_NotificPush: 1600103320|R|W|onNotificationPosted FILTERED because SUB_SWITCH_TURN_OFF,pkg=com.android.systemui
05-29 02:55:52.448  8908  2247 I Notify_NotificPush: 1600103320|R|I|com.android.systemui onNotificationPosted isMeetPushConditions?(false=filtered): false
05-29 02:55:52.449  8908  2248 I FormalHASDK: HAImpl==> onEvent. tag:_default_config_tag, type:1, eventId:85070006
05-29 02:55:52.455  4422  4422 D SubscreenNotificationListCoordinator: onAfterRenderList() isSubScreen = false, pluginLockMode = 0, doNotShowOnCover = false
05-29 02:55:52.456  4422  4422 I LockscreenNotificationIconsOnlyController: onNotificationInfoUpdated 0
05-29 02:55:52.456  4422  4422 I AODNotificationManager: updateNotification() 
05-29 02:55:52.457  1845  2090 I VSyncReactor: Current= 24, Period= 24, hwcPeriod= 24
05-29 02:55:52.459  1845  2128 D DisplayModeController: setDesiredMode 4630947118961383299 {mode={fps=120.00 Hz, modePtr={id=0, vsyncRate=120.00 Hz, peakRefreshRate=120.00 Hz}}, emitEvent=true, force=false}
05-29 02:55:52.490  1845  1845 I SurfaceFlinger: SFWD update time=55555857320003
05-29 02:55:52.492  1845  1845 I SurfaceFlinger: No layers with votes - choose 120.00 Hz
05-29 02:55:52.493  1845  1845 I HWComposer: [4630947118961383299] ActiveConfigToHWC, ID : 0
05-29 02:55:52.495  1773  2085 I SDM     : HWDeviceDRM::SetDisplaySwitchMode: [DispConfigs] check hs_mode 3
05-29 02:55:52.496  1773  2085 W SDM     : HWDeviceDRM::GetSupportedBitClkRate: Requested rate not supported: 951080000
05-29 02:55:52.496  1773  2085 I SDM     : HWDeviceDRM::SetDisplaySwitchMode: [DispConfigs] Set mode index:0 1080x2340x120xcmdHS, hs_mode(3), found_mode(0)
05-29 02:55:52.496  1773  2085 I SDM     : HWDeviceDRM::UpdateMixerAttributes: Mixer WxH 1080x2340-1 for Peripheral
05-29 02:55:52.496  1773  2085 I SDM     : HWCDisplay::SubmitDisplayConfig: Active configuration changed from config 8 to 0
05-29 02:55:52.500  1845  2090 I VSyncReactor: Current= 24, Period= 120, hwcPeriod= 120
05-29 02:55:52.532  1845  1845 I SurfaceFlinger: finalizeDisplayModeChange 4630947118961383299
05-29 02:55:52.643  4422  4422 D Bubbles : onEntryUpdated : shouldBubbleUp=false ,key=-1|com.android.systemui|2131364006|charging_state|10040
05-29 02:55:52.643  4422  4422 D InterruptionStateProvider:  no Heads up : edgelighting enabled app. -1|com.android.systemui|2131364006|charging_state|10040
05-29 02:55:52.644  4422  4422 I {OngoingActivityController}: onEntryUpdated and OA data is empty. So update latest task info
05-29 02:55:52.651  4422  4422 D SubscreenNotificationListCoordinator: onAfterRenderList() isSubScreen = false, pluginLockMode = 0, doNotShowOnCover = false
05-29 02:55:52.651  4422  4422 W RefactorFlag: New code path expects SceneContainerFlag to be enabled.
05-29 02:55:52.652  4422  4422 D ExpandableNotifRow: mMaxSmallHeight different before reInflateViews mMaxSmallHeight: 203 mTempSmallHeight:0 -1|com.android.systemui|2131364006|charging_state|10040
05-29 02:55:52.652  4422  4422 D ExpandableNotifRow: mMaxSmallHeight different before reInflateViews mMaxSmallHeight: 203 mTempSmallHeight:0 -1|com.android.systemui|2131364006|charging_state|10040
05-29 02:55:52.653  4422  4422 I LockscreenNotificationIconsOnlyController: onNotificationInfoUpdated 0
05-29 02:55:52.653  4422  4422 I AODNotificationManager: updateNotification() 
05-29 02:55:52.655  4422  5017 D LocalImageResolver: Couldn't use ImageDecoder for drawable, falling back to non-resized load.
05-29 02:55:52.656  4422  5017 D LocalImageResolver: Couldn't use ImageDecoder for drawable, falling back to non-resized load.
05-29 02:55:52.657  4422  4422 D LocalImageResolver: Couldn't use ImageDecoder for drawable, falling back to non-resized load.
05-29 02:55:52.662  4422  4422 W RefactorFlag: New code path expects SceneContainerFlag to be enabled.
05-29 02:55:52.669  4422  4422 D ExpandableNotifRow: mMaxSmallHeight different before reInflateViews mMaxSmallHeight: 203 mTempSmallHeight:0 -1|com.android.systemui|2131364006|charging_state|10040
05-29 02:55:52.669  4422  4422 D ExpandableNotifRow: mMaxSmallHeight different before reInflateViews mMaxSmallHeight: 203 mTempSmallHeight:0 -1|com.android.systemui|2131364006|charging_state|10040
05-29 02:55:52.669  4422  4422 D ExpandableNotifRow: mMaxSmallHeight different before reInflateViews mMaxSmallHeight: 203 mTempSmallHeight:0 -1|com.android.systemui|2131364006|charging_state|10040
05-29 02:55:52.669  4422  4422 D ExpandableNotifRow: mMaxSmallHeight different before reInflateViews mMaxSmallHeight: 203 mTempSmallHeight:0 -1|com.android.systemui|2131364006|charging_state|10040
05-29 02:55:52.670  4422  4422 D S.S.N.  : entryViewBound parent :-1|com.android.systemui|2131364006|charging_state|10040
05-29 02:55:52.671  4422  4422 D LocalImageResolver: Couldn't use ImageDecoder for drawable, falling back to non-resized load.
05-29 02:55:52.674  4422  4422 D SubscreenNotificationListCoordinator: onAfterRenderList() isSubScreen = false, pluginLockMode = 0, doNotShowOnCover = false
05-29 02:55:52.675  4422  4422 W RefactorFlag: New code path expects SceneContainerFlag to be enabled.
05-29 02:55:52.675  4422  4422 D ExpandableNotifRow: mMaxSmallHeight different before reInflateViews mMaxSmallHeight: 203 mTempSmallHeight:0 -1|com.android.systemui|2131364006|charging_state|10040
05-29 02:55:52.675  4422  4422 D ExpandableNotifRow: mMaxSmallHeight different before reInflateViews mMaxSmallHeight: 203 mTempSmallHeight:0 -1|com.android.systemui|2131364006|charging_state|10040
05-29 02:55:52.675  4422  4422 I LockscreenNotificationIconsOnlyController: onNotificationInfoUpdated 0
05-29 02:55:52.675  4422  4422 I AODNotificationManager: updateNotification() 
05-29 02:55:52.695  2994  3052 E AudioPathHelper: (Berry)(1.16)handleAudioPathTask() : can't get dual play mode - Need android.permission.BLUETOOTH_CONNECT permission for AttributionSource { uid = 1002, packageName = com.android.bluetooth, attributionTag = null, token = android.os.Binder@792f66, deviceId = 0, next = AttributionSource { uid = 10282, packageName = com.samsung.accessory.berrymgr, attributionTag = null, token = android.os.BinderProxy@7fbf963, deviceId = 0, next = null } }: A2dpServiceBinder
05-29 02:55:52.699  1420  1976 D VkpnsPushProvider:Notifier: Start notifier reconnect because of Web socket has been closed with cause: android.system.GaiException: android_getaddrinfo failed: EAI_NODATA (No address associated with hostname) and message: Unable to resolve host "rebus.rustore.ru": No address associated with hostname
05-29 02:55:52.699  1420  1976 I VkpnsPushProvider:NotifierConnection: Close connection to notifier
05-29 02:55:52.700  1420  1976 I VkpnsPushProvider:NotifierConnection: Start connect to notifier
05-29 02:55:52.706  1420  2154 E VkpnsPushProvider:Notifier:LoggingWebSocketListener: Websocket connection failed with Unable to resolve host "rebus.rustore.ru": No address associated with hostname cause android.system.GaiException: android_getaddrinfo failed: EAI_NODATA (No address associated with hostname)
05-29 02:55:52.706  2878  3971 D NetdEventListenerService: DNS Requested by 125, 10474(ru.vk.store), 4(FAIL), isBlocked=true, 0ms
05-29 02:55:52.746  7073  8462 I SDHMS:x : SIOP:: AP:382 BAT:361 USB:337 CHG:399 PA:390 CP:-200 WIFI:378 CF:368 BLK:0 SUBBAT:0 SKIN:365 SKINF:365 SKINB:356 LRP:365 LRP2:365 LRF2:365 LRB2:356 AP2:365 CHG2:364 WIFI2:365 UANT2:362 RCV2:362 SPK2:346 FCAM:336 UPSPK:367 DNSPK:336 VAP02:397 VWIFI:378 AMB:343 AMB2:293 AVGCUR:819 AVGSYS:472 POWER:3323
05-29 02:55:52.904  2878  5567 I NSLocationMonitor: getGPSUsingApps() called
05-29 02:55:52.905  5566  5595 I NSLocationManager_FLP: getGPSUsingApps, No change
05-29 02:55:52.912  2878  5567 D FreecessHandler: freeze com.duckduckgo.mobile.android(10067) result : 2
05-29 02:55:52.922  1420  1564 I Omicron:NetworkCallbackStateProvider: onBlockedStatusChanged[125]
05-29 02:55:52.923  1420  1647 I Omicron:NetworkCallbackStateProvider: Network state: NetworkSnapshot(network=125, isLost=false, isBlocked=false, hasInternetConnection=true, hasInternetCapability=true, isValidated=true, isActive=true)
05-29 02:55:52.927  1845  2128 D DisplayModeController: setDesiredMode 4630947118961383299 {mode={fps=24.00 Hz, modePtr={id=5, vsyncRate=24.00 Hz, peakRefreshRate=24.00 Hz}}, emitEvent=false, force=false}
05-29 02:55:52.929  1845  1845 I LayerHistory: StatusBar$_4422#107 voted NoVote (0.00 Hz)
05-29 02:55:52.930  1845  1845 I SurfaceFlinger: Idle - choose 24.00 Hz
05-29 02:55:52.930  1845  1845 I HWComposer: [4630947118961383299] ActiveConfigToHWC, ID : 8
05-29 02:55:52.932  1773  2085 I SDM     : HWDeviceDRM::SetDisplaySwitchMode: [DispConfigs] check hs_mode 3
05-29 02:55:52.932  1773  2085 W SDM     : HWDeviceDRM::GetSupportedBitClkRate: Requested rate not supported: 951080000
05-29 02:55:52.932  1773  2085 W SDM     : HWDeviceDRM::GetSupportedBitClkRate: Requested rate not supported: 951080000
05-29 02:55:52.932  1773  2085 I SDM     : HWDeviceDRM::SetDisplaySwitchMode: [DispConfigs] Set mode index:9 1080x2340x24xcmdPHS, hs_mode(3), found_mode(1)
05-29 02:55:52.932  1773  2085 I SDM     : HWDeviceDRM::UpdateMixerAttributes: Mixer WxH 1080x2340-1 for Peripheral
05-29 02:55:52.932  1773  2085 I SDM     : HWCDisplay::SubmitDisplayConfig: Active configuration changed from config 0 to 8
05-29 02:55:52.932  1845  2090 I VSyncReactor: Current= 120, Period= 24, hwcPeriod= 24
05-29 02:55:52.934  1845  1845 I SurfaceFlinger: finalizeDisplayModeChange 4630947118961383299
05-29 02:55:53.016  1746  1883 W tore:AppMetrica: userfaultfd: MOVE ioctl seems unsupported: Connection timed out
05-29 02:55:53.154  1420  1420 I VkpnsPushProvider:BackgroundPushService: onUnbind
05-29 02:55:53.155  1420  1420 I VkpnsPushProvider:BackgroundPushService: onDestroy
05-29 02:55:53.158  1420  1420 D VkpnsPushProvider:CachingPushMessagesReceiver: Stop receive messages
05-29 02:55:53.158  1420  1420 D VkpnsPushProvider:MergedReceiver: Stop receive messages
05-29 02:55:53.159  1420  1420 D VkpnsPushProvider:VkpnsContinuousMessagesReceiver: Stop receive messages from https
05-29 02:55:53.159  1420  1420 D VkpnsPushProvider:PusherReceiver: Stop receive messages
05-29 02:55:53.160  1420  1420 D VkpnsPushProvider:Notifier: Stop receive messages
05-29 02:55:53.161  1420  1983 I VkpnsPushProvider:NotifierConnection: Close connection to notifier
05-29 02:55:53.163  1420  1420 D ConnectivityManager: StackLog: [android.net.ConnectivityManager.unregisterNetworkCallback(ConnectivityManager.java:5575)] [ja0.d.b(ConnectivityNetworkStateManager.kt:35)] [ja0.c.b(CompatNetworkStateManager.kt:3)] [ga0.a.onDestroy(BasePushService.kt:45)] [android.app.ActivityThread.handleStopService(ActivityThread.java:6117)] [android.app.ActivityThread.-$$Nest$mhandleStopService(Unknown Source:0)] [android.app.ActivityThread$H.handleMessage(ActivityThread.java:2988)]
05-29 02:55:53.164  2878  3833 D ConnectivityService:  Removing from current network [125 CELLULAR], leaving 193 requests.
05-29 02:55:53.247  1837  1848 E HeatmapThread: ECT Thread time in milliseconds: 1780012553
05-29 02:55:53.252  1837  1848 D HeatmapThread: !@ batteryplugType : 2
05-29 02:55:53.252  1837  1848 D HeatmapThread: !@ batteryLevel : 67  batteryTemperature : 361 
05-29 02:55:53.252  1837  1848 D HeatmapThread: !@ Heatmap currtime: 29666875
05-29 02:55:53.252  1837  1848 D HeatmapThread: !@ Heatmap prevtime: 29666861
05-29 02:55:53.252  1837  1848 D HeatmapThread: !@ Heatmap plugstarttime: 29666846
05-29 02:55:53.252  1837  1848 D HeatmapThread: !@ Heatmap prevv_dsoh_update_time: 29666802
05-29 02:55:53.252  1837  1848 E HeatmapThread: !@ CAM New BSOH: 97
05-29 02:55:53.504  4005  4156 D SatelliteController: isInCarrierRoamingNbIotNtn: satellite is disabled
05-29 02:55:53.699  2994  3052 E AudioPathHelper: (Berry)(1.16)handleAudioPathTask() : can't get dual play mode - Need android.permission.BLUETOOTH_CONNECT permission for AttributionSource { uid = 1002, packageName = com.android.bluetooth, attributionTag = null, token = android.os.Binder@792f66, deviceId = 0, next = AttributionSource { uid = 10282, packageName = com.samsung.accessory.berrymgr, attributionTag = null, token = android.os.BinderProxy@7fbf963, deviceId = 0, next = null } }: A2dpServiceBinder
05-29 02:55:54.029  1156  1156 D io_stats: !@   8,0 r 27269675 450748430 w 4454374 79845748 d 773562 313746212 f 118921 487446 iot 7555592 0 th 0 0 0 pt 0 inp 0 0 55557.396
05-29 02:55:54.030  1156  1156 D io_stats: !@ Read_top(KB): ru.vk.store(1420) 108 c.android.sdhms(7073) 12 .ninebot.segway(27766) 12
05-29 02:55:54.030  1156  1156 D io_stats: !@ Write_top(KB): f2fs_ckpt-254:6(1389) 40 init(1) 28 ru.mail.mailapp(838) 8
05-29 02:55:54.247  1837  1848 E HeatmapThread: ECT Thread time in milliseconds: 1780012554
05-29 02:55:54.250  1837  1848 D HeatmapThread: !@ batteryplugType : 2
05-29 02:55:54.250  1837  1848 D HeatmapThread: !@ batteryLevel : 67  batteryTemperature : 361 
05-29 02:55:54.250  1837  1848 D HeatmapThread: !@ Heatmap currtime: 29666875
05-29 02:55:54.250  1837  1848 D HeatmapThread: !@ Heatmap prevtime: 29666861
05-29 02:55:54.250  1837  1848 D HeatmapThread: !@ Heatmap plugstarttime: 29666846
05-29 02:55:54.251  1837  1848 D HeatmapThread: !@ Heatmap prevv_dsoh_update_time: 29666802
05-29 02:55:54.251  1837  1848 E HeatmapThread: !@ CAM New BSOH: 97
05-29 02:55:54.486  1694  5377 I vendor.qti.bluetooth@1.1-ibs_handler: ProcessIbsCmd: Received IBS_WAKE_IND: 0xFD
05-29 02:55:54.487  1694  5377 D vendor.qti.bluetooth@1.1-ibs_handler: SerialClockVote: vote for UART CLK ON
05-29 02:55:54.487  1694  5377 D vendor.qti.bluetooth@1.1-wake_lock: Acquire wakelock is acquired 
05-29 02:55:54.487  1694  5377 I vendor.qti.bluetooth@1.1-ibs_handler: ProcessIbsCmd: Writing IBS_WAKE_ACK
05-29 02:55:54.495  4729  5131 I bluetooth: system/gd/hci/le_scanning_reassembler.cc:54 ProcessAdvertisingReport: Ignoring scan response received without advertising event
05-29 02:55:54.495  4729  5389 I ScanController: onScanResult() - scanClient(5) can't get scanResult, permission : false
05-29 02:55:54.495  4729  5389 I ScanController: onScanResult to scannerId: 11- eventType=0x13, addressType=1, address=XX:XX:XX:XX:DF:26, primaryPhy=1, secondaryPhy=0, advertisingSid=0xff, txPower=127, rssi=-91, periodicAdvInt=0x0
05-29 02:55:54.539  1694  5377 I vendor.qti.bluetooth@1.1-ibs_handler: ProcessIbsCmd: Received IBS_SLEEP_IND: 0xFE
05-29 02:55:54.539  1694  5377 D vendor.qti.bluetooth@1.1-ibs_handler: SerialClockVote: vote for UART CLK OFF
05-29 02:55:54.690  1694  5143 D vendor.qti.bluetooth@1.1-wake_lock: Release wakelock is released 
05-29 02:55:54.703  2994  3052 E AudioPathHelper: (Berry)(1.16)handleAudioPathTask() : can't get dual play mode - Need android.permission.BLUETOOTH_CONNECT permission for AttributionSource { uid = 1002, packageName = com.android.bluetooth, attributionTag = null, token = android.os.Binder@792f66, deviceId = 0, next = AttributionSource { uid = 10282, packageName = com.samsung.accessory.berrymgr, attributionTag = null, token = android.os.BinderProxy@7fbf963, deviceId = 0, next = null } }: A2dpServiceBinder
05-29 02:55:54.800  2878  3833 D InetDiagMessage: Destroyed 0 sockets, proto=IPPROTO_TCP, family=AF_INET, states=14
05-29 02:55:54.801  2878  3833 D InetDiagMessage: Destroyed 0 sockets, proto=IPPROTO_TCP, family=AF_INET6, states=14
05-29 02:55:54.801  2878  3833 D InetDiagMessage: Destroyed live tcp sockets for uids={10412} in 2ms
05-29 02:55:54.803  2878  3833 D InetDiagMessage: Destroyed 0 sockets, proto=IPPROTO_TCP, family=AF_INET, states=14
05-29 02:55:54.804  2878  3833 D InetDiagMessage: Destroyed 0 sockets, proto=IPPROTO_TCP, family=AF_INET6, states=14
05-29 02:55:54.804  2878  3833 D InetDiagMessage: Destroyed live tcp sockets for uids={20412} in 2ms
05-29 02:55:54.877 15930 15930 D BoundBrokerSvc: onUnbind: Intent { act=com.google.android.gms.measurement.START xflg=0x4 pkg=com.google.android.gms }
05-29 02:55:55.247  1837  1848 E HeatmapThread: ECT Thread time in milliseconds: 1780012555
05-29 02:55:55.250  1837  1848 D HeatmapThread: !@ batteryplugType : 2
05-29 02:55:55.251  1837  1848 D HeatmapThread: !@ batteryLevel : 67  batteryTemperature : 361 
05-29 02:55:55.251  1837  1848 D HeatmapThread: !@ Heatmap currtime: 29666875
05-29 02:55:55.251  1837  1848 D HeatmapThread: !@ Heatmap prevtime: 29666861
05-29 02:55:55.251  1837  1848 D HeatmapThread: !@ Heatmap plugstarttime: 29666846
05-29 02:55:55.251  1837  1848 D HeatmapThread: !@ Heatmap prevv_dsoh_update_time: 29666802
05-29 02:55:55.251  1837  1848 E HeatmapThread: !@ CAM New BSOH: 97
05-29 02:55:55.640 15930 15930 D BoundBrokerSvc: onUnbind: Intent { act=com.google.android.gms.safetynet.service.START xflg=0x4 pkg=com.google.android.gms }
05-29 02:55:55.670 15930 15930 D BoundBrokerSvc: onUnbind: Intent { act=com.google.android.gms.appset.service.START dat=chimera-action:/... xflg=0x4 cmp=com.google.android.gms/.chimera.GmsApiService }
05-29 02:55:55.674 15930 15930 D BoundBrokerSvc: onUnbind: Intent { act=com.google.android.gms.safebrowsing.SafeBrowsingService.START dat=chimera-action:/... xflg=0x4 cmp=com.google.android.gms/.chimera.GmsBoundBrokerService }
05-29 02:55:55.706  2994  3052 E AudioPathHelper: (Berry)(1.16)handleAudioPathTask() : can't get dual play mode - Need android.permission.BLUETOOTH_CONNECT permission for AttributionSource { uid = 1002, packageName = com.android.bluetooth, attributionTag = null, token = android.os.Binder@792f66, deviceId = 0, next = AttributionSource { uid = 10282, packageName = com.samsung.accessory.berrymgr, attributionTag = null, token = android.os.BinderProxy@7fbf963, deviceId = 0, next = null } }: A2dpServiceBinder
05-29 02:55:56.030  1156  1156 D io_stats: !@   8,0 r 27269677 450748450 w 4454388 79849944 d 773562 313746212 f 118921 487446 iot 7555652 0 th 0 0 0 pt 0 inp 0 0 55559.397
05-29 02:55:56.247  1837  1848 E HeatmapThread: ECT Thread time in milliseconds: 1780012556
05-29 02:55:56.250  1837  1848 D HeatmapThread: !@ batteryplugType : 2
05-29 02:55:56.250  1837  1848 D HeatmapThread: !@ batteryLevel : 67  batteryTemperature : 361 
05-29 02:55:56.250  1837  1848 D HeatmapThread: !@ Heatmap currtime: 29666875
05-29 02:55:56.250  1837  1848 D HeatmapThread: !@ Heatmap prevtime: 29666861
05-29 02:55:56.250  1837  1848 D HeatmapThread: !@ Heatmap plugstarttime: 29666846
05-29 02:55:56.250  1837  1848 D HeatmapThread: !@ Heatmap prevv_dsoh_update_time: 29666802
05-29 02:55:56.250  1837  1848 E HeatmapThread: !@ CAM New BSOH: 97
05-29 02:55:56.710  2994  3052 E AudioPathHelper: (Berry)(1.16)handleAudioPathTask() : can't get dual play mode - Need android.permission.BLUETOOTH_CONNECT permission for AttributionSource { uid = 1002, packageName = com.android.bluetooth, attributionTag = null, token = android.os.Binder@792f66, deviceId = 0, next = AttributionSource { uid = 10282, packageName = com.samsung.accessory.berrymgr, attributionTag = null, token = android.os.BinderProxy@7fbf963, deviceId = 0, next = null } }: A2dpServiceBinder
05-29 02:55:56.787  2157  2171 I shsusrd : shsusr_check_cpu_usage(): Output of /proc/2157/stat/ : 2157 (shsusrd0) S 1 2157 0 0 -1 1077936384 1256749 0 4301 0 4387 18500 0 0 20 0 11 0 811 2502557696 651 18446744073709551615 382806614016 382806872472 549425071456 0 0 0 0 0 1073794810 0 0 0 17 3 0 0 0 0 0 382806895552 382806896488 382814031872 549425072205 549425072248 549425072248 549425078237 0
05-29 02:55:56.787  2157  2171 I shsusrd : 
05-29 02:55:56.788  2157  2171 I shsusrd : shsusr_check_cpu_usage(): utime 4387 stime 18500 cpu_time_last 22883
05-29 02:55:56.788  2157  2171 I shsusrd : shsusr_check_cpu_usage(): user time = 4387 | system time = 18500 | total = 22887 | cpu_time_delta = 4, clk_tck 100
05-29 02:55:56.788  2157  2171 I shsusrd : shsusr_check_cpu_usage(): time_cur 1780012556 time_last 1780012546
05-29 02:55:56.788  2157  2171 I shsusrd : shsusr_check_cpu_usage(): shsusrd is using 0 pct of CPU - time_delta 10
05-29 02:55:56.788  2157  2171 I shsusrd : shsusr_check_cpu_usage(): shsusrd usage 0
05-29 02:55:56.788  2157  2171 I shsusrd : shsusr_check_cpu_usage_combined(): time_delta for combined : 10 time_cur 1780012556 time_last_combined 1780012546
05-29 02:55:56.788  2157  2171 I shsusrd : shsusr_check_cpu_usage_combined(): Output of /proc/2157/task/2157/stat: 2157 (shsusrd0) S 1 2157 0 0 -1 1077936384 1189 0 10 0 2 0 0 0 20 0 11 0 811 2502557696 651 18446744073709551615 382806614016 382806872472 549425071456 0 0 0 0 0 1073794810 1 0 0 17 3 0 0 0 0 0 382806895552 382806896488 382814031872 549425072205 549425072248 549425072248 549425078237 0
05-29 02:55:56.788  2157  2171 I shsusrd : 
05-29 02:55:56.788  2157  2171 I shsusrd : shsusr_check_cpu_usage_combined(): tid 2157 utime 2 stime 0 time_delta 10 clk_tck 100, usage 0
05-29 02:55:56.788  2157  2171 I shsusrd : shsusr_check_cpu_usage_combined(): Output of /proc/2157/task/2168/stat: 2168 (shsusrd12) S 1 2157 0 0 -1 4194368 1188306 0 1531 0 3546 14000 0 0 20 0 11 0 814 2502557696 651 18446744073709551615 382806614016 382806872472 549425071456 0 0 0 0 0 1073794810 1 0 0 -1 0 0 0 0 0 0 382806895552 382806896488 382814031872 549425072205 549425072248 549425072248 549425078237 0
05-29 02:55:56.788  2157  2171 I shsusrd : 
05-29 02:55:56.788  2157  2171 I shsusrd : shsusr_check_cpu_usage_combined(): tid 2168 utime 3546 stime 14000 time_delta 10 clk_tck 100, usage 1700
05-29 02:55:56.788  2157  2171 I shsusrd : shsusr_check_cpu_usage_combined(): Output of /proc/2157/task/2169/stat: 2169 (shsusrd2) S 1 2157 0 0 -1 4194368 250 0 306 0 3 112 0 0 20 0 11 0 814 2502557696 651 18446744073709551615 382806614016 382806872472 549425071456 0 0 0 0 0 1073794810 1 0 0 -1 6 0 0 0 0 0 382806895552 382806896488 382814031872 549425072205 549425072248 549425072248 549425078237 0
05-29 02:55:56.788  2157  2171 I shsusrd : 
05-29 02:55:56.788  2157  2171 I shsusrd : shsusr_check_cpu_usage_combined(): tid 2169 utime 3 stime 112 time_delta 10 clk_tck 100, usage 0
05-29 02:55:56.789  2157  2171 I shsusrd : shsusr_check_cpu_usage_combined(): Output of /proc/2157/task/2170/stat: 2170 (shsusrd13) S 1 2157 0 0 -1 1077936192 114 0 153 0 119 405 0 0 20 0 11 0 814 2502557696 651 18446744073709551615 382806614016 382806872472 549425071456 0 0 0 0 0 1073794810 1 0 0 -1 1 0 0 0 0 0 382806895552 382806896488 382814031872 549425072205 549425072248 549425072248 549425078237 0
05-29 02:55:56.789  2157  2171 I shsusrd : 
05-29 02:55:56.789  2157  2171 I shsusrd : shsusr_check_cpu_usage_combined(): tid 2170 utime 119 stime 405 time_delta 10 clk_tck 100, usage 0
05-29 02:55:56.789  2157  2171 I shsusrd : shsusr_check_cpu_usage_combined(): Output of /proc/2157/task/2171/stat: 2171 (shsusrd42) R 1 2157 0 0 -1 4194368 274 0 892 0 285 1121 0 0 20 0 11 0 814 2502557696 651 18446744073709551615 382806614016 382806872472 549425071456 0 0 0 0 0 1073794810 0 0 0 -1 1 0 0 0 0 0 382806895552 382806896488 382814031872 549425072205 549425072248 549425072248 549425078237 0
05-29 02:55:56.789  2157  2171 I shsusrd : 
05-29 02:55:56.789  2157  2171 I shsusrd : shsusr_check_cpu_usage_combined(): tid 2171 utime 285 stime 1121 time_delta 10 clk_tck 100, usage 100
05-29 02:55:56.789  2157  2171 I shsusrd : shsusr_check_cpu_usage_combined(): Output of /proc/2157/task/2173/stat: 2173 (shsusrd4) S 1 2157 0 0 -1 4194368 0 0 0 0 1 101 0 0 20 0 11 0 814 2502557696 651 18446744073709551615 382806614016 382806872472 549425071456 0 0 0 0 0 1073794810 1 0 0 -1 1 0 0 0 0 0 382806895552 382806896488 382814031872 549425072205 549425072248 549425072248 549425078237 0
05-29 02:55:56.789  2157  2171 I shsusrd : 
05-29 02:55:56.789  2157  2171 I shsusrd : shsusr_check_cpu_usage_combined(): tid 2173 utime 1 stime 101 time_delta 10 clk_tck 100, usage 0
05-29 02:55:56.789  2157  2171 I shsusrd : shsusr_check_cpu_usage_combined(): Output of /proc/2157/task/2174/stat: 2174 (shsusrd14) S 1 2157 0 0 -1 4194368 173 0 437 0 1 113 0 0 20 0 11 0 814 2502557696 651 18446744073709551615 382806614016 382806872472 549425071456 0 0 0 0 0 1073794810 1 0 0 -1 6 0 0 0 0 0 382806895552 382806896488 382814031872 549425072205 549425072248 549425072248 549425078237 0
05-29 02:55:56.789  2157  2171 I shsusrd : 
05-29 02:55:56.789  2157  2171 I shsusrd : shsusr_check_cpu_usage_combined(): tid 2174 utime 1 stime 113 time_delta 10 clk_tck 100, usage 0
05-29 02:55:56.790  2157  2171 I shsusrd : shsusr_check_cpu_usage_combined(): Output of /proc/2157/task/5007/stat: 5007 (shsusrd14) S 1 2157 0 0 -1 4194368 0 0 21 0 0 114 0 0 20 0 11 0 1936 2502557696 651 18446744073709551615 382806614016 382806872472 549425071456 0 0 0 0 0 1073794810 1 0 0 -1 1 0 0 0 0 0 382806895552 382806896488 382814031872 549425072205 549425072248 549425072248 549425078237 0
05-29 02:55:56.790  2157  2171 I shsusrd : 
05-29 02:55:56.790  2157  2171 I shsusrd : shsusr_check_cpu_usage_combined(): tid 5007 utime 0 stime 114 time_delta 10 clk_tck 100, usage 0
05-29 02:55:56.790  2157  2171 I shsusrd : shsusr_check_cpu_usage_combined(): Output of /proc/2157/task/5080/stat: 5080 (shsusrd7) S 1 2157 0 0 -1 4194368 4 0 21 0 1 107 0 0 20 0 11 0 1966 2502557696 651 18446744073709551615 382806614016 382806872472 549425071456 0 0 0 0 0 1073794810 1 0 0 -1 0 0 0 0 0 0 382806895552 382806896488 382814031872 549425072205 549425072248 549425072248 549425078237 0
05-29 02:55:56.790  2157  2171 I shsusrd : 
05-29 02:55:56.790  2157  2171 I shsusrd : shsusr_check_cpu_usage_combined(): tid 5080 utime 1 stime 107 time_delta 10 clk_tck 100, usage 0
05-29 02:55:56.790  2157  2171 I shsusrd : shsusr_check_cpu_usage_combined(): Output of /proc/2157/task/5093/stat: 5093 (shsusrd5) S 1 2157 0 0 -1 4194368 15 0 131 0 1 107 0 0 20 0 11 0 1967 2502557696 651 18446744073709551615 382806614016 382806872472 549425071456 0 0 0 0 0 1073794810 1 0 0 -1 1 0 0 0 0 0 382806895552 382806896488 382814031872 549425072205 549425072248 549425072248 549425078237 0
05-29 02:55:56.790  2157  2171 I shsusrd : 
05-29 02:55:56.790  2157  2171 I shsusrd : shsusr_check_cpu_usage_combined(): tid 5093 utime 1 stime 107 time_delta 10 clk_tck 100, usage 0
05-29 02:55:56.790  2157  2171 I shsusrd : shsusr_check_cpu_usage_combined(): Output of /proc/2157/task/10321/stat: 10321 (HwBinder:2157_1) S 1 2157 0 0 -1 1077936192 3 0 0 0 0 0 0 0 20 0 11 0 3014649 2502557696 651 18446744073709551615 382806614016 382806872472 549425071456 0 0 0 0 0 1073794810 1 0 0 -1 1 0 0 0 0 0 382806895552 382806896488 382814031872 549425072205 549425072248 549425072248 549425078237 0
05-29 02:55:56.790  2157  2171 I shsusrd : 
05-29 02:55:56.790  2157  2171 I shsusrd : shsusr_check_cpu_usage_combined(): tid 10321 utime 0 stime 0 time_delta 10 clk_tck 100, usage 0
05-29 02:55:56.790  2157  2171 I shsusrd : shsusr_check_cpu_usage_combined(): Combined CPU usage: total_utime 3959 total_stime 16180 total_cpu_time_seconds 0.00, clk_tck 100
05-29 02:55:56.790  2157  2171 I shsusrd : shsusr_check_cpu_usage_combined(): Combined shsusrd usage 0
05-29 02:55:56.790  2157  2171 I shsusrd : shsusr_check_cpu_usage_combined(): Combined shsusrd usage FINAL 0
05-29 02:55:56.896 12971 12971 D BoundBrokerSvc: onUnbind: Intent { act=com.google.android.gms.presencemanager.service.START dat=chimera-action:/... xflg=0x4 cmp=com.google.android.gms/.chimera.PersistentApiService }
05-29 02:55:56.898 12971 12971 D BoundBrokerSvc: onUnbind: Intent { act=com.google.android.gms.presencemanager.service.INTERNAL_IDENTITY dat=chimera-action:/... xflg=0x4 cmp=com.google.android.gms/.chimera.PersistentApiService }
05-29 02:55:57.247  1837  1848 E HeatmapThread: ECT Thread time in milliseconds: 1780012557
05-29 02:55:57.252  1837  1848 D HeatmapThread: !@ batteryplugType : 2
05-29 02:55:57.252  1837  1848 D HeatmapThread: !@ batteryLevel : 67  batteryTemperature : 361 
05-29 02:55:57.252  1837  1848 D HeatmapThread: !@ Heatmap currtime: 29666875
05-29 02:55:57.253  1837  1848 D HeatmapThread: !@ Heatmap prevtime: 29666861
05-29 02:55:57.253  1837  1848 D HeatmapThread: !@ Heatmap plugstarttime: 29666846
05-29 02:55:57.253  1837  1848 D HeatmapThread: !@ Heatmap prevv_dsoh_update_time: 29666802
05-29 02:55:57.253  1837  1848 E HeatmapThread: !@ CAM New BSOH: 97
05-29 02:55:57.603  2878  7131 D CustomizedBinderCallsStatsInternal: reportCpuUsage() : 1%
05-29 02:55:57.603  2878  3238 I BinderCallsStats: Collected cpu time : 0us, collected call count : 0 for 2827118 ms
05-29 02:55:57.604  2878  7131 D ProcessCpuUsage: [0] 1077, {672=31080, 787=1100, 902=700, 1017=700, 1113=540, 1228=810, 1344=1330, 1459=580, 1555=17410, 1670=3500, 1900=2370}
05-29 02:55:57.604  2878  7131 D ProcessCpuUsage: [3] 813, {614=48660, 729=450, 844=400, 940=480, 1056=200, 1171=150, 1286=2990, 1401=120, 1651=970, 1785=780, 1920=3390, 2592=1390}
05-29 02:55:57.604  2878  7131 D ProcessCpuUsage: [7] 998, {864=52180, 1248=3080, 1843=150, 2092=2250, 2227=1280, 2841=1110}
05-29 02:55:57.609  2878  7131 I ActivityManager: Changes in 10108 10 to 6, 0 to 128
05-29 02:55:57.609  2878  7131 W ProcessStats: Tracking association SourceState{7353fc2 com.android.bluetooth/1002 ImpFg #246269} whose proc state 5 is better than process ProcessState{2c3f49c com.samsung.android.mcfserver/10108 pkg=com.samsung.android.mcfserver} proc state 8 (3 skipped)
05-29 02:55:57.609  2878  3899 D BackgroundInstallControlService: Package event received: 0
05-29 02:55:57.714  2994  3052 E AudioPathHelper: (Berry)(1.16)handleAudioPathTask() : can't get dual play mode - Need android.permission.BLUETOOTH_CONNECT permission for AttributionSource { uid = 1002, packageName = com.android.bluetooth, attributionTag = null, token = android.os.Binder@792f66, deviceId = 0, next = AttributionSource { uid = 10282, packageName = com.samsung.accessory.berrymgr, attributionTag = null, token = android.os.BinderProxy@7fbf963, deviceId = 0, next = null } }: A2dpServiceBinder
05-29 02:55:58.014 15930 15930 D BoundBrokerSvc: onUnbind: Intent { act=com.google.android.gms.deviceperformance.service.START dat=chimera-action:/... xflg=0x4 cmp=com.google.android.gms/.chimera.GmsApiService }
05-29 02:55:58.031  1156  1156 D io_stats: !@   8,0 r 27269677 450748450 w 4454396 79849980 d 773562 313746212 f 118921 487446 iot 7555672 0 th 0 0 0 pt 0 inp 0 0 55561.398
05-29 02:55:58.031  1156  1156 D io_stats: !@ Read_top(KB): ru.mail.mailapp(838) 16 .ninebot.segway(27766) 4
05-29 02:55:58.031  1156  1156 D io_stats: !@ Write_top(KB): kworker/u16:1(31686) 4192 sait.sohservice(16416) 40
05-29 02:55:58.113  2260  2891 D SemNativeCarrierFeature_vendor: getInstance
05-29 02:55:58.118  4005  4156 D SatelliteController: isCarrierRoamingNtnEligible: satellite access is not allowed
05-29 02:55:58.118  4005  4156 D SatelliteController: evaluateCarrierRoamingNtnEligibilityChange: isCarrierRoamingNtnEligible=false
05-29 02:55:58.118  4005  4156 E SatelliteController: notifyNtnEligibility: mSatellitePhone is null
05-29 02:55:58.118  4005  4156 V SatelliteController: getWwanIsInService: return true
05-29 02:55:58.118  4005  4156 V SatelliteController: getWwanIsInService: return true
05-29 02:55:58.119  2878  2878 D SemWifiService: onServiceStateChanged : state - 0, dataNetworkType : 13
05-29 02:55:58.119  4005  4156 D SatelliteController: updateLastNotifiedNtnModeAndNotify: subId=1 initialized=true lastNotifiedNtnMode=false lastNotifiedNtnModePhone=false currNtnMode=false
05-29 02:55:58.119  4005  4156 D SatelliteController: isInCarrierRoamingNbIotNtn: satellite is disabled
05-29 02:55:58.122  2878  4780 D SLocation: CellLocationManager - onServiceStateChanged 0
05-29 02:55:58.122  2878  7131 I LocationAccessPolicy: com.android.systemui is aware of fine but the app-ops permission is specifically denied.
05-29 02:55:58.122  2878  7131 I LocationAccessPolicy: checkLocationPermission - callingUid: 10040, callingPid: 4422, resultForFine: DENIED_SOFT
05-29 02:55:58.123  2878  7131 I LocationAccessPolicy: com.android.systemui is aware of coarse but the app-ops permission is specifically denied.
05-29 02:55:58.123  2878  7131 I LocationAccessPolicy: checkLocationPermission - callingUid: 10040, callingPid: 4422, resultForCoarse: DENIED_SOFT
05-29 02:55:58.122  4307  4531 I VolteServiceModule: onServiceStateChanged({mVoiceRegState=0(IN_SERVICE), mDataRegState=0(IN_SERVICE), mChannelNumber=39148, duplexMode()=2, mCellBandwidths=[20000, 20000, 20000], mOperatorAlphaLong=T-Mobile, mOperatorAlphaShort=T-Mobile, isManualNetworkSelection=false(automatic), getRilVoiceRadioTechnology=14(LTE), getRilDataRadioTechnology=14(LTE), mCssIndicator=unsupported, mNetworkId=*1, mSystemId=*1, mCdmaRoamingIndicator=-1, mCdmaDefaultRoamingIndicator=-1, NonCellular=false, Snap=0, PsOnly=false, SprDisplayRoam=false, OptRadioTech=0, MsimSubmode=0, IsVoiceCallAvailable=true, mIsEmergencyOnly=false, isUsingCarrierAggregation=false, mArfcnRsrpBoost=0, mNetworkRegistrationInfos=[NetworkRegistrationInfo{ domain=PS transportType=WLAN registrationState=UNKNOWN networkRegistrationState=UNKNOWN roamingType=NOT_ROAMING accessNetworkTechnology=IWLAN rejectCause=0 emergencyEnabled=false availableServices=[] cellIdentity=null voiceSpecificInfo=null dataSpecificInfo=null nrState=**** rRplmn= isUsingCarrierAggregation=false isNonTerrestrialNetwork=TERRESTRIAL}, NetworkRegistrationInfo{ domain=CS transportType=WWAN registrationState=HOME networkRegistrationState=HOME roamingType=NOT_ROAMING accessNetworkTechnology=LTE rejectCause=0 emergencyEnabled=false availableServices=[VOICE,SMS,VIDEO] cellIdentity=CellIdentityLte:{ mCi=1******67 mPci=93 mTac=2***8 mEarfcn=39148 mBands=[40] mBandwidth=2147483647 mMcc=250 mMnc=20 mAlphaLong=T-Mobile mAlphaShort=T-Mobile mAdditionalPlmns={} mCsgInfo=null} voiceSpecificInfo=VoiceSpecificRegistrationInfo { mCssSupported=false mRoamingIndicator=0 mSystemIsInPrl=0 mDefaultRoamingIndicator=0} dataSpecificInfo=null nrState=**** rRplmn=25020 isUsingCarrierAggregation=false isNonTerrestrialNetwork=TERRESTRIAL}, NetworkRegistrationInfo{ domain=PS transportType=WWAN registrationState=HOME networkRegistrationState=HOME roamingType=NOT_ROAMING accessNetworkTechnology=LTE rejectCause=0 emergencyEnabled=false availableServices=[DATA,MMS] cellIdentity=CellIdentityLte:{ mCi=1******67 mPci=93 mTac=2***8 mEarfcn=39148 mBands=[40] mBandwidth=2147483647 mMcc=250 mMnc=20 mAlphaLong=T-Mobile mAlphaShort=T-Mobile mAdditionalPlmns={} mCsgInfo=null} voiceSpecificInfo=null dataSpecificInfo=android.telephony.DataSpecificRegistrationInfo :{ maxDataCalls = 16 isDcNrRestricted = false isNrAvailable = false isEnDcAvailable = false mLteAttachResultType = 0 mLteAttachExtraInfo = 0 LteVopsSupportInfo :  mVopsSupport = 3 mEmcBearerSupport = 3 } nrState=**** rRplmn=25020 isUsingCarrierAggregation=false isNonTerrestrialNetwork=TERRESTRIAL}], mNrFrequencyRange=0, mOperatorAlphaLongRaw=T-Mobile, mOperatorAlphaShortRaw=T-Mobile, mIsDataRoamingFromRegistration=false, mIsIwlanPreferred=false, mIsUsingNonTerrestrialNetwork=false})
05-29 02:55:58.123  4307  4531 I VolteServiceModule: mIsLteEpsOnlyAttached(0):false
05-29 02:55:58.123  4077  4260 I EPDG -- SIM0 [NetController]: getVoPS, vopsSupportInfo=LteVopsSupportInfo :  mVopsSupport = 3 mEmcBearerSupport = 3
05-29 02:55:58.123  4077  4260 I EPDG -- SIM0 [NetController]: WWAN Voice Regi: 0 Roaming: 0
05-29 02:55:58.123  4077  4260 I EPDG -- SIM0 [NetController]: WWAN Data Regi: 0 Rat: 13 Roaming: false
05-29 02:55:58.123  2878  7131 I LocationAccessPolicy: com.android.systemui is aware of fine but the app-ops permission is specifically denied.
05-29 02:55:58.123  4077  4260 I EPDG -- SIM0 [NetController]: onNetworkStatusChanged: disable Epdg
05-29 02:55:58.123  2878  7131 I LocationAccessPolicy: checkLocationPermission - callingUid: 10040, callingPid: 4422, resultForFine: DENIED_SOFT
05-29 02:55:58.124  2878  7131 I LocationAccessPolicy: com.android.systemui is aware of coarse but the app-ops permission is specifically denied.
05-29 02:55:58.124  2878  7131 I LocationAccessPolicy: checkLocationPermission - callingUid: 10040, callingPid: 4422, resultForCoarse: DENIED_SOFT
05-29 02:55:58.124  4005  4156 D SatelliteController: determineAutoConnectSystemNotification: isNtn.first = false IsNotiToShow = true mIsAutoConnectNotificationShowing = false
05-29 02:55:58.124  2878  7131 I LocationAccessPolicy: com.android.systemui is aware of fine but the app-ops permission is specifically denied.
05-29 02:55:58.124  2878  7131 I LocationAccessPolicy: checkLocationPermission - callingUid: 10040, callingPid: 4422, resultForFine: DENIED_SOFT
05-29 02:55:58.125  4422  4422 D GlobalActionsDialogLite: Service changed before actions created
05-29 02:55:58.125  2878  7131 I LocationAccessPolicy: com.android.systemui is aware of coarse but the app-ops permission is specifically denied.
05-29 02:55:58.125  2878  7131 I LocationAccessPolicy: checkLocationPermission - callingUid: 10040, callingPid: 4422, resultForCoarse: DENIED_SOFT
05-29 02:55:58.125  2878  7131 I LocationAccessPolicy: com.android.systemui is aware of fine but the app-ops permission is specifically denied.
05-29 02:55:58.125  2878  7131 I LocationAccessPolicy: checkLocationPermission - callingUid: 10040, callingPid: 4422, resultForFine: DENIED_SOFT
05-29 02:55:58.126  2878  7131 I LocationAccessPolicy: com.android.systemui is aware of coarse but the app-ops permission is specifically denied.
05-29 02:55:58.126  2878  7131 I LocationAccessPolicy: checkLocationPermission - callingUid: 10040, callingPid: 4422, resultForCoarse: DENIED_SOFT
05-29 02:55:58.126  4307  4307 I TelephonyCallbackForPdnController<0>: emcbsIndication: NOT_SUPPORTED, mobileDataNetworkType: 13
05-29 02:55:58.126  2878  3846 W NSLocationMonitor: onServiceStateChanged, state=0 / channel=39148
05-29 02:55:58.126  2878  3846 I NSLocationMonitor: networkType[13]=LTE / nrState=false
