05-29 02:55:40.199  1340 15897 I keystore2: system/security/keystore2/src/security_level.rs:466 - In create_operation. Success to create IKeystoreOperation. 10340, None
05-29 02:55:40.200  1350  1350 D keymint_swd: keymint_swd keymint [WRN] (swd_run_cb:263) swd_update() returns 0
05-29 02:55:40.200  1350  1350 D android.hardware.security.keymint-service: update: ret 0
05-29 02:55:40.201  1350  1350 D keymint_swd: keymint_swd keymint [WRN] (swd_run_cb:263) swd_finish() returns 0
05-29 02:55:40.201  1350  1350 D android.hardware.security.keymint-service: finish: ret 0
05-29 02:55:40.202  5990  6019 V OsAgent : broadcastSystemEvent - 7
05-29 02:55:40.204   838  1338 I cr_LibraryLoader: Successfully loaded native library
05-29 02:55:40.204  1350  1350 W keymint_tee: [WRN]begin req PARAMS: A32, BM32, PD1, 
05-29 02:55:40.205  2878  3243 I libprocessgroup: Removed cgroup /sys/fs/cgroup/system/uid_1000/pid_31428
05-29 02:55:40.205  1637  1637 I Zygote  : Process 31428 exited due to signal 9 (Killed)
05-29 02:55:40.205  1350  1350 D keymint_swd: keymint_swd keymint [WRN] (km_add_tag:528) skip: non repetable tag already exists with different value: 268435458
05-29 02:55:40.206  1350  1350 D keymint_swd: keymint_swd keymint [WRN] (swd_run_cb:263) swd_begin() returns 0
05-29 02:55:40.206  1350  1350 D android.hardware.security.keymint-service: begin: ret 0
05-29 02:55:40.206  1340 15897 I keystore2: system/security/keystore2/src/security_level.rs:466 - In create_operation. Success to create IKeystoreOperation. 10340, None
05-29 02:55:40.207  1350  1350 D keymint_swd: keymint_swd keymint [WRN] (swd_run_cb:263) swd_update() returns 0
05-29 02:55:40.207  1350  1350 D android.hardware.security.keymint-service: update: ret 0
05-29 02:55:40.207  1350  1350 D keymint_swd: keymint_swd keymint [WRN] (swd_run_cb:263) swd_finish() returns 0
05-29 02:55:40.207  1350  1350 D android.hardware.security.keymint-service: finish: ret 0
05-29 02:55:40.208  1350  1350 W keymint_tee: [WRN]begin req PARAMS: A32, BM32, PD1, 
05-29 02:55:40.209   838  1338 I cr_CachingUmaRecorder: Flushed 16 samples from 16 histograms, 0 samples were dropped.
05-29 02:55:40.210  1350  1350 D keymint_swd: keymint_swd keymint [WRN] (km_add_tag:528) skip: non repetable tag already exists with different value: 268435458
05-29 02:55:40.210  1350  1350 D keymint_swd: keymint_swd keymint [WRN] (swd_run_cb:263) swd_begin() returns 0
05-29 02:55:40.210  1350  1350 D android.hardware.security.keymint-service: begin: ret 0
05-29 02:55:40.210  1420  1549 D ApplicationLoaders: Returning zygote-cached class loader: /system/framework/org.apache.http.legacy.jar
05-29 02:55:40.210  1340 15897 I keystore2: system/security/keystore2/src/security_level.rs:466 - In create_operation. Success to create IKeystoreOperation. 10340, None
05-29 02:55:40.211  1350  1350 D keymint_swd: keymint_swd keymint [WRN] (swd_run_cb:263) swd_update() returns 0
05-29 02:55:40.211  1350  1350 D android.hardware.security.keymint-service: update: ret 0
05-29 02:55:40.212  1350  1350 D keymint_swd: keymint_swd keymint [WRN] (swd_run_cb:263) swd_finish() returns 0
05-29 02:55:40.212  1350  1350 D android.hardware.security.keymint-service: finish: ret 0
05-29 02:55:40.213  1420  1549 D nativeloader: Configuring clns-10 for other apk /system/system_ext/framework/org.carconnectivity.android.digitalkey.rangingintent.jar. target_sdk_version=37, uses_libraries=ALL, library_path=/data/app/~~NUjSiNHy-dN7Eb0w07Zs8Q==/com.google.android.gms-M-VbJ8-rbO1mvInV9ydHng==/lib/arm64:/data/app/~~NUjSiNHy-dN7Eb0w07Zs8Q==/com.google.android.gms-M-VbJ8-rbO1mvInV9ydHng==/base.apk!/lib/arm64-v8a, permitted_path=/data:/mnt/expand:/data/user/0/com.google.android.gms
05-29 02:55:40.213  1420  1549 D nativeloader: Extending system_exposed_libraries: libhumantracking.arcsoft.so:libface_recognition.arcsoft.so:libpic_best.arcsoft.so:libPortraitDistortionCorrection.arcsoft.so:libPortraitDistortionCorrectionCali.arcsoft.so:libface_landmark.arcsoft.so:libFacialStickerEngine.arcsoft.so:libfrtracking_engine.arcsoft.so:libFaceRecognition.arcsoft.so:libveengine.arcsoft.so:lib_pet_detection.arcsoft.so:libae_bracket_hdr.arcsoft.so:libaiclearzoom_raw.arcsoft.so:libacz_hhdr.arcsoft.so:libhybrid_high_dynamic_range.arcsoft.so:libimage_enhancement.arcsoft.so:libsuperresolution_raw.arcsoft.so:libFacialAttributeDetection.arcsoft.so:libobjectcapture_jni.arcsoft.so:libobjectcapture.arcsoft.so:libaudiomirroring_jni.audiomirroring.samsung.so:libBeauty_v4.camera.samsung.so:libexifa.camera.samsung.so:libjpega.camera.samsung.so:libOpenCv.camera.samsung.so:libaifrcInterface.camera.samsung.so:libBestPhoto.camera.samsung.so:libC2paDps.camera.samsung.so:libVideoClassifier.camera.samsung.so:libImageScreener.camera.samsung.so:libMyFilter.camera.sams
05-29 02:55:40.213  1350  1350 W keymint_tee: [WRN]begin req PARAMS: A32, BM32, PD1, 
05-29 02:55:40.214   838  1550 E chromium: [ERROR:android_webview/browser/variations/variations_seed_loader.cc:39] Seed missing signature.
05-29 02:55:40.214  1350  1350 D keymint_swd: keymint_swd keymint [WRN] (km_add_tag:528) skip: non repetable tag already exists with different value: 268435458
05-29 02:55:40.214  1350  1350 D keymint_swd: keymint_swd keymint [WRN] (swd_run_cb:263) swd_begin() returns 0
05-29 02:55:40.214  1350  1350 D android.hardware.security.keymint-service: begin: ret 0
05-29 02:55:40.215  1340 15897 I keystore2: system/security/keystore2/src/security_level.rs:466 - In create_operation. Success to create IKeystoreOperation. 10340, None
05-29 02:55:40.215  1350  1350 D keymint_swd: keymint_swd keymint [WRN] (swd_run_cb:263) swd_update() returns 0
05-29 02:55:40.215  1350  1350 D android.hardware.security.keymint-service: update: ret 0
05-29 02:55:40.216  1350  1350 D keymint_swd: keymint_swd keymint [WRN] (swd_run_cb:263) swd_finish() returns 0
05-29 02:55:40.216  1350  1350 D android.hardware.security.keymint-service: finish: ret 0
05-29 02:55:40.218  1420  1549 D nativeloader: Configuring clns-11 for other apk /system/system_ext/framework/org.carconnectivity.android.digitalkey.secureelement.jar. target_sdk_version=37, uses_libraries=ALL, library_path=/data/app/~~NUjSiNHy-dN7Eb0w07Zs8Q==/com.google.android.gms-M-VbJ8-rbO1mvInV9ydHng==/lib/arm64:/data/app/~~NUjSiNHy-dN7Eb0w07Zs8Q==/com.google.android.gms-M-VbJ8-rbO1mvInV9ydHng==/base.apk!/lib/arm64-v8a, permitted_path=/data:/mnt/expand:/data/user/0/com.google.android.gms
05-29 02:55:40.218  1420  1549 D nativeloader: Extending system_exposed_libraries: libhumantracking.arcsoft.so:libface_recognition.arcsoft.so:libpic_best.arcsoft.so:libPortraitDistortionCorrection.arcsoft.so:libPortraitDistortionCorrectionCali.arcsoft.so:libface_landmark.arcsoft.so:libFacialStickerEngine.arcsoft.so:libfrtracking_engine.arcsoft.so:libFaceRecognition.arcsoft.so:libveengine.arcsoft.so:lib_pet_detection.arcsoft.so:libae_bracket_hdr.arcsoft.so:libaiclearzoom_raw.arcsoft.so:libacz_hhdr.arcsoft.so:libhybrid_high_dynamic_range.arcsoft.so:libimage_enhancement.arcsoft.so:libsuperresolution_raw.arcsoft.so:libFacialAttributeDetection.arcsoft.so:libobjectcapture_jni.arcsoft.so:libobjectcapture.arcsoft.so:libaudiomirroring_jni.audiomirroring.samsung.so:libBeauty_v4.camera.samsung.so:libexifa.camera.samsung.so:libjpega.camera.samsung.so:libOpenCv.camera.samsung.so:libaifrcInterface.camera.samsung.so:libBestPhoto.camera.samsung.so:libC2paDps.camera.samsung.so:libVideoClassifier.camera.samsung.so:libImageScreener.camera.samsung.so:libMyFilter.camera.sams
05-29 02:55:40.220  1420  1549 D nativeloader: Configuring clns-12 for other apk /system_ext/framework/org.carconnectivity.android.digitalkey.timesync.jar. target_sdk_version=37, uses_libraries=ALL, library_path=/data/app/~~NUjSiNHy-dN7Eb0w07Zs8Q==/com.google.android.gms-M-VbJ8-rbO1mvInV9ydHng==/lib/arm64:/data/app/~~NUjSiNHy-dN7Eb0w07Zs8Q==/com.google.android.gms-M-VbJ8-rbO1mvInV9ydHng==/base.apk!/lib/arm64-v8a, permitted_path=/data:/mnt/expand:/data/user/0/com.google.android.gms
05-29 02:55:40.220  1420  1549 D nativeloader: Extending system_exposed_libraries: libhumantracking.arcsoft.so:libface_recognition.arcsoft.so:libpic_best.arcsoft.so:libPortraitDistortionCorrection.arcsoft.so:libPortraitDistortionCorrectionCali.arcsoft.so:libface_landmark.arcsoft.so:libFacialStickerEngine.arcsoft.so:libfrtracking_engine.arcsoft.so:libFaceRecognition.arcsoft.so:libveengine.arcsoft.so:lib_pet_detection.arcsoft.so:libae_bracket_hdr.arcsoft.so:libaiclearzoom_raw.arcsoft.so:libacz_hhdr.arcsoft.so:libhybrid_high_dynamic_range.arcsoft.so:libimage_enhancement.arcsoft.so:libsuperresolution_raw.arcsoft.so:libFacialAttributeDetection.arcsoft.so:libobjectcapture_jni.arcsoft.so:libobjectcapture.arcsoft.so:libaudiomirroring_jni.audiomirroring.samsung.so:libBeauty_v4.camera.samsung.so:libexifa.camera.samsung.so:libjpega.camera.samsung.so:libOpenCv.camera.samsung.so:libaifrcInterface.camera.samsung.so:libBestPhoto.camera.samsung.so:libC2paDps.camera.samsung.so:libVideoClassifier.camera.samsung.so:libImageScreener.camera.samsung.so:libMyFilter.camera.sams
05-29 02:55:40.221  1420  1549 D ApplicationLoaders: Returning zygote-cached class loader: /system/framework/com.android.location.provider.jar
05-29 02:55:40.221  1420  1549 D ApplicationLoaders: Returning zygote-cached class loader: /system/framework/com.android.media.remotedisplay.jar
05-29 02:55:40.221  1350  1350 W keymint_tee: [WRN]begin req PARAMS: A32, BM32, PD1, 
05-29 02:55:40.222  1420  1549 D nativeloader: Configuring clns-13 for other apk /system_ext/framework/com.android.extensions.appfunctions.jar. target_sdk_version=37, uses_libraries=ALL, library_path=/data/app/~~NUjSiNHy-dN7Eb0w07Zs8Q==/com.google.android.gms-M-VbJ8-rbO1mvInV9ydHng==/lib/arm64:/data/app/~~NUjSiNHy-dN7Eb0w07Zs8Q==/com.google.android.gms-M-VbJ8-rbO1mvInV9ydHng==/base.apk!/lib/arm64-v8a, permitted_path=/data:/mnt/expand:/data/user/0/com.google.android.gms
05-29 02:55:40.222  1420  1549 D nativeloader: Extending system_exposed_libraries: libhumantracking.arcsoft.so:libface_recognition.arcsoft.so:libpic_best.arcsoft.so:libPortraitDistortionCorrection.arcsoft.so:libPortraitDistortionCorrectionCali.arcsoft.so:libface_landmark.arcsoft.so:libFacialStickerEngine.arcsoft.so:libfrtracking_engine.arcsoft.so:libFaceRecognition.arcsoft.so:libveengine.arcsoft.so:lib_pet_detection.arcsoft.so:libae_bracket_hdr.arcsoft.so:libaiclearzoom_raw.arcsoft.so:libacz_hhdr.arcsoft.so:libhybrid_high_dynamic_range.arcsoft.so:libimage_enhancement.arcsoft.so:libsuperresolution_raw.arcsoft.so:libFacialAttributeDetection.arcsoft.so:libobjectcapture_jni.arcsoft.so:libobjectcapture.arcsoft.so:libaudiomirroring_jni.audiomirroring.samsung.so:libBeauty_v4.camera.samsung.so:libexifa.camera.samsung.so:libjpega.camera.samsung.so:libOpenCv.camera.samsung.so:libaifrcInterface.camera.samsung.so:libBestPhoto.camera.samsung.so:libC2paDps.camera.samsung.so:libVideoClassifier.camera.samsung.so:libImageScreener.camera.samsung.so:libMyFilter.camera.sams
05-29 02:55:40.223  1350  1350 D keymint_swd: keymint_swd keymint [WRN] (km_add_tag:528) skip: non repetable tag already exists with different value: 268435458
05-29 02:55:40.223  1350  1350 D keymint_swd: keymint_swd keymint [WRN] (swd_run_cb:263) swd_begin() returns 0
05-29 02:55:40.223  1350  1350 D android.hardware.security.keymint-service: begin: ret 0
05-29 02:55:40.223  1340 15897 I keystore2: system/security/keystore2/src/security_level.rs:466 - In create_operation. Success to create IKeystoreOperation. 10340, None
05-29 02:55:40.224  1350  1350 D keymint_swd: keymint_swd keymint [WRN] (swd_run_cb:263) swd_update() returns 0
05-29 02:55:40.224  1350  1350 D android.hardware.security.keymint-service: update: ret 0
05-29 02:55:40.225  1350  1350 D keymint_swd: keymint_swd keymint [WRN] (swd_run_cb:263) swd_finish() returns 0
05-29 02:55:40.225  1350  1350 D android.hardware.security.keymint-service: finish: ret 0
05-29 02:55:40.225   838  1031 D ConnectivityManager: StackLog: [android.net.ConnectivityManager.sendRequestForNetwork(ConnectivityManager.java:4740)] [android.net.ConnectivityManager.registerDefaultNetworkCallbackForUid(ConnectivityManager.java:5465)] [android.net.ConnectivityManager.registerDefaultNetworkCallback(ConnectivityManager.java:5432)] [android.net.ConnectivityManager.registerDefaultNetworkCallback(ConnectivityManager.java:5406)] [com.bumptech.glide.manager.SingletonConnectivityReceiver$FrameworkConnectivityMonitorPostApi24.register(ProGuard:32)] [com.bumptech.glide.manager.SingletonConnectivityReceiver.maybeRegisterReceiver(ProGuard:16)] [com.bumptech.glide.manager.SingletonConnectivityReceiver.register(ProGuard:7)] [com.bumptech.glide.manager.DefaultConnectivityMonitor.register(ProGuard:9)] [com.bumptech.glide.manager.DefaultConnectivityMonitor.onStart(ProGuard:1)] [com.bumptech.glide.manager.ApplicationLifecycle.addListener(ProGuard:1)] [com.bumptech.glide.RequestManager.<init>(ProGuard:18)] [com.bumptech.glide.RequestManager.<init>(ProGuard:3)] [com.bumptech.glide.manager.RequestManagerRetriever$1.build(ProGuard:3)] [com.bumptech.glide.manager.RequestManagerRetriever.getApplicationManager(ProGuard:34)] [com.bumptech.glide.manager.RequestManagerRetriever.get(ProGuard:7)] [com.bumptech.glide.Glide.with(ProGuard:1)] [ru.mail.imageloader.GlideImageLoader.<init>(ProGuard:14)] [ru.mail.imageloader.ImageLoaderRepositoryImpl.createImageLoader(ProGuard:11)] [ru.mail.imageloader.ImageLoaderRepositoryImpl.createSharedLoader(ProGuard:12)] [ru.mail.imageloader.ImageLoaderRepositoryImpl.a(ProGuard:1)] [ru.mail.imageloader.e.invoke(ProGuard:3)] [kotlin.SynchronizedLazyImpl.getValue(ProGuard:21)] [ru.mail.imageloader.ImageLoaderRepositoryImpl.getSharedImageLoader(ProGuard:3)] [ru.mail.setup.SetUpImageLoaderRepo$onCreateServiceImpl$1.invokeSuspend(ProGuard:13)] [kotlin.coroutines.jvm.internal.BaseContinuationImpl.resumeWith(ProGuard:12)] [kotlinx.coroutines.DispatchedTask.run(ProGuard:129)] [kotlinx.coroutines.internal.LimitedDispatcher$Worker.run(ProGuard:4)] [kotlinx.coroutines.scheduling.TaskImpl.run(ProGuard:3)] [kotlinx.coroutines.scheduling.CoroutineScheduler.runSafely(ProGuard:1)] [kotlinx.coroutines.scheduling.CoroutineScheduler$Worker.executeTask(ProGuard:34)] [kotlinx.coroutines.scheduling.CoroutineScheduler$Worker.runWorker(ProGuard:29)] [kotlinx.coroutines.scheduling.CoroutineScheduler$Worker.run(ProGuard:1)]
05-29 02:55:40.226  1350  1350 W keymint_tee: [WRN]begin req PARAMS: A32, BM32, PD1, 
05-29 02:55:40.226  2878  4674 D ConnectivityService: requestNetwork for uid/pid:10340/838 activeRequest: null callbackRequest: 7183 [NetworkRequest [ REQUEST id=7184, [ Capabilities: INTERNET&NOT_RESTRICTED&TRUSTED&NOT_VCN_MANAGED&NOT_BANDWIDTH_CONSTRAINED Uid: 10340 RequestorUid: 10340 RequestorPkg: ru.mail.mailapp UnderlyingNetworks: Null] ]] callback flags: 0 order: 2147483647 isUidTracked: false declaredMethods: AVAIL|LOST
05-29 02:55:40.227  2878  3833 D ConnectivityService:    accepting network in place of null for NetworkRequest [ REQUEST id=7184, [ Capabilities: INTERNET&NOT_RESTRICTED&TRUSTED&NOT_VCN_MANAGED&NOT_BANDWIDTH_CONSTRAINED Uid: 10340 RequestorUid: 10340 RequestorPkg: ru.mail.mailapp UnderlyingNetworks: Null] ]
05-29 02:55:40.227  1350  1350 D keymint_swd: keymint_swd keymint [WRN] (km_add_tag:528) skip: non repetable tag already exists with different value: 268435458
05-29 02:55:40.227  1350  1350 D keymint_swd: keymint_swd keymint [WRN] (swd_run_cb:263) swd_begin() returns 0
05-29 02:55:40.227  1350  1350 D android.hardware.security.keymint-service: begin: ret 0
05-29 02:55:40.228  1340 15897 I keystore2: system/security/keystore2/src/security_level.rs:466 - In create_operation. Success to create IKeystoreOperation. 10340, None
05-29 02:55:40.228  1350  1350 D keymint_swd: keymint_swd keymint [WRN] (swd_run_cb:263) swd_update() returns 0
05-29 02:55:40.228  1350  1350 D android.hardware.security.keymint-service: update: ret 0
05-29 02:55:40.229  1350  1350 D keymint_swd: keymint_swd keymint [WRN] (swd_run_cb:263) swd_finish() returns 0
05-29 02:55:40.229  1350  1350 D android.hardware.security.keymint-service: finish: ret 0
05-29 02:55:40.230  1350  1350 W keymint_tee: [WRN]begin req PARAMS: A32, BM32, PD1, 
05-29 02:55:40.230  2878  3813 D WifiNetworkFactory: got request NetworkRequest [ REQUEST id=7184, [ Capabilities: INTERNET&NOT_RESTRICTED&TRUSTED&NOT_VCN_MANAGED&NOT_BANDWIDTH_CONSTRAINED Uid: 10340 RequestorUid: 10340 RequestorPkg: ru.mail.mailapp UnderlyingNetworks: Null] ]
05-29 02:55:40.231  2878  3813 D UntrustedWifiNetworkFactory: got request NetworkRequest [ REQUEST id=7184, [ Capabilities: INTERNET&NOT_RESTRICTED&TRUSTED&NOT_VCN_MANAGED&NOT_BANDWIDTH_CONSTRAINED Uid: 10340 RequestorUid: 10340 RequestorPkg: ru.mail.mailapp UnderlyingNetworks: Null] ]
05-29 02:55:40.231  2878  3813 D OemPaidWifiNetworkFactory: got request NetworkRequest [ REQUEST id=7184, [ Capabilities: INTERNET&NOT_RESTRICTED&TRUSTED&NOT_VCN_MANAGED&NOT_BANDWIDTH_CONSTRAINED Uid: 10340 RequestorUid: 10340 RequestorPkg: ru.mail.mailapp UnderlyingNetworks: Null] ]
05-29 02:55:40.231  2878  3813 D MultiInternetWifiNetworkFactory: got request NetworkRequest [ REQUEST id=7184, [ Capabilities: INTERNET&NOT_RESTRICTED&TRUSTED&NOT_VCN_MANAGED&NOT_BANDWIDTH_CONSTRAINED Uid: 10340 RequestorUid: 10340 RequestorPkg: ru.mail.mailapp UnderlyingNetworks: Null] ]
05-29 02:55:40.231  2878  3833 D ConnectivityService: Rematched networks [computed 0ms] [applied 1ms] [issued 3]
05-29 02:55:40.231  2878  3833 D ConnectivityService: NetworkReassignment :
05-29 02:55:40.231  2878  3833 D ConnectivityService:   7184 : null тЖТ 125
05-29 02:55:40.232  1350  1350 D keymint_swd: keymint_swd keymint [WRN] (km_add_tag:528) skip: non repetable tag already exists with different value: 268435458
05-29 02:55:40.232  1350  1350 D keymint_swd: keymint_swd keymint [WRN] (swd_run_cb:263) swd_begin() returns 0
05-29 02:55:40.232  1350  1350 D android.hardware.security.keymint-service: begin: ret 0
05-29 02:55:40.232  1340 15897 I keystore2: system/security/keystore2/src/security_level.rs:466 - In create_operation. Success to create IKeystoreOperation. 10340, None
05-29 02:55:40.233  1350  1350 D keymint_swd: keymint_swd keymint [WRN] (swd_run_cb:263) swd_update() returns 0
05-29 02:55:40.233  1350  1350 D android.hardware.security.keymint-service: update: ret 0
05-29 02:55:40.233  1350  1350 D keymint_swd: keymint_swd keymint [WRN] (swd_run_cb:263) swd_finish() returns 0
05-29 02:55:40.233  1350  1350 D android.hardware.security.keymint-service: finish: ret 0
05-29 02:55:40.234  1420  1549 D ApplicationLoaders: Returning zygote-cached class loader: /system_ext/framework/androidx.window.extensions.jar
05-29 02:55:40.234  1420  1549 D ApplicationLoaders: Returning zygote-cached class loader: /system_ext/framework/androidx.window.sidecar.jar
05-29 02:55:40.235  1420  1561 I Omicron:NetworkCallbackStateProvider: Network state: NetworkSnapshot(network=null, isLost=false, isBlocked=false, hasInternetConnection=false, hasInternetCapability=false, isValidated=false, isActive=false)
05-29 02:55:40.235  1420  1420 D ConnectivityManager: StackLog: [android.net.ConnectivityManager.sendRequestForNetwork(ConnectivityManager.java:4740)] [android.net.ConnectivityManager.registerDefaultNetworkCallbackForUid(ConnectivityManager.java:5465)] [android.net.ConnectivityManager.registerDefaultNetworkCallback(ConnectivityManager.java:5432)] [android.net.ConnectivityManager.registerDefaultNetworkCallback(ConnectivityManager.java:5406)] [ru.mail.omicron.util.network.state.NetworkCallbackStateProvider.init$library_release(NetworkCallbackStateProvider.kt:84)] [ru.mail.omicron.util.network.state.NetworkStateListenerProvider.onCreate(NetworkStateListenerProvider.kt:15)] [android.content.ContentProvider.attachInfo(ContentProvider.java:2710)] [android.content.ContentProvider.attachInfo(ContentProvider.java:2679)] [android.app.ActivityThread.installProvider(ActivityThread.java:9593)] [android.app.ActivityThread.installContentProviders(ActivityThread.java:9095)] [android.app.ActivityThread.handleBindApplication(ActivityThread.java:8713)] [android.app.ActivityThread.-$$Nest$mhandleBindApplication(Unknown Source:0)] [android.app.ActivityThread$H.handleMessage(ActivityThread.java:2873)]
05-29 02:55:40.236  2878  7131 D PackageManager: setEnabledSetting : userId = 0 packageName = ru.mail.mailapp cmp = ru.mail.calendar.widget.CalendarWidgetProvider newState = 1 callingPackage = ru.mail.mailapp
05-29 02:55:40.237  1350  1350 W keymint_tee: [WRN]begin req PARAMS: A32, BM32, PD1, 
05-29 02:55:40.237  2878  4677 D ConnectivityService: requestNetwork for uid/pid:10474/1420 activeRequest: null callbackRequest: 7185 [NetworkRequest [ REQUEST id=7186, [ Capabilities: INTERNET&NOT_RESTRICTED&TRUSTED&NOT_VCN_MANAGED&NOT_BANDWIDTH_CONSTRAINED Uid: 10474 RequestorUid: 10474 RequestorPkg: ru.vk.store UnderlyingNetworks: Null] ]] callback flags: 0 order: 2147483647 isUidTracked: false declaredMethods: AVAIL|LOST|NC|LP|BLK
05-29 02:55:40.237  1420  1549 D nativeloader: Configuring clns-14 for other apk /data/app/~~NUjSiNHy-dN7Eb0w07Zs8Q==/com.google.android.gms-M-VbJ8-rbO1mvInV9ydHng==/base.apk. target_sdk_version=37, uses_libraries=, library_path=/data/app/~~NUjSiNHy-dN7Eb0w07Zs8Q==/com.google.android.gms-M-VbJ8-rbO1mvInV9ydHng==/lib/arm64:/data/app/~~NUjSiNHy-dN7Eb0w07Zs8Q==/com.google.android.gms-M-VbJ8-rbO1mvInV9ydHng==/base.apk!/lib/arm64-v8a, permitted_path=/data:/mnt/expand:/data/user/0/com.google.android.gms
05-29 02:55:40.238  2878  3833 D ConnectivityService:    accepting network in place of null for NetworkRequest [ REQUEST id=7186, [ Capabilities: INTERNET&NOT_RESTRICTED&TRUSTED&NOT_VCN_MANAGED&NOT_BANDWIDTH_CONSTRAINED Uid: 10474 RequestorUid: 10474 RequestorPkg: ru.vk.store UnderlyingNetworks: Null] ]
05-29 02:55:40.238  1350  1350 D keymint_swd: keymint_swd keymint [WRN] (km_add_tag:528) skip: non repetable tag already exists with different value: 268435458
05-29 02:55:40.238  1350  1350 D keymint_swd: keymint_swd keymint [WRN] (swd_run_cb:263) swd_begin() returns 0
05-29 02:55:40.238  1350  1350 D android.hardware.security.keymint-service: begin: ret 0
05-29 02:55:40.238  1340 15897 I keystore2: system/security/keystore2/src/security_level.rs:466 - In create_operation. Success to create IKeystoreOperation. 10340, None
05-29 02:55:40.239  2878  7131 D ApplicationPolicy: getApplicationStateEnabled : pkg = ru.mail.mailapp userId : 0
05-29 02:55:40.239  2878  7131 D ApplicationPolicy: getApplicationComponentState : pkg = ru.mail.mailapp userId : 0
05-29 02:55:40.240  1350  1350 D keymint_swd: keymint_swd keymint [WRN] (swd_run_cb:263) swd_update() returns 0
05-29 02:55:40.240  1350  1350 D android.hardware.security.keymint-service: update: ret 0
05-29 02:55:40.240  1420  1564 I Omicron:NetworkCallbackStateProvider: onAvailable[125]
05-29 02:55:40.240  2878  3813 D WifiNetworkFactory: got request NetworkRequest [ REQUEST id=7186, [ Capabilities: INTERNET&NOT_RESTRICTED&TRUSTED&NOT_VCN_MANAGED&NOT_BANDWIDTH_CONSTRAINED Uid: 10474 RequestorUid: 10474 RequestorPkg: ru.vk.store UnderlyingNetworks: Null] ]
05-29 02:55:40.240  1420  1564 I Omicron:NetworkCallbackStateProvider: onCapabilitiesChanged[125]:[ Transports: CELLULAR Capabilities: SUPL&INTERNET&NOT_RESTRICTED&TRUSTED&NOT_VPN&VALIDATED&NOT_ROAMING&FOREGROUND&NOT_CONGESTED&NOT_SUSPENDED&NOT_VCN_MANAGED&NOT_BANDWIDTH_CONSTRAINED LinkUpBandwidth>=3194Kbps LinkDnBandwidth>=4269Kbps Specifier: <TelephonyNetworkSpecifier [mSubId = 1]> SubscriptionIds: {1} UnderlyingNetworks: Null]
05-29 02:55:40.241  2878  3813 D UntrustedWifiNetworkFactory: got request NetworkRequest [ REQUEST id=7186, [ Capabilities: INTERNET&NOT_RESTRICTED&TRUSTED&NOT_VCN_MANAGED&NOT_BANDWIDTH_CONSTRAINED Uid: 10474 RequestorUid: 10474 RequestorPkg: ru.vk.store UnderlyingNetworks: Null] ]
05-29 02:55:40.241  1420  1564 I Omicron:NetworkCallbackStateProvider: onLinkPropertiesChanged[125]: {InterfaceName: rmnet_data0 LinkAddresses: [ 100.120.237.13/30 ] DnsAddresses: [ /10.219.250.1,/10.219.250.2 ] Domains: null MTU: 1430 TcpBufferSizes: 2097152,4194304,8388608,4096,1048576,2097152 Routes: [ 0.0.0.0/0 -> 100.120.237.14 rmnet_data0 mtu 1430,100.120.237.12/30 -> 0.0.0.0 rmnet_data0 mtu 0 ]}
05-29 02:55:40.241  1420  1564 I Omicron:NetworkCallbackStateProvider: onBlockedStatusChanged[125]
05-29 02:55:40.241  2878  3813 D OemPaidWifiNetworkFactory: got request NetworkRequest [ REQUEST id=7186, [ Capabilities: INTERNET&NOT_RESTRICTED&TRUSTED&NOT_VCN_MANAGED&NOT_BANDWIDTH_CONSTRAINED Uid: 10474 RequestorUid: 10474 RequestorPkg: ru.vk.store UnderlyingNetworks: Null] ]
05-29 02:55:40.241  1350  1350 D keymint_swd: keymint_swd keymint [WRN] (swd_run_cb:263) swd_finish() returns 0
05-29 02:55:40.241  1350  1350 D android.hardware.security.keymint-service: finish: ret 0
05-29 02:55:40.241  2878  3833 D ConnectivityService: Rematched networks [computed 0ms] [applied 1ms] [issued 3]
05-29 02:55:40.242  2878  3813 D MultiInternetWifiNetworkFactory: got request NetworkRequest [ REQUEST id=7186, [ Capabilities: INTERNET&NOT_RESTRICTED&TRUSTED&NOT_VCN_MANAGED&NOT_BANDWIDTH_CONSTRAINED Uid: 10474 RequestorUid: 10474 RequestorPkg: ru.vk.store UnderlyingNetworks: Null] ]
05-29 02:55:40.242  2878  3833 D ConnectivityService: NetworkReassignment :
05-29 02:55:40.242  2878  3833 D ConnectivityService:   7186 : null тЖТ 125
05-29 02:55:40.242   838  1370 D WM-GreedyScheduler: Cancelling work ID fdd0c419-178d-4608-ba4b-117961a2757a
05-29 02:55:40.243  1350  1350 W keymint_tee: [WRN]begin req PARAMS: A32, BM32, PD1, 
05-29 02:55:40.244   838  1370 D WM-SystemJobScheduler: Scheduling work ID fdd0c419-178d-4608-ba4b-117961a2757aJob ID 275191
05-29 02:55:40.245  1350  1350 D keymint_swd: keymint_swd keymint [WRN] (km_add_tag:528) skip: non repetable tag already exists with different value: 268435458
05-29 02:55:40.245  1350  1350 D keymint_swd: keymint_swd keymint [WRN] (swd_run_cb:263) swd_begin() returns 0
05-29 02:55:40.245  1350  1350 D android.hardware.security.keymint-service: begin: ret 0
05-29 02:55:40.245  1340 15897 I keystore2: system/security/keystore2/src/security_level.rs:466 - In create_operation. Success to create IKeystoreOperation. 10340, None
05-29 02:55:40.246  2878  4674 D PackageManager: setEnabledSetting : userId = 0 packageName = ru.mail.mailapp cmp = ru.mail.calendar.widget.CalendarCurrentDayWidgetProvider newState = 1 callingPackage = ru.mail.mailapp
05-29 02:55:40.246  2878  4628 I AppWidgetServiceImpl: getInstalledProvidersForProfiles lock in ru.mail.mailapp
05-29 02:55:40.247  2878  4674 D ApplicationPolicy: getApplicationStateEnabled : pkg = ru.mail.mailapp userId : 0
05-29 02:55:40.247  2878  4674 D ApplicationPolicy: getApplicationComponentState : pkg = ru.mail.mailapp userId : 0
05-29 02:55:40.247  1420  1561 I Omicron:NetworkCallbackStateProvider: Network state: NetworkSnapshot(network=125, isLost=false, isBlocked=true, hasInternetConnection=false, hasInternetCapability=true, isValidated=true, isActive=false)
05-29 02:55:40.247  1837  1848 E HeatmapThread: ECT Thread time in milliseconds: 1780012540
05-29 02:55:40.247  2878  4628 I AppWidgetServiceImpl: getInstalledProvidersForProfiles lock exit 4
05-29 02:55:40.247  1350  1350 D keymint_swd: keymint_swd keymint [WRN] (swd_run_cb:263) swd_update() returns 0
05-29 02:55:40.247  1350  1350 D android.hardware.security.keymint-service: update: ret 0
05-29 02:55:40.248  1350  1350 D keymint_swd: keymint_swd keymint [WRN] (swd_run_cb:263) swd_finish() returns 0
05-29 02:55:40.248  1350  1350 D android.hardware.security.keymint-service: finish: ret 0
05-29 02:55:40.249  1350  1350 W keymint_tee: [WRN]begin req PARAMS: A32, BM32, PD1, 
05-29 02:55:40.249  1837  1848 D HeatmapThread: !@ batteryplugType : 2
05-29 02:55:40.250  1837  1848 D HeatmapThread: !@ batteryLevel : 67  batteryTemperature : 361 
05-29 02:55:40.250  1837  1848 D HeatmapThread: !@ Heatmap currtime: 29666875
05-29 02:55:40.250  1837  1848 D HeatmapThread: !@ Heatmap prevtime: 29666861
05-29 02:55:40.250  1837  1848 D HeatmapThread: !@ Heatmap plugstarttime: 29666846
05-29 02:55:40.250  1837  1848 D HeatmapThread: !@ Heatmap prevv_dsoh_update_time: 29666802
05-29 02:55:40.250  1837  1848 E HeatmapThread: !@ CAM New BSOH: 97
05-29 02:55:40.250  1420  1560 E ashmem  : Pinning is deprecated since Android Q. Please use trim or other methods.
05-29 02:55:40.251  1350  1350 D keymint_swd: keymint_swd keymint [WRN] (km_add_tag:528) skip: non repetable tag already exists with different value: 268435458
05-29 02:55:40.251  1350  1350 D keymint_swd: keymint_swd keymint [WRN] (swd_run_cb:263) swd_begin() returns 0
05-29 02:55:40.251  1350  1350 D android.hardware.security.keymint-service: begin: ret 0
05-29 02:55:40.251  1340 15897 I keystore2: system/security/keystore2/src/security_level.rs:466 - In create_operation. Success to create IKeystoreOperation. 10340, None
05-29 02:55:40.252  2878  3238 I AppWidgetServiceImpl: handleSaveMessage 0
05-29 02:55:40.253  1350  1350 D keymint_swd: keymint_swd keymint [WRN] (swd_run_cb:263) swd_update() returns 0
05-29 02:55:40.253  1350  1350 D android.hardware.security.keymint-service: update: ret 0
05-29 02:55:40.253  1350  1350 D keymint_swd: keymint_swd keymint [WRN] (swd_run_cb:263) swd_finish() returns 0
05-29 02:55:40.253  1350  1350 D android.hardware.security.keymint-service: finish: ret 0
05-29 02:55:40.256  1350  1350 W keymint_tee: [WRN]begin req PARAMS: A32, BM32, PD1, 
05-29 02:55:40.256   838  1029 I AppWidgetManager: notifyAppWidgetViewDataChanged() appWidgetIds = [], viewId = 2131361880
05-29 02:55:40.257   838  1029 I AppWidgetManager: partiallyUpdateAppWidget() appWidgetIds = []
05-29 02:55:40.257  1350  1350 D keymint_swd: keymint_swd keymint [WRN] (km_add_tag:528) skip: non repetable tag already exists with different value: 268435458
05-29 02:55:40.257  1350  1350 D keymint_swd: keymint_swd keymint [WRN] (swd_run_cb:263) swd_begin() returns 0
05-29 02:55:40.257  1350  1350 D android.hardware.security.keymint-service: begin: ret 0
05-29 02:55:40.258  1340 15897 I keystore2: system/security/keystore2/src/security_level.rs:466 - In create_operation. Success to create IKeystoreOperation. 10340, None
05-29 02:55:40.258  2878  4628 D ActivityManager: Received BROADCAST intent 0x65229bb Key{broadcastIntent pkg=ru.mail.mailapp intent=act=action_force_update_data xflg=0x4 cmp=ru.mail.mailapp/ru.mail.search.portalwidget.widget.PortalWidgetActionsReceiver flags=0x2000000 u=0} requestCode=340 sent=0 from uid 10340
05-29 02:55:40.259  1350  1350 D keymint_swd: keymint_swd keymint [WRN] (swd_run_cb:263) swd_update() returns 0
05-29 02:55:40.259  1350  1350 D android.hardware.security.keymint-service: update: ret 0
05-29 02:55:40.260  1350  1350 D keymint_swd: keymint_swd keymint [WRN] (swd_run_cb:263) swd_finish() returns 0
05-29 02:55:40.260  1350  1350 D android.hardware.security.keymint-service: finish: ret 0
05-29 02:55:40.260   838   838 I cr_ChildProcLH: ScopedServiceBindingBatch.tryActivate: false
05-29 02:55:40.261  1350  1350 W keymint_tee: [WRN]begin req PARAMS: A32, BM32, PD1, 
05-29 02:55:40.261   838   838 I cr_CombinedPProvider: #registerProvider() provider:WV.wk@aca9890 isPolicyCacheEnabled:false policyProvidersSize:0
05-29 02:55:40.262  1350  1350 D keymint_swd: keymint_swd keymint [WRN] (km_add_tag:528) skip: non repetable tag already exists with different value: 268435458
05-29 02:55:40.262  1350  1350 D keymint_swd: keymint_swd keymint [WRN] (swd_run_cb:263) swd_begin() returns 0
05-29 02:55:40.262  1350  1350 D android.hardware.security.keymint-service: begin: ret 0
05-29 02:55:40.263  1340 15897 I keystore2: system/security/keystore2/src/security_level.rs:466 - In create_operation. Success to create IKeystoreOperation. 10340, None
05-29 02:55:40.263   838   838 I cr_PolicyProvider: #setManagerAndSource() 0
05-29 02:55:40.263  1350  1350 D keymint_swd: keymint_swd keymint [WRN] (swd_run_cb:263) swd_update() returns 0
05-29 02:55:40.263  1350  1350 D android.hardware.security.keymint-service: update: ret 0
05-29 02:55:40.264   838   838 I cr_DisplayManager: Is Display Topology available: false
05-29 02:55:40.264  1350  1350 D keymint_swd: keymint_swd keymint [WRN] (swd_run_cb:263) swd_finish() returns 0
05-29 02:55:40.264  1350  1350 D android.hardware.security.keymint-service: finish: ret 0
05-29 02:55:40.264  2878  2903 I system_server: Background young concurrent mark compact GC freed 43MB AllocSpace bytes, 16(424KB) LOS objects, 17% free, 163MB/197MB, paused 2.440ms,7.170ms total 154.701ms
05-29 02:55:40.265  1350  1350 W keymint_tee: [WRN]begin req PARAMS: A32, BM32, PD1, 
05-29 02:55:40.267  1350  1350 D keymint_swd: keymint_swd keymint [WRN] (km_add_tag:528) skip: non repetable tag already exists with different value: 268435458
05-29 02:55:40.267  1350  1350 D keymint_swd: keymint_swd keymint [WRN] (swd_run_cb:263) swd_begin() returns 0
05-29 02:55:40.267  1350  1350 D android.hardware.security.keymint-service: begin: ret 0
05-29 02:55:40.267  1340 15897 I keystore2: system/security/keystore2/src/security_level.rs:466 - In create_operation. Success to create IKeystoreOperation. 10340, None
05-29 02:55:40.268  1350  1350 D keymint_swd: keymint_swd keymint [WRN] (swd_run_cb:263) swd_update() returns 0
05-29 02:55:40.268  1350  1350 D android.hardware.security.keymint-service: update: ret 0
05-29 02:55:40.268  1350  1350 D keymint_swd: keymint_swd keymint [WRN] (swd_run_cb:263) swd_finish() returns 0
05-29 02:55:40.268  1350  1350 D android.hardware.security.keymint-service: finish: ret 0
05-29 02:55:40.269   838   838 D DesktopModeFlags: Toggle override initialized to: OVERRIDE_UNSET
05-29 02:55:40.270  1350  1350 W keymint_tee: [WRN]begin req PARAMS: A32, BM32, PD1, 
05-29 02:55:40.271   838   838 I DisplayManager: Implicitly registering for refresh rate
05-29 02:55:40.271  1350  1350 D keymint_swd: keymint_swd keymint [WRN] (km_add_tag:528) skip: non repetable tag already exists with different value: 268435458
05-29 02:55:40.271  1350  1350 D keymint_swd: keymint_swd keymint [WRN] (swd_run_cb:263) swd_begin() returns 0
05-29 02:55:40.271  1350  1350 D android.hardware.security.keymint-service: begin: ret 0
05-29 02:55:40.271  1420  1572 D nativeloader: Load libunity.so using class loader ns clns-9 (caller=/data/app/~~hJJl5i3GP0aHkFdQnFzo9A==/ru.vk.store-8ZsdlLoi2RYzcUnRf65Q_g==/base.apk!classes2.dex): dlopen failed: library "libunity.so" not found
05-29 02:55:40.271  1340 15897 I keystore2: system/security/keystore2/src/security_level.rs:466 - In create_operation. Success to create IKeystoreOperation. 10340, None
05-29 02:55:40.272  1350  1350 D keymint_swd: keymint_swd keymint [WRN] (swd_run_cb:263) swd_update() returns 0
05-29 02:55:40.272  1350  1350 D android.hardware.security.keymint-service: update: ret 0
05-29 02:55:40.273  1350  1350 D keymint_swd: keymint_swd keymint [WRN] (swd_run_cb:263) swd_finish() returns 0
05-29 02:55:40.273  1350  1350 D android.hardware.security.keymint-service: finish: ret 0
05-29 02:55:40.274  1350  1350 W keymint_tee: [WRN]begin req PARAMS: A32, BM32, PD1, 
05-29 02:55:40.275  1350  1350 D keymint_swd: keymint_swd keymint [WRN] (km_add_tag:528) skip: non repetable tag already exists with different value: 268435458
05-29 02:55:40.275  1350  1350 D keymint_swd: keymint_swd keymint [WRN] (swd_run_cb:263) swd_begin() returns 0
05-29 02:55:40.275  1350  1350 D android.hardware.security.keymint-service: begin: ret 0
05-29 02:55:40.275  1340 15897 I keystore2: system/security/keystore2/src/security_level.rs:466 - In create_operation. Success to create IKeystoreOperation. 10340, None
05-29 02:55:40.276  1350  1350 D keymint_swd: keymint_swd keymint [WRN] (swd_run_cb:263) swd_update() returns 0
05-29 02:55:40.276  1350  1350 D android.hardware.security.keymint-service: update: ret 0
05-29 02:55:40.277  1350  1350 D keymint_swd: keymint_swd keymint [WRN] (swd_run_cb:263) swd_finish() returns 0
05-29 02:55:40.277  1350  1350 D android.hardware.security.keymint-service: finish: ret 0
05-29 02:55:40.278  1350  1350 W keymint_tee: [WRN]begin req PARAMS: A32, BM32, PD1, 
05-29 02:55:40.278   838   838 I cr_CombinedPProvider: #linkNativeInternal() 1
05-29 02:55:40.279   838   838 I cr_AppResProvider: #getApplicationRestrictionsFromUserManager() Bundle[EMPTY_PARCEL]
05-29 02:55:40.279   838   838 I cr_PolicyProvider: #notifySettingsAvailable() 0
05-29 02:55:40.279   838   838 I cr_CombinedPProvider: #onSettingsAvailable() 0
05-29 02:55:40.279   838   838 I cr_CombinedPProvider: #flushPolicies()
05-29 02:55:40.279  1350  1350 D keymint_swd: keymint_swd keymint [WRN] (km_add_tag:528) skip: non repetable tag already exists with different value: 268435458
05-29 02:55:40.279  1350  1350 D keymint_swd: keymint_swd keymint [WRN] (swd_run_cb:263) swd_begin() returns 0
05-29 02:55:40.279  1350  1350 D android.hardware.security.keymint-service: begin: ret 0
05-29 02:55:40.279  1340 15897 I keystore2: system/security/keystore2/src/security_level.rs:466 - In create_operation. Success to create IKeystoreOperation. 10340, None
05-29 02:55:40.280  1350  1350 D keymint_swd: keymint_swd keymint [WRN] (swd_run_cb:263) swd_update() returns 0
05-29 02:55:40.280  1350  1350 D android.hardware.security.keymint-service: update: ret 0
05-29 02:55:40.281  1350  1350 D keymint_swd: keymint_swd keymint [WRN] (swd_run_cb:263) swd_finish() returns 0
05-29 02:55:40.281  1350  1350 D android.hardware.security.keymint-service: finish: ret 0
05-29 02:55:40.282   838  1534 W ru.mail.mailapp: Long monitor contention with owner SAK_computation_ (1454) at java.lang.Object kotlin.SynchronizedLazyImpl.getValue()(ProGuard:30) waiters=1 in java.lang.Object kotlin.SynchronizedLazyImpl.getValue() for 128ms
05-29 02:55:40.283   838  1536 W StatLog:: Trying to send not allowed anonymous event SakStatEvent(screen=NOWHERE, event=TypeAction(type=TYPE_DEBUG_STATS_ITEM, typeRegistrationItem=null, typeVkConnectNavigationItem=null, typeSakSessionsEventItem=null, typeDebugStatsItem=TypeDebugStatsItem(eventType=superappkit_init_time, description=initialization, descriptionNumeric=null, json={"time":"60","user_agent":"SAK_4.0.0(ru.mail.mailapp)\/15.88.1.139585-139585 (Android 16; SDK 36; arm64-v8a; samsung SM-S916B; ru; 2340x1080)","metadata":{"waitMigratorTime":"0","initDITime":"0"}}), typeVkPayCheckoutItem=null, typeMultiaccountsItem=null, typeErrorShownItem=null, typeVkidEcosystemNavigationItem=null), storeImmediately=false)
05-29 02:55:40.286  4621  4621 D Zygote  : Forked child process 1579
05-29 02:55:40.293  2878  3241 I ActivityManager: Start proc 1579:com.google.android.webview:sandboxed_process0:org.chromium.content.app.SandboxedProcessService0:0/u0i187 for  {ru.mail.mailapp/org.chromium.content.app.SandboxedProcessService0:0}
05-29 02:55:40.294  2878  3241 I DynamicHiddenApp_BGProtectManager: check webview name : com.google.android.webview:sandboxed_process0:org.chromium.content.app.SandboxedProcessService0:0check hostingname webview : {ru.mail.mailapp/org.chromium.content.app.SandboxedProcessService0:0}
05-29 02:55:40.294  2878  3241 I ActivityManager: ProcessObserver broadcast disabled
05-29 02:55:40.295  1579  1579 E libc    : SetHeapTaggingLevel: re-enabling tagging after it was disabled is not supported
05-29 02:55:40.297  2878  3971 D NetdEventListenerService: DNS Requested by 125, 10340(ru.mail.mailapp), 4(FAIL), isBlocked=true, 0ms
05-29 02:55:40.298   838  1449 I StatLog:: save data={"id":5289272,"timestamp":"1780012540283000","screen":"nowhere","prev_event_id":5289271,"prev_nav_id":0,"type":"type_action","type_action":{"type":"type_debug_stats_item","type_debug_stats_item":{"event_type":"superappkit_init_time","description":"initialization","json":"{\"time\":\"60\",\"user_agent\":\"SAK_4.0.0(ru.mail.mailapp)\\/15.88.1.139585-139585 (Android 16; SDK 36; arm64-v8a; samsung SM-S916B; ru; 2340x1080)\",\"metadata\":{\"waitMigratorTime\":\"0\",\"initDITime\":\"0\"}}"}}} length=0 kB
05-29 02:55:40.310   838  1588 W chromium: [WARNING:net/dns/dns_config_service_android.cc:69] Failed to read DnsConfig.
05-29 02:55:40.310  1579  1579 I ocessService0:0: Using CollectorTypeCMC GC.
05-29 02:55:40.312  2878  3971 D NetdEventListenerService: DNS Requested by 125, 10474(ru.vk.store), 4(FAIL), isBlocked=true, 0ms
05-29 02:55:40.318   838   838 W chromium: [WARNING:android_webview/browser/network_service/net_helpers.cc:137] HTTP Cache size is: 20971520
05-29 02:55:40.323  1579  1579 D nativeloader: Load libframework-connectivity-tiramisu-jni.so using APEX ns com_android_tethering for caller /apex/com.android.tethering/javalib/framework-connectivity-t.jar: ok
05-29 02:55:40.325  1579  1579 D ActivityThread: setConscryptValidator
05-29 02:55:40.325  1579  1579 D ActivityThread: setConscryptValidator - put
05-29 02:55:40.326  1350  1350 W keymint_tee: [WRN]begin req PARAMS: A32, BM32, PD1, 
05-29 02:55:40.327  1350  1350 D keymint_swd: keymint_swd keymint [WRN] (km_add_tag:528) skip: non repetable tag already exists with different value: 268435458
05-29 02:55:40.327  1350  1350 D keymint_swd: keymint_swd keymint [WRN] (swd_run_cb:263) swd_begin() returns 0
05-29 02:55:40.327  1350  1350 D android.hardware.security.keymint-service: begin: ret 0
05-29 02:55:40.328  1340 15897 I keystore2: system/security/keystore2/src/security_level.rs:466 - In create_operation. Success to create IKeystoreOperation. 10474, None
05-29 02:55:40.329  1350  1350 D keymint_swd: keymint_swd keymint [WRN] (swd_run_cb:263) swd_update() returns 0
05-29 02:55:40.329  1350  1350 D android.hardware.security.keymint-service: update: ret 0
05-29 02:55:40.329  2878  3228 D KNOX_MDM_SettingsProvider: isChangeAllowed() : name = enabled_notification_listeners
05-29 02:55:40.329  1350  1350 D keymint_swd: keymint_swd keymint [WRN] (swd_run_cb:263) swd_finish() returns 0
05-29 02:55:40.329  1350  1350 D android.hardware.security.keymint-service: finish: ret 0
05-29 02:55:40.330  2878  3228 D KNOX_MDM_SettingsProvider: isChangeAllowed() : name = enabled_notification_listeners
05-29 02:55:40.330  1350  1350 W keymint_tee: [WRN]begin req PARAMS: A32, BM32, PD1, 
05-29 02:55:40.332  1350  1350 D keymint_swd: keymint_swd keymint [WRN] (km_add_tag:528) skip: non repetable tag already exists with different value: 268435458
05-29 02:55:40.332  1350  1350 D keymint_swd: keymint_swd keymint [WRN] (swd_run_cb:263) swd_begin() returns 0
05-29 02:55:40.332  1350  1350 D android.hardware.security.keymint-service: begin: ret 0
05-29 02:55:40.332  1340 15897 I keystore2: system/security/keystore2/src/security_level.rs:466 - In create_operation. Success to create IKeystoreOperation. 10474, None
05-29 02:55:40.333  1350  1350 D keymint_swd: keymint_swd keymint [WRN] (swd_run_cb:263) swd_update() returns 0
05-29 02:55:40.333  1350  1350 D android.hardware.security.keymint-service: update: ret 0
05-29 02:55:40.334  1350  1350 D keymint_swd: keymint_swd keymint [WRN] (swd_run_cb:263) swd_finish() returns 0
05-29 02:55:40.334  1350  1350 D android.hardware.security.keymint-service: finish: ret 0
05-29 02:55:40.335  1350  1350 W keymint_tee: [WRN]begin req PARAMS: A32, BM32, PD1, 
05-29 02:55:40.337  1350  1350 D keymint_swd: keymint_swd keymint [WRN] (km_add_tag:528) skip: non repetable tag already exists with different value: 268435458
05-29 02:55:40.337  1350  1350 D keymint_swd: keymint_swd keymint [WRN] (swd_run_cb:263) swd_begin() returns 0
05-29 02:55:40.337  1350  1350 D android.hardware.security.keymint-service: begin: ret 0
05-29 02:55:40.337  1340 15897 I keystore2: system/security/keystore2/src/security_level.rs:466 - In create_operation. Success to create IKeystoreOperation. 10474, None
05-29 02:55:40.338  1350  1350 D keymint_swd: keymint_swd keymint [WRN] (swd_run_cb:263) swd_update() returns 0
05-29 02:55:40.338  1350  1350 D android.hardware.security.keymint-service: update: ret 0
05-29 02:55:40.338  5990  6019 V OsAgent : broadcastSystemEvent - 7
05-29 02:55:40.338  1350  1350 D keymint_swd: keymint_swd keymint [WRN] (swd_run_cb:263) swd_finish() returns 0
05-29 02:55:40.338  1350  1350 D android.hardware.security.keymint-service: finish: ret 0
05-29 02:55:40.339  2878  3899 D BackgroundInstallControlService: Package event received: 0
05-29 02:55:40.340  1579  1579 D ApplicationLoaders: Returning zygote-cached class loader: /system/framework/android.test.base.jar
05-29 02:55:40.340  1579  1579 D ApplicationLoaders: Returning zygote-cached class loader: /system_ext/framework/androidx.window.extensions.jar
05-29 02:55:40.342  2878  4628 D PackageManager: setEnabledSetting : userId = 0 packageName = com.google.android.adservices.api cmp = com.android.adservices.service.common.PackageChangedReceiver newState = 1 callingPackage = com.google.android.adservices.api
05-29 02:55:40.342  2878  4628 D ApplicationPolicy: getApplicationStateEnabled : pkg = com.google.android.adservices.api userId : 0
05-29 02:55:40.343  2878  4628 D ApplicationPolicy: getApplicationComponentState : pkg = com.google.android.adservices.api userId : 0
05-29 02:55:40.344  1579  1579 I cr_WebViewApkApp: version=148.0.7778.178 (777817803) minSdkVersion=29 processName=com.google.android.webview:sandboxed_process0:org.chromium.content.app.SandboxedProcessService0:0 splits=<none>
05-29 02:55:40.345   582   605 E adservices.measurement: AttributionFallbackJobService is disabled, skip scheduling
05-29 02:55:40.346   838  1054 I GAv4    : Google Analytics 12.4.51 is starting up. To enable debug logging on a device run:
05-29 02:55:40.346   838  1054 I GAv4    :   adb shell setprop log.tag.GAv4 DEBUG
05-29 02:55:40.346   838  1054 I GAv4    :   adb logcat -s GAv4
05-29 02:55:40.346  1420  1420 D WM-PackageManagerHelper: Skipping component enablement for androidx.work.impl.background.systemjob.SystemJobService
05-29 02:55:40.346  1420  1420 D WM-Schedulers: Created SystemJobScheduler and enabled SystemJobService
05-29 02:55:40.348  2878  7131 I ActivityManager: Changes in 99187 10 to 8, 0 to 128
05-29 02:55:40.348  2878  7131 I ActivityManager: Changes in 10340 19 to 8, 0 to 128
05-29 02:55:40.348  2878  7131 I ActivityManager: Changes in 10265 19 to 8, 0 to 128
05-29 02:55:40.348  1420  1623 D WM-ForceStopRunnable: Is default app process = true
05-29 02:55:40.349  1420  1623 D WM-ForceStopRunnable: Performing cleanup operations.
05-29 02:55:40.349   582  1622 E adservices.measurement: Measurement API is disabled by kill-switch.
05-29 02:55:40.350  1579  1579 I cr_ChildProcessService: Creating new ChildProcessService pid=1579
05-29 02:55:40.351   582  1627 W adservices: Skip logging because Cobalt is disabled.
05-29 02:55:40.352   582  1626 W adservices: Skip logging because Cobalt logger is null
05-29 02:55:40.352  2878  2878 W JobService: onNetworkChanged() not implemented in com.android.server.content.SyncJobService. Must override in a subclass.
05-29 02:55:40.352 12971 32126 I NearbySharing: Network state changed: NetworkState(isRestricted=false, isOnline=true, isCongested=false, isMetered=true, isWifiConnected=false)
05-29 02:55:40.353   838  1032 I Omicron:NetworkCallbackStateProvider: onBlockedStatusChanged[125]
05-29 02:55:40.354   838  1152 I Omicron:NetworkCallbackStateProvider: Network state: NetworkSnapshot(network=125, isLost=false, isBlocked=false, hasInternetConnection=true, hasInternetCapability=true, isValidated=true, isActive=true)
05-29 02:55:40.355   582   605 E adservices: Encryption key fetch job is disabled, skip scheduling.
05-29 02:55:40.356   838  1624 W GAv4    : AnalyticsReceiver is not registered or is disabled. Register the receiver for reliable dispatching on non-Google Play devices. See http://goo.gl/8Rd3yj for instructions.
05-29 02:55:40.357   838  1624 W GAv4    : AnalyticsService not registered in the app manifest. Hits might not be delivered reliably. See http://goo.gl/8Rd3yj for instructions.
05-29 02:55:40.362  1350  1350 W keymint_tee: [WRN]begin req PARAMS: A32, BM32, PD1, 
05-29 02:55:40.362  1420  1623 D WM-SystemJobScheduler: Reconciling jobs
05-29 02:55:40.363  1350  1350 D keymint_swd: keymint_swd keymint [WRN] (km_add_tag:528) skip: non repetable tag already exists with different value: 268435458
05-29 02:55:40.363  1350  1350 D keymint_swd: keymint_swd keymint [WRN] (swd_run_cb:263) swd_begin() returns 0
05-29 02:55:40.363  1350  1350 D android.hardware.security.keymint-service: begin: ret 0
05-29 02:55:40.364  1340 15897 I keystore2: system/security/keystore2/src/security_level.rs:466 - In create_operation. Success to create IKeystoreOperation. 10474, None
05-29 02:55:40.364  1350  1350 D keymint_swd: keymint_swd keymint [WRN] (swd_run_cb:263) swd_update() returns 0
05-29 02:55:40.364  1350  1350 D android.hardware.security.keymint-service: update: ret 0
05-29 02:55:40.365  1350  1350 D keymint_swd: keymint_swd keymint [WRN] (swd_run_cb:263) swd_finish() returns 0
05-29 02:55:40.365  1350  1350 D android.hardware.security.keymint-service: finish: ret 0
05-29 02:55:40.366  1420  1623 D WM-ForceStopRunnable: Found unfinished work, scheduling it.
05-29 02:55:40.366  2878  3899 D BackgroundInstallControlService: Package event received: 0
05-29 02:55:40.367  1350  1350 W keymint_tee: [WRN]begin req PARAMS: A32, BM32, PD1, 
05-29 02:55:40.369  1350  1350 D keymint_swd: keymint_swd keymint [WRN] (km_add_tag:528) skip: non repetable tag already exists with different value: 268435458
05-29 02:55:40.369  1350  1350 D keymint_swd: keymint_swd keymint [WRN] (swd_run_cb:263) swd_begin() returns 0
05-29 02:55:40.369  1350  1350 D android.hardware.security.keymint-service: begin: ret 0
05-29 02:55:40.369  1340 15897 I keystore2: system/security/keystore2/src/security_level.rs:466 - In create_operation. Success to create IKeystoreOperation. 10474, None
05-29 02:55:40.369  1420  1623 D WM-SystemJobScheduler: Scheduling work ID f583d383-ec90-44c2-a50c-2174771c0d97Job ID 52873
