--------- beginning of main
05-29 02:55:39.829  4422  4635 D Tile.AirplaneModeTile:  handleUpdateState mIsWiFiOnlyDevice false isNoSimState false isPowerOffServiceState false mSetting.getValue() 0 isSatelliteModeOn false isChinaDevice false
05-29 02:55:39.829  4422  4635 D Tile.AirplaneModeTile:  handleUpdateState:  value = false, state = 1
05-29 02:55:39.829  4422  4635 I HotspotTile: handleUpdateState
--------- beginning of system
05-29 02:55:39.829  2878  4674 W ContextImpl: Calling a method in the system process without a qualified user: android.app.ContextImpl.sendBroadcastMultiplePermissions:1418 com.android.server.TelephonyRegistry.broadcastServiceStateChanged:92 com.android.server.TelephonyRegistry.notifyServiceStateForPhoneId:185 com.android.internal.telephony.ITelephonyRegistry$Stub.onTransact:667 android.os.Binder.execTransactInternal:1462 
05-29 02:55:39.831  2878  4674 W ContextImpl: Calling a method in the system process without a qualified user: android.app.ContextImpl.sendBroadcastMultiplePermissions:1418 com.android.server.TelephonyRegistry.broadcastServiceStateChanged:121 com.android.server.TelephonyRegistry.notifyServiceStateForPhoneId:185 com.android.internal.telephony.ITelephonyRegistry$Stub.onTransact:667 android.os.Binder.execTransactInternal:1462 
05-29 02:55:39.832  2878  2878 D SemWifiService: received: android.intent.action.SERVICE_STATE
05-29 02:55:39.832  2878  4674 W ContextImpl: Calling a method in the system process without a qualified user: android.app.ContextImpl.sendBroadcastMultiplePermissions:1418 com.android.server.TelephonyRegistry.broadcastServiceStateChanged:144 com.android.server.TelephonyRegistry.notifyServiceStateForPhoneId:185 com.android.internal.telephony.ITelephonyRegistry$Stub.onTransact:667 android.os.Binder.execTransactInternal:1462 
05-29 02:55:39.834  4005  4026 I LocationAccessPolicy: com.android.systemui is aware of fine but the app-ops permission is specifically denied.
05-29 02:55:39.834  4005  4026 I LocationAccessPolicy: checkLocationPermission - callingUid: 10040, callingPid: 4422, resultForFine: DENIED_SOFT
05-29 02:55:39.834  4005  4026 I LocationAccessPolicy: com.android.systemui is aware of coarse but the app-ops permission is specifically denied.
05-29 02:55:39.834  4005  4026 I LocationAccessPolicy: checkLocationPermission - callingUid: 10040, callingPid: 4422, resultForCoarse: DENIED_SOFT
05-29 02:55:39.834  2878  3240 I ActivityManager: Changes in 10270 19 to 11, 0 to 128
05-29 02:55:39.834 26608 26608 D CellBroadcastReceiver: onReceive Intent { act=android.intent.action.SERVICE_STATE flg=0x1000010 xflg=0x4 cmp=com.google.android.cellbroadcastreceiver/com.android.cellbroadcastreceiver.CellBroadcastReceiver (has extras) }
05-29 02:55:39.835  4005  4026 I LocationAccessPolicy: com.android.systemui is aware of fine but the app-ops permission is specifically denied.
05-29 02:55:39.835  4005  4026 I LocationAccessPolicy: checkLocationPermission - callingUid: 10040, callingPid: 4422, resultForFine: DENIED_SOFT
05-29 02:55:39.835  4005  4026 I LocationAccessPolicy: com.android.systemui is aware of coarse but the app-ops permission is specifically denied.
05-29 02:55:39.835  4005  4026 I LocationAccessPolicy: checkLocationPermission - callingUid: 10040, callingPid: 4422, resultForCoarse: DENIED_SOFT
05-29 02:55:39.835  4005  4005 D SatelliteController: isInCarrierRoamingNbIotNtn: satellite is disabled
05-29 02:55:39.835 26608 26608 D CellBroadcastReceiver: onServiceStateChanged, ss: 0
05-29 02:55:39.835 26608 26608 D CellBroadcastReceiver: networkOperator: 25020
05-29 02:55:39.836 26608 26608 D CellBroadcastReceiver: update supported roaming operator as 
05-29 02:55:39.836  2878  7131 I ActivityManager: Changes in 10270 11 to 19, 128 to 0
05-29 02:55:39.840  4422  4645 D MobileIconViewModel: [] (0/1) connected=true dataConnected=true dataType=DefaultIcon(iconGroup=IconGroup(4G)) networkType=LTE/LTE_CA simCard=ETC
05-29 02:55:39.840  4005  4005 V PhoneGlobals: handleServiceStateChanged
05-29 02:55:39.840  4005  4005 D NotificationMgr: updateNetworkSelection, Use Samsung codes instead of AOSP codes
05-29 02:55:39.840  4005  4005 V PhoneGlobals: subId=-1, mDefaultDataSubId=1, ss roaming=false
05-29 02:55:39.840  4005  4005 I Telephony: TelecomAccountRegistry$TelecomAccountTelephonyCallback: TelecomAccountRegistry: onServiceStateChanged: newState=0, mServiceState=0
05-29 02:55:39.841  4422  4645 D MobileIconViewModel: [] (0/1) connected=true dataConnected=true dataType=DefaultIcon(iconGroup=IconGroup(4G+)) networkType=LTE/LTE_CA simCard=ETC
05-29 02:55:39.842  4005  4005 I Telephony: TelecomAccountRegistry$AccountEntry: isRttCurrentlySupported -- regular acct,, hasVoiceAvailability: false, isRttSupported: false, alwaysAllowWhileRoaming: false, isRoaming: false, isOnWfc: false
05-29 02:55:39.842  4005  4005 V PhoneGlobals: handleServiceStateChanged
05-29 02:55:39.842  4005  4005 D NotificationMgr: updateNetworkSelection, Use Samsung codes instead of AOSP codes
05-29 02:55:39.842  4005  4005 V PhoneGlobals: subId=1, mDefaultDataSubId=1, ss roaming=false
05-29 02:55:39.842  2878  7131 D PhoneRestrictionPolicy: isOperationAllowed >>> slotNum: 0 function: 1
05-29 02:55:39.843  4967  5090 I HoneySpace.StatusIconTracker: invokeEvent() called with: event = Mobile(bundle=Bundle[mParcelledData.dataSize=256])
05-29 02:55:39.843  4967  5090 I HoneySpace.StatusIconTracker: invokeEvent() called with: event = Mobile(bundle=Bundle[mParcelledData.dataSize=256])
05-29 02:55:39.843  4005  4005 V PhoneGlobals: updateDataRoamingStatus
05-29 02:55:39.843  4005  4005 V PhoneGlobals: updateDataRoamingStatus dataAllowed=true, disallowReasons=[], dataIsNowRoaming=false, RoamingNumeric=25020, CallingReason=3
05-29 02:55:39.846  2878  3833 D ConnectivityService: Update of LinkProperties for [125 CELLULAR]; created=64176048; firstConnected=64176198
05-29 02:55:39.847  2878  3833 D ConnectivityService: Setting tx/rx TCP buffers to 2097152,4194304,8388608,4096,1048576,2097152
05-29 02:55:39.847  4967  5090 I HoneySpace.StatusIconTracker: invokeEvent() called with: event = Mobile(bundle=Bundle[mParcelledData.dataSize=256])
05-29 02:55:39.848  2878  3833 D ConnectivityService: notifyType CALLBACK_IP_CHANGED for [125 CELLULAR]
05-29 02:55:39.849  2260  2891 D SemNativeCarrierFeature_vendor: getInstance
05-29 02:55:39.849  2878  3876 D SemWifiApTrafficPriority: mCurrentUpstreamInterface:rmnet_data0
05-29 02:55:39.850   838   838 D SessionsDependencies: Dependency to CRASHLYTICS added.
05-29 02:55:39.850   838   838 I FirebaseApp: Device unlocked: initializing all Firebase APIs for app [DEFAULT]
05-29 02:55:39.851  2878  3971 D NetdEventListenerService: DNS Requested by 125, 10412(org.stepic.droid), SUCCESS, 184ms
05-29 02:55:39.855   838  1032 I Omicron:NetworkCallbackStateProvider: onLinkPropertiesChanged[125]: {InterfaceName: rmnet_data0 LinkAddresses: [ 100.120.237.13/30 ] DnsAddresses: [ /10.219.250.1,/10.219.250.2 ] Domains: null MTU: 1430 TcpBufferSizes: 2097152,4194304,8388608,4096,1048576,2097152 Routes: [ 0.0.0.0/0 -> 100.120.237.14 rmnet_data0 mtu 1430,100.120.237.12/30 -> 0.0.0.0 rmnet_data0 mtu 0 ]}
05-29 02:55:39.855   838  1031 I Omicron:NetworkCallbackStateProvider: Network state: NetworkSnapshot(network=125, isLost=false, isBlocked=true, hasInternetConnection=false, hasInternetCapability=true, isValidated=true, isActive=false)
05-29 02:55:39.860   838   838 D FirebaseSessions: Initializing Firebase Sessions SDK.
05-29 02:55:39.861   838   838 I FirebaseCrashlytics: Initializing Firebase Crashlytics 19.2.1 for ru.mail.mailapp
05-29 02:55:39.863   838  1042 I DynamiteModule: Considering local module com.google.android.gms.measurement.dynamite:127 and remote module com.google.android.gms.measurement.dynamite:191
05-29 02:55:39.863   838  1042 I DynamiteModule: Selected remote version of com.google.android.gms.measurement.dynamite, version >= 191
05-29 02:55:39.863   838  1042 V DynamiteModule: Dynamite loader version >= 2, using loadModule2NoCrashUtils
05-29 02:55:39.865  4422  4422 W View    : requestLayout() improperly called by com.android.systemui.qs.SecQSGradationDrawableView{592348b V.E...... ......ID 0,0-1080,332 #7f0a0a16 app:id/qs_gradation_view} during layout: running second layout pass
05-29 02:55:39.865  4422  4422 W View    : requestLayout() improperly called by android.widget.FrameLayout{9c4e968 V.E...... ......I. 0,0-1080,2340 #2} during layout: running second layout pass
05-29 02:55:39.865  4422  4422 W View    : requestLayout() improperly called by android.widget.FrameLayout{6654181 V.E...... ......ID 0,142-1080,2298 #7f0a0a14 app:id/qs_frame} during layout: running second layout pass
05-29 02:55:39.866  4422  4422 W RefactorFlag: New code path expects SceneContainerFlag to be enabled.
05-29 02:55:39.867   838   838 D SessionsDependencies: Subscriber CRASHLYTICS registered.
05-29 02:55:39.868  4422  4422 D MULTISIM-PROD-REPO: onReceive() - action = android.intent.action.SERVICE_STATE
05-29 02:55:39.869   838  1042 W System  : ClassLoader referenced unknown path: 
05-29 02:55:39.869  4422  4635 D MULTISIM-PROD-REPO: HANDLE_MSG(2000)
05-29 02:55:39.869   838  1042 D nativeloader: Configuring clns-15 for other apk . target_sdk_version=37, uses_libraries=, library_path=/data/app/~~NUjSiNHy-dN7Eb0w07Zs8Q==/com.google.android.gms-M-VbJ8-rbO1mvInV9ydHng==/lib/arm64:/data/app/~~NUjSiNHy-dN7Eb0w07Zs8Q==/com.google.android.gms-M-VbJ8-rbO1mvInV9ydHng==/base.apk!/lib/arm64-v8a, permitted_path=/data:/mnt/expand:/data/user/0/com.google.android.gms
05-29 02:55:39.869  4422  4422 D CarrierTextController: carrierTextForSimState(1)-(order: 0) : T-Mobile, T-Mobile
05-29 02:55:39.869  4422  4422 D CarrierTextController: setCarrierText : T-Mobile, T-Mobile allSimsMissing : false anySimReady : true
05-29 02:55:39.869  4422  4422 D CarrierTextController: carrierTextForSimState(1)-(order: 0) : T-Mobile, T-Mobile
05-29 02:55:39.870  4422  4422 D CarrierTextController: setCarrierText : T-Mobile, T-Mobile allSimsMissing : false anySimReady : true
05-29 02:55:39.870  4422  4422 D CarrierTextController: carrierTextForSimState(1)-(order: 0) : T-Mobile, T-Mobile
05-29 02:55:39.870  4422  4422 D CarrierTextController: setCarrierText : T-Mobile, T-Mobile allSimsMissing : false anySimReady : true
05-29 02:55:39.870  4422  4422 D FaceWidgetPagesController: onRefreshCarrierInfo()
05-29 02:55:39.870  4005  4273 I LocationAccessPolicy: com.android.systemui is aware of fine but the app-ops permission is specifically denied.
05-29 02:55:39.870  4005  4273 I LocationAccessPolicy: checkLocationPermission - callingUid: 10040, callingPid: 4422, resultForFine: DENIED_SOFT
05-29 02:55:39.870  4005  4273 I LocationAccessPolicy: com.android.systemui is aware of coarse but the app-ops permission is specifically denied.
05-29 02:55:39.870  4005  4273 I LocationAccessPolicy: checkLocationPermission - callingUid: 10040, callingPid: 4422, resultForCoarse: DENIED_SOFT
05-29 02:55:39.871  4422  4422 D FaceWidgetClockRoamManager: isNetworkRoamingState id=1
05-29 02:55:39.871  4422  4422 D FaceWidgetClockRoamManager: isNetworkRoamingState false
05-29 02:55:39.871  4422  4422 D FaceWidgetClockRoamManager: onRefreshCarrierInfo(pre, now): false, false
05-29 02:55:39.871  4422  4422 D FaceWidgetClockPage: onRefreshCarrierInfo : isChanged false mIsRoaming false
05-29 02:55:39.872  2878  7131 I Telecom : SamsungTelecomServiceImpl : isInCall - callingPackage : com.android.systemui / callingUser : UserHandle{0} / hasCrossUserAccess : true
05-29 02:55:39.872  4422  4422 D CarrierTextController: info.location: Keyguard, info.carrierText: T-Mobile, info.carrierTextShort: T-Mobile
05-29 02:55:39.872  4422  4422 D CarrierTextController: info.location: null, info.carrierText: T-Mobile, info.carrierTextShort: T-Mobile
05-29 02:55:39.872  4422  4422 D ShadeCarrierGroup: handleUpdateCarrierInfo [T-Mobile] isLatin=false
05-29 02:55:39.872  1845  2128 D DisplayModeController: setDesiredMode 4630947118961383299 {mode={fps=120.00 Hz, modePtr={id=0, vsyncRate=120.00 Hz, peakRefreshRate=120.00 Hz}}, emitEvent=true, force=false}
05-29 02:55:39.875   838  1031 D CompatChangeReporter: Compat change id reported: 312399441; UID 10340; state: ENABLED
05-29 02:55:39.885   838  1044 I FirebaseCrashlytics: Saved version control info
05-29 02:55:39.886  2878  3899 D BackgroundInstallControlService: Package event received: 0
05-29 02:55:39.886   838  1047 D LifecycleServiceBinder: Binding service to application.
05-29 02:55:39.893  1845  1845 I LayerHistory: StatusBar$_4422#107 voted NoVote (0.00 Hz)
05-29 02:55:39.893  1845  1845 I SurfaceFlinger: No layers with votes - choose 120.00 Hz
05-29 02:55:39.894 12971 32126 I PhenotypeResourceReader: unable to find any Phenotype resource metadata for ru.mail.mailapp
05-29 02:55:39.899  1845  1845 I HWComposer: [4630947118961383299] ActiveConfigToHWC, ID : 0
05-29 02:55:39.900  1773  2085 I SDM     : HWDeviceDRM::SetDisplaySwitchMode: [DispConfigs] check hs_mode 3
05-29 02:55:39.900  1773  2085 W SDM     : HWDeviceDRM::GetSupportedBitClkRate: Requested rate not supported: 951080000
05-29 02:55:39.900  1773  2085 I SDM     : HWDeviceDRM::SetDisplaySwitchMode: [DispConfigs] Set mode index:0 1080x2340x120xcmdHS, hs_mode(3), found_mode(0)
05-29 02:55:39.900  1773  2085 I SDM     : HWDeviceDRM::UpdateMixerAttributes: Mixer WxH 1080x2340-1 for Peripheral
05-29 02:55:39.900  1773  2085 I SDM     : HWCDisplay::SubmitDisplayConfig: Active configuration changed from config 8 to 0
05-29 02:55:39.901  1845  2090 I VSyncReactor: Current= 24, Period= 120, hwcPeriod= 120
05-29 02:55:39.903   838  1059 D nativeloader: Load libunity.so using class loader ns clns-9 (caller=/data/app/~~1Kj-4KNj4MUyPpbzfc1cxg==/ru.mail.mailapp-msVDUY88--q_IXnW6cl5NQ==/base.apk!classes19.dex): dlopen failed: library "libunity.so" not found
05-29 02:55:39.910   838  1060 E ru.mail.mailapp: No package ID 6a found for resource ID 0x6a0b0013.
05-29 02:55:39.911   838  1060 I FA      : App measurement initialized, version: 167007
05-29 02:55:39.911   838  1060 I FA      : To enable debug logging run: adb shell setprop log.tag.FA VERBOSE
05-29 02:55:39.911   838  1060 I FA      : To enable faster debug mode event logging run:
05-29 02:55:39.911   838  1060 I FA      :   adb shell setprop debug.firebase.analytics.app ru.mail.mailapp
05-29 02:55:39.930   838  1029 D WM-PackageManagerHelper: Skipping component enablement for androidx.work.impl.background.systemjob.SystemJobService
05-29 02:55:39.930   838  1029 D WM-Schedulers: Created SystemJobScheduler and enabled SystemJobService
05-29 02:55:39.930   838  1158 D WM-ForceStopRunnable: The default process name was not specified.
05-29 02:55:39.931   838  1158 D WM-ForceStopRunnable: Performing cleanup operations.
05-29 02:55:39.933   838  1134 D IOCompatUtils: Use NIO for IO operations
05-29 02:55:39.935  1845  1845 I SurfaceFlinger: finalizeDisplayModeChange 4630947118961383299
05-29 02:55:39.945  4422  4422 W View    : requestLayout() improperly called by com.android.systemui.qs.SecQSGradationDrawableView{592348b V.E...... ......ID 0,0-1080,332 #7f0a0a16 app:id/qs_gradation_view} during layout: running second layout pass
05-29 02:55:39.945  4422  4422 W View    : requestLayout() improperly called by android.widget.FrameLayout{9c4e968 V.E...... ......I. 0,0-1080,2340 #2} during layout: running second layout pass
05-29 02:55:39.945  4422  4422 W View    : requestLayout() improperly called by android.widget.FrameLayout{6654181 V.E...... ......ID 0,142-1080,2298 #7f0a0a14 app:id/qs_frame} during layout: running second layout pass
05-29 02:55:39.946  4422  4422 W RefactorFlag: New code path expects SceneContainerFlag to be enabled.
05-29 02:55:39.958   838  1158 D WM-SystemJobScheduler: Reconciling jobs
05-29 02:55:39.959   838   838 D nativeloader: Load /data/app/~~1Kj-4KNj4MUyPpbzfc1cxg==/ru.mail.mailapp-msVDUY88--q_IXnW6cl5NQ==/split_config.arm64_v8a.apk!/lib/arm64-v8a/libtracernative.so using class loader ns clns-9 (caller=/data/app/~~1Kj-4KNj4MUyPpbzfc1cxg==/ru.mail.mailapp-msVDUY88--q_IXnW6cl5NQ==/base.apk!classes14.dex): ok
05-29 02:55:39.969   838  1158 D WM-ForceStopRunnable: Found unfinished work, scheduling it.
05-29 02:55:39.972 12971 32126 I NearbyMediums: No BLE Fast/GATT advertisements found in the latest cycle.
05-29 02:55:39.972 12971 32126 I NearbyMediums: Current Tracked Scanning Clients are : {NearbyConnections.EnvironmentMonitor, NearbySharing, NearbyConnections.TxAdvertisement}
05-29 02:55:39.974   838  1158 D CompatChangeReporter: Compat change id reported: 311402873; UID 10340; state: ENABLED
05-29 02:55:39.974   838  1158 D CompatChangeReporter: Compat change id reported: 323349338; UID 10340; state: ENABLED
05-29 02:55:39.974   838  1158 D WM-SystemJobScheduler: Scheduling work ID 0de2b17d-e7fd-46d8-b002-b49384119684Job ID 274613
05-29 02:55:39.974  2878  4628 D CompatChangeReporter: Compat change id reported: 311402873; UID 10340; state: ENABLED
05-29 02:55:39.975  2878  4628 D CompatChangeReporter: Compat change id reported: 323349338; UID 10340; state: ENABLED
05-29 02:55:39.978   838  1158 D WM-SystemJobScheduler: Scheduling work ID 32204ba3-6797-46c6-9e80-3da6e7434dadJob ID 275175
05-29 02:55:39.981   838  1158 D WM-SystemJobScheduler: Scheduling work ID fdd0c419-178d-4608-ba4b-117961a2757aJob ID 275176
05-29 02:55:39.985   838  1158 D WM-SystemJobScheduler: Scheduling work ID d4a9d16b-d927-4d9a-918f-a727dc15d166Job ID 275169
05-29 02:55:39.987   838  1158 W JobInfo : Requested important-while-foreground flag for job275173 is ignored and takes no effect
05-29 02:55:39.987   838  1158 D WM-SystemJobScheduler: Scheduling work ID 8d9440b2-9360-47f2-9a50-3cd9c6e39665Job ID 275173
05-29 02:55:39.990   838  1158 D WM-SystemJobScheduler: Scheduling work ID 93f0f815-9a7d-447c-8db3-ec8b908e3131Job ID 275178
05-29 02:55:39.992   838  1158 D WM-GreedyScheduler: Starting tracking for 8d9440b2-9360-47f2-9a50-3cd9c6e39665
05-29 02:55:39.995  2878  3971 D NetdEventListenerService: DNS Requested by 125, 10340(ru.mail.mailapp), 4(FAIL), isBlocked=true, 0ms
05-29 02:55:39.998   838  1364 D WM-GreedyScheduler: Starting tracking for 8d9440b2-9360-47f2-9a50-3cd9c6e39665
05-29 02:55:40.002   838  1370 D WM-GreedyScheduler: Cancelling work ID d4a9d16b-d927-4d9a-918f-a727dc15d166
05-29 02:55:40.010   838  1370 D WM-SystemJobScheduler: Scheduling work ID d4a9d16b-d927-4d9a-918f-a727dc15d166Job ID 275184
05-29 02:55:40.011   838  1370 D WM-GreedyScheduler: Starting tracking for 8d9440b2-9360-47f2-9a50-3cd9c6e39665
05-29 02:55:40.011  2878  7131 D PackageManager: setEnabledSetting : userId = 0 packageName = ru.mail.mailapp cmp = com.vk.push.authsdk.ipc.AuthService newState = 1 callingPackage = ru.mail.mailapp
05-29 02:55:40.011  2878  7131 D ApplicationPolicy: getApplicationStateEnabled : pkg = ru.mail.mailapp userId : 0
05-29 02:55:40.011  2878  7131 D ApplicationPolicy: getApplicationComponentState : pkg = ru.mail.mailapp userId : 0
05-29 02:55:40.014  2878  7131 D ConnectivityService: Returning BLOCKED NetworkInfo to uid=10340
05-29 02:55:40.014  2878  4674 D PackageManager: setEnabledSetting : userId = 0 packageName = ru.mail.mailapp cmp = com.vk.push.pushsdk.ipc.PushService newState = 1 callingPackage = ru.mail.mailapp
05-29 02:55:40.014  2878  4674 D ApplicationPolicy: getApplicationStateEnabled : pkg = ru.mail.mailapp userId : 0
05-29 02:55:40.015  2878  4674 D ApplicationPolicy: getApplicationComponentState : pkg = ru.mail.mailapp userId : 0
05-29 02:55:40.015   838  1370 D WM-ConstraintTracker: NetworkStateTracker24: initial state = NetworkState(isConnected=false, isValidated=false, isMetered=true, isNotRoaming=true)
05-29 02:55:40.015   838  1370 D WM-NetworkStateTracker: Registering network callback
05-29 02:55:40.015   838  1370 D ConnectivityManager: StackLog: [android.net.ConnectivityManager.sendRequestForNetwork(ConnectivityManager.java:4740)] [android.net.ConnectivityManager.registerDefaultNetworkCallbackForUid(ConnectivityManager.java:5465)] [android.net.ConnectivityManager.registerDefaultNetworkCallback(ConnectivityManager.java:5432)] [android.net.ConnectivityManager.registerDefaultNetworkCallback(ConnectivityManager.java:5406)] [androidx.work.impl.utils.NetworkApi24.registerDefaultNetworkCallbackCompat(ProGuard:11)] [androidx.work.impl.constraints.trackers.NetworkStateTracker24.startTracking(ProGuard:20)] [androidx.work.impl.constraints.trackers.ConstraintTracker.addListener(ProGuard:73)] [androidx.work.impl.constraints.controllers.BaseConstraintController$track$1.invokeSuspend(ProGuard:44)] [androidx.work.impl.constraints.controllers.BaseConstraintController$track$1.invoke(ProGuard:2)] [androidx.work.impl.constraints.controllers.BaseConstraintController$track$1.invoke(ProGuard:1)] [kotlinx.coroutines.flow.ChannelFlowBuilder.collectTo$suspendImpl(ProGuard:3)] [kotlinx.coroutines.flow.ChannelFlowBuilder.collectTo(ProGuard:1)] [kotlinx.coroutines.flow.CallbackFlowBuilder.collectTo(ProGuard:61)] [kotlinx.coroutines.flow.internal.ChannelFlow$collectToFun$1.invokeSuspend(ProGuard:35)] [kotlin.coroutines.jvm.internal.BaseContinuationImpl.resumeWith(ProGuard:12)] [kotlinx.coroutines.DispatchedTask.run(ProGuard:129)] [androidx.work.impl.utils.SerialExecutorImpl$Task.run(ProGuard:3)] [java.util.concurrent.ThreadPoolExecutor.runWorker(ThreadPoolExecutor.java:1154)] [java.util.concurrent.ThreadPoolExecutor$Worker.run(ThreadPoolExecutor.java:652)] [java.lang.Thread.run(Thread.java:1564)]
05-29 02:55:40.016  2878  4674 D PackageManager: setEnabledSetting : userId = 0 packageName = ru.mail.mailapp cmp = com.vk.push.pushsdk.masterhost.MasterSelectionService newState = 1 callingPackage = ru.mail.mailapp
05-29 02:55:40.016  2878  4674 D ApplicationPolicy: getApplicationStateEnabled : pkg = ru.mail.mailapp userId : 0
05-29 02:55:40.016  2878  4674 D ApplicationPolicy: getApplicationComponentState : pkg = ru.mail.mailapp userId : 0
05-29 02:55:40.017  2878  7188 D ConnectivityService: requestNetwork for uid/pid:10340/838 activeRequest: null callbackRequest: 7179 [NetworkRequest [ REQUEST id=7180, [ Capabilities: INTERNET&NOT_RESTRICTED&TRUSTED&NOT_VCN_MANAGED&NOT_BANDWIDTH_CONSTRAINED Uid: 10340 RequestorUid: 10340 RequestorPkg: ru.mail.mailapp UnderlyingNetworks: Null] ]] callback flags: 0 order: 2147483647 isUidTracked: false declaredMethods: AVAIL|LOST|NC
05-29 02:55:40.017  2878  3833 D ConnectivityService:    accepting network in place of null for NetworkRequest [ REQUEST id=7180, [ Capabilities: INTERNET&NOT_RESTRICTED&TRUSTED&NOT_VCN_MANAGED&NOT_BANDWIDTH_CONSTRAINED Uid: 10340 RequestorUid: 10340 RequestorPkg: ru.mail.mailapp UnderlyingNetworks: Null] ]
05-29 02:55:40.019   838  1032 D WM-NetworkStateTracker: Network capabilities changed: [ Transports: CELLULAR Capabilities: SUPL&INTERNET&NOT_RESTRICTED&TRUSTED&NOT_VPN&VALIDATED&NOT_ROAMING&FOREGROUND&NOT_CONGESTED&NOT_SUSPENDED&NOT_VCN_MANAGED&NOT_BANDWIDTH_CONSTRAINED LinkUpBandwidth>=3194Kbps LinkDnBandwidth>=4269Kbps Specifier: <TelephonyNetworkSpecifier [mSubId = 1]> SubscriptionIds: {1} UnderlyingNetworks: Null]
05-29 02:55:40.019   838  1364 D WM-PackageManagerHelper: Skipping component enablement for androidx.work.impl.background.systemalarm.RescheduleReceiver
05-29 02:55:40.019   838  1364 D WM-GreedyScheduler: Constraints not met: Cancelling work ID WorkGenerationalId(workSpecId=8d9440b2-9360-47f2-9a50-3cd9c6e39665, generation=0)
05-29 02:55:40.019  2878  3813 D WifiNetworkFactory: got request NetworkRequest [ REQUEST id=7180, [ Capabilities: INTERNET&NOT_RESTRICTED&TRUSTED&NOT_VCN_MANAGED&NOT_BANDWIDTH_CONSTRAINED Uid: 10340 RequestorUid: 10340 RequestorPkg: ru.mail.mailapp UnderlyingNetworks: Null] ]
05-29 02:55:40.020  2878  3813 D UntrustedWifiNetworkFactory: got request NetworkRequest [ REQUEST id=7180, [ Capabilities: INTERNET&NOT_RESTRICTED&TRUSTED&NOT_VCN_MANAGED&NOT_BANDWIDTH_CONSTRAINED Uid: 10340 RequestorUid: 10340 RequestorPkg: ru.mail.mailapp UnderlyingNetworks: Null] ]
05-29 02:55:40.020  2878  3813 D OemPaidWifiNetworkFactory: got request NetworkRequest [ REQUEST id=7180, [ Capabilities: INTERNET&NOT_RESTRICTED&TRUSTED&NOT_VCN_MANAGED&NOT_BANDWIDTH_CONSTRAINED Uid: 10340 RequestorUid: 10340 RequestorPkg: ru.mail.mailapp UnderlyingNetworks: Null] ]
05-29 02:55:40.020  2878  3813 D MultiInternetWifiNetworkFactory: got request NetworkRequest [ REQUEST id=7180, [ Capabilities: INTERNET&NOT_RESTRICTED&TRUSTED&NOT_VCN_MANAGED&NOT_BANDWIDTH_CONSTRAINED Uid: 10340 RequestorUid: 10340 RequestorPkg: ru.mail.mailapp UnderlyingNetworks: Null] ]
05-29 02:55:40.020  1156  1156 D io_stats: !@   8,0 r 27264368 450676242 w 4450607 79828640 d 773490 313732580 f 118753 486863 iot 7552012 0 th 0 0 0 pt 0 inp 0 0 55543.387
05-29 02:55:40.021  2878  3833 D ConnectivityService: Rematched networks [computed 0ms] [applied 1ms] [issued 3]
05-29 02:55:40.021  2878  3833 D ConnectivityService: NetworkReassignment :
05-29 02:55:40.021  2878  3833 D ConnectivityService:   7180 : null тЖТ 125
05-29 02:55:40.035  2878  4674 D SyncManager: userId - 0 auto - true
05-29 02:55:40.044   838  1163 D nativeloader: Load /data/app/~~1Kj-4KNj4MUyPpbzfc1cxg==/ru.mail.mailapp-msVDUY88--q_IXnW6cl5NQ==/split_config.arm64_v8a.apk!/lib/arm64-v8a/libsqlitecustom.so using class loader ns clns-9 (caller=/data/app/~~1Kj-4KNj4MUyPpbzfc1cxg==/ru.mail.mailapp-msVDUY88--q_IXnW6cl5NQ==/base.apk!classes12.dex): ok
05-29 02:55:40.044  2878  2878 W ProcessStats: Tracking association SourceState{cd288b system/1000 BFgs #246139} whose proc state 4 is better than process ProcessState{8fedc08 com.truedevelopersstudio.automatictap.autoclicker/10489 pkg=com.truedevelopersstudio.automatictap.autoclicker} proc state 5 (0 skipped)
05-29 02:55:40.045  2878  3831 D SyncManager: userId - 0 auto - true
05-29 02:55:40.047  2878  3899 D BackgroundInstallControlService: Package event received: 0
05-29 02:55:40.047   838  1158 D WM-GreedyScheduler: Starting tracking for 8d9440b2-9360-47f2-9a50-3cd9c6e39665
05-29 02:55:40.049   838  1158 D WM-GreedyScheduler: Starting tracking for 8d9440b2-9360-47f2-9a50-3cd9c6e39665
05-29 02:55:40.050   838  1158 D WM-GreedyScheduler: Starting tracking for 8d9440b2-9360-47f2-9a50-3cd9c6e39665
05-29 02:55:40.053   838  1405 I sqlite3ext: db event listener start
05-29 02:55:40.054   838  1364 D WM-Processor: Processor cancelling 8d9440b2-9360-47f2-9a50-3cd9c6e39665
05-29 02:55:40.054   838  1364 D WM-Processor: WorkerWrapper could not be found for 8d9440b2-9360-47f2-9a50-3cd9c6e39665
05-29 02:55:40.058   838  1364 D WM-GreedyScheduler: Cancelling work ID 8d9440b2-9360-47f2-9a50-3cd9c6e39665
05-29 02:55:40.062  4005  4156 D SatelliteController: isInCarrierRoamingNbIotNtn: satellite is disabled
05-29 02:55:40.069   838  1059 D CompatChangeReporter: Compat change id reported: 352594277; UID 10340; state: ENABLED
05-29 02:55:40.070  1685  1755 E minksocket: MinkIPC_QRTR_Service: client with node 1 port 6ba9 went down
05-29 02:55:40.070  1685  1759 E minksocket: MinkIPC_QRTR_Service: client with node 1 port 6ba9 went down
05-29 02:55:40.070   838  1364 D WM-SystemJobScheduler: Scheduling work ID 8505e984-ab2a-4d48-931b-bbf1c4090d79Job ID 275185
05-29 02:55:40.070  1685  1759 E minksocket: MinkIPC_QRTR_Service: client with node 1 port 6baa went down
05-29 02:55:40.070  1685  1755 E minksocket: MinkIPC_QRTR_Service: client with node 1 port 6baa went down
05-29 02:55:40.071  1685  1759 E minksocket: MinkIPC_QRTR_Service: client with node 1 port 6bab went down
05-29 02:55:40.072  1685  1755 E minksocket: MinkIPC_QRTR_Service: client with node 1 port 6bab went down
05-29 02:55:40.072  2878  3899 D BackgroundInstallControlService: Package event received: 0
05-29 02:55:40.073  1685  1755 E minksocket: MinkIPC_QRTR_Service: client with node 1 port 6bad went down
05-29 02:55:40.073  1685  1759 E minksocket: MinkIPC_QRTR_Service: client with node 1 port 6bad went down
05-29 02:55:40.074   838  1338 I WebViewFactory: Loading com.google.android.webview version 148.0.7778.178 (code 777817803)
05-29 02:55:40.074  1685  1755 E minksocket: MinkIPC_QRTR_Service: client with node 1 port 6bae went down
05-29 02:55:40.074  1685  1759 E minksocket: MinkIPC_QRTR_Service: client with node 1 port 6bae went down
05-29 02:55:40.075  2878  3971 D NetdEventListenerService: DNS Requested by 125, 10340(ru.mail.mailapp), 4(FAIL), isBlocked=true, 0ms
05-29 02:55:40.076  1685  1759 E minksocket: MinkIPC_QRTR_Service: client with node 1 port 6baf went down
05-29 02:55:40.076  1685  1755 E minksocket: MinkIPC_QRTR_Service: client with node 1 port 6baf went down
05-29 02:55:40.078   838  1370 D WM-GreedyScheduler: Cancelling work ID 93f0f815-9a7d-447c-8db3-ec8b908e3131
05-29 02:55:40.078  1685  1755 E minksocket: MinkIPC_QRTR_Service: client with node 1 port 6bb1 went down
05-29 02:55:40.078  1685  1759 E minksocket: MinkIPC_QRTR_Service: client with node 1 port 6bb1 went down
05-29 02:55:40.078  1685  1759 E minksocket: MinkIPC_QRTR_Service: client with node 1 port 6bb2 went down
05-29 02:55:40.078  1685  1755 E minksocket: MinkIPC_QRTR_Service: client with node 1 port 6bb2 went down
05-29 02:55:40.079  1685  1759 E minksocket: MinkIPC_QRTR_Service: client with node 1 port 6bb3 went down
05-29 02:55:40.079  1685  1755 E minksocket: MinkIPC_QRTR_Service: client with node 1 port 6bb3 went down
05-29 02:55:40.079   838  1370 D WM-SystemJobScheduler: Scheduling work ID 93f0f815-9a7d-447c-8db3-ec8b908e3131Job ID 275186
05-29 02:55:40.080  1685  1755 E minksocket: MinkIPC_QRTR_Service: client with node 1 port 6bb4 went down
05-29 02:55:40.080  1685  1759 E minksocket: MinkIPC_QRTR_Service: client with node 1 port 6bb4 went down
05-29 02:55:40.083   838  1338 V ResourcesManager: The following library key has been added: ResourcesKey{ mHash=ab6ad525 mResDir=null mSplitDirs=[] mOverlayDirs=[] mLibDirs=[/data/app/~~6Ewg2wC057JGXjK3MpMUlQ==/com.google.android.webview-DE1D8B2uWvKRp42JHbSd5g==/base.apk,/system/framework/android.test.base.jar] mDisplayId=0 mOverrideConfig=v36 mCompatInfo={450dpi always-compat} mLoaders=[]}
05-29 02:55:40.084   838  1363 D WM-GreedyScheduler: Cancelling work ID 32204ba3-6797-46c6-9e80-3da6e7434dad
05-29 02:55:40.084  1637  1637 D Zygote  : Forked child process 1420
05-29 02:55:40.085  2878  3241 I ActivityManager: Start proc 1420:ru.vk.store/u0a474 for service {ru.vk.store/com.vk.push.authsdk.ipc.AuthService}
05-29 02:55:40.085  2878  3241 I ActivityManager: ProcessObserver broadcast disabled
05-29 02:55:40.088   838  1338 D ApplicationLoaders: Returning zygote-cached class loader: /system/framework/android.test.base.jar
05-29 02:55:40.088   838  1338 D ApplicationLoaders: Returning zygote-cached class loader: /system_ext/framework/androidx.window.extensions.jar
05-29 02:55:40.094   838  1363 D WM-SystemJobScheduler: Scheduling work ID 32204ba3-6797-46c6-9e80-3da6e7434dadJob ID 275187
05-29 02:55:40.096  2260  2891 D SemNativeCarrierFeature_vendor: getInstance
05-29 02:55:40.101   838  1363 D WM-Processor: Processor cancelling 8505e984-ab2a-4d48-931b-bbf1c4090d79
05-29 02:55:40.101   838  1363 D WM-Processor: WorkerWrapper could not be found for 8505e984-ab2a-4d48-931b-bbf1c4090d79
05-29 02:55:40.103   838  1363 D WM-GreedyScheduler: Cancelling work ID 8505e984-ab2a-4d48-931b-bbf1c4090d79
05-29 02:55:40.104  1420  1420 I ru.vk.store: Using CollectorTypeCMC GC.
05-29 02:55:40.105   838  1338 D nativeloader: Configuring clns-16 for other apk /data/app/~~6Ewg2wC057JGXjK3MpMUlQ==/com.google.android.webview-DE1D8B2uWvKRp42JHbSd5g==/base.apk. target_sdk_version=36, uses_libraries=, library_path=/data/app/~~6Ewg2wC057JGXjK3MpMUlQ==/com.google.android.webview-DE1D8B2uWvKRp42JHbSd5g==/lib/arm64:/data/app/~~6Ewg2wC057JGXjK3MpMUlQ==/com.google.android.webview-DE1D8B2uWvKRp42JHbSd5g==/base.apk!/lib/arm64-v8a, permitted_path=/data:/mnt/expand
05-29 02:55:40.107   838  1363 D WM-SystemJobScheduler: Scheduling work ID d5750e6b-81e5-4ada-a3d5-dc02fcd0ce18Job ID 275188
05-29 02:55:40.111  2878  3971 D NetdEventListenerService: DNS Requested by 125, 10340(ru.mail.mailapp), 4(FAIL), isBlocked=true, 0ms
05-29 02:55:40.112   838  1363 D WM-GreedyScheduler: Cancelling work ID 93f0f815-9a7d-447c-8db3-ec8b908e3131
05-29 02:55:40.114   838  1363 D WM-SystemJobScheduler: Scheduling work ID 93f0f815-9a7d-447c-8db3-ec8b908e3131Job ID 275189
05-29 02:55:40.118   838  1370 D WM-GreedyScheduler: Cancelling work ID 32204ba3-6797-46c6-9e80-3da6e7434dad
05-29 02:55:40.119   838  1370 D WM-SystemJobScheduler: Scheduling work ID 32204ba3-6797-46c6-9e80-3da6e7434dadJob ID 275190
05-29 02:55:40.126   838   838 I StatLog:: initialize stat engine
05-29 02:55:40.127   838   838 I StatLog:: startSendDaemon
05-29 02:55:40.127   837   871 I TRuntime.CctTransportBackend: Status Code: 200
05-29 02:55:40.128  1420  1420 D nativeloader: Load libframework-connectivity-tiramisu-jni.so using APEX ns com_android_tethering for caller /apex/com.android.tethering/javalib/framework-connectivity-t.jar: ok
05-29 02:55:40.130  1420  1420 D ActivityThread: setConscryptValidator
05-29 02:55:40.130  1420  1420 D ActivityThread: setConscryptValidator - put
05-29 02:55:40.135  1350  1350 W keymint_tee: [WRN]begin req PARAMS: A32, BM32, PD1, 
05-29 02:55:40.137  1350  1350 D keymint_swd: keymint_swd keymint [WRN] (km_add_tag:528) skip: non repetable tag already exists with different value: 268435458
05-29 02:55:40.137  1350  1350 D keymint_swd: keymint_swd keymint [WRN] (swd_run_cb:263) swd_begin() returns 0
05-29 02:55:40.137  1350  1350 D android.hardware.security.keymint-service: begin: ret 0
05-29 02:55:40.137  1340  7160 I keystore2: system/security/keystore2/src/security_level.rs:466 - In create_operation. Success to create IKeystoreOperation. 10340, None
05-29 02:55:40.138  2878  7148 I ActivityManager: Changes in 10412 8 to 10, 128 to 0
05-29 02:55:40.140  1350  1350 D keymint_swd: keymint_swd keymint [WRN] (swd_run_cb:263) swd_update() returns 0
05-29 02:55:40.140  1350  1350 D android.hardware.security.keymint-service: update: ret 0
05-29 02:55:40.140  1156  1157 D io_stats: !@ cpu boost: status(ON), curr_traffic_level(1), curr_set_freq(2016000), curr_set_lpm(0)
05-29 02:55:40.141  5990  6019 V OsAgent : broadcastSystemEvent - 7
05-29 02:55:40.141  1350  1350 D keymint_swd: keymint_swd keymint [WRN] (swd_run_cb:263) swd_finish() returns 0
05-29 02:55:40.141  1350  1350 D android.hardware.security.keymint-service: finish: ret 0
05-29 02:55:40.142  1350  1350 W keymint_tee: [WRN]begin req PARAMS: A32, BM32, PD1, 
05-29 02:55:40.143  1845  2128 D DisplayModeController: setDesiredMode 4630947118961383299 {mode={fps=24.00 Hz, modePtr={id=5, vsyncRate=24.00 Hz, peakRefreshRate=24.00 Hz}}, emitEvent=false, force=false}
05-29 02:55:40.145  1845  1845 I LayerHistory: StatusBar$_4422#107 voted NoVote (0.00 Hz)
05-29 02:55:40.145  1845  1845 I SurfaceFlinger: Idle - choose 24.00 Hz
05-29 02:55:40.146  1845  1845 I HWComposer: [4630947118961383299] ActiveConfigToHWC, ID : 8
05-29 02:55:40.146  1420  1420 D ApplicationLoaders: Returning zygote-cached class loader: /system_ext/framework/androidx.window.extensions.jar
05-29 02:55:40.146  1420  1420 D ApplicationLoaders: Returning zygote-cached class loader: /system_ext/framework/androidx.window.sidecar.jar
05-29 02:55:40.146  1350  1350 D keymint_swd: keymint_swd keymint [WRN] (km_add_tag:528) skip: non repetable tag already exists with different value: 268435458
05-29 02:55:40.146  1350  1350 D keymint_swd: keymint_swd keymint [WRN] (swd_run_cb:263) swd_begin() returns 0
05-29 02:55:40.146  1350  1350 D android.hardware.security.keymint-service: begin: ret 0
05-29 02:55:40.146  1773  2085 I SDM     : HWDeviceDRM::SetDisplaySwitchMode: [DispConfigs] check hs_mode 3
05-29 02:55:40.147  1773  2085 W SDM     : HWDeviceDRM::GetSupportedBitClkRate: Requested rate not supported: 951080000
05-29 02:55:40.147  1773  2085 W SDM     : HWDeviceDRM::GetSupportedBitClkRate: Requested rate not supported: 951080000
05-29 02:55:40.147  1773  2085 I SDM     : HWDeviceDRM::SetDisplaySwitchMode: [DispConfigs] Set mode index:9 1080x2340x24xcmdPHS, hs_mode(3), found_mode(1)
05-29 02:55:40.147  1773  2085 I SDM     : HWDeviceDRM::UpdateMixerAttributes: Mixer WxH 1080x2340-1 for Peripheral
05-29 02:55:40.147  1773  2085 I SDM     : HWCDisplay::SubmitDisplayConfig: Active configuration changed from config 0 to 8
05-29 02:55:40.150   838  1453 D ConnectivityManager: StackLog: [android.net.ConnectivityManager.sendRequestForNetwork(ConnectivityManager.java:4740)] [android.net.ConnectivityManager.registerDefaultNetworkCallbackForUid(ConnectivityManager.java:5465)] [android.net.ConnectivityManager.registerDefaultNetworkCallback(ConnectivityManager.java:5432)] [android.net.ConnectivityManager.registerDefaultNetworkCallback(ConnectivityManager.java:5406)] [com.vk.core.utils.newtork.AndroidNetworkManager.register(ProGuard:54)] [com.vk.core.utils.newtork.NetworkManager.init(ProGuard:76)] [com.vk.core.utils.newtork.NetworkManager.init$default(ProGuard:6)] [com.vk.auth.main.VkClientAuthLib.tcennockvkvmocd(ProGuard:2)] [com.vk.auth.main.VkClientAuthLib.S(ProGuard:1)] [com.vk.auth.main.k1.run(ProGuard:1)] [java.util.concurrent.ThreadPoolExecutor.runWorker(ThreadPoolExecutor.java:1154)] [java.util.concurrent.ThreadPoolExecutor$Worker.run(ThreadPoolExecutor.java:652)] [java.lang.Thread.run(Thread.java:1564)]
05-29 02:55:40.151  1340 15897 I keystore2: system/security/keystore2/src/security_level.rs:466 - In create_operation. Success to create IKeystoreOperation. 10340, None
05-29 02:55:40.152  1845  1845 I SurfaceFlinger: finalizeDisplayModeChange 4630947118961383299
05-29 02:55:40.152  1845  2090 I VSyncReactor: Current= 120, Period= 24, hwcPeriod= 24
05-29 02:55:40.153   837   871 D CompatChangeReporter: Compat change id reported: 311402873; UID 10412; state: ENABLED
05-29 02:55:40.153   837   871 D CompatChangeReporter: Compat change id reported: 323349338; UID 10412; state: ENABLED
05-29 02:55:40.154  1350  1350 D keymint_swd: keymint_swd keymint [WRN] (swd_run_cb:263) swd_update() returns 0
05-29 02:55:40.154  1350  1350 D android.hardware.security.keymint-service: update: ret 0
05-29 02:55:40.155   838  1532 D FastStorage: File anonymous.scheme_2 exits, turning on storage
05-29 02:55:40.155  1350  1350 D keymint_swd: keymint_swd keymint [WRN] (swd_run_cb:263) swd_finish() returns 0
05-29 02:55:40.155  1350  1350 D android.hardware.security.keymint-service: finish: ret 0
05-29 02:55:40.157  1350  1350 W keymint_tee: [WRN]begin req PARAMS: A32, BM32, PD1, 
05-29 02:55:40.158  1350  1350 D keymint_swd: keymint_swd keymint [WRN] (km_add_tag:528) skip: non repetable tag already exists with different value: 268435458
05-29 02:55:40.158  1350  1350 D keymint_swd: keymint_swd keymint [WRN] (swd_run_cb:263) swd_begin() returns 0
05-29 02:55:40.158  1350  1350 D android.hardware.security.keymint-service: begin: ret 0
05-29 02:55:40.158  1340 15897 I keystore2: system/security/keystore2/src/security_level.rs:466 - In create_operation. Success to create IKeystoreOperation. 10340, None
05-29 02:55:40.159  2260  2891 D SemNativeCarrierFeature_vendor: getInstance
05-29 02:55:40.159  1350  1350 D keymint_swd: keymint_swd keymint [WRN] (swd_run_cb:263) swd_update() returns 0
05-29 02:55:40.159  1350  1350 D android.hardware.security.keymint-service: update: ret 0
05-29 02:55:40.161  1350  1350 D keymint_swd: keymint_swd keymint [WRN] (swd_run_cb:263) swd_finish() returns 0
05-29 02:55:40.161  1350  1350 D android.hardware.security.keymint-service: finish: ret 0
05-29 02:55:40.164  1350  1350 W keymint_tee: [WRN]begin req PARAMS: A32, BM32, PD1, 
05-29 02:55:40.165  1350  1350 D keymint_swd: keymint_swd keymint [WRN] (km_add_tag:528) skip: non repetable tag already exists with different value: 268435458
05-29 02:55:40.166  1350  1350 D keymint_swd: keymint_swd keymint [WRN] (swd_run_cb:263) swd_begin() returns 0
05-29 02:55:40.166  1350  1350 D android.hardware.security.keymint-service: begin: ret 0
05-29 02:55:40.166  1340 15897 I keystore2: system/security/keystore2/src/security_level.rs:466 - In create_operation. Success to create IKeystoreOperation. 10340, None
05-29 02:55:40.167  1350  1350 D keymint_swd: keymint_swd keymint [WRN] (swd_run_cb:263) swd_update() returns 0
05-29 02:55:40.167  1350  1350 D android.hardware.security.keymint-service: update: ret 0
05-29 02:55:40.167  2878  7188 I ActivityManager: Killing 31673:com.samsung.android.kmxservice:AiPrivacy/u0a297 (adj 955): empty #33
05-29 02:55:40.167  2878  4674 D CompatChangeReporter: Compat change id reported: 311402873; UID 10412; state: ENABLED
05-29 02:55:40.167  2878  4674 D CompatChangeReporter: Compat change id reported: 323349338; UID 10412; state: ENABLED
05-29 02:55:40.167  1350  1350 D keymint_swd: keymint_swd keymint [WRN] (swd_run_cb:263) swd_finish() returns 0
05-29 02:55:40.167  1350  1350 D android.hardware.security.keymint-service: finish: ret 0
05-29 02:55:40.169  1350  1350 W keymint_tee: [WRN]begin req PARAMS: A32, BM32, PD1, 
05-29 02:55:40.169  2878  7188 I ActivityManager: Killing 31428:com.samsung.android.dqagent/1000 (adj 965): empty #34
05-29 02:55:40.170  1350  1350 D keymint_swd: keymint_swd keymint [WRN] (km_add_tag:528) skip: non repetable tag already exists with different value: 268435458
05-29 02:55:40.170  1350  1350 D keymint_swd: keymint_swd keymint [WRN] (swd_run_cb:263) swd_begin() returns 0
05-29 02:55:40.171  1350  1350 D android.hardware.security.keymint-service: begin: ret 0
05-29 02:55:40.171  1340 15897 I keystore2: system/security/keystore2/src/security_level.rs:466 - In create_operation. Success to create IKeystoreOperation. 10340, None
05-29 02:55:40.172  1350  1350 D keymint_swd: keymint_swd keymint [WRN] (swd_run_cb:263) swd_update() returns 0
05-29 02:55:40.172  1350  1350 D android.hardware.security.keymint-service: update: ret 0
05-29 02:55:40.172  2878  4628 D ConnectivityService: requestNetwork for uid/pid:10340/838 activeRequest: null callbackRequest: 7181 [NetworkRequest [ REQUEST id=7182, [ Capabilities: INTERNET&NOT_RESTRICTED&TRUSTED&NOT_VCN_MANAGED&NOT_BANDWIDTH_CONSTRAINED Uid: 10340 RequestorUid: 10340 RequestorPkg: ru.mail.mailapp UnderlyingNetworks: Null] ]] callback flags: 0 order: 2147483647 isUidTracked: false declaredMethods: AVAIL|LOST|NC|LP
05-29 02:55:40.174  1350  1350 D keymint_swd: keymint_swd keymint [WRN] (swd_run_cb:263) swd_finish() returns 0
05-29 02:55:40.174  1350  1350 D android.hardware.security.keymint-service: finish: ret 0
05-29 02:55:40.175  1350  1350 W keymint_tee: [WRN]begin req PARAMS: A32, BM32, PD1, 
05-29 02:55:40.175   838  1537 D FastStorage: File mmaped_storage.scheme_2 not exists, turning off storage.
05-29 02:55:40.177  1350  1350 D keymint_swd: keymint_swd keymint [WRN] (km_add_tag:528) skip: non repetable tag already exists with different value: 268435458
05-29 02:55:40.177  1350  1350 D keymint_swd: keymint_swd keymint [WRN] (swd_run_cb:263) swd_begin() returns 0
05-29 02:55:40.177  1350  1350 D android.hardware.security.keymint-service: begin: ret 0
05-29 02:55:40.177  1340 15897 I keystore2: system/security/keystore2/src/security_level.rs:466 - In create_operation. Success to create IKeystoreOperation. 10340, None
05-29 02:55:40.178  1420  1420 D nativeloader: Configuring clns-9 for other apk /data/app/~~hJJl5i3GP0aHkFdQnFzo9A==/ru.vk.store-8ZsdlLoi2RYzcUnRf65Q_g==/base.apk. target_sdk_version=37, uses_libraries=, library_path=/data/app/~~hJJl5i3GP0aHkFdQnFzo9A==/ru.vk.store-8ZsdlLoi2RYzcUnRf65Q_g==/lib/arm64:/data/app/~~hJJl5i3GP0aHkFdQnFzo9A==/ru.vk.store-8ZsdlLoi2RYzcUnRf65Q_g==/base.apk!/lib/arm64-v8a, permitted_path=/data:/mnt/expand:/data/user/0/ru.vk.store
05-29 02:55:40.178  1350  1350 D keymint_swd: keymint_swd keymint [WRN] (swd_run_cb:263) swd_update() returns 0
05-29 02:55:40.178  1350  1350 D android.hardware.security.keymint-service: update: ret 0
05-29 02:55:40.179  1350  1350 D keymint_swd: keymint_swd keymint [WRN] (swd_run_cb:263) swd_finish() returns 0
05-29 02:55:40.179  1350  1350 D android.hardware.security.keymint-service: finish: ret 0
05-29 02:55:40.182  2878  3833 D ConnectivityService:    accepting network in place of null for NetworkRequest [ REQUEST id=7182, [ Capabilities: INTERNET&NOT_RESTRICTED&TRUSTED&NOT_VCN_MANAGED&NOT_BANDWIDTH_CONSTRAINED Uid: 10340 RequestorUid: 10340 RequestorPkg: ru.mail.mailapp UnderlyingNetworks: Null] ]
05-29 02:55:40.184  1420  1420 V GraphicsEnvironment: Currently set values for:
05-29 02:55:40.184  1420  1420 V GraphicsEnvironment:   angle_gl_driver_selection_pkgs=[]
05-29 02:55:40.184  1420  1420 V GraphicsEnvironment:   angle_gl_driver_selection_values=[]
05-29 02:55:40.184  1420  1420 V GraphicsEnvironment: ru.vk.store is not listed in per-application setting
05-29 02:55:40.184  1420  1420 V GraphicsEnvironment: ANGLE allowlist from config: 
05-29 02:55:40.184  1420  1420 V GraphicsEnvironment: ru.vk.store is not listed in ANGLE allowlist or settings, returning default
05-29 02:55:40.184  1420  1420 V GraphicsEnvironment: App is not on the allowlist for updatable production driver.
05-29 02:55:40.186   838  1338 I cr_WVCFactoryProvider: version=148.0.7778.178 (777817803) minSdkVersion=29 multiprocess=true packageId=2 splits=config.arm64_v8a,config.xxhdpi
05-29 02:55:40.187  1350  1350 W keymint_tee: [WRN]begin req PARAMS: A32, BM32, PD1, 
05-29 02:55:40.188  1350  1350 D keymint_swd: keymint_swd keymint [WRN] (km_add_tag:528) skip: non repetable tag already exists with different value: 268435458
05-29 02:55:40.188  1350  1350 D keymint_swd: keymint_swd keymint [WRN] (swd_run_cb:263) swd_begin() returns 0
05-29 02:55:40.188  1350  1350 D android.hardware.security.keymint-service: begin: ret 0
05-29 02:55:40.189  1340 15897 I keystore2: system/security/keystore2/src/security_level.rs:466 - In create_operation. Success to create IKeystoreOperation. 10340, None
05-29 02:55:40.189  1350  1350 D keymint_swd: keymint_swd keymint [WRN] (swd_run_cb:263) swd_update() returns 0
05-29 02:55:40.189  1350  1350 D android.hardware.security.keymint-service: update: ret 0
05-29 02:55:40.190  1350  1350 D keymint_swd: keymint_swd keymint [WRN] (swd_run_cb:263) swd_finish() returns 0
05-29 02:55:40.190  1350  1350 D android.hardware.security.keymint-service: finish: ret 0
05-29 02:55:40.191  2878  3813 D WifiNetworkFactory: got request NetworkRequest [ REQUEST id=7182, [ Capabilities: INTERNET&NOT_RESTRICTED&TRUSTED&NOT_VCN_MANAGED&NOT_BANDWIDTH_CONSTRAINED Uid: 10340 RequestorUid: 10340 RequestorPkg: ru.mail.mailapp UnderlyingNetworks: Null] ]
05-29 02:55:40.191  2878  3813 D UntrustedWifiNetworkFactory: got request NetworkRequest [ REQUEST id=7182, [ Capabilities: INTERNET&NOT_RESTRICTED&TRUSTED&NOT_VCN_MANAGED&NOT_BANDWIDTH_CONSTRAINED Uid: 10340 RequestorUid: 10340 RequestorPkg: ru.mail.mailapp UnderlyingNetworks: Null] ]
05-29 02:55:40.191  2878  3813 D OemPaidWifiNetworkFactory: got request NetworkRequest [ REQUEST id=7182, [ Capabilities: INTERNET&NOT_RESTRICTED&TRUSTED&NOT_VCN_MANAGED&NOT_BANDWIDTH_CONSTRAINED Uid: 10340 RequestorUid: 10340 RequestorPkg: ru.mail.mailapp UnderlyingNetworks: Null] ]
05-29 02:55:40.191  2878  3833 D ConnectivityService: Rematched networks [computed 2ms] [applied 1ms] [issued 7]
05-29 02:55:40.191  2878  3813 D MultiInternetWifiNetworkFactory: got request NetworkRequest [ REQUEST id=7182, [ Capabilities: INTERNET&NOT_RESTRICTED&TRUSTED&NOT_VCN_MANAGED&NOT_BANDWIDTH_CONSTRAINED Uid: 10340 RequestorUid: 10340 RequestorPkg: ru.mail.mailapp UnderlyingNetworks: Null] ]
05-29 02:55:40.191  2878  3833 D ConnectivityService: NetworkReassignment :
05-29 02:55:40.191  2878  3833 D ConnectivityService:   7182 : null тЖТ 125
05-29 02:55:40.192   838  1338 D nativeloader: Load /data/app/~~6Ewg2wC057JGXjK3MpMUlQ==/com.google.android.webview-DE1D8B2uWvKRp42JHbSd5g==/base.apk!/lib/arm64-v8a/libwebviewchromium.so using class loader ns clns-16 (caller=/data/app/~~6Ewg2wC057JGXjK3MpMUlQ==/com.google.android.webview-DE1D8B2uWvKRp42JHbSd5g==/base.apk): ok
05-29 02:55:40.192  1350  1350 W keymint_tee: [WRN]begin req PARAMS: A32, BM32, PD1, 
05-29 02:55:40.193  1350  1350 D keymint_swd: keymint_swd keymint [WRN] (km_add_tag:528) skip: non repetable tag already exists with different value: 268435458
05-29 02:55:40.193  1350  1350 D keymint_swd: keymint_swd keymint [WRN] (swd_run_cb:263) swd_begin() returns 0
05-29 02:55:40.193  1350  1350 D android.hardware.security.keymint-service: begin: ret 0
05-29 02:55:40.194  1340 15897 I keystore2: system/security/keystore2/src/security_level.rs:466 - In create_operation. Success to create IKeystoreOperation. 10340, None
05-29 02:55:40.194  1350  1350 D keymint_swd: keymint_swd keymint [WRN] (swd_run_cb:263) swd_update() returns 0
05-29 02:55:40.195  1350  1350 D android.hardware.security.keymint-service: update: ret 0
05-29 02:55:40.195   838  1338 D nativeloader: Load /system/lib64/libwebviewchromium_plat_support.so using class loader ns clns-16 (caller=/data/app/~~6Ewg2wC057JGXjK3MpMUlQ==/com.google.android.webview-DE1D8B2uWvKRp42JHbSd5g==/base.apk): ok
05-29 02:55:40.195  1350  1350 D keymint_swd: keymint_swd keymint [WRN] (swd_run_cb:263) swd_finish() returns 0
05-29 02:55:40.195  1350  1350 D android.hardware.security.keymint-service: finish: ret 0
05-29 02:55:40.196  1350  1350 W keymint_tee: [WRN]begin req PARAMS: A32, BM32, PD1, 
05-29 02:55:40.197  1637  1637 I Zygote  : Process 31673 exited due to signal 9 (Killed)
05-29 02:55:40.198  1350  1350 D keymint_swd: keymint_swd keymint [WRN] (km_add_tag:528) skip: non repetable tag already exists with different value: 268435458
05-29 02:55:40.198  1350  1350 D keymint_swd: keymint_swd keymint [WRN] (swd_run_cb:263) swd_begin() returns 0
05-29 02:55:40.198  1350  1350 D android.hardware.security.keymint-service: begin: ret 0
05-29 02:55:40.198  2878  3243 I libprocessgroup: Removed cgroup /sys/fs/cgroup/apps/uid_10297/pid_31673
