05-29 02:55:41.069   838  1031 D CompatChangeReporter: Compat change id reported: 270674727; UID 10340; state: ENABLED
05-29 02:55:41.074   838  1031 D CompatChangeReporter: Compat change id reported: 279646685; UID 10340; state: ENABLED
05-29 02:55:41.079   838  1031 I AppWidgetManager: partiallyUpdateAppWidget() appWidgetIds = []
05-29 02:55:41.088   838  1031 I AppWidgetManager: notifyAppWidgetViewDataChanged() appWidgetIds = [], viewId = 2131361880
05-29 02:55:41.089   838  1031 I AppWidgetManager: partiallyUpdateAppWidget() appWidgetIds = []
05-29 02:55:41.091   838  1158 I WM-WorkerWrapper: Worker result SUCCESS for Work [ id=bb075f13-5fdf-48a2-842d-6e5e719c2cc5, tags={ ru.mail.search.portalwidget.widget_updater.WidgetUpdateWorker,4145 } ]
05-29 02:55:41.092   838   838 D WM-Processor: Processor bb075f13-5fdf-48a2-842d-6e5e719c2cc5 executed; reschedule = false
05-29 02:55:41.092   838   838 D WM-GreedyScheduler: Stopping tracking for WorkGenerationalId(workSpecId=bb075f13-5fdf-48a2-842d-6e5e719c2cc5, generation=0)
05-29 02:55:41.092   838   838 D WM-SystemJobService: bb075f13-5fdf-48a2-842d-6e5e719c2cc5 executed on JobScheduler
05-29 02:55:41.096   838  1158 D WM-GreedyScheduler: Cancelling work ID bb075f13-5fdf-48a2-842d-6e5e719c2cc5
05-29 02:55:41.178  1685  1755 E minksocket: MinkIPC_QRTR_Service: client with node 1 port 6bb5 went down
05-29 02:55:41.178  1685  1759 E minksocket: MinkIPC_QRTR_Service: client with node 1 port 6bb5 went down
05-29 02:55:41.178  1685  1755 E minksocket: MinkIPC_QRTR_Service: client with node 1 port 6bb6 went down
05-29 02:55:41.178  1685  1759 E minksocket: MinkIPC_QRTR_Service: client with node 1 port 6bb6 went down
05-29 02:55:41.178  1685  1759 E minksocket: MinkIPC_QRTR_Service: client with node 1 port 6bb7 went down
05-29 02:55:41.178  1685  1755 E minksocket: MinkIPC_QRTR_Service: client with node 1 port 6bb7 went down
05-29 02:55:41.180   838  1060 E FA      : Name must start with a letter. Type, name: event param, _email
05-29 02:55:41.180   838  1060 E FA      : Name must start with a letter. Type, name: event param, _segments_state
05-29 02:55:41.180  1685  1755 E minksocket: MinkIPC_QRTR_Service: client with node 1 port 6bb8 went down
05-29 02:55:41.180  1685  1759 E minksocket: MinkIPC_QRTR_Service: client with node 1 port 6bb8 went down
05-29 02:55:41.247  1837  1848 E HeatmapThread: ECT Thread time in milliseconds: 1780012541
05-29 02:55:41.249  1837  1848 D HeatmapThread: !@ batteryplugType : 2
05-29 02:55:41.249  1837  1848 D HeatmapThread: !@ batteryLevel : 67  batteryTemperature : 361 
05-29 02:55:41.249  1837  1848 D HeatmapThread: !@ Heatmap currtime: 29666875
05-29 02:55:41.249  1837  1848 D HeatmapThread: !@ Heatmap prevtime: 29666861
05-29 02:55:41.249  1837  1848 D HeatmapThread: !@ Heatmap plugstarttime: 29666846
05-29 02:55:41.249  1837  1848 D HeatmapThread: !@ Heatmap prevv_dsoh_update_time: 29666802
05-29 02:55:41.249  1837  1848 E HeatmapThread: !@ CAM New BSOH: 97
05-29 02:55:41.281  7073  7073 I SDHMS:LOAD: type: LoadsFreqs, value: 0:0:0:1022208:2227200:864000:841728:1920000:614400:220:220:220
05-29 02:55:41.290   838  1060 E FA      : Name must start with a letter. Type, name: event param, _email
05-29 02:55:41.290   838  1060 E FA      : Name must start with a letter. Type, name: event param, _segments_state
05-29 02:55:41.354   838  1060 E FA      : Name must start with a letter. Type, name: event param, _email
05-29 02:55:41.354   838  1060 E FA      : Name must start with a letter. Type, name: event param, _segments_state
05-29 02:55:41.482   838  1060 E FA      : Name must start with a letter. Type, name: event param, _email
05-29 02:55:41.482   838  1060 E FA      : Name must start with a letter. Type, name: event param, _segments_state
05-29 02:55:41.486  4005  4005 D TelephonyManager: requestModemActivityInfo: Sending result to app: ModemActivityInfo{ mTimestamp=67489464 mSleepTimeMs=31407510 mIdleTimeMs=2195798 mActivityStatsTechSpecificInfo=[{mRat=UNKNOWN,mFrequencyRange=UNKNOWN,mTxTimeMs[]=[2054347, 550238, 1832685, 1233870, 939030],mRxTimeMs=28547339}]}
05-29 02:55:41.646  2994  3052 E AudioPathHelper: (Berry)(1.16)handleAudioPathTask() : can't get dual play mode - Need android.permission.BLUETOOTH_CONNECT permission for AttributionSource { uid = 1002, packageName = com.android.bluetooth, attributionTag = null, token = android.os.Binder@792f66, deviceId = 0, next = AttributionSource { uid = 10282, packageName = com.samsung.accessory.berrymgr, attributionTag = null, token = android.os.BinderProxy@7fbf963, deviceId = 0, next = null } }: A2dpServiceBinder
05-29 02:55:41.684 15930   962 D AdvertisingIdClient: AdvertisingIdClient already created.
05-29 02:55:41.686 15930   962 I AdvertisingIdClient: shouldSendLog 66111269
05-29 02:55:41.686 15930   962 I AdvertisingIdClient: GetInfoInternal elapse 2ms
05-29 02:55:41.797  4432  7496 V CpEventLog(u0): [P] cp_state: [                 contacts = {contacts=115, raw_contacts=314, data=1140, account={secphone(1)=110, google(2)=2, sim(3)=3, sim2(4)=0, agg(5)=0, google(6)=0, samsung(7)=0, com.yandex.passport(10)=0, com.yandex.passport(12)=0, ru.mail(14)=0, whatsapp(17)=88, ru.mail(42)=0, ru.mail(57)=0, google(378)=0, google(614)=0, ru.mts.app(627)=0, com.yandex.passport(661)=0, com.pinterest.accounttransfer.type(687)=0, com.imo.android.imoim(725)=0, app.revanced(731)=0, google(752)=0, nextcloud(758)=0, nextcloud(759)=0, nextcloud(769)=0, mobileservice(773)=0, google(777)=0, google(785)=0, com.yandex.passport(786)=0, telegram(789)=109, com.vkontakte.account(796)=0, ru.mosgorpass.user(797)=0, ru.ozon.id.authorized.account(828)=0, telegram(840)=2, com.yandex.passport(841)=0, com.yandex.passport.kinopoisk(853)=0, com.yandex.passport.kinopoisk(854)=0, com.yandex.passport.kinopoisk(855)=0, com.yandex.passport.kinopoisk(856)=0, com.yandex.passport.kinopoisk(857)=0}, trash=0, trash_acc={}, trash_sync=0, database=contacts2.db} ]
05-29 02:55:41.797  4432  7496 V CpEventLog(u0): [P] cp_state: [               aggregated = {[1,17,17,789]=1, [1,17,789,789,789]=1, [1,17,789,789]=5, [1,17,789]=66, [1,17,840]=1, [1,17]=8, [1,789]=5, [1,840]=1, [17,3,789]=3, [17,789]=1, [1]=22, [2,17,789]=1, [2,789]=1, [789,789]=1, [789]=16} ]
05-29 02:55:41.797  4432  7496 V CpEventLog(u0): [P] cp_state: [                  request = {} ]
05-29 02:55:41.797  4432  7496 V CpEventLog(u0): [P] cp_state: [                    calls = {types={[100]=2000, [300]=500}, database=calllog.db} ]
05-29 02:55:41.797  4432  7496 V CpEventLog(u0): [P] cp_state: [                  profile = {contacts=0, raw_contacts=0, data=0, account={secphone(1)=0, google(2)=0, sim(3)=0, sim2(4)=0, agg(5)=0, google(6)=0, samsung(7)=0, com.yandex.passport(10)=0, com.yandex.passport(12)=0, ru.mail(14)=0, whatsapp(17)=0, ru.mail(42)=0, ru.mail(57)=0, google(378)=0, google(614)=0, ru.mts.app(627)=0, com.yandex.passport(661)=0, com.pinterest.accounttransfer.type(687)=0, com.imo.android.imoim(725)=0, app.revanced(731)=0, google(752)=0, nextcloud(758)=0, nextcloud(759)=0, nextcloud(769)=0, mobileservice(773)=0, google(777)=0, google(785)=0, com.yandex.passport(786)=0, telegram(789)=0, com.vkontakte.account(796)=0, ru.mosgorpass.user(797)=0, ru.ozon.id.authorized.account(828)=0, telegram(840)=0, com.yandex.passport(841)=0, com.yandex.passport.kinopoisk(853)=0, com.yandex.passport.kinopoisk(854)=0, com.yandex.passport.kinopoisk(855)=0, com.yandex.passport.kinopoisk(856)=0, com.yandex.passport.kinopoisk(857)=0}, trash=0, trash_acc={}, trash_sync=0, database=profile.db} ]
05-29 02:55:41.797  4432  7496 V CpEventLog(u0): [P] cp_state: [               sa_profile = {contacts=1, raw_contacts=1, data=0, account={secphone(1)=1, google(2)=0, sim(3)=0, sim2(4)=0, agg(5)=0, google(6)=0, samsung(7)=0, com.yandex.passport(10)=0, com.yandex.passport(12)=0, ru.mail(14)=0, whatsapp(17)=0, ru.mail(42)=0, ru.mail(57)=0, google(378)=0, google(614)=0, ru.mts.app(627)=0, com.yandex.passport(661)=0, com.pinterest.accounttransfer.type(687)=0, com.imo.android.imoim(725)=0, app.revanced(731)=0, google(752)=0, nextcloud(758)=0, nextcloud(759)=0, nextcloud(769)=0, mobileservice(773)=0, google(777)=0, google(785)=0, com.yandex.passport(786)=0, telegram(789)=0, com.vkontakte.account(796)=0, ru.mosgorpass.user(797)=0, ru.ozon.id.authorized.account(828)=0, telegram(840)=0, com.yandex.passport(841)=0, com.yandex.passport.kinopoisk(853)=0, com.yandex.passport.kinopoisk(854)=0, com.yandex.passport.kinopoisk(855)=0, com.yandex.passport.kinopoisk(856)=0, com.yandex.passport.kinopoisk(857)=0}, trash=0, trash_acc={}, trash_sync=0, database=profile_sa.db} ]
05-29 02:55:41.797  4432  7496 V CpEventLog(u0): [P] cp_state: [                      etc = {binders=0, country_iso=RU, version=15.6.28, db_version=2000, db_size=1, db_wal_size=0, csc=SER/, sec_enabled=false, is_roaming=false} ]
05-29 02:55:41.797  4432  7496 V CpEventLog(u0): [P] cp_state: ------------------------------------------------------------------------------
05-29 02:55:41.798  8908  9273 D LogUtil_LogConfig: getLogFile(): logFilePath = /data/user/0/com.huawei.health/files/com.huawei.health/com.huawei.health_DaemonService/
05-29 02:55:41.809   838  1158 I WM-WorkerWrapper: Worker result SUCCESS for Work [ id=5369b370-417e-4719-87e3-31427e4c33b7, tags={ ru.mail.util.analytics.storage.StorageAnalyticWorker } ]
05-29 02:55:41.809 11414 11468 D LogUtil_LogConfig: getLogFile(): logFilePath = /data/user/0/com.huawei.health/files/com.huawei.health/com.huawei.health_PhoneService/
05-29 02:55:41.809 11414 11468 D LogUtil_LogConfig: acquireMaxLogFileLengthContainsOffset describe: com.huawei.health:PhoneService result:10485760
05-29 02:55:41.810   838   838 D WM-Processor: Processor 5369b370-417e-4719-87e3-31427e4c33b7 executed; reschedule = false
05-29 02:55:41.810   838   838 D WM-SystemJobService: 5369b370-417e-4719-87e3-31427e4c33b7 executed on JobScheduler
05-29 02:55:41.814   838  1158 D WM-GreedyScheduler: Cancelling work ID 5369b370-417e-4719-87e3-31427e4c33b7
05-29 02:55:41.842 12971 12971 D BoundBrokerSvc: onRebind: Intent { act=com.google.android.gms.presencemanager.service.START dat=chimera-action:/... xflg=0x4 cmp=com.google.android.gms/.chimera.PersistentApiService }
05-29 02:55:41.843 12971 12971 D BoundBrokerSvc: onRebind: Intent { act=com.google.android.gms.presencemanager.service.INTERNAL_IDENTITY dat=chimera-action:/... xflg=0x4 cmp=com.google.android.gms/.chimera.PersistentApiService }
05-29 02:55:41.951   838  1158 I WM-WorkerWrapper: Worker result SUCCESS for Work [ id=3c98a247-261c-4e78-b8d5-b16dbd45c096, tags={ ru.mail.logic.sync.CheckInstalledPackagesWorker } ]
05-29 02:55:41.952   838   838 D WM-Processor: Processor 3c98a247-261c-4e78-b8d5-b16dbd45c096 executed; reschedule = false
05-29 02:55:41.952   838   838 D WM-GreedyScheduler: Stopping tracking for WorkGenerationalId(workSpecId=3c98a247-261c-4e78-b8d5-b16dbd45c096, generation=0)
05-29 02:55:41.952   838   838 D WM-SystemJobService: 3c98a247-261c-4e78-b8d5-b16dbd45c096 executed on JobScheduler
05-29 02:55:41.958  2878  7186 I ActivityManager: Changes in 99187 8 to 10, 128 to 0
05-29 02:55:41.958  2878  7186 I ActivityManager: Changes in 10474 8 to 10, 128 to 0
05-29 02:55:41.958  2878  7186 I ActivityManager: Changes in 10340 8 to 10, 128 to 0
05-29 02:55:41.958  2878  7186 I ActivityManager: Changes in 10265 8 to 10, 128 to 0
05-29 02:55:41.959  2204  4093 I CameraService: onUidStateChanged: uid=10340, procState is changed. (8 -> 10)
05-29 02:55:41.959   838  1158 D WM-GreedyScheduler: Cancelling work ID 3c98a247-261c-4e78-b8d5-b16dbd45c096
05-29 02:55:41.961   838  1158 D WM-NetworkStateTracker: Unregistering network callback
05-29 02:55:41.961   838  1158 D ConnectivityManager: StackLog: [android.net.ConnectivityManager.unregisterNetworkCallback(ConnectivityManager.java:5575)] [androidx.work.impl.utils.NetworkApi21.unregisterNetworkCallbackCompat(ProGuard:11)] [androidx.work.impl.constraints.trackers.NetworkStateTracker24.stopTracking(ProGuard:20)] [androidx.work.impl.constraints.trackers.ConstraintTracker.removeListener(ProGuard:25)] [androidx.work.impl.constraints.controllers.BaseConstraintController$track$1$1.invoke(ProGuard:2)] [androidx.work.impl.constraints.controllers.BaseConstraintController$track$1$1.invoke(ProGuard:1)] [kotlinx.coroutines.channels.ProduceKt.awaitClose(ProGuard:124)] [kotlinx.coroutines.channels.ProduceKt$awaitClose$1.invokeSuspend(ProGuard:11)] [kotlin.coroutines.jvm.internal.BaseContinuationImpl.resumeWith(ProGuard:12)] [kotlinx.coroutines.DispatchedTask.run(ProGuard:115)] [androidx.work.impl.utils.SerialExecutorImpl$Task.run(ProGuard:3)] [java.util.concurrent.ThreadPoolExecutor.runWorker(ThreadPoolExecutor.java:1154)] [java.util.concurrent.ThreadPoolExecutor$Worker.run(ThreadPoolExecutor.java:652)] [java.lang.Thread.run(Thread.java:1564)]
05-29 02:55:41.962  2878  3833 D ConnectivityService:  Removing from current network [125 CELLULAR], leaving 193 requests.
05-29 02:55:41.967  2878  4674 I ActivityManager: Killing 31841:com.samsung.android.privateaccesstokens/u0a455 (adj 955): empty #33
05-29 02:55:41.969  2204  6686 I CameraService: onUidStateChanged: uid=10340, procState is changed. (10 -> 19)
05-29 02:55:41.973  2878  3234 E Watchdog: !@Sync: 1851 heap(MB): 173 / 197 FD: 1332 [2026-05-29 02:55:41.973]
05-29 02:55:41.996  1845  2090 I VSyncReactor: Current= 24, Period= 24, hwcPeriod= 24
05-29 02:55:42.003  2878  3243 I libprocessgroup: Removed cgroup /sys/fs/cgroup/apps/uid_10455/pid_31841
05-29 02:55:42.004  1637  1637 I Zygote  : Process 31841 exited due to signal 9 (Killed)
05-29 02:55:42.006  5990  6019 V OsAgent : broadcastSystemEvent - 7
05-29 02:55:42.021  1156  1156 D io_stats: !@   8,0 r 27269181 450742930 w 4452194 79835724 d 773490 313732580 f 118811 487088 iot 7553512 0 th 0 0 0 pt 0 inp 0 0 55545.388
05-29 02:55:42.021  1156  1156 D io_stats: !@ Read_top(KB): ru.mail.mailapp(838) 112496 ru.vk.store(1420) 31280 rg.stepic.droid(837) 8836
05-29 02:55:42.021  1156  1156 D io_stats: !@ Write_top(KB): ru.mail.mailapp(838) 2116 system_server(2878) 796 f2fs_ckpt-254:6(1389) 740
05-29 02:55:42.038  1783  1836 E BatteryDump: !@new_battery_dump : 4053,633,1200,3150,67,360,337,398,360,0,367,397,0,Charging,NO_CHARGING,Normal,Good,USB,1,Normal,0,0,9065,0x8000,0x20000,0x0,0,0,0000,0000,00000000,0,0,0,0,1193,4005,6694,990,0,
05-29 02:55:42.040  1783  1783 I sehhealth-service: updateLrpSysfs: write: 365
05-29 02:55:42.040  2878  4674 D [SS]BattFunctions: [sendRemainingChargingTimeChangedIntent]remainingChargingTime:3130 ,mLastRemainingChargingTime:3145
05-29 02:55:42.042  4422  4422 I AODBatteryManager: updateBatteryData: ACTION_BATTERY_CHANGED: false, isSleepModeChanged:false ,isRemainingTimeChanged: true, isUSBRestriction: false
05-29 02:55:42.043  4422  4422 I ChargingInfoManager: updateChargingInfo: newState = AOD ChargingInfo [mState=BATTERY_AND_REMAIN_TIME, mIsCharging=true, mIsPlugged=true, mIsFullyCharged=false, mIsBatteryProtectMode=false, mBetteryLevel=67, mBetteryProtectModeType1, mIsSlowChargingfalse], oldState = AOD ChargingInfo [mState=BATTERY_AND_REMAIN_TIME, mIsCharging=true, mIsPlugged=true, mIsFullyCharged=false, mIsBatteryProtectMode=false, mBetteryLevel=67, mBetteryProtectModeType1, mIsSlowChargingfalse]
05-29 02:55:42.043  4422  4422 D PowerUI : Remaining charging time : 3130
05-29 02:55:42.043  4422  4422 D PowerUI : Charging time is changed, check charging notification
05-29 02:55:42.044  4422  4422 D PowerUI.Notification: showChargingNotice - Battery Level : 67 -> 67, Charging Type : 11 -> 11, Charging Time : 3145 -> 3130, Maximum protection : true -> true, Maximum threshold : 90 -> 90
05-29 02:55:42.044  4422  4422 I NotificationManager: com.android.systemui: notify(2131364006, charging_state, Notification(channel=CHR shortcut=null contentView=null vibrate=null sound=null defaults=0 flags=ONGOING_EVENT|ONLY_ALERT_ONCE color=0x00000000 category=sys groupKey=CHARGING vis=PUBLIC semFlags=0x0 semPriority=0 semMissedCount=0)) as user
05-29 02:55:42.047  2878  4674 W PermissionService: getPermissionFlags: Unknown user -1
05-29 02:55:42.047  2878  4674 W PermissionService: getPermissionFlags: Unknown user -1
05-29 02:55:42.053   838   853 W ru.mail.mailapp: userfaultfd: MOVE ioctl seems unsupported: Connection timed out
05-29 02:55:42.247  1837  1848 E HeatmapThread: ECT Thread time in milliseconds: 1780012542
05-29 02:55:42.249  1837  1848 D HeatmapThread: !@ batteryplugType : 2
05-29 02:55:42.249  1837  1848 D HeatmapThread: !@ batteryLevel : 67  batteryTemperature : 360 
05-29 02:55:42.249  1837  1848 D HeatmapThread: !@ Heatmap currtime: 29666875
05-29 02:55:42.249  1837  1848 D HeatmapThread: !@ Heatmap prevtime: 29666861
05-29 02:55:42.249  1837  1848 D HeatmapThread: !@ Heatmap plugstarttime: 29666846
05-29 02:55:42.249  1837  1848 D HeatmapThread: !@ Heatmap prevv_dsoh_update_time: 29666802
05-29 02:55:42.249  1837  1848 E HeatmapThread: !@ CAM New BSOH: 97
05-29 02:55:42.250  2878  2878 I Telecom : SamsungTelecomServiceImpl : isInManagedCall - callingPackage : android / callingUser : UserHandle{0} / hasCrossUserAccess : true
05-29 02:55:42.255  4967  9581 I HoneySpace.NotificationListener: onNotificationPosted com.android.systemui: -1|com.android.systemui|2131364006|charging_state|10040: 0
05-29 02:55:42.255  4967  9581 I HoneySpace.NotificationListener: invalid notification: com.android.systemui UserHandle{-1}: canShowBadge is false
05-29 02:55:42.255  4967 22317 I HoneySpace.BadgeDataSourceImpl: Get notification count. PK(p='org.telegram.messenger', u=UserHandle{0}) - forceBadgeCount: false, notification listener: 2, badge provider: 17
05-29 02:55:42.258  8908  2110 I Notify_NotificPush: 1600103320|R|I|Start onNotificationPosted: StatusBarNotification(pkg=com.android.systemui user=UserHandle{-1} id=2131364006 tag=charging_state key=-1|com.android.systemui|2131364006|charging_state|10040: Notification(channel=CHR shortcut=null contentView=null vibrate=null sound=null defaults=0 flags=ONGOING_EVENT|ONLY_ALERT_ONCE color=0x00000000 category=sys groupKey=CHARGING vis=PUBLIC semFlags=0x0 semPriority=0 semMissedCount=0))
05-29 02:55:42.261  8908  2110 W Notify_NotificPush: 1600103320|R|W|onNotificationPosted FILTERED because SUB_SWITCH_TURN_OFF,pkg=com.android.systemui
05-29 02:55:42.262  8908  2110 I Notify_NotificPush: 1600103320|R|I|com.android.systemui onNotificationPosted isMeetPushConditions?(false=filtered): false
05-29 02:55:42.262  8908  2111 I FormalHASDK: HAImpl==> onEvent. tag:_default_config_tag, type:1, eventId:85070006
05-29 02:55:42.289  4422  4422 D SubscreenNotificationListCoordinator: onAfterRenderList() isSubScreen = false, pluginLockMode = 0, doNotShowOnCover = false
05-29 02:55:42.290  4422  4422 I LockscreenNotificationIconsOnlyController: onNotificationInfoUpdated 0
05-29 02:55:42.290  4422  4422 I AODNotificationManager: updateNotification() 
05-29 02:55:42.292  1845  2128 D DisplayModeController: setDesiredMode 4630947118961383299 {mode={fps=120.00 Hz, modePtr={id=0, vsyncRate=120.00 Hz, peakRefreshRate=120.00 Hz}}, emitEvent=true, force=false}
05-29 02:55:42.302  4005  4156 D SatelliteController: isInCarrierRoamingNbIotNtn: satellite is disabled
05-29 02:55:42.305  1685  1759 E minksocket: MinkIPC_QRTR_Service: client with node 1 port 6bb9 went down
05-29 02:55:42.305  1685  1755 E minksocket: MinkIPC_QRTR_Service: client with node 1 port 6bb9 went down
05-29 02:55:42.306  1685  1755 E minksocket: MinkIPC_QRTR_Service: client with node 1 port 6bba went down
05-29 02:55:42.306  1685  1759 E minksocket: MinkIPC_QRTR_Service: client with node 1 port 6bba went down
05-29 02:55:42.306  1685  1755 E minksocket: MinkIPC_QRTR_Service: client with node 1 port 6bbb went down
05-29 02:55:42.306  1685  1759 E minksocket: MinkIPC_QRTR_Service: client with node 1 port 6bbb went down
05-29 02:55:42.311  1685  1755 E minksocket: MinkIPC_QRTR_Service: client with node 1 port 6bbc went down
05-29 02:55:42.311  1685  1759 E minksocket: MinkIPC_QRTR_Service: client with node 1 port 6bbc went down
05-29 02:55:42.321  1845  1845 I SurfaceFlinger: No layers with votes - choose 120.00 Hz
05-29 02:55:42.322  1845  1845 I HWComposer: [4630947118961383299] ActiveConfigToHWC, ID : 0
05-29 02:55:42.323  1773  2085 I SDM     : HWDeviceDRM::SetDisplaySwitchMode: [DispConfigs] check hs_mode 3
05-29 02:55:42.323  1773  2085 W SDM     : HWDeviceDRM::GetSupportedBitClkRate: Requested rate not supported: 951080000
05-29 02:55:42.323  1773  2085 I SDM     : HWDeviceDRM::SetDisplaySwitchMode: [DispConfigs] Set mode index:0 1080x2340x120xcmdHS, hs_mode(3), found_mode(0)
05-29 02:55:42.323  1773  2085 I SDM     : HWDeviceDRM::UpdateMixerAttributes: Mixer WxH 1080x2340-1 for Peripheral
05-29 02:55:42.323  1773  2085 I SDM     : HWCDisplay::SubmitDisplayConfig: Active configuration changed from config 8 to 0
05-29 02:55:42.330  1845  2090 I VSyncReactor: Current= 24, Period= 120, hwcPeriod= 120
05-29 02:55:42.363  1845  1845 I SurfaceFlinger: finalizeDisplayModeChange 4630947118961383299
05-29 02:55:42.389   838  2109 I Kumiho-Kumiho: getPackageName: ru.mail.mailapp
05-29 02:55:42.451   838  2109 I Kumiho-Kumiho: getPackageName: ru.mail.mailapp
05-29 02:55:42.455  4422  4422 D Bubbles : onEntryUpdated : shouldBubbleUp=false ,key=-1|com.android.systemui|2131364006|charging_state|10040
05-29 02:55:42.455  4422  4422 D InterruptionStateProvider:  no Heads up : edgelighting enabled app. -1|com.android.systemui|2131364006|charging_state|10040
05-29 02:55:42.455  4422  4422 I {OngoingActivityController}: onEntryUpdated and OA data is empty. So update latest task info
05-29 02:55:42.464  4422  4422 D SubscreenNotificationListCoordinator: onAfterRenderList() isSubScreen = false, pluginLockMode = 0, doNotShowOnCover = false
05-29 02:55:42.465  4422  4422 W RefactorFlag: New code path expects SceneContainerFlag to be enabled.
05-29 02:55:42.465  4422  4422 D ExpandableNotifRow: mMaxSmallHeight different before reInflateViews mMaxSmallHeight: 203 mTempSmallHeight:0 -1|com.android.systemui|2131364006|charging_state|10040
05-29 02:55:42.465  4422  4422 D ExpandableNotifRow: mMaxSmallHeight different before reInflateViews mMaxSmallHeight: 203 mTempSmallHeight:0 -1|com.android.systemui|2131364006|charging_state|10040
05-29 02:55:42.466  4422  4422 I LockscreenNotificationIconsOnlyController: onNotificationInfoUpdated 0
05-29 02:55:42.466  4422  4422 I AODNotificationManager: updateNotification() 
05-29 02:55:42.468  4422  5017 D LocalImageResolver: Couldn't use ImageDecoder for drawable, falling back to non-resized load.
05-29 02:55:42.469  4422  5017 D LocalImageResolver: Couldn't use ImageDecoder for drawable, falling back to non-resized load.
05-29 02:55:42.470  4422  4422 D LocalImageResolver: Couldn't use ImageDecoder for drawable, falling back to non-resized load.
05-29 02:55:42.474  4422  4422 W RefactorFlag: New code path expects SceneContainerFlag to be enabled.
05-29 02:55:42.478  4422  4422 D ExpandableNotifRow: mMaxSmallHeight different before reInflateViews mMaxSmallHeight: 203 mTempSmallHeight:0 -1|com.android.systemui|2131364006|charging_state|10040
05-29 02:55:42.478  4422  4422 D ExpandableNotifRow: mMaxSmallHeight different before reInflateViews mMaxSmallHeight: 203 mTempSmallHeight:0 -1|com.android.systemui|2131364006|charging_state|10040
05-29 02:55:42.478  4422  4422 D ExpandableNotifRow: mMaxSmallHeight different before reInflateViews mMaxSmallHeight: 203 mTempSmallHeight:0 -1|com.android.systemui|2131364006|charging_state|10040
05-29 02:55:42.478  4422  4422 D ExpandableNotifRow: mMaxSmallHeight different before reInflateViews mMaxSmallHeight: 203 mTempSmallHeight:0 -1|com.android.systemui|2131364006|charging_state|10040
05-29 02:55:42.480  4422  4422 D S.S.N.  : entryViewBound parent :-1|com.android.systemui|2131364006|charging_state|10040
05-29 02:55:42.481  4422  4422 D LocalImageResolver: Couldn't use ImageDecoder for drawable, falling back to non-resized load.
05-29 02:55:42.481  4967  5090 I HoneySpace.StatusIconTracker: invokeEvent() called with: event = Mobile(bundle=Bundle[mParcelledData.dataSize=256])
05-29 02:55:42.483  4422  4422 D SubscreenNotificationListCoordinator: onAfterRenderList() isSubScreen = false, pluginLockMode = 0, doNotShowOnCover = false
05-29 02:55:42.484  4422  4422 W RefactorFlag: New code path expects SceneContainerFlag to be enabled.
05-29 02:55:42.484  4422  4422 D ExpandableNotifRow: mMaxSmallHeight different before reInflateViews mMaxSmallHeight: 203 mTempSmallHeight:0 -1|com.android.systemui|2131364006|charging_state|10040
05-29 02:55:42.484  4422  4422 D ExpandableNotifRow: mMaxSmallHeight different before reInflateViews mMaxSmallHeight: 203 mTempSmallHeight:0 -1|com.android.systemui|2131364006|charging_state|10040
05-29 02:55:42.484  4422  4422 I LockscreenNotificationIconsOnlyController: onNotificationInfoUpdated 0
05-29 02:55:42.484  4422  4422 I AODNotificationManager: updateNotification() 
05-29 02:55:42.494   838  2109 I Kumiho-Kumiho: getPackageName: ru.mail.mailapp
05-29 02:55:42.509   838  2109 I Kumiho-Kumiho: getPackageName: ru.mail.mailapp
05-29 02:55:42.536  1420  1437 W ru.vk.store: userfaultfd: MOVE ioctl seems unsupported: Connection timed out
05-29 02:55:42.537   838  2109 I Kumiho-Kumiho: getPackageName: ru.mail.mailapp
05-29 02:55:42.541   838  2109 I Kumiho-Kumiho: getPackageName: ru.mail.mailapp
05-29 02:55:42.610   838  2109 I Kumiho-Kumiho: getPackageName: ru.mail.mailapp
05-29 02:55:42.611   838  2109 I Kumiho-Kumiho: getPackageName: ru.mail.mailapp
05-29 02:55:42.626  1718  5457 I sensors-hal: handle_sns_client_event:190, auto_rotation_debug_2 mode,255, type,1,0 acc,0.306,0.057,9.916, ar,0, ver,14, pedo,1,e,1,i,3
05-29 02:55:42.650  2994  3052 E AudioPathHelper: (Berry)(1.16)handleAudioPathTask() : can't get dual play mode - Need android.permission.BLUETOOTH_CONNECT permission for AttributionSource { uid = 1002, packageName = com.android.bluetooth, attributionTag = null, token = android.os.Binder@792f66, deviceId = 0, next = AttributionSource { uid = 10282, packageName = com.samsung.accessory.berrymgr, attributionTag = null, token = android.os.BinderProxy@7fbf963, deviceId = 0, next = null } }: A2dpServiceBinder
05-29 02:55:42.666   838  2109 I Kumiho-Kumiho: getPackageName: ru.mail.mailapp
05-29 02:55:42.668   838  2109 I Kumiho-Kumiho: getPackageName: ru.mail.mailapp
05-29 02:55:42.694   838  2109 I Kumiho-Kumiho: getPackageName: ru.mail.mailapp
05-29 02:55:42.705   838  2109 I Kumiho-Kumiho: getPackageName: ru.mail.mailapp
05-29 02:55:42.722 12999   772 I .gms.persistent: Explicit concurrent mark compact GC freed 7784KB AllocSpace bytes, 11(540KB) LOS objects, 66% free, 16MB/50MB, paused 846us,6.191ms total 1.011s
05-29 02:55:42.724   838  2109 I Kumiho-Kumiho: getPackageName: ru.mail.mailapp
05-29 02:55:42.737   838  2109 I Kumiho-Kumiho: getPackageName: ru.mail.mailapp
05-29 02:55:42.740  1845  2128 D DisplayModeController: setDesiredMode 4630947118961383299 {mode={fps=24.00 Hz, modePtr={id=5, vsyncRate=24.00 Hz, peakRefreshRate=24.00 Hz}}, emitEvent=false, force=false}
05-29 02:55:42.740  1845  1845 I LayerHistory: StatusBar$_4422#107 voted NoVote (0.00 Hz)
05-29 02:55:42.740  1845  1845 I SurfaceFlinger: Idle - choose 24.00 Hz
05-29 02:55:42.741   838  1060 E FA      : Name must start with a letter. Type, name: event param, _email
05-29 02:55:42.741  1845  1845 I HWComposer: [4630947118961383299] ActiveConfigToHWC, ID : 8
05-29 02:55:42.741   838  1060 E FA      : Name must start with a letter. Type, name: event param, _segments_state
05-29 02:55:42.741  1773  2085 I SDM     : HWDeviceDRM::SetDisplaySwitchMode: [DispConfigs] check hs_mode 3
05-29 02:55:42.741  1773  2085 W SDM     : HWDeviceDRM::GetSupportedBitClkRate: Requested rate not supported: 951080000
05-29 02:55:42.741  1773  2085 W SDM     : HWDeviceDRM::GetSupportedBitClkRate: Requested rate not supported: 951080000
05-29 02:55:42.741  1773  2085 I SDM     : HWDeviceDRM::SetDisplaySwitchMode: [DispConfigs] Set mode index:9 1080x2340x24xcmdPHS, hs_mode(3), found_mode(1)
05-29 02:55:42.741  1773  2085 I SDM     : HWDeviceDRM::UpdateMixerAttributes: Mixer WxH 1080x2340-1 for Peripheral
05-29 02:55:42.741  1773  2085 I SDM     : HWCDisplay::SubmitDisplayConfig: Active configuration changed from config 0 to 8
05-29 02:55:42.743  7073  8462 I SDHMS:x : SIOP:: AP:412 BAT:360 USB:337 CHG:400 PA:389 CP:-200 WIFI:377 CF:367 BLK:0 SUBBAT:0 SKIN:366 SKINF:366 SKINB:356 LRP:366 LRP2:366 LRF2:366 LRB2:356 AP2:365 CHG2:364 WIFI2:366 UANT2:362 RCV2:363 SPK2:346 FCAM:336 UPSPK:367 DNSPK:335 VAP02:401 VWIFI:378 AMB:343 AMB2:293 AVGCUR:903 AVGSYS:387 POWER:3664
05-29 02:55:42.745  7073  7416 I M0      : limitCPUFreq:: freq = 2092800
05-29 02:55:42.745  7073  7416 I SemDvfsHyPerManager: acquire hyper - SIOP_ARM_MAX/7073@3, type = 301993986
05-29 02:55:42.746  1729  1843 I HYPER-HAL: [RequestManager.cpp]acquire(): Acquired ID : 25038429  [7073 / 3]    HINT :      list : [CPUMaxFreq / 2092800] 
05-29 02:55:42.746  1845  1845 I SurfaceFlinger: finalizeDisplayModeChange 4630947118961383299
05-29 02:55:42.755  1845  2090 I VSyncReactor: Current= 120, Period= 24, hwcPeriod= 24
05-29 02:55:42.761   838  2109 I Kumiho-Kumiho: getPackageName: ru.mail.mailapp
05-29 02:55:42.767   838   856 W System  : A resource failed to call close. 
05-29 02:55:42.768   838  2109 I Kumiho-Kumiho: getPackageName: ru.mail.mailapp
05-29 02:55:42.813   838  2109 I Kumiho-Kumiho: getPackageName: ru.mail.mailapp
05-29 02:55:42.833   838  2109 I Kumiho-Kumiho: getPackageName: ru.mail.mailapp
05-29 02:55:42.853   838  1060 E FA      : Name must start with a letter. Type, name: event param, _email
05-29 02:55:42.853   838  1060 E FA      : Name must start with a letter. Type, name: event param, _segments_state
05-29 02:55:42.858   838  2109 I Kumiho-Kumiho: getPackageName: ru.mail.mailapp
05-29 02:55:42.861   838  2109 I Kumiho-Kumiho: getPackageName: ru.mail.mailapp
05-29 02:55:42.878   838  2109 I Kumiho-Kumiho: getPackageName: ru.mail.mailapp
05-29 02:55:42.880   838  2109 I Kumiho-Kumiho: getPackageName: ru.mail.mailapp
05-29 02:55:42.915  1746  1978 D AdvertisingIdClient: AdvertisingIdClient already created.
05-29 02:55:42.919  1746  1978 I AdvertisingIdClient: shouldSendLog 67488558
05-29 02:55:42.919  1746  1978 I AdvertisingIdClient: GetInfoInternal elapse 4ms
05-29 02:55:42.919  2878  7186 D ConnectivityService: Returning UNBLOCKED NetworkInfo to uid=10474
05-29 02:55:42.920  1746  1978 D AdvertisingIdClient: AdvertisingIdClient already created.
05-29 02:55:42.921  2878  4674 I ActivityManager: Killing 26820:com.google.android.apps.turbo/u0a224 (adj 945): empty #33
05-29 02:55:42.922  1420  1623 D WM-GreedyScheduler: Cancelling work ID 37c08986-d3cb-405c-bae0-100a217aab9a
05-29 02:55:42.923  2878  4674 I ActivityManager: Killing 27348:com.samsung.android.biometrics.app.setting/1000 (adj 955): empty #34
05-29 02:55:42.925  2878  4674 I ActivityManager: Killing 31867:com.samsung.android.privateaccesstokens/u10a455 (adj 955): empty #35
05-29 02:55:42.948  1420  1420 I AdvertisingIdClient: getting error as 17: API: ClientTelemetry.API is not available on this device. Connection failed with: ConnectionResult{statusCode=API_DISABLED_FOR_CONNECTION, resolution=null, message=null}
05-29 02:55:42.948  1420  1420 I AdvertisingIdClient: getting error as 17: API: ClientTelemetry.API is not available on this device. Connection failed with: ConnectionResult{statusCode=API_DISABLED_FOR_CONNECTION, resolution=null, message=null}
05-29 02:55:42.948  1420  1420 I AdvertisingIdClient: getting error as 17: API: ClientTelemetry.API is not available on this device. Connection failed with: ConnectionResult{statusCode=API_DISABLED_FOR_CONNECTION, resolution=null, message=null}
05-29 02:55:42.948  1420  1420 I AdvertisingIdClient: getting error as 17: API: ClientTelemetry.API is not available on this device. Connection failed with: ConnectionResult{statusCode=API_DISABLED_FOR_CONNECTION, resolution=null, message=null}
05-29 02:55:42.948  1420  1420 I AdvertisingIdClient: getting error as 17: API: ClientTelemetry.API is not available on this device. Connection failed with: ConnectionResult{statusCode=API_DISABLED_FOR_CONNECTION, resolution=null, message=null}
05-29 02:55:42.959  1420  1623 D WM-SystemJobScheduler: Scheduling work ID 37c08986-d3cb-405c-bae0-100a217aab9aJob ID 52876
05-29 02:55:42.961  2878  3971 D NetdEventListenerService: DNS Requested by 125, 10474(ru.vk.store), SUCCESS, 38ms
05-29 02:55:42.969  1746  1978 I AdvertisingIdClient: shouldSendLog 67488558
05-29 02:55:42.969  1746  1978 I AdvertisingIdClient: GetInfoInternal elapse 49ms
05-29 02:55:42.972  1746  1978 D AdvertisingIdClient: AdvertisingIdClient already created.
05-29 02:55:42.980  1746  1978 I AdvertisingIdClient: shouldSendLog 67488558
05-29 02:55:42.980  1746  1978 I AdvertisingIdClient: GetInfoInternal elapse 8ms
05-29 02:55:42.985  1746  1986 I AppMetrica: AppMetrica-Attribution [120-IAA-STE-2] Update distribution data: ClidsInfo(chosen=Candidate(clids=null, source=APP), candidates=[Candidate(clids=null, source=APP)]) -> ClidsInfo(chosen=Candidate(clids={}, source=APP), candidates=[Candidate(clids={}, source=APP)])
05-29 02:55:42.985  1746  1978 D AdvertisingIdClient: AdvertisingIdClient already created.
05-29 02:55:42.988  1746  1978 I AdvertisingIdClient: shouldSendLog 67488558
05-29 02:55:42.988  1746  1978 I AdvertisingIdClient: GetInfoInternal elapse 3ms
05-29 02:55:42.997  1420  1420 V PlayServicesDevicePerformance: Got mediaPerformanceClass 31
05-29 02:55:43.001  2878  5567 I NSLocationMonitor: getGPSUsingApps() called
05-29 02:55:43.001  5566  5595 I NSLocationManager_FLP: getGPSUsingApps, No change
05-29 02:55:43.002  1420  1983 I VkpnsAuth:AuthTokenIPC: User is authorized: AuthorizedResult(isAuthorized=true)
05-29 02:55:43.002  1420  1623 D WM-GreedyScheduler: Cancelling work ID 97e3ac66-decf-48f2-a7dc-b8ae029ca209
05-29 02:55:43.003  1420  1420 V PlayServicesDevicePerformance: Saved mediaPerformanceClass 31
05-29 02:55:43.004  2878  7131 W ActivityManager: Background start not allowed: service Intent { act=ru.rustore.sdk.pushclient.MESSAGING_EVENT xflg=0x4 pkg=ru.vk.store } to ru.vk.store/.feature.push.client.impl.presentation.PushClientMessagingService from pid=1420 uid=10474 pkg=ru.vk.store startFg?=false
05-29 02:55:43.005  1420  1644 I VkpnsAuth:AuthTokenIPC: User is authorized: AuthorizedResult(isAuthorized=true)
05-29 02:55:43.008  2878  7131 W ActivityManager: Background start not allowed: service Intent { act=ru.rustore.sdk.pushclient.MESSAGING_EVENT xflg=0x4 pkg=ru.mail.mailapp } to ru.mail.mailapp/ru.mail.rustoresdk.MailMessagingService from pid=838 uid=10340 pkg=ru.mail.mailapp startFg?=false
05-29 02:55:43.008  2878  5567 D FreecessController: FZ : com.huawei.health(10307) [11414, 8908] reason: Bg [cached:X
05-29 02:55:43.008  2878  5567 D FreecessHandler: freeze com.huawei.health(10307) result : 0
05-29 02:55:43.008  2878  5567 W LocationManagerService: onFreezeStateChanged, uid[10307]=true
05-29 02:55:43.009  2878  5567 I PowerManagerService: [PWL] SetWakeLockEnableDisable uid = 10307 , disable= true
05-29 02:55:43.009  2878  5567 I PowerManagerService: [PWL] can not change uid =  10307
05-29 02:55:43.010  1420  1623 D WM-SystemJobScheduler: Scheduling work ID 97e3ac66-decf-48f2-a7dc-b8ae029ca209Job ID 52877
05-29 02:55:43.011  1746  1986 I AppMetrica: AppMetrica-Attribution [120-IAA-STE-2] Update distribution data: ClidsInfo(chosen=Candidate(clids={}, source=APP), candidates=[Candidate(clids={}, source=APP)]) -> ClidsInfo(chosen=Candidate(clids=null, source=APP), candidates=[Candidate(clids=null, source=APP)])
05-29 02:55:43.014  2878  3899 D BackgroundInstallControlService: Package event received: 0
05-29 02:55:43.014  1420  1623 D WM-Processor: Processor cancelling 5c628c6f-1306-472a-8d3c-920634c843f3
05-29 02:55:43.014  1420  1623 D WM-Processor: WorkerWrapper could not be found for 5c628c6f-1306-472a-8d3c-920634c843f3
05-29 02:55:43.015  1420  1420 I VkpnsPushProvider:BackgroundPushService: onCreate
05-29 02:55:43.015  1420  1420 I VkpnsPushProvider:BackgroundPushService: onBind
05-29 02:55:43.021  1420  1561 D VkpnsPushProvider:CachingPushMessagesReceiver: Start receive messages
05-29 02:55:43.021  1420  1561 D VkpnsPushProvider:MergedReceiver: Start receive messages
05-29 02:55:43.021  1420  1561 D VkpnsPushProvider:VkpnsContinuousMessagesReceiver: Start receive messages from https
05-29 02:55:43.022  1420  1561 D VkpnsPushProvider:Notifier: Start receive messages
05-29 02:55:43.023  1420  1917 D VkpnsPushProvider:VkpnsContinuousMessagesReceiver: Start receive messages for 8 tokens
05-29 02:55:43.023  1420  1561 D ConnectivityManager: StackLog: [android.net.ConnectivityManager.sendRequestForNetwork(ConnectivityManager.java:4740)] [android.net.ConnectivityManager.registerDefaultNetworkCallbackForUid(ConnectivityManager.java:5465)] [android.net.ConnectivityManager.registerDefaultNetworkCallback(ConnectivityManager.java:5432)] [android.net.ConnectivityManager.registerDefaultNetworkCallback(ConnectivityManager.java:5406)] [ja0.d.a(ConnectivityNetworkStateManager.kt:32)] [ja0.c.a(CompatNetworkStateManager.kt:3)] [ga0.a$f.invokeSuspend(BasePushService.kt:68)] [cp0.a.resumeWith(ContinuationImpl.kt:9)] [is0.t0.run(DispatchedTask.kt:112)] [ss0.a$b.run(CoroutineScheduler.kt:126)]
05-29 02:55:43.023  1420  1923 I VkpnsPushProvider:BackgroundPushService:m: Push tokens count = 8, need to stop = false
05-29 02:55:43.026  2878  7131 D ConnectivityService: requestNetwork for uid/pid:10474/1420 activeRequest: null callbackRequest: 7195 [NetworkRequest [ REQUEST id=7196, [ Capabilities: INTERNET&NOT_RESTRICTED&TRUSTED&NOT_VCN_MANAGED&NOT_BANDWIDTH_CONSTRAINED Uid: 10474 RequestorUid: 10474 RequestorPkg: ru.vk.store UnderlyingNetworks: Null] ]] callback flags: 0 order: 2147483647 isUidTracked: false declaredMethods: AVAIL|LOST
05-29 02:55:43.026  2878  3833 D ConnectivityService:    accepting network in place of null for NetworkRequest [ REQUEST id=7196, [ Capabilities: INTERNET&NOT_RESTRICTED&TRUSTED&NOT_VCN_MANAGED&NOT_BANDWIDTH_CONSTRAINED Uid: 10474 RequestorUid: 10474 RequestorPkg: ru.vk.store UnderlyingNetworks: Null] ]
05-29 02:55:43.027  1420  1934 D VkpnsPushProvider:BackgroundPushService:NotifierConnection: Add push token to connect and subscribe
05-29 02:55:43.027  1420  1934 I VkpnsPushProvider:BackgroundPushService:NotifierConnection: Call connect onf first token
05-29 02:55:43.027  1420  1934 I VkpnsPushProvider:NotifierConnection: Start connect to notifier
05-29 02:55:43.027  2878  3813 D WifiNetworkFactory: got request NetworkRequest [ REQUEST id=7196, [ Capabilities: INTERNET&NOT_RESTRICTED&TRUSTED&NOT_VCN_MANAGED&NOT_BANDWIDTH_CONSTRAINED Uid: 10474 RequestorUid: 10474 RequestorPkg: ru.vk.store UnderlyingNetworks: Null] ]
05-29 02:55:43.028  2878  3813 D UntrustedWifiNetworkFactory: got request NetworkRequest [ REQUEST id=7196, [ Capabilities: INTERNET&NOT_RESTRICTED&TRUSTED&NOT_VCN_MANAGED&NOT_BANDWIDTH_CONSTRAINED Uid: 10474 RequestorUid: 10474 RequestorPkg: ru.vk.store UnderlyingNetworks: Null] ]
05-29 02:55:43.028  2878  3813 D OemPaidWifiNetworkFactory: got request NetworkRequest [ REQUEST id=7196, [ Capabilities: INTERNET&NOT_RESTRICTED&TRUSTED&NOT_VCN_MANAGED&NOT_BANDWIDTH_CONSTRAINED Uid: 10474 RequestorUid: 10474 RequestorPkg: ru.vk.store UnderlyingNetworks: Null] ]
05-29 02:55:43.028  2878  3813 D MultiInternetWifiNetworkFactory: got request NetworkRequest [ REQUEST id=7196, [ Capabilities: INTERNET&NOT_RESTRICTED&TRUSTED&NOT_VCN_MANAGED&NOT_BANDWIDTH_CONSTRAINED Uid: 10474 RequestorUid: 10474 RequestorPkg: ru.vk.store UnderlyingNetworks: Null] ]
05-29 02:55:43.028  1420  1564 I VkpnsPushProvider:BackgroundPushService:NetworkStateCallback: On connection 125 available
05-29 02:55:43.028  2878  3833 D ConnectivityService: Rematched networks [computed 1ms] [applied 0ms] [issued 1]
05-29 02:55:43.028  1420  1564 I VkpnsPushProvider:BackgroundPushService: On connection become available
05-29 02:55:43.028  2878  3833 D ConnectivityService: NetworkReassignment :
05-29 02:55:43.028  2878  3833 D ConnectivityService:   7196 : null тЖТ 125
05-29 02:55:43.028  1420  1934 I VkpnsPushProvider:VkpnsNotifierApi: Subscribe for pushes with id: 1
05-29 02:55:43.028  1420  1934 D VkpnsPushProvider:NotifierConnection: Can send message to web socket: true
05-29 02:55:43.029  1420  1934 D VkpnsPushProvider:Notifier: Send subscribe for pushes
05-29 02:55:43.029  1420  1902 D VkpnsPushProvider:BackgroundPushService:NotifierConnection: Add push token to connect and subscribe
05-29 02:55:43.029  1420  1902 I VkpnsPushProvider:VkpnsNotifierApi: Subscribe for pushes with id: 2
05-29 02:55:43.029  1420  1902 D VkpnsPushProvider:NotifierConnection: Can send message to web socket: true
05-29 02:55:43.029  1420  1902 D VkpnsPushProvider:Notifier: Send subscribe for pushes
05-29 02:55:43.029  1420  1902 D VkpnsPushProvider:BackgroundPushService:NotifierConnection: Add push token to connect and subscribe
05-29 02:55:43.029  1420  1648 I VkpnsPushProvider:VkpnsNotifierApi: Subscribe for pushes with id: 3
05-29 02:55:43.030  1420  1648 D VkpnsPushProvider:NotifierConnection: Can send message to web socket: true
05-29 02:55:43.030  1420  1648 D VkpnsPushProvider:Notifier: Send subscribe for pushes
05-29 02:55:43.030  1420  1917 D VkpnsPushProvider:VkpnsContinuousMessagesReceiver: Receiving messages with 8 requests
05-29 02:55:43.032  1420  1902 D VkpnsPushProvider:BackgroundPushService:NotifierConnection: Add push token to connect and subscribe
05-29 02:55:43.032  1420  1902 I VkpnsPushProvider:VkpnsNotifierApi: Subscribe for pushes with id: 4
05-29 02:55:43.032  1420  1902 D VkpnsPushProvider:NotifierConnection: Can send message to web socket: true
05-29 02:55:43.032  1420  1902 D VkpnsPushProvider:Notifier: Send subscribe for pushes
05-29 02:55:43.034  1420  1623 D WM-GreedyScheduler: Cancelling work ID 5c628c6f-1306-472a-8d3c-920634c843f3
05-29 02:55:43.036  5990  6019 V OsAgent : broadcastSystemEvent - 7
05-29 02:55:43.038  2878  3243 I libprocessgroup: Removed cgroup /sys/fs/cgroup/apps/uid_10224/pid_26820
05-29 02:55:43.038  1637  1637 I Zygote  : Process 26820 exited due to signal 9 (Killed)
05-29 02:55:43.042  1420  1697 I VkpnsPushProvider:BackgroundPushService: IPC registerForPushes
05-29 02:55:43.054  1420  1925 I VkpnsPushProvider:InsertPushTokenByProjectId: Updating package info for client ru.mail.mailapp
05-29 02:55:43.055  1420  1925 I VkpnsPushProvider:InsertPushTokenByProjectId: Current push token is already registered
05-29 02:55:43.057  1420  1902 I VkpnsPushProvider:BackgroundPushService:PushesIPC: Register for pushes is successful
05-29 02:55:43.057  2878  3971 D NetdEventListenerService: DNS Requested by 125, 10474(ru.vk.store), SUCCESS, 21ms
05-29 02:55:43.069   838   853 W ru.mail.mailapp: Suspending all threads took: 13.676ms
05-29 02:55:43.079  1420  1623 D WM-SystemJobScheduler: Scheduling work ID 0c4e48cc-1907-4dc3-9277-2c17ac149142Job ID 52878
05-29 02:55:43.080  1420  2155 I VkpnsPushProvider:BackgroundPushService: IPC registerForPushes
05-29 02:55:43.082  1420  1925 I VkpnsPushProvider:InsertPushTokenByProjectId: Updating package info for client ru.vk.store
05-29 02:55:43.082  1420  1925 I VkpnsPushProvider:InsertPushTokenByProjectId: Current push token is already registered
05-29 02:55:43.083  1420  1977 I VkpnsPushProvider:BackgroundPushService:PushesIPC: Register for pushes is successful
05-29 02:55:43.100  1420  1980 D nativeloader: Load /data/app/~~hJJl5i3GP0aHkFdQnFzo9A==/ru.vk.store-8ZsdlLoi2RYzcUnRf65Q_g==/base.apk!/lib/arm64-v8a/libbridge.so using class loader ns clns-9 (caller=/data/app/~~hJJl5i3GP0aHkFdQnFzo9A==/ru.vk.store-8ZsdlLoi2RYzcUnRf65Q_g==/base.apk): ok
05-29 02:55:43.103  2878  7134 D InputMethodManagerService: onClientRemovedInternalLocked
05-29 02:55:43.103  2878  7134 D InputMethodManagerService: onClientRemovedInternalLocked
05-29 02:55:43.105  2878  3229 W ActivityManager: setHasOverlayUi called on unknown pid: 27348
05-29 02:55:43.105  2878  3243 I libprocessgroup: Removed cgroup /sys/fs/cgroup/system/uid_1000/pid_27348
05-29 02:55:43.105  1637  1637 I Zygote  : Process 27348 exited due to signal 9 (Killed)
05-29 02:55:43.106  2878  3971 D NetdEventListenerService: DNS Requested by 125, 10474(ru.vk.store), SUCCESS, 38ms
05-29 02:55:43.107  2878  3971 D NetdEventListenerService: DNS Requested by 125, 10474(ru.vk.store), SUCCESS, 39ms
05-29 02:55:43.133  1420  1976 D VkpnsPushProvider:BackgroundPushService:NotifierConnection: Add push token to connect and subscribe
05-29 02:55:43.133  1420  1976 I VkpnsPushProvider:VkpnsNotifierApi: Subscribe for pushes with id: 5
05-29 02:55:43.133  1420  1976 D VkpnsPushProvider:NotifierConnection: Can send message to web socket: true
05-29 02:55:43.133  1420  1976 D VkpnsPushProvider:Notifier: Send subscribe for pushes
05-29 02:55:43.133  1420  1976 D VkpnsPushProvider:BackgroundPushService:NotifierConnection: Add push token to connect and subscribe
05-29 02:55:43.133  1420  1976 I VkpnsPushProvider:VkpnsNotifierApi: Subscribe for pushes with id: 6
05-29 02:55:43.133  1420  1976 D VkpnsPushProvider:NotifierConnection: Can send message to web socket: true
05-29 02:55:43.133  1420  1976 D VkpnsPushProvider:Notifier: Send subscribe for pushes
05-29 02:55:43.134  1420  1903 D VkpnsPushProvider:BackgroundPushService:NotifierConnection: Add push token to connect and subscribe
05-29 02:55:43.134  1420  1903 I VkpnsPushProvider:VkpnsNotifierApi: Subscribe for pushes with id: 7
05-29 02:55:43.134  1420  1903 D VkpnsPushProvider:NotifierConnection: Can send message to web socket: true
05-29 02:55:43.134  1420  1903 D VkpnsPushProvider:Notifier: Send subscribe for pushes
05-29 02:55:43.134  1420  1563 D VkpnsPushProvider:BackgroundPushService:NotifierConnection: Add push token to connect and subscribe
05-29 02:55:43.134  1420  1563 I VkpnsPushProvider:VkpnsNotifierApi: Subscribe for pushes with id: 8
05-29 02:55:43.134  1420  1563 D VkpnsPushProvider:NotifierConnection: Can send message to web socket: true
05-29 02:55:43.134  1420  1563 D VkpnsPushProvider:Notifier: Send subscribe for pushes
05-29 02:55:43.135  1420  1674 D WM-GreedyScheduler: Cancelling work ID f583d383-ec90-44c2-a50c-2174771c0d97
05-29 02:55:43.136  5990  6019 V OsAgent : broadcastSystemEvent - 7
05-29 02:55:43.137  2878  3243 I libprocessgroup: Removed cgroup /sys/fs/cgroup/apps/uid_1010455/pid_31867
05-29 02:55:43.137  1637  1637 I Zygote  : Process 31867 exited due to signal 9 (Killed)
05-29 02:55:43.150  1420  1674 D WM-SystemJobScheduler: Scheduling work ID f583d383-ec90-44c2-a50c-2174771c0d97Job ID 52879
05-29 02:55:43.153  1746  1978 D AdvertisingIdClient: AdvertisingIdClient already created.
05-29 02:55:43.156  1746  1978 I AdvertisingIdClient: shouldSendLog 67488558
05-29 02:55:43.156  1746  1978 I AdvertisingIdClient: GetInfoInternal elapse 2ms
05-29 02:55:43.158  1156  1157 D io_stats: !@ cpu boost: status(OFF), curr_traffic_level(0), curr_set_freq(0), curr_set_lpm(1)
05-29 02:55:43.191  1420  1674 D WM-GreedyScheduler: Cancelling work ID d6643b1d-822a-41be-be2c-5e4f094a74eb
05-29 02:55:43.202  1420  1674 D WM-SystemJobScheduler: Scheduling work ID d6643b1d-822a-41be-be2c-5e4f094a74ebJob ID 52880
05-29 02:55:43.205  1694  5377 I vendor.qti.bluetooth@1.1-ibs_handler: ProcessIbsCmd: Received IBS_WAKE_IND: 0xFD
05-29 02:55:43.205  1694  5377 D vendor.qti.bluetooth@1.1-ibs_handler: SerialClockVote: vote for UART CLK ON
05-29 02:55:43.205  1694  5377 D vendor.qti.bluetooth@1.1-wake_lock: Acquire wakelock is acquired 
05-29 02:55:43.205  1694  5377 I vendor.qti.bluetooth@1.1-ibs_handler: ProcessIbsCmd: Writing IBS_WAKE_ACK
05-29 02:55:43.213  1420  1674 D WM-GreedyScheduler: Cancelling work ID 8f093bf2-3deb-4f2f-be0a-fbd6f778b639
05-29 02:55:43.213  4729  5389 I ScanController: onScanResult() - scanClient(5) can't get scanResult, permission : false
05-29 02:55:43.213  4729  5389 I ScanController: onScanResult to scannerId: 11- eventType=0x13, addressType=1, address=XX:XX:XX:XX:DF:26, primaryPhy=1, secondaryPhy=0, advertisingSid=0xff, txPower=127, rssi=-92, periodicAdvInt=0x0
05-29 02:55:43.213  4729  5131 I bluetooth: system/gd/hci/le_scanning_reassembler.cc:54 ProcessAdvertisingReport: Ignoring scan response received without advertising event
05-29 02:55:43.233  1420  1674 D WM-SystemJobScheduler: Scheduling work ID 8f093bf2-3deb-4f2f-be0a-fbd6f778b639Job ID 52881
05-29 02:55:43.247  1837  1848 E HeatmapThread: ECT Thread time in milliseconds: 1780012543
05-29 02:55:43.250  1837  1848 D HeatmapThread: !@ batteryplugType : 2
05-29 02:55:43.250  1837  1848 D HeatmapThread: !@ batteryLevel : 67  batteryTemperature : 360 
05-29 02:55:43.250  1837  1848 D HeatmapThread: !@ Heatmap currtime: 29666875
05-29 02:55:43.250  1837  1848 D HeatmapThread: !@ Heatmap prevtime: 29666861
05-29 02:55:43.250  1837  1848 D HeatmapThread: !@ Heatmap plugstarttime: 29666846
05-29 02:55:43.250  1837  1848 D HeatmapThread: !@ Heatmap prevv_dsoh_update_time: 29666802
05-29 02:55:43.250   838  1060 E FA      : Name must start with a letter. Type, name: event param, _email
05-29 02:55:43.250   838  1060 E FA      : Name must start with a letter. Type, name: event param, _segments_state
05-29 02:55:43.250  1837  1848 E HeatmapThread: !@ CAM New BSOH: 97
05-29 02:55:43.252  2878  3971 D NetdEventListenerService: DNS Requested by 125, 10474(ru.vk.store), SUCCESS, 46ms
05-29 02:55:43.256  1694  5377 I vendor.qti.bluetooth@1.1-ibs_handler: ProcessIbsCmd: Received IBS_SLEEP_IND: 0xFE
05-29 02:55:43.256  1694  5377 D vendor.qti.bluetooth@1.1-ibs_handler: SerialClockVote: vote for UART CLK OFF
05-29 02:55:43.320  1420  2154 I VkpnsPushProvider:Notifier:LoggingWebSocketListener: Websocket connection opened with code = 101
